&&&& RUNNING TensorRT.trtexec [TensorRT v101602] [b10] # /usr/src/tensorrt/bin/trtexec --loadEngine=models/mobilenetv2_int8.plan --shapes=input:1x3x224x224 --warmUp=2000 --duration=120 --useCudaGraph
[09/20/2026-21:23:52] [I] TF32 is enabled by default. Add --noTF32 flag to further improve accuracy with some performance cost.
[09/20/2026-21:23:52] [I] === Model Options ===
[09/20/2026-21:23:52] [I] Format: *
[09/20/2026-21:23:52] [I] Model: 
[09/20/2026-21:23:52] [I] Output:
[09/20/2026-21:23:52] [I] 
[09/20/2026-21:23:52] [I] === System Options ===
[09/20/2026-21:23:52] [I] Device: 0
[09/20/2026-21:23:52] [I] DLACore: 
[09/20/2026-21:23:52] [I] Loaded static plugins:
[09/20/2026-21:23:52] [I] setPluginsToSerialize:
[09/20/2026-21:23:52] [I] dynamicPlugins:
[09/20/2026-21:23:52] [I] ignoreParsedPluginLibs: 0
[09/20/2026-21:23:52] [I] 
[09/20/2026-21:23:52] [I] === Inference Options ===
[09/20/2026-21:23:52] [I] Batch: Explicit
[09/20/2026-21:23:52] [I] Input inference shape : input=1x3x224x224
[09/20/2026-21:23:52] [I] Iterations: 10
[09/20/2026-21:23:52] [I] Duration: 120s (+ 2000ms warm up)
[09/20/2026-21:23:52] [I] Sleep time: 0ms
[09/20/2026-21:23:52] [I] Idle time: 0ms
[09/20/2026-21:23:52] [I] Inference Streams: 1
[09/20/2026-21:23:52] [I] ExposeDMA: Disabled
[09/20/2026-21:23:52] [I] Data transfers: Enabled
[09/20/2026-21:23:52] [I] Spin-wait: Disabled
[09/20/2026-21:23:52] [I] Multithreading: Disabled
[09/20/2026-21:23:52] [I] CUDA Graph: Enabled
[09/20/2026-21:23:52] [I] Separate profiling: Disabled
[09/20/2026-21:23:52] [I] Time Deserialize: Disabled
[09/20/2026-21:23:52] [I] Time Refit: Disabled
[09/20/2026-21:23:52] [I] NVTX verbosity: 0
[09/20/2026-21:23:52] [I] Persistent Cache Ratio: 0
[09/20/2026-21:23:52] [I] Optimization Profile Index: 0
[09/20/2026-21:23:52] [I] Weight Streaming Budget: 100.000000%
[09/20/2026-21:23:52] [I] Inputs:
[09/20/2026-21:23:52] [I] Debug Tensor Save Destinations:
[09/20/2026-21:23:52] [I] Dump All Debug Tensor in Formats: 
[09/20/2026-21:23:52] [I] === Reporting Options ===
[09/20/2026-21:23:52] [I] Verbose: Disabled
[09/20/2026-21:23:52] [I] Averages: 10 inferences
[09/20/2026-21:23:52] [I] Percentiles: 90,95,99
[09/20/2026-21:23:52] [I] Dump refittable layers:Disabled
[09/20/2026-21:23:52] [I] Dump output: Disabled
[09/20/2026-21:23:52] [I] Profile: Disabled
[09/20/2026-21:23:52] [I] Export timing to JSON file: 
[09/20/2026-21:23:52] [I] Export output to JSON file: 
[09/20/2026-21:23:52] [I] Export profile to JSON file: 
[09/20/2026-21:23:52] [I] 
[09/20/2026-21:23:52] [I] === Device Information ===
[09/20/2026-21:23:52] [I] Available Devices: 
[09/20/2026-21:23:52] [I]   Device 0: "Orin" UUID: GPU-5e79c5ba-a005-59b8-a6a3-d87e61f25d8b
[09/20/2026-21:23:52] [I] Selected Device: Orin
[09/20/2026-21:23:52] [I] Selected Device ID: 0
[09/20/2026-21:23:52] [I] Selected Device UUID: GPU-5e79c5ba-a005-59b8-a6a3-d87e61f25d8b
[09/20/2026-21:23:52] [I] Compute Capability: 8.7
[09/20/2026-21:23:52] [I] SMs: 8
[09/20/2026-21:23:52] [I] Device Global Memory: 7485 MiB
[09/20/2026-21:23:52] [I] Shared Memory per SM: 164 KiB
[09/20/2026-21:23:52] [I] Memory Bus Width: 128 bits (ECC disabled)
[09/20/2026-21:23:52] [I] Application Compute Clock Rate: 1.02 GHz
[09/20/2026-21:23:52] [I] Application Memory Clock Rate: 0.918 GHz
[09/20/2026-21:23:52] [I] 
[09/20/2026-21:23:52] [I] Note: The application clock rates do not reflect the actual clock rates that the GPU is currently running at.
[09/20/2026-21:23:52] [I] 
[09/20/2026-21:23:52] [I] TensorRT version: 10.16.2
[09/20/2026-21:23:52] [I] Loading standard plugins
[09/20/2026-21:23:52] [I] [TRT] Loaded engine size: 5 MiB
[09/20/2026-21:23:52] [I] Engine deserialized in 0.259123 sec.
[09/20/2026-21:23:52] [I] [TRT] [MemUsageChange] TensorRT-managed allocation in IExecutionContext creation: CPU +0, GPU +2, now: CPU 0, GPU 6 (MiB)
[09/20/2026-21:23:52] [I] Setting persistentCacheLimit to 0 bytes.
[09/20/2026-21:23:52] [I] Created execution context with device memory size: 1.74658 MiB
[09/20/2026-21:23:52] [I] Using random values for input input
[09/20/2026-21:23:52] [I] Input binding for input with dimensions 1x3x224x224 and type fp32 is created.
[09/20/2026-21:23:52] [I] Output binding for output with dimensions 1x1000 and type fp32 is created.
[09/20/2026-21:23:52] [I] Starting inference
[09/20/2026-21:23:52] [I] Capturing CUDA graph for the current execution context
[09/20/2026-21:23:52] [I] Successfully captured CUDA graph for the current execution context
[09/20/2026-21:25:54] [I] Warmup completed 3000 queries over 2000 ms
[09/20/2026-21:25:54] [I] Timing trace has 184488 queries over 120.002 s
[09/20/2026-21:25:54] [I] 
[09/20/2026-21:25:54] [I] === Trace details ===
[09/20/2026-21:25:54] [I] Trace averages of 10 runs:
[09/20/2026-21:25:54] [I] Average on 10 runs - GPU latency: 0.641687 ms - Host latency: 0.702148 ms (enqueue 0.0168335 ms)
[09/20/2026-21:25:54] [I] Average on 10 runs - GPU latency: 0.641772 ms - Host latency: 0.702978 ms (enqueue 0.0172241 ms)
[09/20/2026-21:25:54] [I] Average on 10 runs - GPU latency: 0.641052 ms - Host latency: 0.701636 ms (enqueue 0.0173706 ms)
[09/20/2026-21:25:54] [I] Average on 10 runs - GPU latency: 0.642139 ms - Host latency: 0.703235 ms (enqueue 0.0167725 ms)
[09/20/2026-21:25:54] [I] Average on 10 runs - GPU latency: 0.640894 ms - Host latency: 0.701831 ms (enqueue 0.0167603 ms)
[09/20/2026-21:25:54] [I] Average on 10 runs - GPU latency: 0.641443 ms - Host latency: 0.702637 ms (enqueue 0.0167603 ms)
[09/20/2026-21:25:54] [I] Average on 10 runs - GPU latency: 0.641455 ms - Host latency: 0.701184 ms (enqueue 0.0166992 ms)
[09/20/2026-21:25:54] [I] Average on 10 runs - GPU latency: 0.642102 ms - Host latency: 0.701599 ms (enqueue 0.0151245 ms)
[09/20/2026-21:25:54] [I] Average on 10 runs - GPU latency: 0.64209 ms - Host latency: 0.70127 ms (enqueue 0.0147705 ms)
[09/20/2026-21:25:54] [I] Average on 10 runs - GPU latency: 0.641699 ms - Host latency: 0.702075 ms (enqueue 0.0156494 ms)
[09/20/2026-21:25:54] [I] Average on 10 runs - GPU latency: 0.640698 ms - Host latency: 0.70144 ms (enqueue 0.0154785 ms)
[09/20/2026-21:25:54] [I] Average on 10 runs - GPU latency: 0.64126 ms - Host latency: 0.702783 ms (enqueue 0.0146484 ms)
[09/20/2026-21:25:54] [I] Average on 10 runs - GPU latency: 0.641016 ms - Host latency: 0.701147 ms (enqueue 0.0146484 ms)
[09/20/2026-21:25:54] [I] Average on 10 runs - GPU latency: 0.641382 ms - Host latency: 0.700195 ms (enqueue 0.0147705 ms)
[09/20/2026-21:25:54] [I] Average on 10 runs - GPU latency: 0.640723 ms - Host latency: 0.700269 ms (enqueue 0.0146973 ms)
[09/20/2026-21:25:54] [I] Average on 10 runs - GPU latency: 0.64104 ms - Host latency: 0.699756 ms (enqueue 0.014624 ms)
[09/20/2026-21:25:54] [I] Average on 10 runs - GPU latency: 0.641748 ms - Host latency: 0.701904 ms (enqueue 0.018335 ms)
[09/20/2026-21:25:54] [I] Average on 10 runs - GPU latency: 0.641406 ms - Host latency: 0.701514 ms (enqueue 0.01604 ms)
[09/20/2026-21:25:54] [I] Average on 10 runs - GPU latency: 0.641382 ms - Host latency: 0.700415 ms (enqueue 0.0156494 ms)
[09/20/2026-21:25:54] [I] Average on 10 runs - GPU latency: 0.641455 ms - Host latency: 0.702783 ms (enqueue 0.0162842 ms)
[09/20/2026-21:25:54] [I] Average on 10 runs - GPU latency: 0.640991 ms - Host latency: 0.70144 ms (enqueue 0.0165527 ms)
[09/20/2026-21:25:54] [I] Average on 10 runs - GPU latency: 0.641089 ms - Host latency: 0.703223 ms (enqueue 0.0163574 ms)
[09/20/2026-21:25:54] [I] Average on 10 runs - GPU latency: 0.641064 ms - Host latency: 0.703101 ms (enqueue 0.0165283 ms)
[09/20/2026-21:25:54] [I] Average on 10 runs - GPU latency: 0.640674 ms - Host latency: 0.703369 ms (enqueue 0.0164307 ms)
[09/20/2026-21:25:54] [I] Average on 10 runs - GPU latency: 0.641724 ms - Host latency: 0.702319 ms (enqueue 0.0164795 ms)
[09/20/2026-21:25:54] [I] Average on 10 runs - GPU latency: 0.641772 ms - Host latency: 0.703003 ms (enqueue 0.0162842 ms)
[09/20/2026-21:25:54] [I] Average on 10 runs - GPU latency: 0.641528 ms - Host latency: 0.701563 ms (enqueue 0.0159912 ms)
[09/20/2026-21:25:54] [I] Average on 10 runs - GPU latency: 0.641089 ms - Host latency: 0.701196 ms (enqueue 0.0161865 ms)
[09/20/2026-21:25:54] [I] Average on 10 runs - GPU latency: 0.641675 ms - Host latency: 0.704004 ms (enqueue 0.0169434 ms)
[09/20/2026-21:25:54] [I] Average on 10 runs - GPU latency: 0.642139 ms - Host latency: 0.702881 ms (enqueue 0.0167725 ms)
[09/20/2026-21:25:54] [I] Average on 10 runs - GPU latency: 0.641748 ms - Host latency: 0.702832 ms (enqueue 0.0167236 ms)
[09/20/2026-21:25:54] [I] Average on 10 runs - GPU latency: 0.641919 ms - Host latency: 0.703003 ms (enqueue 0.0166748 ms)
[09/20/2026-21:25:54] [I] Average on 10 runs - GPU latency: 0.642432 ms - Host latency: 0.703198 ms (enqueue 0.0167725 ms)
[09/20/2026-21:25:54] [I] Average on 10 runs - GPU latency: 0.641821 ms - Host latency: 0.701855 ms (enqueue 0.0166504 ms)
[09/20/2026-21:25:54] [I] Average on 10 runs - GPU latency: 0.641553 ms - Host latency: 0.701025 ms (enqueue 0.0166016 ms)
[09/20/2026-21:25:54] [I] Average on 10 runs - GPU latency: 0.642212 ms - Host latency: 0.703174 ms (enqueue 0.0163818 ms)
[09/20/2026-21:25:54] [I] Average on 10 runs - GPU latency: 0.641553 ms - Host latency: 0.702026 ms (enqueue 0.0160889 ms)
[09/20/2026-21:25:54] [I] Average on 10 runs - GPU latency: 0.642139 ms - Host latency: 0.703906 ms (enqueue 0.0168701 ms)
[09/20/2026-21:25:54] [I] Average on 10 runs - GPU latency: 0.641748 ms - Host latency: 0.701953 ms (enqueue 0.0163574 ms)
[09/20/2026-21:25:54] [I] Average on 10 runs - GPU latency: 0.641846 ms - Host latency: 0.702832 ms (enqueue 0.0164307 ms)
[09/20/2026-21:25:54] [I] Average on 10 runs - GPU latency: 0.642114 ms - Host latency: 0.701416 ms (enqueue 0.0163818 ms)
[09/20/2026-21:25:54] [I] Average on 10 runs - GPU latency: 0.641333 ms - Host latency: 0.703662 ms (enqueue 0.0165039 ms)
[09/20/2026-21:25:54] [I] Average on 10 runs - GPU latency: 0.641553 ms - Host latency: 0.702539 ms (enqueue 0.0161377 ms)
[09/20/2026-21:25:54] [I] Average on 10 runs - GPU latency: 0.640674 ms - Host latency: 0.701733 ms (enqueue 0.016626 ms)
[09/20/2026-21:25:54] [I] Average on 10 runs - GPU latency: 0.641748 ms - Host latency: 0.701563 ms (enqueue 0.0164062 ms)
[09/20/2026-21:25:54] [I] Average on 10 runs - GPU latency: 0.642065 ms - Host latency: 0.704126 ms (enqueue 0.0164795 ms)
[09/20/2026-21:25:54] [I] Average on 10 runs - GPU latency: 0.641089 ms - Host latency: 0.701294 ms (enqueue 0.0161377 ms)
[09/20/2026-21:25:54] [I] Average on 10 runs - GPU latency: 0.641528 ms - Host latency: 0.701807 ms (enqueue 0.0162598 ms)
[09/20/2026-21:25:54] [I] Average on 10 runs - GPU latency: 0.640942 ms - Host latency: 0.702881 ms (enqueue 0.0165527 ms)
[09/20/2026-21:25:54] [I] Average on 10 runs - GPU latency: 0.641772 ms - Host latency: 0.703198 ms (enqueue 0.0160645 ms)
[09/20/2026-21:25:54] [I] Average on 10 runs - GPU latency: 0.641675 ms - Host latency: 0.702734 ms (enqueue 0.0166992 ms)
[09/20/2026-21:25:54] [I] Average on 10 runs - GPU latency: 0.640918 ms - Host latency: 0.701587 ms (enqueue 0.0164062 ms)
[09/20/2026-21:25:54] [I] Average on 10 runs - GPU latency: 0.641357 ms - Host latency: 0.703833 ms (enqueue 0.0162598 ms)
[09/20/2026-21:25:54] [I] Average on 10 runs - GPU latency: 0.641626 ms - Host latency: 0.70415 ms (enqueue 0.0161621 ms)
[09/20/2026-21:25:54] [I] Average on 10 runs - GPU latency: 0.641675 ms - Host latency: 0.702686 ms (enqueue 0.0141113 ms)
[09/20/2026-21:25:54] [I] Average on 10 runs - GPU latency: 0.64165 ms - Host latency: 0.703076 ms (enqueue 0.0147217 ms)
[09/20/2026-21:25:54] [I] Average on 10 runs - GPU latency: 0.640503 ms - Host latency: 0.70105 ms (enqueue 0.0148682 ms)
[09/20/2026-21:25:54] [I] Average on 10 runs - GPU latency: 0.641748 ms - Host latency: 0.701904 ms (enqueue 0.0149414 ms)
[09/20/2026-21:25:54] [I] Average on 10 runs - GPU latency: 0.640894 ms - Host latency: 0.701245 ms (enqueue 0.0151123 ms)
[09/20/2026-21:25:54] [I] Average on 10 runs - GPU latency: 0.640894 ms - Host latency: 0.700317 ms (enqueue 0.0150635 ms)
[09/20/2026-21:25:54] [I] Average on 10 runs - GPU latency: 0.641382 ms - Host latency: 0.701489 ms (enqueue 0.0150146 ms)
[09/20/2026-21:25:54] [I] Average on 10 runs - GPU latency: 0.641113 ms - Host latency: 0.703125 ms (enqueue 0.0149658 ms)
[09/20/2026-21:25:54] [I] Average on 10 runs - GPU latency: 0.641748 ms - Host latency: 0.702881 ms (enqueue 0.0148682 ms)
[09/20/2026-21:25:54] [I] Average on 10 runs - GPU latency: 0.64165 ms - Host latency: 0.702466 ms (enqueue 0.0151611 ms)
[09/20/2026-21:25:54] [I] Average on 10 runs - GPU latency: 0.64126 ms - Host latency: 0.701221 ms (enqueue 0.0151855 ms)
[09/20/2026-21:25:54] [I] Average on 10 runs - GPU latency: 0.642041 ms - Host latency: 0.703369 ms (enqueue 0.0150146 ms)
[09/20/2026-21:25:54] [I] Average on 10 runs - GPU latency: 0.641553 ms - Host latency: 0.70249 ms (enqueue 0.0151367 ms)
[09/20/2026-21:25:54] [I] Average on 10 runs - GPU latency: 0.640454 ms - Host latency: 0.702832 ms (enqueue 0.0144043 ms)
[09/20/2026-21:25:54] [I] Average on 10 runs - GPU latency: 0.640552 ms - Host latency: 0.703101 ms (enqueue 0.0145264 ms)
[09/20/2026-21:25:54] [I] Average on 10 runs - GPU latency: 0.641528 ms - Host latency: 0.704077 ms (enqueue 0.0148193 ms)
[09/20/2026-21:25:54] [I] Average on 10 runs - GPU latency: 0.641724 ms - Host latency: 0.701611 ms (enqueue 0.0142822 ms)
[09/20/2026-21:25:54] [I] Average on 10 runs - GPU latency: 0.641772 ms - Host latency: 0.703345 ms (enqueue 0.0146729 ms)
[09/20/2026-21:25:54] [I] Average on 10 runs - GPU latency: 0.640942 ms - Host latency: 0.702563 ms (enqueue 0.0161621 ms)
[09/20/2026-21:25:54] [I] Average on 10 runs - GPU latency: 0.641699 ms - Host latency: 0.704028 ms (enqueue 0.0156738 ms)
[09/20/2026-21:25:54] [I] Average on 10 runs - GPU latency: 0.641504 ms - Host latency: 0.703784 ms (enqueue 0.0164551 ms)
[09/20/2026-21:25:54] [I] Average on 10 runs - GPU latency: 0.921021 ms - Host latency: 0.984814 ms (enqueue 0.019165 ms)
[09/20/2026-21:25:54] [I] Average on 10 runs - GPU latency: 0.68645 ms - Host latency: 0.745435 ms (enqueue 0.0158203 ms)
[09/20/2026-21:25:54] [I] Average on 10 runs - GPU latency: 0.640723 ms - Host latency: 0.700049 ms (enqueue 0.01604 ms)
[09/20/2026-21:25:54] [I] Average on 10 runs - GPU latency: 0.641479 ms - Host latency: 0.7 ms (enqueue 0.0158447 ms)
[09/20/2026-21:25:54] [I] Average on 10 runs - GPU latency: 0.641504 ms - Host latency: 0.700391 ms (enqueue 0.0158936 ms)
[09/20/2026-21:25:54] [I] Average on 10 runs - GPU latency: 0.640991 ms - Host latency: 0.699414 ms (enqueue 0.0157715 ms)
[09/20/2026-21:25:54] [I] Average on 10 runs - GPU latency: 0.640918 ms - Host latency: 0.702978 ms (enqueue 0.0164795 ms)
[09/20/2026-21:25:54] [I] Average on 10 runs - GPU latency: 0.641187 ms - Host latency: 0.702393 ms (enqueue 0.0163818 ms)
[09/20/2026-21:25:54] [I] Average on 10 runs - GPU latency: 0.641333 ms - Host latency: 0.703101 ms (enqueue 0.0155029 ms)
[09/20/2026-21:25:54] [I] Average on 10 runs - GPU latency: 0.641455 ms - Host latency: 0.702246 ms (enqueue 0.0165283 ms)
[09/20/2026-21:25:54] [I] Average on 10 runs - GPU latency: 0.641919 ms - Host latency: 0.701953 ms (enqueue 0.015332 ms)
[09/20/2026-21:25:54] [I] Average on 10 runs - GPU latency: 0.640942 ms - Host latency: 0.704175 ms (enqueue 0.0169922 ms)
[09/20/2026-21:25:54] [I] Average on 10 runs - GPU latency: 0.641431 ms - Host latency: 0.704199 ms (enqueue 0.0161377 ms)
[09/20/2026-21:25:54] [I] Average on 10 runs - GPU latency: 0.641431 ms - Host latency: 0.703272 ms (enqueue 0.0167725 ms)
[09/20/2026-21:25:54] [I] Average on 10 runs - GPU latency: 0.64126 ms - Host latency: 0.703564 ms (enqueue 0.0165039 ms)
[09/20/2026-21:25:54] [I] Average on 10 runs - GPU latency: 0.64126 ms - Host latency: 0.703418 ms (enqueue 0.0171387 ms)
[09/20/2026-21:25:54] [I] Average on 10 runs - GPU latency: 0.641992 ms - Host latency: 0.704346 ms (enqueue 0.0168213 ms)
[09/20/2026-21:25:54] [I] Average on 10 runs - GPU latency: 0.641602 ms - Host latency: 0.703979 ms (enqueue 0.0163086 ms)
[09/20/2026-21:25:54] [I] Average on 10 runs - GPU latency: 0.641211 ms - Host latency: 0.703027 ms (enqueue 0.01604 ms)
[09/20/2026-21:25:54] [I] Average on 10 runs - GPU latency: 0.641968 ms - Host latency: 0.702686 ms (enqueue 0.0165039 ms)
[09/20/2026-21:25:54] [I] Average on 10 runs - GPU latency: 0.641333 ms - Host latency: 0.703711 ms (enqueue 0.0164795 ms)
[09/20/2026-21:25:54] [I] Average on 10 runs - GPU latency: 0.641553 ms - Host latency: 0.703979 ms (enqueue 0.0164551 ms)
[09/20/2026-21:25:54] [I] Average on 10 runs - GPU latency: 0.641089 ms - Host latency: 0.702368 ms (enqueue 0.0161621 ms)
[09/20/2026-21:25:54] [I] Average on 10 runs - GPU latency: 0.640918 ms - Host latency: 0.703931 ms (enqueue 0.0148682 ms)
[09/20/2026-21:25:54] [I] Average on 10 runs - GPU latency: 0.641382 ms - Host latency: 0.703125 ms (enqueue 0.0165283 ms)
[09/20/2026-21:25:54] [I] Average on 10 runs - GPU latency: 0.641382 ms - Host latency: 0.702271 ms (enqueue 0.0140381 ms)
[09/20/2026-21:25:54] [I] Average on 10 runs - GPU latency: 0.641797 ms - Host latency: 0.701563 ms (enqueue 0.0155029 ms)
[09/20/2026-21:25:54] [I] Average on 10 runs - GPU latency: 0.641455 ms - Host latency: 0.702295 ms (enqueue 0.0144531 ms)
[09/20/2026-21:25:54] [I] Average on 10 runs - GPU latency: 0.640747 ms - Host latency: 0.701733 ms (enqueue 0.0157715 ms)
[09/20/2026-21:25:54] [I] Average on 10 runs - GPU latency: 0.641895 ms - Host latency: 0.703149 ms (enqueue 0.0172363 ms)
[09/20/2026-21:25:54] [I] Average on 10 runs - GPU latency: 0.641943 ms - Host latency: 0.705859 ms (enqueue 0.0193604 ms)
[09/20/2026-21:25:54] [I] Average on 10 runs - GPU latency: 0.641553 ms - Host latency: 0.704858 ms (enqueue 0.0190918 ms)
[09/20/2026-21:25:54] [I] Average on 10 runs - GPU latency: 0.641064 ms - Host latency: 0.703052 ms (enqueue 0.0164062 ms)
[09/20/2026-21:25:54] [I] Average on 10 runs - GPU latency: 0.641406 ms - Host latency: 0.701318 ms (enqueue 0.0181152 ms)
[09/20/2026-21:25:54] [I] Average on 10 runs - GPU latency: 0.641479 ms - Host latency: 0.700244 ms (enqueue 0.0160156 ms)
[09/20/2026-21:25:54] [I] Average on 10 runs - GPU latency: 0.641553 ms - Host latency: 0.704419 ms (enqueue 0.0177002 ms)
[09/20/2026-21:25:54] [I] Average on 10 runs - GPU latency: 0.640942 ms - Host latency: 0.70127 ms (enqueue 0.0159668 ms)
[09/20/2026-21:25:54] [I] Average on 10 runs - GPU latency: 0.640967 ms - Host latency: 0.702319 ms (enqueue 0.0157227 ms)
[09/20/2026-21:25:54] [I] Average on 10 runs - GPU latency: 0.642578 ms - Host latency: 0.701709 ms (enqueue 0.0159668 ms)
[09/20/2026-21:25:54] [I] Average on 10 runs - GPU latency: 0.642993 ms - Host latency: 0.697046 ms (enqueue 0.0156738 ms)
[09/20/2026-21:25:54] [I] Average on 10 runs - GPU latency: 0.642676 ms - Host latency: 0.698535 ms (enqueue 0.0162842 ms)
[09/20/2026-21:25:54] [I] Average on 10 runs - GPU latency: 0.643384 ms - Host latency: 0.700879 ms (enqueue 0.0163818 ms)
[09/20/2026-21:25:54] [I] Average on 10 runs - GPU latency: 0.642822 ms - Host latency: 0.700464 ms (enqueue 0.015918 ms)
[09/20/2026-21:25:54] [I] Average on 10 runs - GPU latency: 0.641772 ms - Host latency: 0.702954 ms (enqueue 0.0164795 ms)
[09/20/2026-21:25:54] [I] Average on 10 runs - GPU latency: 0.641528 ms - Host latency: 0.705225 ms (enqueue 0.0152588 ms)
[09/20/2026-21:25:54] [I] Average on 10 runs - GPU latency: 0.640747 ms - Host latency: 0.700757 ms (enqueue 0.0145264 ms)
[09/20/2026-21:25:54] [I] Average on 10 runs - GPU latency: 0.641016 ms - Host latency: 0.703442 ms (enqueue 0.0155029 ms)
[09/20/2026-21:25:54] [I] Average on 10 runs - GPU latency: 0.641895 ms - Host latency: 0.702197 ms (enqueue 0.0163086 ms)
[09/20/2026-21:25:54] [I] Average on 10 runs - GPU latency: 0.641211 ms - Host latency: 0.703296 ms (enqueue 0.0167236 ms)
[09/20/2026-21:25:54] [I] Average on 10 runs - GPU latency: 0.640674 ms - Host latency: 0.701392 ms (enqueue 0.0164551 ms)
[09/20/2026-21:25:54] [I] Average on 10 runs - GPU latency: 0.641089 ms - Host latency: 0.701709 ms (enqueue 0.0186523 ms)
[09/20/2026-21:25:54] [I] Average on 10 runs - GPU latency: 0.641382 ms - Host latency: 0.701685 ms (enqueue 0.0158447 ms)
[09/20/2026-21:25:54] [I] Average on 10 runs - GPU latency: 0.641772 ms - Host latency: 0.703003 ms (enqueue 0.016333 ms)
[09/20/2026-21:25:54] [I] Average on 10 runs - GPU latency: 0.640869 ms - Host latency: 0.701904 ms (enqueue 0.0166992 ms)
[09/20/2026-21:25:54] [I] Average on 10 runs - GPU latency: 0.64082 ms - Host latency: 0.70144 ms (enqueue 0.0166504 ms)
[09/20/2026-21:25:54] [I] Average on 10 runs - GPU latency: 0.641064 ms - Host latency: 0.701367 ms (enqueue 0.0163086 ms)
[09/20/2026-21:25:54] [I] Average on 10 runs - GPU latency: 0.641406 ms - Host latency: 0.70354 ms (enqueue 0.0169678 ms)
[09/20/2026-21:25:54] [I] Average on 10 runs - GPU latency: 0.64082 ms - Host latency: 0.701074 ms (enqueue 0.0160889 ms)
[09/20/2026-21:25:54] [I] Average on 10 runs - GPU latency: 0.641211 ms - Host latency: 0.700073 ms (enqueue 0.0145508 ms)
[09/20/2026-21:25:54] [I] Average on 10 runs - GPU latency: 0.641626 ms - Host latency: 0.701758 ms (enqueue 0.0151123 ms)
[09/20/2026-21:25:54] [I] Average on 10 runs - GPU latency: 0.641724 ms - Host latency: 0.701294 ms (enqueue 0.016333 ms)
[09/20/2026-21:25:54] [I] Average on 10 runs - GPU latency: 0.641992 ms - Host latency: 0.70542 ms (enqueue 0.0164062 ms)
[09/20/2026-21:25:54] [I] Average on 10 runs - GPU latency: 0.641138 ms - Host latency: 0.700342 ms (enqueue 0.0146484 ms)
[09/20/2026-21:25:54] [I] Average on 10 runs - GPU latency: 0.642187 ms - Host latency: 0.703979 ms (enqueue 0.0142822 ms)
[09/20/2026-21:25:54] [I] Average on 10 runs - GPU latency: 0.641016 ms - Host latency: 0.700342 ms (enqueue 0.0179443 ms)
[09/20/2026-21:25:54] [I] Average on 10 runs - GPU latency: 0.640649 ms - Host latency: 0.70061 ms (enqueue 0.0163086 ms)
[09/20/2026-21:25:54] [I] Average on 10 runs - GPU latency: 0.64104 ms - Host latency: 0.709448 ms (enqueue 0.0185547 ms)
[09/20/2026-21:25:54] [I] Average on 10 runs - GPU latency: 0.641406 ms - Host latency: 0.706616 ms (enqueue 0.0171143 ms)
[09/20/2026-21:25:54] [I] Average on 10 runs - GPU latency: 0.641797 ms - Host latency: 0.706836 ms (enqueue 0.0173096 ms)
[09/20/2026-21:25:54] [I] Average on 10 runs - GPU latency: 0.641626 ms - Host latency: 0.702612 ms (enqueue 0.015918 ms)
[09/20/2026-21:25:54] [I] Average on 10 runs - GPU latency: 0.642236 ms - Host latency: 0.707593 ms (enqueue 0.0169678 ms)
[09/20/2026-21:25:54] [I] Average on 10 runs - GPU latency: 0.640772 ms - Host latency: 0.703418 ms (enqueue 0.0173828 ms)
[09/20/2026-21:25:54] [I] Average on 10 runs - GPU latency: 0.641553 ms - Host latency: 0.704321 ms (enqueue 0.0175781 ms)
[09/20/2026-21:25:54] [I] Average on 10 runs - GPU latency: 0.641602 ms - Host latency: 0.703979 ms (enqueue 0.0182373 ms)
[09/20/2026-21:25:54] [I] Average on 10 runs - GPU latency: 0.641357 ms - Host latency: 0.706226 ms (enqueue 0.0174561 ms)
[09/20/2026-21:25:54] [I] Average on 10 runs - GPU latency: 0.641431 ms - Host latency: 0.703613 ms (enqueue 0.0172607 ms)
[09/20/2026-21:25:54] [I] Average on 10 runs - GPU latency: 0.641309 ms - Host latency: 0.705713 ms (enqueue 0.0175293 ms)
[09/20/2026-21:25:54] [I] Average on 10 runs - GPU latency: 0.641553 ms - Host latency: 0.70481 ms (enqueue 0.0172852 ms)
[09/20/2026-21:25:54] [I] Average on 10 runs - GPU latency: 0.642139 ms - Host latency: 0.704297 ms (enqueue 0.0185791 ms)
[09/20/2026-21:25:54] [I] Average on 10 runs - GPU latency: 0.641846 ms - Host latency: 0.705762 ms (enqueue 0.0206787 ms)
[09/20/2026-21:25:54] [I] Average on 10 runs - GPU latency: 0.641235 ms - Host latency: 0.703491 ms (enqueue 0.0169189 ms)
[09/20/2026-21:25:54] [I] Average on 10 runs - GPU latency: 0.64165 ms - Host latency: 0.703735 ms (enqueue 0.0167969 ms)
[09/20/2026-21:25:54] [I] Average on 10 runs - GPU latency: 0.641943 ms - Host latency: 0.70415 ms (enqueue 0.0168701 ms)
[09/20/2026-21:25:54] [I] Average on 10 runs - GPU latency: 0.641504 ms - Host latency: 0.702856 ms (enqueue 0.0170898 ms)
[09/20/2026-21:25:54] [I] Average on 10 runs - GPU latency: 0.641675 ms - Host latency: 0.704077 ms (enqueue 0.0170898 ms)
[09/20/2026-21:25:54] [I] Average on 10 runs - GPU latency: 0.641821 ms - Host latency: 0.703394 ms (enqueue 0.0165527 ms)
[09/20/2026-21:25:54] [I] Average on 10 runs - GPU latency: 0.64187 ms - Host latency: 0.703662 ms (enqueue 0.016333 ms)
[09/20/2026-21:25:54] [I] Average on 10 runs - GPU latency: 0.641772 ms - Host latency: 0.70271 ms (enqueue 0.0149658 ms)
[09/20/2026-21:25:54] [I] Average on 10 runs - GPU latency: 0.641577 ms - Host latency: 0.702148 ms (enqueue 0.0160645 ms)
[09/20/2026-21:25:54] [I] Average on 10 runs - GPU latency: 0.640845 ms - Host latency: 0.701953 ms (enqueue 0.0165283 ms)
[09/20/2026-21:25:54] [I] Average on 10 runs - GPU latency: 0.641064 ms - Host latency: 0.701147 ms (enqueue 0.0165283 ms)
[09/20/2026-21:25:54] [I] Average on 10 runs - GPU latency: 0.640576 ms - Host latency: 0.701514 ms (enqueue 0.0162354 ms)
[09/20/2026-21:25:54] [I] Average on 10 runs - GPU latency: 0.641504 ms - Host latency: 0.701465 ms (enqueue 0.0162354 ms)
[09/20/2026-21:25:54] [I] Average on 10 runs - GPU latency: 0.916895 ms - Host latency: 0.982031 ms (enqueue 0.0187256 ms)
[09/20/2026-21:25:54] [I] Average on 10 runs - GPU latency: 0.693262 ms - Host latency: 0.75752 ms (enqueue 0.0175293 ms)
[09/20/2026-21:25:54] [I] Average on 10 runs - GPU latency: 0.641724 ms - Host latency: 0.702905 ms (enqueue 0.0173584 ms)
[09/20/2026-21:25:54] [I] Average on 10 runs - GPU latency: 0.641748 ms - Host latency: 0.705884 ms (enqueue 0.017041 ms)
[09/20/2026-21:25:54] [I] Average on 10 runs - GPU latency: 0.641504 ms - Host latency: 0.703198 ms (enqueue 0.0168213 ms)
[09/20/2026-21:25:54] [I] Average on 10 runs - GPU latency: 0.641309 ms - Host latency: 0.704492 ms (enqueue 0.0173828 ms)
[09/20/2026-21:25:54] [I] Average on 10 runs - GPU latency: 0.641431 ms - Host latency: 0.701904 ms (enqueue 0.0194824 ms)
[09/20/2026-21:25:54] [I] Average on 10 runs - GPU latency: 0.641309 ms - Host latency: 0.705176 ms (enqueue 0.0177002 ms)
[09/20/2026-21:25:54] [I] Average on 10 runs - GPU latency: 0.641602 ms - Host latency: 0.703247 ms (enqueue 0.0166992 ms)
[09/20/2026-21:25:54] [I] Average on 10 runs - GPU latency: 0.641504 ms - Host latency: 0.704907 ms (enqueue 0.0175537 ms)
[09/20/2026-21:25:54] [I] Average on 10 runs - GPU latency: 0.641138 ms - Host latency: 0.701855 ms (enqueue 0.0164551 ms)
[09/20/2026-21:25:54] [I] Average on 10 runs - GPU latency: 0.641943 ms - Host latency: 0.703149 ms (enqueue 0.0169434 ms)
[09/20/2026-21:25:54] [I] Average on 10 runs - GPU latency: 0.641016 ms - Host latency: 0.700098 ms (enqueue 0.0162598 ms)
[09/20/2026-21:25:54] [I] Average on 10 runs - GPU latency: 0.641797 ms - Host latency: 0.70249 ms (enqueue 0.0167969 ms)
[09/20/2026-21:25:54] [I] Average on 10 runs - GPU latency: 0.641626 ms - Host latency: 0.703784 ms (enqueue 0.0168457 ms)
[09/20/2026-21:25:54] [I] Average on 10 runs - GPU latency: 0.641113 ms - Host latency: 0.700537 ms (enqueue 0.0142578 ms)
[09/20/2026-21:25:54] [I] Average on 10 runs - GPU latency: 0.641724 ms - Host latency: 0.702856 ms (enqueue 0.0153076 ms)
[09/20/2026-21:25:54] [I] Average on 10 runs - GPU latency: 0.640796 ms - Host latency: 0.702661 ms (enqueue 0.0159424 ms)
[09/20/2026-21:25:54] [I] Average on 10 runs - GPU latency: 0.642358 ms - Host latency: 0.703394 ms (enqueue 0.0166504 ms)
[09/20/2026-21:25:54] [I] Average on 10 runs - GPU latency: 0.641235 ms - Host latency: 0.701953 ms (enqueue 0.0162598 ms)
[09/20/2026-21:25:54] [I] Average on 10 runs - GPU latency: 0.641553 ms - Host latency: 0.702686 ms (enqueue 0.0156982 ms)
[09/20/2026-21:25:54] [I] Average on 10 runs - GPU latency: 0.640698 ms - Host latency: 0.700928 ms (enqueue 0.015918 ms)
[09/20/2026-21:25:54] [I] Average on 10 runs - GPU latency: 0.641309 ms - Host latency: 0.701489 ms (enqueue 0.0158203 ms)
[09/20/2026-21:25:54] [I] Average on 10 runs - GPU latency: 0.640918 ms - Host latency: 0.702124 ms (enqueue 0.015918 ms)
[09/20/2026-21:25:54] [I] Average on 10 runs - GPU latency: 0.641528 ms - Host latency: 0.702026 ms (enqueue 0.015625 ms)
[09/20/2026-21:25:54] [I] Average on 10 runs - GPU latency: 0.641577 ms - Host latency: 0.702466 ms (enqueue 0.0159424 ms)
[09/20/2026-21:25:54] [I] Average on 10 runs - GPU latency: 0.640869 ms - Host latency: 0.701416 ms (enqueue 0.0155029 ms)
[09/20/2026-21:25:54] [I] Average on 10 runs - GPU latency: 0.641064 ms - Host latency: 0.703003 ms (enqueue 0.0159912 ms)
[09/20/2026-21:25:54] [I] Average on 10 runs - GPU latency: 0.641284 ms - Host latency: 0.702417 ms (enqueue 0.0163086 ms)
[09/20/2026-21:25:54] [I] Average on 10 runs - GPU latency: 0.640772 ms - Host latency: 0.701172 ms (enqueue 0.0161621 ms)
[09/20/2026-21:25:54] [I] Average on 10 runs - GPU latency: 0.640796 ms - Host latency: 0.700952 ms (enqueue 0.0157959 ms)
[09/20/2026-21:25:54] [I] Average on 10 runs - GPU latency: 0.641211 ms - Host latency: 0.70293 ms (enqueue 0.0182373 ms)
[09/20/2026-21:25:54] [I] ... Omitting 180488 lines
[09/20/2026-21:25:54] [I] Average on 10 runs - GPU latency: 0.639844 ms - Host latency: 0.703125 ms (enqueue 0.01875 ms)
[09/20/2026-21:25:54] [I] Average on 10 runs - GPU latency: 0.640625 ms - Host latency: 0.700781 ms (enqueue 0.0164062 ms)
[09/20/2026-21:25:54] [I] Average on 10 runs - GPU latency: 0.636719 ms - Host latency: 0.697656 ms (enqueue 0.0179687 ms)
[09/20/2026-21:25:54] [I] Average on 10 runs - GPU latency: 0.636719 ms - Host latency: 0.698438 ms (enqueue 0.015625 ms)
[09/20/2026-21:25:54] [I] Average on 10 runs - GPU latency: 0.6375 ms - Host latency: 0.701563 ms (enqueue 0.0164062 ms)
[09/20/2026-21:25:54] [I] Average on 10 runs - GPU latency: 0.636719 ms - Host latency: 0.700781 ms (enqueue 0.0164062 ms)
[09/20/2026-21:25:54] [I] Average on 10 runs - GPU latency: 0.638281 ms - Host latency: 0.700781 ms (enqueue 0.0171875 ms)
[09/20/2026-21:25:54] [I] Average on 10 runs - GPU latency: 0.639063 ms - Host latency: 0.701563 ms (enqueue 0.0164062 ms)
[09/20/2026-21:25:54] [I] Average on 10 runs - GPU latency: 0.636719 ms - Host latency: 0.7 ms (enqueue 0.01875 ms)
[09/20/2026-21:25:54] [I] Average on 10 runs - GPU latency: 0.639063 ms - Host latency: 0.709375 ms (enqueue 0.0234375 ms)
[09/20/2026-21:25:54] [I] Average on 10 runs - GPU latency: 0.770312 ms - Host latency: 0.833594 ms (enqueue 0.0179687 ms)
[09/20/2026-21:25:54] [I] Average on 10 runs - GPU latency: 0.689844 ms - Host latency: 0.751562 ms (enqueue 0.0140625 ms)
[09/20/2026-21:25:54] [I] Average on 10 runs - GPU latency: 0.878906 ms - Host latency: 0.944531 ms (enqueue 0.0164062 ms)
[09/20/2026-21:25:54] [I] Average on 10 runs - GPU latency: 0.685156 ms - Host latency: 0.75 ms (enqueue 0.0164062 ms)
[09/20/2026-21:25:54] [I] Average on 10 runs - GPU latency: 0.640625 ms - Host latency: 0.703906 ms (enqueue 0.0164062 ms)
[09/20/2026-21:25:54] [I] Average on 10 runs - GPU latency: 0.638281 ms - Host latency: 0.698438 ms (enqueue 0.0148437 ms)
[09/20/2026-21:25:54] [I] Average on 10 runs - GPU latency: 0.639063 ms - Host latency: 0.696875 ms (enqueue 0.0171875 ms)
[09/20/2026-21:25:54] [I] Average on 10 runs - GPU latency: 0.636719 ms - Host latency: 0.696875 ms (enqueue 0.015625 ms)
[09/20/2026-21:25:54] [I] Average on 10 runs - GPU latency: 0.639844 ms - Host latency: 0.699219 ms (enqueue 0.015625 ms)
[09/20/2026-21:25:54] [I] Average on 10 runs - GPU latency: 0.638281 ms - Host latency: 0.698438 ms (enqueue 0.0171875 ms)
[09/20/2026-21:25:54] [I] Average on 10 runs - GPU latency: 0.639063 ms - Host latency: 0.7 ms (enqueue 0.0164062 ms)
[09/20/2026-21:25:54] [I] Average on 10 runs - GPU latency: 0.635156 ms - Host latency: 0.694531 ms (enqueue 0.015625 ms)
[09/20/2026-21:25:54] [I] Average on 10 runs - GPU latency: 0.6375 ms - Host latency: 0.699219 ms (enqueue 0.0164062 ms)
[09/20/2026-21:25:54] [I] Average on 10 runs - GPU latency: 0.640625 ms - Host latency: 0.701563 ms (enqueue 0.015625 ms)
[09/20/2026-21:25:54] [I] Average on 10 runs - GPU latency: 0.639844 ms - Host latency: 0.7 ms (enqueue 0.015625 ms)
[09/20/2026-21:25:54] [I] Average on 10 runs - GPU latency: 0.633594 ms - Host latency: 0.692969 ms (enqueue 0.0164062 ms)
[09/20/2026-21:25:54] [I] Average on 10 runs - GPU latency: 0.6375 ms - Host latency: 0.697656 ms (enqueue 0.0171875 ms)
[09/20/2026-21:25:54] [I] Average on 10 runs - GPU latency: 0.638281 ms - Host latency: 0.698438 ms (enqueue 0.01875 ms)
[09/20/2026-21:25:54] [I] Average on 10 runs - GPU latency: 0.6375 ms - Host latency: 0.694531 ms (enqueue 0.0164062 ms)
[09/20/2026-21:25:54] [I] Average on 10 runs - GPU latency: 0.639063 ms - Host latency: 0.70625 ms (enqueue 0.0179687 ms)
[09/20/2026-21:25:54] [I] Average on 10 runs - GPU latency: 0.640625 ms - Host latency: 0.702344 ms (enqueue 0.0164062 ms)
[09/20/2026-21:25:54] [I] Average on 10 runs - GPU latency: 0.640625 ms - Host latency: 0.7 ms (enqueue 0.0148437 ms)
[09/20/2026-21:25:54] [I] Average on 10 runs - GPU latency: 0.639063 ms - Host latency: 0.699219 ms (enqueue 0.0171875 ms)
[09/20/2026-21:25:54] [I] Average on 10 runs - GPU latency: 0.639844 ms - Host latency: 0.702344 ms (enqueue 0.015625 ms)
[09/20/2026-21:25:54] [I] Average on 10 runs - GPU latency: 0.638281 ms - Host latency: 0.699219 ms (enqueue 0.0171875 ms)
[09/20/2026-21:25:54] [I] Average on 10 runs - GPU latency: 0.638281 ms - Host latency: 0.700781 ms (enqueue 0.0171875 ms)
[09/20/2026-21:25:54] [I] Average on 10 runs - GPU latency: 0.638281 ms - Host latency: 0.7 ms (enqueue 0.015625 ms)
[09/20/2026-21:25:54] [I] Average on 10 runs - GPU latency: 0.635938 ms - Host latency: 0.7 ms (enqueue 0.0171875 ms)
[09/20/2026-21:25:54] [I] Average on 10 runs - GPU latency: 0.639844 ms - Host latency: 0.7 ms (enqueue 0.015625 ms)
[09/20/2026-21:25:54] [I] Average on 10 runs - GPU latency: 0.6375 ms - Host latency: 0.698438 ms (enqueue 0.0164062 ms)
[09/20/2026-21:25:54] [I] Average on 10 runs - GPU latency: 0.639844 ms - Host latency: 0.702344 ms (enqueue 0.0164062 ms)
[09/20/2026-21:25:54] [I] Average on 10 runs - GPU latency: 0.6375 ms - Host latency: 0.696094 ms (enqueue 0.015625 ms)
[09/20/2026-21:25:54] [I] Average on 10 runs - GPU latency: 0.640625 ms - Host latency: 0.700781 ms (enqueue 0.0171875 ms)
[09/20/2026-21:25:54] [I] Average on 10 runs - GPU latency: 0.639063 ms - Host latency: 0.696094 ms (enqueue 0.0148437 ms)
[09/20/2026-21:25:54] [I] Average on 10 runs - GPU latency: 0.639844 ms - Host latency: 0.694531 ms (enqueue 0.0148437 ms)
[09/20/2026-21:25:54] [I] Average on 10 runs - GPU latency: 0.639844 ms - Host latency: 0.697656 ms (enqueue 0.0148437 ms)
[09/20/2026-21:25:54] [I] Average on 10 runs - GPU latency: 0.639844 ms - Host latency: 0.694531 ms (enqueue 0.0140625 ms)
[09/20/2026-21:25:54] [I] Average on 10 runs - GPU latency: 0.640625 ms - Host latency: 0.7 ms (enqueue 0.0140625 ms)
[09/20/2026-21:25:54] [I] Average on 10 runs - GPU latency: 0.642187 ms - Host latency: 0.697656 ms (enqueue 0.015625 ms)
[09/20/2026-21:25:54] [I] Average on 10 runs - GPU latency: 0.639844 ms - Host latency: 0.696875 ms (enqueue 0.015625 ms)
[09/20/2026-21:25:54] [I] Average on 10 runs - GPU latency: 0.639844 ms - Host latency: 0.697656 ms (enqueue 0.0164062 ms)
[09/20/2026-21:25:54] [I] Average on 10 runs - GPU latency: 0.641406 ms - Host latency: 0.696875 ms (enqueue 0.0164062 ms)
[09/20/2026-21:25:54] [I] Average on 10 runs - GPU latency: 0.640625 ms - Host latency: 0.694531 ms (enqueue 0.0164062 ms)
[09/20/2026-21:25:54] [I] Average on 10 runs - GPU latency: 0.639063 ms - Host latency: 0.697656 ms (enqueue 0.015625 ms)
[09/20/2026-21:25:54] [I] Average on 10 runs - GPU latency: 0.640625 ms - Host latency: 0.705469 ms (enqueue 0.0164062 ms)
[09/20/2026-21:25:54] [I] Average on 10 runs - GPU latency: 0.639844 ms - Host latency: 0.70625 ms (enqueue 0.0125 ms)
[09/20/2026-21:25:54] [I] Average on 10 runs - GPU latency: 0.635938 ms - Host latency: 0.698438 ms (enqueue 0.0171875 ms)
[09/20/2026-21:25:54] [I] Average on 10 runs - GPU latency: 0.640625 ms - Host latency: 0.700781 ms (enqueue 0.0164062 ms)
[09/20/2026-21:25:54] [I] Average on 10 runs - GPU latency: 0.639063 ms - Host latency: 0.699219 ms (enqueue 0.0179687 ms)
[09/20/2026-21:25:54] [I] Average on 10 runs - GPU latency: 0.635938 ms - Host latency: 0.698438 ms (enqueue 0.0164062 ms)
[09/20/2026-21:25:54] [I] Average on 10 runs - GPU latency: 0.639063 ms - Host latency: 0.699219 ms (enqueue 0.0164062 ms)
[09/20/2026-21:25:54] [I] Average on 10 runs - GPU latency: 0.639063 ms - Host latency: 0.7 ms (enqueue 0.015625 ms)
[09/20/2026-21:25:54] [I] Average on 10 runs - GPU latency: 0.6375 ms - Host latency: 0.696094 ms (enqueue 0.0164062 ms)
[09/20/2026-21:25:54] [I] Average on 10 runs - GPU latency: 0.640625 ms - Host latency: 0.703125 ms (enqueue 0.0164062 ms)
[09/20/2026-21:25:54] [I] Average on 10 runs - GPU latency: 0.636719 ms - Host latency: 0.697656 ms (enqueue 0.0171875 ms)
[09/20/2026-21:25:54] [I] Average on 10 runs - GPU latency: 0.636719 ms - Host latency: 0.694531 ms (enqueue 0.015625 ms)
[09/20/2026-21:25:54] [I] Average on 10 runs - GPU latency: 0.6375 ms - Host latency: 0.695312 ms (enqueue 0.0171875 ms)
[09/20/2026-21:25:54] [I] Average on 10 runs - GPU latency: 0.636719 ms - Host latency: 0.7 ms (enqueue 0.0171875 ms)
[09/20/2026-21:25:54] [I] Average on 10 runs - GPU latency: 0.635156 ms - Host latency: 0.7 ms (enqueue 0.0164062 ms)
[09/20/2026-21:25:54] [I] Average on 10 runs - GPU latency: 0.639063 ms - Host latency: 0.701563 ms (enqueue 0.0164062 ms)
[09/20/2026-21:25:54] [I] Average on 10 runs - GPU latency: 0.635156 ms - Host latency: 0.697656 ms (enqueue 0.0164062 ms)
[09/20/2026-21:25:54] [I] Average on 10 runs - GPU latency: 0.635938 ms - Host latency: 0.698438 ms (enqueue 0.015625 ms)
[09/20/2026-21:25:54] [I] Average on 10 runs - GPU latency: 0.639063 ms - Host latency: 0.703125 ms (enqueue 0.0171875 ms)
[09/20/2026-21:25:54] [I] Average on 10 runs - GPU latency: 0.6375 ms - Host latency: 0.700781 ms (enqueue 0.0164062 ms)
[09/20/2026-21:25:54] [I] Average on 10 runs - GPU latency: 0.638281 ms - Host latency: 0.7 ms (enqueue 0.0164062 ms)
[09/20/2026-21:25:54] [I] Average on 10 runs - GPU latency: 0.640625 ms - Host latency: 0.692187 ms (enqueue 0.0179687 ms)
[09/20/2026-21:25:54] [I] Average on 10 runs - GPU latency: 0.639063 ms - Host latency: 0.691406 ms (enqueue 0.0210938 ms)
[09/20/2026-21:25:54] [I] Average on 10 runs - GPU latency: 0.639844 ms - Host latency: 0.692969 ms (enqueue 0.0164062 ms)
[09/20/2026-21:25:54] [I] Average on 10 runs - GPU latency: 0.642187 ms - Host latency: 0.700781 ms (enqueue 0.015625 ms)
[09/20/2026-21:25:54] [I] Average on 10 runs - GPU latency: 0.640625 ms - Host latency: 0.694531 ms (enqueue 0.0164062 ms)
[09/20/2026-21:25:54] [I] Average on 10 runs - GPU latency: 0.639063 ms - Host latency: 0.696875 ms (enqueue 0.0148437 ms)
[09/20/2026-21:25:54] [I] Average on 10 runs - GPU latency: 0.640625 ms - Host latency: 0.696094 ms (enqueue 0.0171875 ms)
[09/20/2026-21:25:54] [I] Average on 10 runs - GPU latency: 0.642187 ms - Host latency: 0.699219 ms (enqueue 0.0164062 ms)
[09/20/2026-21:25:54] [I] Average on 10 runs - GPU latency: 0.640625 ms - Host latency: 0.698438 ms (enqueue 0.015625 ms)
[09/20/2026-21:25:54] [I] Average on 10 runs - GPU latency: 0.639844 ms - Host latency: 0.7 ms (enqueue 0.0171875 ms)
[09/20/2026-21:25:54] [I] Average on 10 runs - GPU latency: 0.640625 ms - Host latency: 0.699219 ms (enqueue 0.0171875 ms)
[09/20/2026-21:25:54] [I] Average on 10 runs - GPU latency: 0.641406 ms - Host latency: 0.699219 ms (enqueue 0.0171875 ms)
[09/20/2026-21:25:54] [I] Average on 10 runs - GPU latency: 0.639844 ms - Host latency: 0.696875 ms (enqueue 0.0171875 ms)
[09/20/2026-21:25:54] [I] Average on 10 runs - GPU latency: 0.639063 ms - Host latency: 0.692969 ms (enqueue 0.0164062 ms)
[09/20/2026-21:25:54] [I] Average on 10 runs - GPU latency: 0.639844 ms - Host latency: 0.695312 ms (enqueue 0.0164062 ms)
[09/20/2026-21:25:54] [I] Average on 10 runs - GPU latency: 0.638281 ms - Host latency: 0.700781 ms (enqueue 0.01875 ms)
[09/20/2026-21:25:54] [I] Average on 10 runs - GPU latency: 0.636719 ms - Host latency: 0.697656 ms (enqueue 0.0171875 ms)
[09/20/2026-21:25:54] [I] Average on 10 runs - GPU latency: 0.6375 ms - Host latency: 0.699219 ms (enqueue 0.0171875 ms)
[09/20/2026-21:25:54] [I] Average on 10 runs - GPU latency: 0.636719 ms - Host latency: 0.698438 ms (enqueue 0.0164062 ms)
[09/20/2026-21:25:54] [I] Average on 10 runs - GPU latency: 0.6375 ms - Host latency: 0.696875 ms (enqueue 0.0148437 ms)
[09/20/2026-21:25:54] [I] Average on 10 runs - GPU latency: 0.640625 ms - Host latency: 0.703125 ms (enqueue 0.015625 ms)
[09/20/2026-21:25:54] [I] Average on 10 runs - GPU latency: 0.638281 ms - Host latency: 0.698438 ms (enqueue 0.015625 ms)
[09/20/2026-21:25:54] [I] Average on 10 runs - GPU latency: 0.638281 ms - Host latency: 0.698438 ms (enqueue 0.015625 ms)
[09/20/2026-21:25:54] [I] Average on 10 runs - GPU latency: 0.638281 ms - Host latency: 0.696094 ms (enqueue 0.015625 ms)
[09/20/2026-21:25:54] [I] Average on 10 runs - GPU latency: 0.640625 ms - Host latency: 0.701563 ms (enqueue 0.0164062 ms)
[09/20/2026-21:25:54] [I] Average on 10 runs - GPU latency: 0.6375 ms - Host latency: 0.701563 ms (enqueue 0.0132813 ms)
[09/20/2026-21:25:54] [I] Average on 10 runs - GPU latency: 0.638281 ms - Host latency: 0.696875 ms (enqueue 0.0148437 ms)
[09/20/2026-21:25:54] [I] Average on 10 runs - GPU latency: 0.639063 ms - Host latency: 0.702344 ms (enqueue 0.0164062 ms)
[09/20/2026-21:25:54] [I] Average on 10 runs - GPU latency: 0.892187 ms - Host latency: 0.953906 ms (enqueue 0.015625 ms)
[09/20/2026-21:25:54] [I] Average on 10 runs - GPU latency: 0.696094 ms - Host latency: 0.757031 ms (enqueue 0.0171875 ms)
[09/20/2026-21:25:54] [I] Average on 10 runs - GPU latency: 0.635156 ms - Host latency: 0.69375 ms (enqueue 0.0171875 ms)
[09/20/2026-21:25:54] [I] Average on 10 runs - GPU latency: 0.6375 ms - Host latency: 0.696875 ms (enqueue 0.028125 ms)
[09/20/2026-21:25:54] [I] Average on 10 runs - GPU latency: 0.639844 ms - Host latency: 0.702344 ms (enqueue 0.0164062 ms)
[09/20/2026-21:25:54] [I] Average on 10 runs - GPU latency: 0.6375 ms - Host latency: 0.699219 ms (enqueue 0.0140625 ms)
[09/20/2026-21:25:54] [I] Average on 10 runs - GPU latency: 0.636719 ms - Host latency: 0.700781 ms (enqueue 0.0164062 ms)
[09/20/2026-21:25:54] [I] Average on 10 runs - GPU latency: 0.639063 ms - Host latency: 0.703125 ms (enqueue 0.015625 ms)
[09/20/2026-21:25:54] [I] Average on 10 runs - GPU latency: 0.638281 ms - Host latency: 0.701563 ms (enqueue 0.0148437 ms)
[09/20/2026-21:25:54] [I] Average on 10 runs - GPU latency: 0.639063 ms - Host latency: 0.7 ms (enqueue 0.0164062 ms)
[09/20/2026-21:25:54] [I] Average on 10 runs - GPU latency: 0.638281 ms - Host latency: 0.702344 ms (enqueue 0.0171875 ms)
[09/20/2026-21:25:54] [I] Average on 10 runs - GPU latency: 0.635938 ms - Host latency: 0.696094 ms (enqueue 0.0171875 ms)
[09/20/2026-21:25:54] [I] Average on 10 runs - GPU latency: 0.636719 ms - Host latency: 0.695312 ms (enqueue 0.0164062 ms)
[09/20/2026-21:25:54] [I] Average on 10 runs - GPU latency: 0.638281 ms - Host latency: 0.703125 ms (enqueue 0.01875 ms)
[09/20/2026-21:25:54] [I] Average on 10 runs - GPU latency: 0.6375 ms - Host latency: 0.698438 ms (enqueue 0.0164062 ms)
[09/20/2026-21:25:54] [I] Average on 10 runs - GPU latency: 0.6375 ms - Host latency: 0.7 ms (enqueue 0.0164062 ms)
[09/20/2026-21:25:54] [I] Average on 10 runs - GPU latency: 0.636719 ms - Host latency: 0.695312 ms (enqueue 0.0140625 ms)
[09/20/2026-21:25:54] [I] Average on 10 runs - GPU latency: 0.639844 ms - Host latency: 0.702344 ms (enqueue 0.0203125 ms)
[09/20/2026-21:25:54] [I] Average on 10 runs - GPU latency: 0.639063 ms - Host latency: 0.696875 ms (enqueue 0.015625 ms)
[09/20/2026-21:25:54] [I] Average on 10 runs - GPU latency: 0.635156 ms - Host latency: 0.696875 ms (enqueue 0.015625 ms)
[09/20/2026-21:25:54] [I] Average on 10 runs - GPU latency: 0.6375 ms - Host latency: 0.701563 ms (enqueue 0.0148437 ms)
[09/20/2026-21:25:54] [I] Average on 10 runs - GPU latency: 0.636719 ms - Host latency: 0.696875 ms (enqueue 0.0164062 ms)
[09/20/2026-21:25:54] [I] Average on 10 runs - GPU latency: 0.636719 ms - Host latency: 0.695312 ms (enqueue 0.0171875 ms)
[09/20/2026-21:25:54] [I] Average on 10 runs - GPU latency: 0.639063 ms - Host latency: 0.708594 ms (enqueue 0.0164062 ms)
[09/20/2026-21:25:54] [I] Average on 10 runs - GPU latency: 0.6375 ms - Host latency: 0.698438 ms (enqueue 0.0164062 ms)
[09/20/2026-21:25:54] [I] Average on 10 runs - GPU latency: 0.638281 ms - Host latency: 0.697656 ms (enqueue 0.0171875 ms)
[09/20/2026-21:25:54] [I] Average on 10 runs - GPU latency: 0.6375 ms - Host latency: 0.697656 ms (enqueue 0.0140625 ms)
[09/20/2026-21:25:54] [I] Average on 10 runs - GPU latency: 0.638281 ms - Host latency: 0.699219 ms (enqueue 0.0164062 ms)
[09/20/2026-21:25:54] [I] Average on 10 runs - GPU latency: 0.635938 ms - Host latency: 0.698438 ms (enqueue 0.0203125 ms)
[09/20/2026-21:25:54] [I] Average on 10 runs - GPU latency: 1.19844 ms - Host latency: 1.27031 ms (enqueue 0.0203125 ms)
[09/20/2026-21:25:54] [I] Average on 10 runs - GPU latency: 0.6875 ms - Host latency: 0.750781 ms (enqueue 0.0179687 ms)
[09/20/2026-21:25:54] [I] Average on 10 runs - GPU latency: 0.689062 ms - Host latency: 0.748438 ms (enqueue 0.0140625 ms)
[09/20/2026-21:25:54] [I] Average on 10 runs - GPU latency: 0.635938 ms - Host latency: 0.695312 ms (enqueue 0.0164062 ms)
[09/20/2026-21:25:54] [I] Average on 10 runs - GPU latency: 0.638281 ms - Host latency: 0.702344 ms (enqueue 0.0164062 ms)
[09/20/2026-21:25:54] [I] Average on 10 runs - GPU latency: 0.639063 ms - Host latency: 0.704687 ms (enqueue 0.0164062 ms)
[09/20/2026-21:25:54] [I] Average on 10 runs - GPU latency: 0.639063 ms - Host latency: 0.702344 ms (enqueue 0.0179687 ms)
[09/20/2026-21:25:54] [I] Average on 10 runs - GPU latency: 0.6375 ms - Host latency: 0.697656 ms (enqueue 0.0179687 ms)
[09/20/2026-21:25:54] [I] Average on 10 runs - GPU latency: 0.639063 ms - Host latency: 0.696875 ms (enqueue 0.01875 ms)
[09/20/2026-21:25:54] [I] Average on 10 runs - GPU latency: 0.639063 ms - Host latency: 0.703125 ms (enqueue 0.0171875 ms)
[09/20/2026-21:25:54] [I] Average on 10 runs - GPU latency: 0.636719 ms - Host latency: 0.700781 ms (enqueue 0.0148437 ms)
[09/20/2026-21:25:54] [I] Average on 10 runs - GPU latency: 0.639844 ms - Host latency: 0.702344 ms (enqueue 0.015625 ms)
[09/20/2026-21:25:54] [I] Average on 10 runs - GPU latency: 0.6375 ms - Host latency: 0.7 ms (enqueue 0.0164062 ms)
[09/20/2026-21:25:54] [I] Average on 10 runs - GPU latency: 0.636719 ms - Host latency: 0.700781 ms (enqueue 0.015625 ms)
[09/20/2026-21:25:54] [I] Average on 10 runs - GPU latency: 0.638281 ms - Host latency: 0.7 ms (enqueue 0.0171875 ms)
[09/20/2026-21:25:54] [I] Average on 10 runs - GPU latency: 0.639063 ms - Host latency: 0.700781 ms (enqueue 0.0171875 ms)
[09/20/2026-21:25:54] [I] Average on 10 runs - GPU latency: 0.640625 ms - Host latency: 0.7 ms (enqueue 0.0171875 ms)
[09/20/2026-21:25:54] [I] Average on 10 runs - GPU latency: 0.639844 ms - Host latency: 0.7 ms (enqueue 0.015625 ms)
[09/20/2026-21:25:54] [I] Average on 10 runs - GPU latency: 0.639063 ms - Host latency: 0.700781 ms (enqueue 0.0148437 ms)
[09/20/2026-21:25:54] [I] Average on 10 runs - GPU latency: 0.640625 ms - Host latency: 0.701563 ms (enqueue 0.015625 ms)
[09/20/2026-21:25:54] [I] Average on 10 runs - GPU latency: 0.636719 ms - Host latency: 0.696875 ms (enqueue 0.01875 ms)
[09/20/2026-21:25:54] [I] Average on 10 runs - GPU latency: 0.640625 ms - Host latency: 0.703125 ms (enqueue 0.015625 ms)
[09/20/2026-21:25:54] [I] Average on 10 runs - GPU latency: 0.6375 ms - Host latency: 0.702344 ms (enqueue 0.0179687 ms)
[09/20/2026-21:25:54] [I] Average on 10 runs - GPU latency: 0.640625 ms - Host latency: 0.707031 ms (enqueue 0.0179687 ms)
[09/20/2026-21:25:54] [I] Average on 10 runs - GPU latency: 0.639063 ms - Host latency: 0.701563 ms (enqueue 0.0164062 ms)
[09/20/2026-21:25:54] [I] Average on 10 runs - GPU latency: 0.638281 ms - Host latency: 0.703906 ms (enqueue 0.0132813 ms)
[09/20/2026-21:25:54] [I] Average on 10 runs - GPU latency: 0.639844 ms - Host latency: 0.7 ms (enqueue 0.0171875 ms)
[09/20/2026-21:25:54] [I] Average on 10 runs - GPU latency: 0.639063 ms - Host latency: 0.701563 ms (enqueue 0.0179687 ms)
[09/20/2026-21:25:54] [I] Average on 10 runs - GPU latency: 0.640625 ms - Host latency: 0.701563 ms (enqueue 0.0179687 ms)
[09/20/2026-21:25:54] [I] Average on 10 runs - GPU latency: 0.639063 ms - Host latency: 0.701563 ms (enqueue 0.0171875 ms)
[09/20/2026-21:25:54] [I] Average on 10 runs - GPU latency: 0.639063 ms - Host latency: 0.700781 ms (enqueue 0.0179687 ms)
[09/20/2026-21:25:54] [I] Average on 10 runs - GPU latency: 0.6375 ms - Host latency: 0.703906 ms (enqueue 0.015625 ms)
[09/20/2026-21:25:54] [I] Average on 10 runs - GPU latency: 0.640625 ms - Host latency: 0.7 ms (enqueue 0.0148437 ms)
[09/20/2026-21:25:54] [I] Average on 10 runs - GPU latency: 0.639844 ms - Host latency: 0.703906 ms (enqueue 0.0210938 ms)
[09/20/2026-21:25:54] [I] Average on 10 runs - GPU latency: 0.639844 ms - Host latency: 0.702344 ms (enqueue 0.015625 ms)
[09/20/2026-21:25:54] [I] Average on 10 runs - GPU latency: 0.638281 ms - Host latency: 0.700781 ms (enqueue 0.0164062 ms)
[09/20/2026-21:25:54] [I] Average on 10 runs - GPU latency: 0.640625 ms - Host latency: 0.7 ms (enqueue 0.0164062 ms)
[09/20/2026-21:25:54] [I] Average on 10 runs - GPU latency: 0.6375 ms - Host latency: 0.700781 ms (enqueue 0.0164062 ms)
[09/20/2026-21:25:54] [I] Average on 10 runs - GPU latency: 0.638281 ms - Host latency: 0.702344 ms (enqueue 0.0164062 ms)
[09/20/2026-21:25:54] [I] Average on 10 runs - GPU latency: 0.635938 ms - Host latency: 0.695312 ms (enqueue 0.0148437 ms)
[09/20/2026-21:25:54] [I] Average on 10 runs - GPU latency: 0.639844 ms - Host latency: 0.701563 ms (enqueue 0.0148437 ms)
[09/20/2026-21:25:54] [I] Average on 10 runs - GPU latency: 0.638281 ms - Host latency: 0.696875 ms (enqueue 0.0171875 ms)
[09/20/2026-21:25:54] [I] Average on 10 runs - GPU latency: 0.639063 ms - Host latency: 0.704687 ms (enqueue 0.01875 ms)
[09/20/2026-21:25:54] [I] Average on 10 runs - GPU latency: 0.6375 ms - Host latency: 0.701563 ms (enqueue 0.0171875 ms)
[09/20/2026-21:25:54] [I] Average on 10 runs - GPU latency: 0.638281 ms - Host latency: 0.700781 ms (enqueue 0.015625 ms)
[09/20/2026-21:25:54] [I] Average on 10 runs - GPU latency: 0.639063 ms - Host latency: 0.702344 ms (enqueue 0.015625 ms)
[09/20/2026-21:25:54] [I] Average on 10 runs - GPU latency: 0.638281 ms - Host latency: 0.699219 ms (enqueue 0.0171875 ms)
[09/20/2026-21:25:54] [I] Average on 10 runs - GPU latency: 0.6375 ms - Host latency: 0.701563 ms (enqueue 0.0195312 ms)
[09/20/2026-21:25:54] [I] Average on 10 runs - GPU latency: 0.6375 ms - Host latency: 0.697656 ms (enqueue 0.0195312 ms)
[09/20/2026-21:25:54] [I] Average on 10 runs - GPU latency: 0.6375 ms - Host latency: 0.697656 ms (enqueue 0.0164062 ms)
[09/20/2026-21:25:54] [I] Average on 10 runs - GPU latency: 0.636719 ms - Host latency: 0.695312 ms (enqueue 0.0164062 ms)
[09/20/2026-21:25:54] [I] Average on 10 runs - GPU latency: 0.639063 ms - Host latency: 0.707031 ms (enqueue 0.0195312 ms)
[09/20/2026-21:25:54] [I] Average on 10 runs - GPU latency: 0.639063 ms - Host latency: 0.703906 ms (enqueue 0.0164062 ms)
[09/20/2026-21:25:54] [I] Average on 10 runs - GPU latency: 0.6375 ms - Host latency: 0.699219 ms (enqueue 0.0179687 ms)
[09/20/2026-21:25:54] [I] Average on 10 runs - GPU latency: 0.639063 ms - Host latency: 0.702344 ms (enqueue 0.015625 ms)
[09/20/2026-21:25:54] [I] Average on 10 runs - GPU latency: 0.6375 ms - Host latency: 0.699219 ms (enqueue 0.0179687 ms)
[09/20/2026-21:25:54] [I] Average on 10 runs - GPU latency: 0.636719 ms - Host latency: 0.7 ms (enqueue 0.0164062 ms)
[09/20/2026-21:25:54] [I] Average on 10 runs - GPU latency: 0.638281 ms - Host latency: 0.699219 ms (enqueue 0.0171875 ms)
[09/20/2026-21:25:54] [I] Average on 10 runs - GPU latency: 0.639063 ms - Host latency: 0.702344 ms (enqueue 0.01875 ms)
[09/20/2026-21:25:54] [I] Average on 10 runs - GPU latency: 0.635156 ms - Host latency: 0.703125 ms (enqueue 0.015625 ms)
[09/20/2026-21:25:54] [I] Average on 10 runs - GPU latency: 0.638281 ms - Host latency: 0.701563 ms (enqueue 0.0171875 ms)
[09/20/2026-21:25:54] [I] Average on 10 runs - GPU latency: 0.639844 ms - Host latency: 0.701563 ms (enqueue 0.0203125 ms)
[09/20/2026-21:25:54] [I] Average on 10 runs - GPU latency: 0.6375 ms - Host latency: 0.699219 ms (enqueue 0.015625 ms)
[09/20/2026-21:25:54] [I] Average on 10 runs - GPU latency: 0.6375 ms - Host latency: 0.703906 ms (enqueue 0.0203125 ms)
[09/20/2026-21:25:54] [I] Average on 10 runs - GPU latency: 0.639063 ms - Host latency: 0.696094 ms (enqueue 0.0148437 ms)
[09/20/2026-21:25:54] [I] Average on 10 runs - GPU latency: 0.6375 ms - Host latency: 0.700781 ms (enqueue 0.0171875 ms)
[09/20/2026-21:25:54] [I] Average on 10 runs - GPU latency: 0.638281 ms - Host latency: 0.7 ms (enqueue 0.0210938 ms)
[09/20/2026-21:25:54] [I] Average on 10 runs - GPU latency: 0.638281 ms - Host latency: 0.7 ms (enqueue 0.0171875 ms)
[09/20/2026-21:25:55] [I] 
[09/20/2026-21:25:55] [I] === Performance summary ===
[09/20/2026-21:25:55] [I] Throughput: 1537.38 qps
[09/20/2026-21:25:55] [I] Latency: min = 0.679688 ms, max = 3.45312 ms, mean = 0.709253 ms, median = 0.701904 ms, percentile(90%) = 0.707031 ms, percentile(95%) = 0.710938 ms, percentile(99%) = 0.726562 ms
[09/20/2026-21:25:55] [I] Enqueue Time: min = 0.0078125 ms, max = 1.51562 ms, mean = 0.0161355 ms, median = 0.015625 ms, percentile(90%) = 0.0195312 ms, percentile(95%) = 0.0234375 ms, percentile(99%) = 0.0234375 ms
[09/20/2026-21:25:55] [I] H2D Latency: min = 0.03125 ms, max = 1.32031 ms, mean = 0.0507944 ms, median = 0.0507812 ms, percentile(90%) = 0.0546875 ms, percentile(95%) = 0.0546875 ms, percentile(99%) = 0.0625 ms
[09/20/2026-21:25:55] [I] GPU Compute Time: min = 0.632812 ms, max = 3.38281 ms, mean = 0.648032 ms, median = 0.640625 ms, percentile(90%) = 0.642578 ms, percentile(95%) = 0.644531 ms, percentile(99%) = 0.648438 ms
[09/20/2026-21:25:55] [I] D2H Latency: min = 0 ms, max = 1.30469 ms, mean = 0.0102363 ms, median = 0.00976562 ms, percentile(90%) = 0.015625 ms, percentile(95%) = 0.015625 ms, percentile(99%) = 0.015625 ms
[09/20/2026-21:25:55] [I] Total Host Walltime: 120.002 s
[09/20/2026-21:25:55] [I] Total GPU Compute Time: 119.554 s
[09/20/2026-21:25:55] [I] Explanations of the performance metrics are printed in the verbose logs.
[09/20/2026-21:25:55] [I] 
&&&& PASSED TensorRT.trtexec [TensorRT v101602] [b10] # /usr/src/tensorrt/bin/trtexec --loadEngine=models/mobilenetv2_int8.plan --shapes=input:1x3x224x224 --warmUp=2000 --duration=120 --useCudaGraph
[09/20/2026-21:25:55] [W] * GPU compute time is unstable, with coefficient of variance = 17.5458%.
[09/20/2026-21:25:55] [W]   If not already in use, locking GPU clock frequency or adding --useSpinWait may improve the stability.
