&&&& RUNNING TensorRT.trtexec [TensorRT v101602] [b10] # trtexec --loadEngine=models/mobilenetv2_int8.plan --shapes=input:1x3x224x224 --warmUp=2000 --duration=30 --useCudaGraph --exportTimes=results/times_int8_graph.json --exportLayerInfo=results/layers_int8.json
[09/20/2026-14:25:08] [I] TF32 is enabled by default. Add --noTF32 flag to further improve accuracy with some performance cost.
[09/20/2026-14:25:08] [I] === Model Options ===
[09/20/2026-14:25:08] [I] Format: *
[09/20/2026-14:25:08] [I] Model: 
[09/20/2026-14:25:08] [I] Output:
[09/20/2026-14:25:08] [I] 
[09/20/2026-14:25:08] [I] === System Options ===
[09/20/2026-14:25:08] [I] Device: 0
[09/20/2026-14:25:08] [I] DLACore: 
[09/20/2026-14:25:08] [I] Loaded static plugins:
[09/20/2026-14:25:08] [I] setPluginsToSerialize:
[09/20/2026-14:25:08] [I] dynamicPlugins:
[09/20/2026-14:25:08] [I] ignoreParsedPluginLibs: 0
[09/20/2026-14:25:08] [I] 
[09/20/2026-14:25:08] [I] === Inference Options ===
[09/20/2026-14:25:08] [I] Batch: Explicit
[09/20/2026-14:25:08] [I] Input inference shape : input=1x3x224x224
[09/20/2026-14:25:08] [I] Iterations: 10
[09/20/2026-14:25:08] [I] Duration: 30s (+ 2000ms warm up)
[09/20/2026-14:25:08] [I] Sleep time: 0ms
[09/20/2026-14:25:08] [I] Idle time: 0ms
[09/20/2026-14:25:08] [I] Inference Streams: 1
[09/20/2026-14:25:08] [I] ExposeDMA: Disabled
[09/20/2026-14:25:08] [I] Data transfers: Enabled
[09/20/2026-14:25:08] [I] Spin-wait: Disabled
[09/20/2026-14:25:08] [I] Multithreading: Disabled
[09/20/2026-14:25:08] [I] CUDA Graph: Enabled
[09/20/2026-14:25:08] [I] Separate profiling: Disabled
[09/20/2026-14:25:08] [I] Time Deserialize: Disabled
[09/20/2026-14:25:08] [I] Time Refit: Disabled
[09/20/2026-14:25:08] [I] NVTX verbosity: 0
[09/20/2026-14:25:08] [I] Persistent Cache Ratio: 0
[09/20/2026-14:25:08] [I] Optimization Profile Index: 0
[09/20/2026-14:25:08] [I] Weight Streaming Budget: 100.000000%
[09/20/2026-14:25:08] [I] Inputs:
[09/20/2026-14:25:08] [I] Debug Tensor Save Destinations:
[09/20/2026-14:25:08] [I] Dump All Debug Tensor in Formats: 
[09/20/2026-14:25:08] [I] === Reporting Options ===
[09/20/2026-14:25:08] [I] Verbose: Disabled
[09/20/2026-14:25:08] [I] Averages: 10 inferences
[09/20/2026-14:25:08] [I] Percentiles: 90,95,99
[09/20/2026-14:25:08] [I] Dump refittable layers:Disabled
[09/20/2026-14:25:08] [I] Dump output: Disabled
[09/20/2026-14:25:08] [I] Profile: Disabled
[09/20/2026-14:25:08] [I] Export timing to JSON file: results/times_int8_graph.json
[09/20/2026-14:25:08] [I] Export output to JSON file: 
[09/20/2026-14:25:08] [I] Export profile to JSON file: 
[09/20/2026-14:25:08] [I] 
[09/20/2026-14:25:08] [I] === Device Information ===
[09/20/2026-14:25:08] [I] Available Devices: 
[09/20/2026-14:25:08] [I]   Device 0: "Orin" UUID: GPU-5e79c5ba-a005-59b8-a6a3-d87e61f25d8b
[09/20/2026-14:25:08] [I] Selected Device: Orin
[09/20/2026-14:25:08] [I] Selected Device ID: 0
[09/20/2026-14:25:08] [I] Selected Device UUID: GPU-5e79c5ba-a005-59b8-a6a3-d87e61f25d8b
[09/20/2026-14:25:08] [I] Compute Capability: 8.7
[09/20/2026-14:25:08] [I] SMs: 8
[09/20/2026-14:25:08] [I] Device Global Memory: 7485 MiB
[09/20/2026-14:25:08] [I] Shared Memory per SM: 164 KiB
[09/20/2026-14:25:08] [I] Memory Bus Width: 128 bits (ECC disabled)
[09/20/2026-14:25:08] [I] Application Compute Clock Rate: 1.02 GHz
[09/20/2026-14:25:08] [I] Application Memory Clock Rate: 0.918 GHz
[09/20/2026-14:25:08] [I] 
[09/20/2026-14:25:08] [I] Note: The application clock rates do not reflect the actual clock rates that the GPU is currently running at.
[09/20/2026-14:25:08] [I] 
[09/20/2026-14:25:08] [I] TensorRT version: 10.16.2
[09/20/2026-14:25:08] [I] Loading standard plugins
[09/20/2026-14:25:08] [I] [TRT] Loaded engine size: 5 MiB
[09/20/2026-14:25:08] [I] Engine deserialized in 0.0563574 sec.
[09/20/2026-14:25:08] [I] [TRT] [MemUsageChange] TensorRT-managed allocation in IExecutionContext creation: CPU +0, GPU +2, now: CPU 0, GPU 6 (MiB)
[09/20/2026-14:25:08] [I] Setting persistentCacheLimit to 0 bytes.
[09/20/2026-14:25:08] [I] Created execution context with device memory size: 1.74658 MiB
[09/20/2026-14:25:08] [I] Using random values for input input
[09/20/2026-14:25:08] [I] Input binding for input with dimensions 1x3x224x224 and type fp32 is created.
[09/20/2026-14:25:08] [I] Output binding for output with dimensions 1x1000 and type fp32 is created.
[09/20/2026-14:25:08] [I] Starting inference
[09/20/2026-14:25:08] [I] Capturing CUDA graph for the current execution context
[09/20/2026-14:25:08] [I] Successfully captured CUDA graph for the current execution context
[09/20/2026-14:25:40] [I] Warmup completed 3393 queries over 2000 ms
[09/20/2026-14:25:40] [I] Timing trace has 51358 queries over 30.0014 s
[09/20/2026-14:25:40] [I] 
[09/20/2026-14:25:40] [I] === Trace details ===
[09/20/2026-14:25:40] [I] Trace averages of 10 runs:
[09/20/2026-14:25:40] [I] Average on 10 runs - GPU latency: 0.581775 ms - Host latency: 0.625696 ms (enqueue 0.0074585 ms)
[09/20/2026-14:25:40] [I] Average on 10 runs - GPU latency: 0.581104 ms - Host latency: 0.62616 ms (enqueue 0.00765381 ms)
[09/20/2026-14:25:40] [I] Average on 10 runs - GPU latency: 0.581909 ms - Host latency: 0.626208 ms (enqueue 0.00778809 ms)
[09/20/2026-14:25:40] [I] Average on 10 runs - GPU latency: 0.581177 ms - Host latency: 0.627869 ms (enqueue 0.00789795 ms)
[09/20/2026-14:25:40] [I] Average on 10 runs - GPU latency: 0.581384 ms - Host latency: 0.625293 ms (enqueue 0.0076416 ms)
[09/20/2026-14:25:40] [I] Average on 10 runs - GPU latency: 0.581909 ms - Host latency: 0.627478 ms (enqueue 0.00787354 ms)
[09/20/2026-14:25:40] [I] Average on 10 runs - GPU latency: 0.581531 ms - Host latency: 0.626282 ms (enqueue 0.00770264 ms)
[09/20/2026-14:25:40] [I] Average on 10 runs - GPU latency: 0.581653 ms - Host latency: 0.627002 ms (enqueue 0.00759277 ms)
[09/20/2026-14:25:40] [I] Average on 10 runs - GPU latency: 0.581628 ms - Host latency: 0.626184 ms (enqueue 0.00755615 ms)
[09/20/2026-14:25:40] [I] Average on 10 runs - GPU latency: 0.581763 ms - Host latency: 0.626514 ms (enqueue 0.00744629 ms)
[09/20/2026-14:25:40] [I] Average on 10 runs - GPU latency: 0.581348 ms - Host latency: 0.626294 ms (enqueue 0.00832519 ms)
[09/20/2026-14:25:40] [I] Average on 10 runs - GPU latency: 0.580811 ms - Host latency: 0.62583 ms (enqueue 0.00842285 ms)
[09/20/2026-14:25:40] [I] Average on 10 runs - GPU latency: 0.581323 ms - Host latency: 0.626855 ms (enqueue 0.0088623 ms)
[09/20/2026-14:25:40] [I] Average on 10 runs - GPU latency: 0.581274 ms - Host latency: 0.625244 ms (enqueue 0.00788574 ms)
[09/20/2026-14:25:40] [I] Average on 10 runs - GPU latency: 0.581152 ms - Host latency: 0.626099 ms (enqueue 0.00773926 ms)
[09/20/2026-14:25:40] [I] Average on 10 runs - GPU latency: 0.581567 ms - Host latency: 0.626245 ms (enqueue 0.00871582 ms)
[09/20/2026-14:25:40] [I] Average on 10 runs - GPU latency: 0.581885 ms - Host latency: 0.627588 ms (enqueue 0.0092041 ms)
[09/20/2026-14:25:40] [I] Average on 10 runs - GPU latency: 0.581763 ms - Host latency: 0.626904 ms (enqueue 0.0095459 ms)
[09/20/2026-14:25:40] [I] Average on 10 runs - GPU latency: 0.581689 ms - Host latency: 0.626489 ms (enqueue 0.00917969 ms)
[09/20/2026-14:25:40] [I] Average on 10 runs - GPU latency: 0.58125 ms - Host latency: 0.626001 ms (enqueue 0.00900879 ms)
[09/20/2026-14:25:40] [I] Average on 10 runs - GPU latency: 0.581445 ms - Host latency: 0.625854 ms (enqueue 0.00852051 ms)
[09/20/2026-14:25:40] [I] Average on 10 runs - GPU latency: 0.58186 ms - Host latency: 0.626245 ms (enqueue 0.00832519 ms)
[09/20/2026-14:25:40] [I] Average on 10 runs - GPU latency: 0.581641 ms - Host latency: 0.626392 ms (enqueue 0.00888672 ms)
[09/20/2026-14:25:40] [I] Average on 10 runs - GPU latency: 0.581445 ms - Host latency: 0.626245 ms (enqueue 0.00893555 ms)
[09/20/2026-14:25:40] [I] Average on 10 runs - GPU latency: 0.581445 ms - Host latency: 0.625635 ms (enqueue 0.00883789 ms)
[09/20/2026-14:25:40] [I] Average on 10 runs - GPU latency: 0.799072 ms - Host latency: 0.844067 ms (enqueue 0.0090332 ms)
[09/20/2026-14:25:40] [I] Average on 10 runs - GPU latency: 0.624243 ms - Host latency: 0.670996 ms (enqueue 0.00878906 ms)
[09/20/2026-14:25:40] [I] Average on 10 runs - GPU latency: 0.625317 ms - Host latency: 0.669482 ms (enqueue 0.0076416 ms)
[09/20/2026-14:25:40] [I] Average on 10 runs - GPU latency: 0.581274 ms - Host latency: 0.62771 ms (enqueue 0.00900879 ms)
[09/20/2026-14:25:40] [I] Average on 10 runs - GPU latency: 0.581519 ms - Host latency: 0.626831 ms (enqueue 0.00827637 ms)
[09/20/2026-14:25:40] [I] Average on 10 runs - GPU latency: 0.581274 ms - Host latency: 0.626758 ms (enqueue 0.00827637 ms)
[09/20/2026-14:25:40] [I] Average on 10 runs - GPU latency: 0.581958 ms - Host latency: 0.62627 ms (enqueue 0.00751953 ms)
[09/20/2026-14:25:40] [I] Average on 10 runs - GPU latency: 0.581006 ms - Host latency: 0.626685 ms (enqueue 0.00825195 ms)
[09/20/2026-14:25:40] [I] Average on 10 runs - GPU latency: 0.581055 ms - Host latency: 0.625537 ms (enqueue 0.00842285 ms)
[09/20/2026-14:25:40] [I] Average on 10 runs - GPU latency: 0.581763 ms - Host latency: 0.626953 ms (enqueue 0.00778809 ms)
[09/20/2026-14:25:40] [I] Average on 10 runs - GPU latency: 0.580688 ms - Host latency: 0.626709 ms (enqueue 0.00874023 ms)
[09/20/2026-14:25:40] [I] Average on 10 runs - GPU latency: 0.581665 ms - Host latency: 0.62771 ms (enqueue 0.00795898 ms)
[09/20/2026-14:25:40] [I] Average on 10 runs - GPU latency: 0.58186 ms - Host latency: 0.627759 ms (enqueue 0.00820312 ms)
[09/20/2026-14:25:40] [I] Average on 10 runs - GPU latency: 0.581592 ms - Host latency: 0.627002 ms (enqueue 0.00834961 ms)
[09/20/2026-14:25:40] [I] Average on 10 runs - GPU latency: 0.581934 ms - Host latency: 0.627295 ms (enqueue 0.00893555 ms)
[09/20/2026-14:25:40] [I] Average on 10 runs - GPU latency: 0.581274 ms - Host latency: 0.625586 ms (enqueue 0.0079834 ms)
[09/20/2026-14:25:40] [I] Average on 10 runs - GPU latency: 0.581958 ms - Host latency: 0.625806 ms (enqueue 0.0078125 ms)
[09/20/2026-14:25:40] [I] Average on 10 runs - GPU latency: 0.581543 ms - Host latency: 0.625366 ms (enqueue 0.00754395 ms)
[09/20/2026-14:25:40] [I] Average on 10 runs - GPU latency: 0.582031 ms - Host latency: 0.625854 ms (enqueue 0.00773926 ms)
[09/20/2026-14:25:40] [I] Average on 10 runs - GPU latency: 0.581494 ms - Host latency: 0.625781 ms (enqueue 0.00766602 ms)
[09/20/2026-14:25:40] [I] Average on 10 runs - GPU latency: 0.581641 ms - Host latency: 0.626758 ms (enqueue 0.00849609 ms)
[09/20/2026-14:25:40] [I] Average on 10 runs - GPU latency: 0.581421 ms - Host latency: 0.626636 ms (enqueue 0.0090332 ms)
[09/20/2026-14:25:40] [I] Average on 10 runs - GPU latency: 0.581494 ms - Host latency: 0.625781 ms (enqueue 0.0078125 ms)
[09/20/2026-14:25:40] [I] Average on 10 runs - GPU latency: 0.582056 ms - Host latency: 0.626831 ms (enqueue 0.00791016 ms)
[09/20/2026-14:25:40] [I] Average on 10 runs - GPU latency: 0.581763 ms - Host latency: 0.626978 ms (enqueue 0.00856934 ms)
[09/20/2026-14:25:40] [I] Average on 10 runs - GPU latency: 0.581616 ms - Host latency: 0.626367 ms (enqueue 0.00761719 ms)
[09/20/2026-14:25:40] [I] Average on 10 runs - GPU latency: 0.581128 ms - Host latency: 0.625586 ms (enqueue 0.00783691 ms)
[09/20/2026-14:25:40] [I] Average on 10 runs - GPU latency: 0.581128 ms - Host latency: 0.625684 ms (enqueue 0.00769043 ms)
[09/20/2026-14:25:40] [I] Average on 10 runs - GPU latency: 0.581396 ms - Host latency: 0.626514 ms (enqueue 0.00776367 ms)
[09/20/2026-14:25:40] [I] Average on 10 runs - GPU latency: 0.581177 ms - Host latency: 0.62666 ms (enqueue 0.00849609 ms)
[09/20/2026-14:25:40] [I] Average on 10 runs - GPU latency: 0.58147 ms - Host latency: 0.626123 ms (enqueue 0.00788574 ms)
[09/20/2026-14:25:40] [I] Average on 10 runs - GPU latency: 0.581958 ms - Host latency: 0.627563 ms (enqueue 0.00974121 ms)
[09/20/2026-14:25:40] [I] Average on 10 runs - GPU latency: 0.581396 ms - Host latency: 0.625562 ms (enqueue 0.00778809 ms)
[09/20/2026-14:25:40] [I] Average on 10 runs - GPU latency: 0.581372 ms - Host latency: 0.626416 ms (enqueue 0.0079834 ms)
[09/20/2026-14:25:40] [I] Average on 10 runs - GPU latency: 0.582324 ms - Host latency: 0.626221 ms (enqueue 0.0074707 ms)
[09/20/2026-14:25:40] [I] Average on 10 runs - GPU latency: 0.581494 ms - Host latency: 0.626245 ms (enqueue 0.00793457 ms)
[09/20/2026-14:25:40] [I] Average on 10 runs - GPU latency: 0.58125 ms - Host latency: 0.625708 ms (enqueue 0.00771484 ms)
[09/20/2026-14:25:40] [I] Average on 10 runs - GPU latency: 0.581934 ms - Host latency: 0.625049 ms (enqueue 0.00766602 ms)
[09/20/2026-14:25:40] [I] Average on 10 runs - GPU latency: 0.581958 ms - Host latency: 0.627002 ms (enqueue 0.00822754 ms)
[09/20/2026-14:25:40] [I] Average on 10 runs - GPU latency: 0.58147 ms - Host latency: 0.625757 ms (enqueue 0.0081543 ms)
[09/20/2026-14:25:40] [I] Average on 10 runs - GPU latency: 0.581372 ms - Host latency: 0.625708 ms (enqueue 0.00744629 ms)
[09/20/2026-14:25:40] [I] Average on 10 runs - GPU latency: 0.581274 ms - Host latency: 0.626343 ms (enqueue 0.00820312 ms)
[09/20/2026-14:25:40] [I] Average on 10 runs - GPU latency: 0.581592 ms - Host latency: 0.627368 ms (enqueue 0.00849609 ms)
[09/20/2026-14:25:40] [I] Average on 10 runs - GPU latency: 0.581274 ms - Host latency: 0.626733 ms (enqueue 0.00822754 ms)
[09/20/2026-14:25:40] [I] Average on 10 runs - GPU latency: 0.581128 ms - Host latency: 0.625903 ms (enqueue 0.00834961 ms)
[09/20/2026-14:25:40] [I] Average on 10 runs - GPU latency: 0.581958 ms - Host latency: 0.625488 ms (enqueue 0.0079834 ms)
[09/20/2026-14:25:40] [I] Average on 10 runs - GPU latency: 0.581592 ms - Host latency: 0.625903 ms (enqueue 0.00825195 ms)
[09/20/2026-14:25:40] [I] Average on 10 runs - GPU latency: 0.581738 ms - Host latency: 0.625952 ms (enqueue 0.00839844 ms)
[09/20/2026-14:25:40] [I] Average on 10 runs - GPU latency: 0.581909 ms - Host latency: 0.625366 ms (enqueue 0.00754395 ms)
[09/20/2026-14:25:40] [I] Average on 10 runs - GPU latency: 0.581616 ms - Host latency: 0.625366 ms (enqueue 0.00771484 ms)
[09/20/2026-14:25:40] [I] Average on 10 runs - GPU latency: 0.581567 ms - Host latency: 0.62605 ms (enqueue 0.00761719 ms)
[09/20/2026-14:25:40] [I] Average on 10 runs - GPU latency: 0.58147 ms - Host latency: 0.626416 ms (enqueue 0.00766602 ms)
[09/20/2026-14:25:40] [I] Average on 10 runs - GPU latency: 0.581763 ms - Host latency: 0.625635 ms (enqueue 0.00771484 ms)
[09/20/2026-14:25:40] [I] Average on 10 runs - GPU latency: 0.581299 ms - Host latency: 0.626782 ms (enqueue 0.00820312 ms)
[09/20/2026-14:25:40] [I] Average on 10 runs - GPU latency: 0.581738 ms - Host latency: 0.624756 ms (enqueue 0.00769043 ms)
[09/20/2026-14:25:40] [I] Average on 10 runs - GPU latency: 0.581689 ms - Host latency: 0.627783 ms (enqueue 0.0079834 ms)
[09/20/2026-14:25:40] [I] Average on 10 runs - GPU latency: 0.581396 ms - Host latency: 0.625928 ms (enqueue 0.0078125 ms)
[09/20/2026-14:25:40] [I] Average on 10 runs - GPU latency: 0.581421 ms - Host latency: 0.626562 ms (enqueue 0.00825195 ms)
[09/20/2026-14:25:40] [I] Average on 10 runs - GPU latency: 0.581519 ms - Host latency: 0.627808 ms (enqueue 0.00891113 ms)
[09/20/2026-14:25:40] [I] Average on 10 runs - GPU latency: 0.581934 ms - Host latency: 0.627393 ms (enqueue 0.0092041 ms)
[09/20/2026-14:25:40] [I] Average on 10 runs - GPU latency: 0.581226 ms - Host latency: 0.626196 ms (enqueue 0.0090332 ms)
[09/20/2026-14:25:40] [I] Average on 10 runs - GPU latency: 0.581226 ms - Host latency: 0.625244 ms (enqueue 0.00817871 ms)
[09/20/2026-14:25:40] [I] Average on 10 runs - GPU latency: 0.581274 ms - Host latency: 0.626587 ms (enqueue 0.00761719 ms)
[09/20/2026-14:25:40] [I] Average on 10 runs - GPU latency: 0.581421 ms - Host latency: 0.625562 ms (enqueue 0.00793457 ms)
[09/20/2026-14:25:40] [I] Average on 10 runs - GPU latency: 0.581689 ms - Host latency: 0.626074 ms (enqueue 0.00783691 ms)
[09/20/2026-14:25:40] [I] Average on 10 runs - GPU latency: 0.581372 ms - Host latency: 0.627368 ms (enqueue 0.00864258 ms)
[09/20/2026-14:25:40] [I] Average on 10 runs - GPU latency: 0.581592 ms - Host latency: 0.626465 ms (enqueue 0.00769043 ms)
[09/20/2026-14:25:40] [I] Average on 10 runs - GPU latency: 0.581665 ms - Host latency: 0.625562 ms (enqueue 0.00759277 ms)
[09/20/2026-14:25:40] [I] Average on 10 runs - GPU latency: 0.581689 ms - Host latency: 0.625 ms (enqueue 0.00732422 ms)
[09/20/2026-14:25:40] [I] Average on 10 runs - GPU latency: 0.581689 ms - Host latency: 0.625732 ms (enqueue 0.00751953 ms)
[09/20/2026-14:25:40] [I] Average on 10 runs - GPU latency: 0.581445 ms - Host latency: 0.625342 ms (enqueue 0.00759277 ms)
[09/20/2026-14:25:40] [I] Average on 10 runs - GPU latency: 0.58125 ms - Host latency: 0.627246 ms (enqueue 0.0092041 ms)
[09/20/2026-14:25:40] [I] Average on 10 runs - GPU latency: 0.581592 ms - Host latency: 0.625903 ms (enqueue 0.00900879 ms)
[09/20/2026-14:25:40] [I] Average on 10 runs - GPU latency: 0.581274 ms - Host latency: 0.626392 ms (enqueue 0.00842285 ms)
[09/20/2026-14:25:40] [I] Average on 10 runs - GPU latency: 0.581299 ms - Host latency: 0.626758 ms (enqueue 0.00808105 ms)
[09/20/2026-14:25:40] [I] Average on 10 runs - GPU latency: 0.581323 ms - Host latency: 0.626855 ms (enqueue 0.00871582 ms)
[09/20/2026-14:25:40] [I] Average on 10 runs - GPU latency: 0.581787 ms - Host latency: 0.625513 ms (enqueue 0.00864258 ms)
[09/20/2026-14:25:40] [I] Average on 10 runs - GPU latency: 0.581274 ms - Host latency: 0.627637 ms (enqueue 0.00895996 ms)
[09/20/2026-14:25:40] [I] Average on 10 runs - GPU latency: 0.581665 ms - Host latency: 0.626392 ms (enqueue 0.00834961 ms)
[09/20/2026-14:25:40] [I] Average on 10 runs - GPU latency: 0.581494 ms - Host latency: 0.626758 ms (enqueue 0.00874023 ms)
[09/20/2026-14:25:40] [I] Average on 10 runs - GPU latency: 0.581714 ms - Host latency: 0.626685 ms (enqueue 0.00810547 ms)
[09/20/2026-14:25:40] [I] Average on 10 runs - GPU latency: 0.581421 ms - Host latency: 0.627515 ms (enqueue 0.00793457 ms)
[09/20/2026-14:25:40] [I] Average on 10 runs - GPU latency: 0.581519 ms - Host latency: 0.627368 ms (enqueue 0.00883789 ms)
[09/20/2026-14:25:40] [I] Average on 10 runs - GPU latency: 0.581567 ms - Host latency: 0.627197 ms (enqueue 0.00812988 ms)
[09/20/2026-14:25:40] [I] Average on 10 runs - GPU latency: 0.581323 ms - Host latency: 0.626514 ms (enqueue 0.00891113 ms)
[09/20/2026-14:25:40] [I] Average on 10 runs - GPU latency: 0.581714 ms - Host latency: 0.627295 ms (enqueue 0.00795898 ms)
[09/20/2026-14:25:40] [I] Average on 10 runs - GPU latency: 0.581274 ms - Host latency: 0.625781 ms (enqueue 0.00861816 ms)
[09/20/2026-14:25:40] [I] Average on 10 runs - GPU latency: 0.581665 ms - Host latency: 0.625562 ms (enqueue 0.0081543 ms)
[09/20/2026-14:25:40] [I] Average on 10 runs - GPU latency: 0.581689 ms - Host latency: 0.626465 ms (enqueue 0.00844727 ms)
[09/20/2026-14:25:40] [I] Average on 10 runs - GPU latency: 0.581201 ms - Host latency: 0.625928 ms (enqueue 0.00771484 ms)
[09/20/2026-14:25:40] [I] Average on 10 runs - GPU latency: 0.582031 ms - Host latency: 0.627588 ms (enqueue 0.00876465 ms)
[09/20/2026-14:25:40] [I] Average on 10 runs - GPU latency: 0.58125 ms - Host latency: 0.62666 ms (enqueue 0.009375 ms)
[09/20/2026-14:25:40] [I] Average on 10 runs - GPU latency: 0.581299 ms - Host latency: 0.627612 ms (enqueue 0.00964355 ms)
[09/20/2026-14:25:40] [I] Average on 10 runs - GPU latency: 0.581348 ms - Host latency: 0.626465 ms (enqueue 0.00905762 ms)
[09/20/2026-14:25:40] [I] Average on 10 runs - GPU latency: 0.58208 ms - Host latency: 0.626953 ms (enqueue 0.00825195 ms)
[09/20/2026-14:25:40] [I] Average on 10 runs - GPU latency: 0.581177 ms - Host latency: 0.62627 ms (enqueue 0.00844727 ms)
[09/20/2026-14:25:40] [I] Average on 10 runs - GPU latency: 0.581689 ms - Host latency: 0.626196 ms (enqueue 0.00759277 ms)
[09/20/2026-14:25:40] [I] Average on 10 runs - GPU latency: 0.581592 ms - Host latency: 0.626953 ms (enqueue 0.00793457 ms)
[09/20/2026-14:25:40] [I] Average on 10 runs - GPU latency: 0.581714 ms - Host latency: 0.62627 ms (enqueue 0.00759277 ms)
[09/20/2026-14:25:40] [I] Average on 10 runs - GPU latency: 0.580908 ms - Host latency: 0.626733 ms (enqueue 0.00827637 ms)
[09/20/2026-14:25:40] [I] Average on 10 runs - GPU latency: 0.581592 ms - Host latency: 0.62688 ms (enqueue 0.00822754 ms)
[09/20/2026-14:25:40] [I] Average on 10 runs - GPU latency: 0.581567 ms - Host latency: 0.627661 ms (enqueue 0.00908203 ms)
[09/20/2026-14:25:40] [I] Average on 10 runs - GPU latency: 0.581421 ms - Host latency: 0.627002 ms (enqueue 0.00881348 ms)
[09/20/2026-14:25:40] [I] Average on 10 runs - GPU latency: 0.799707 ms - Host latency: 0.846265 ms (enqueue 0.00900879 ms)
[09/20/2026-14:25:40] [I] Average on 10 runs - GPU latency: 0.66167 ms - Host latency: 0.708887 ms (enqueue 0.0102539 ms)
[09/20/2026-14:25:40] [I] Average on 10 runs - GPU latency: 0.581812 ms - Host latency: 0.630396 ms (enqueue 0.00944824 ms)
[09/20/2026-14:25:40] [I] Average on 10 runs - GPU latency: 0.581445 ms - Host latency: 0.628442 ms (enqueue 0.0095459 ms)
[09/20/2026-14:25:40] [I] Average on 10 runs - GPU latency: 0.582031 ms - Host latency: 0.630688 ms (enqueue 0.0110596 ms)
[09/20/2026-14:25:40] [I] Average on 10 runs - GPU latency: 0.582202 ms - Host latency: 0.626392 ms (enqueue 0.00795898 ms)
[09/20/2026-14:25:40] [I] Average on 10 runs - GPU latency: 0.58186 ms - Host latency: 0.627515 ms (enqueue 0.00791016 ms)
[09/20/2026-14:25:40] [I] Average on 10 runs - GPU latency: 0.581201 ms - Host latency: 0.626489 ms (enqueue 0.00842285 ms)
[09/20/2026-14:25:40] [I] Average on 10 runs - GPU latency: 0.581934 ms - Host latency: 0.62749 ms (enqueue 0.00771484 ms)
[09/20/2026-14:25:40] [I] Average on 10 runs - GPU latency: 0.581494 ms - Host latency: 0.626294 ms (enqueue 0.0078125 ms)
[09/20/2026-14:25:40] [I] Average on 10 runs - GPU latency: 0.581567 ms - Host latency: 0.62644 ms (enqueue 0.00822754 ms)
[09/20/2026-14:25:40] [I] Average on 10 runs - GPU latency: 0.581445 ms - Host latency: 0.626538 ms (enqueue 0.00825195 ms)
[09/20/2026-14:25:40] [I] Average on 10 runs - GPU latency: 0.581372 ms - Host latency: 0.626392 ms (enqueue 0.00822754 ms)
[09/20/2026-14:25:40] [I] Average on 10 runs - GPU latency: 0.581519 ms - Host latency: 0.625757 ms (enqueue 0.00817871 ms)
[09/20/2026-14:25:40] [I] Average on 10 runs - GPU latency: 0.582105 ms - Host latency: 0.626782 ms (enqueue 0.00795898 ms)
[09/20/2026-14:25:40] [I] Average on 10 runs - GPU latency: 0.581445 ms - Host latency: 0.627319 ms (enqueue 0.0076416 ms)
[09/20/2026-14:25:40] [I] Average on 10 runs - GPU latency: 0.581934 ms - Host latency: 0.626196 ms (enqueue 0.00803223 ms)
[09/20/2026-14:25:40] [I] Average on 10 runs - GPU latency: 0.582129 ms - Host latency: 0.626904 ms (enqueue 0.00800781 ms)
[09/20/2026-14:25:40] [I] Average on 10 runs - GPU latency: 0.581348 ms - Host latency: 0.626172 ms (enqueue 0.00842285 ms)
[09/20/2026-14:25:40] [I] Average on 10 runs - GPU latency: 0.581567 ms - Host latency: 0.626123 ms (enqueue 0.0076416 ms)
[09/20/2026-14:25:40] [I] Average on 10 runs - GPU latency: 0.582153 ms - Host latency: 0.627515 ms (enqueue 0.00786133 ms)
[09/20/2026-14:25:40] [I] Average on 10 runs - GPU latency: 0.581763 ms - Host latency: 0.626758 ms (enqueue 0.00793457 ms)
[09/20/2026-14:25:40] [I] Average on 10 runs - GPU latency: 0.581836 ms - Host latency: 0.626904 ms (enqueue 0.00808105 ms)
[09/20/2026-14:25:40] [I] Average on 10 runs - GPU latency: 0.582056 ms - Host latency: 0.626929 ms (enqueue 0.00825195 ms)
[09/20/2026-14:25:40] [I] Average on 10 runs - GPU latency: 0.581738 ms - Host latency: 0.627563 ms (enqueue 0.0079834 ms)
[09/20/2026-14:25:40] [I] Average on 10 runs - GPU latency: 0.581226 ms - Host latency: 0.626367 ms (enqueue 0.00805664 ms)
[09/20/2026-14:25:40] [I] Average on 10 runs - GPU latency: 0.581616 ms - Host latency: 0.626953 ms (enqueue 0.0079834 ms)
[09/20/2026-14:25:40] [I] Average on 10 runs - GPU latency: 0.582129 ms - Host latency: 0.62688 ms (enqueue 0.00817871 ms)
[09/20/2026-14:25:40] [I] Average on 10 runs - GPU latency: 0.581348 ms - Host latency: 0.626587 ms (enqueue 0.00822754 ms)
[09/20/2026-14:25:40] [I] Average on 10 runs - GPU latency: 0.581494 ms - Host latency: 0.626343 ms (enqueue 0.00852051 ms)
[09/20/2026-14:25:40] [I] Average on 10 runs - GPU latency: 0.582105 ms - Host latency: 0.628052 ms (enqueue 0.00771484 ms)
[09/20/2026-14:25:40] [I] Average on 10 runs - GPU latency: 0.582105 ms - Host latency: 0.627954 ms (enqueue 0.00861816 ms)
[09/20/2026-14:25:40] [I] Average on 10 runs - GPU latency: 0.581982 ms - Host latency: 0.628369 ms (enqueue 0.00944824 ms)
[09/20/2026-14:25:40] [I] Average on 10 runs - GPU latency: 0.581812 ms - Host latency: 0.627173 ms (enqueue 0.00939941 ms)
[09/20/2026-14:25:40] [I] Average on 10 runs - GPU latency: 0.581812 ms - Host latency: 0.626929 ms (enqueue 0.00927734 ms)
[09/20/2026-14:25:40] [I] Average on 10 runs - GPU latency: 0.581665 ms - Host latency: 0.627222 ms (enqueue 0.00788574 ms)
[09/20/2026-14:25:40] [I] Average on 10 runs - GPU latency: 0.581592 ms - Host latency: 0.62627 ms (enqueue 0.00837402 ms)
[09/20/2026-14:25:40] [I] Average on 10 runs - GPU latency: 0.581836 ms - Host latency: 0.627759 ms (enqueue 0.00861816 ms)
[09/20/2026-14:25:40] [I] Average on 10 runs - GPU latency: 0.582178 ms - Host latency: 0.626123 ms (enqueue 0.00939941 ms)
[09/20/2026-14:25:40] [I] Average on 10 runs - GPU latency: 0.581421 ms - Host latency: 0.626123 ms (enqueue 0.0081543 ms)
[09/20/2026-14:25:40] [I] Average on 10 runs - GPU latency: 0.581616 ms - Host latency: 0.626611 ms (enqueue 0.00883789 ms)
[09/20/2026-14:25:40] [I] Average on 10 runs - GPU latency: 0.581592 ms - Host latency: 0.62627 ms (enqueue 0.00856934 ms)
[09/20/2026-14:25:40] [I] Average on 10 runs - GPU latency: 0.581641 ms - Host latency: 0.626904 ms (enqueue 0.00935059 ms)
[09/20/2026-14:25:40] [I] Average on 10 runs - GPU latency: 0.58186 ms - Host latency: 0.625977 ms (enqueue 0.00922852 ms)
[09/20/2026-14:25:40] [I] Average on 10 runs - GPU latency: 0.58125 ms - Host latency: 0.625439 ms (enqueue 0.00913086 ms)
[09/20/2026-14:25:40] [I] Average on 10 runs - GPU latency: 0.582031 ms - Host latency: 0.62644 ms (enqueue 0.00910645 ms)
[09/20/2026-14:25:40] [I] Average on 10 runs - GPU latency: 0.58186 ms - Host latency: 0.626196 ms (enqueue 0.00922852 ms)
[09/20/2026-14:25:40] [I] Average on 10 runs - GPU latency: 0.581421 ms - Host latency: 0.627246 ms (enqueue 0.00939941 ms)
[09/20/2026-14:25:40] [I] Average on 10 runs - GPU latency: 0.581616 ms - Host latency: 0.626978 ms (enqueue 0.00949707 ms)
[09/20/2026-14:25:40] [I] Average on 10 runs - GPU latency: 0.581519 ms - Host latency: 0.627441 ms (enqueue 0.00932617 ms)
[09/20/2026-14:25:40] [I] Average on 10 runs - GPU latency: 0.581055 ms - Host latency: 0.626855 ms (enqueue 0.00952148 ms)
[09/20/2026-14:25:40] [I] Average on 10 runs - GPU latency: 0.58125 ms - Host latency: 0.62605 ms (enqueue 0.00878906 ms)
[09/20/2026-14:25:40] [I] Average on 10 runs - GPU latency: 0.581763 ms - Host latency: 0.626587 ms (enqueue 0.00844727 ms)
[09/20/2026-14:25:40] [I] Average on 10 runs - GPU latency: 0.581909 ms - Host latency: 0.627222 ms (enqueue 0.00878906 ms)
[09/20/2026-14:25:40] [I] Average on 10 runs - GPU latency: 0.581592 ms - Host latency: 0.626587 ms (enqueue 0.00871582 ms)
[09/20/2026-14:25:40] [I] Average on 10 runs - GPU latency: 0.581592 ms - Host latency: 0.626904 ms (enqueue 0.00876465 ms)
[09/20/2026-14:25:40] [I] Average on 10 runs - GPU latency: 0.581763 ms - Host latency: 0.626782 ms (enqueue 0.00915527 ms)
[09/20/2026-14:25:40] [I] Average on 10 runs - GPU latency: 0.581689 ms - Host latency: 0.627051 ms (enqueue 0.00932617 ms)
[09/20/2026-14:25:40] [I] Average on 10 runs - GPU latency: 0.58103 ms - Host latency: 0.625928 ms (enqueue 0.0100342 ms)
[09/20/2026-14:25:40] [I] Average on 10 runs - GPU latency: 0.581372 ms - Host latency: 0.626343 ms (enqueue 0.00842285 ms)
[09/20/2026-14:25:40] [I] Average on 10 runs - GPU latency: 0.581592 ms - Host latency: 0.627661 ms (enqueue 0.00910645 ms)
[09/20/2026-14:25:40] [I] Average on 10 runs - GPU latency: 0.581543 ms - Host latency: 0.626978 ms (enqueue 0.00861816 ms)
[09/20/2026-14:25:40] [I] Average on 10 runs - GPU latency: 0.581226 ms - Host latency: 0.627026 ms (enqueue 0.00861816 ms)
[09/20/2026-14:25:40] [I] Average on 10 runs - GPU latency: 0.581885 ms - Host latency: 0.626392 ms (enqueue 0.00825195 ms)
[09/20/2026-14:25:40] [I] Average on 10 runs - GPU latency: 0.581689 ms - Host latency: 0.625903 ms (enqueue 0.00839844 ms)
[09/20/2026-14:25:40] [I] Average on 10 runs - GPU latency: 0.581738 ms - Host latency: 0.626294 ms (enqueue 0.00852051 ms)
[09/20/2026-14:25:40] [I] Average on 10 runs - GPU latency: 0.581372 ms - Host latency: 0.627759 ms (enqueue 0.00930176 ms)
[09/20/2026-14:25:40] [I] Average on 10 runs - GPU latency: 0.581323 ms - Host latency: 0.626733 ms (enqueue 0.00927734 ms)
[09/20/2026-14:25:40] [I] Average on 10 runs - GPU latency: 0.581567 ms - Host latency: 0.626782 ms (enqueue 0.00876465 ms)
[09/20/2026-14:25:40] [I] Average on 10 runs - GPU latency: 0.581445 ms - Host latency: 0.626392 ms (enqueue 0.00849609 ms)
[09/20/2026-14:25:40] [I] Average on 10 runs - GPU latency: 0.581909 ms - Host latency: 0.626611 ms (enqueue 0.00859375 ms)
[09/20/2026-14:25:40] [I] Average on 10 runs - GPU latency: 0.582153 ms - Host latency: 0.6271 ms (enqueue 0.00852051 ms)
[09/20/2026-14:25:40] [I] ... Omitting 47358 lines
[09/20/2026-14:25:40] [I] Average on 10 runs - GPU latency: 0.58125 ms - Host latency: 0.625977 ms (enqueue 0.00761719 ms)
[09/20/2026-14:25:40] [I] Average on 10 runs - GPU latency: 0.582227 ms - Host latency: 0.626562 ms (enqueue 0.00820312 ms)
[09/20/2026-14:25:40] [I] Average on 10 runs - GPU latency: 0.581641 ms - Host latency: 0.626562 ms (enqueue 0.00859375 ms)
[09/20/2026-14:25:40] [I] Average on 10 runs - GPU latency: 0.58125 ms - Host latency: 0.626562 ms (enqueue 0.00820312 ms)
[09/20/2026-14:25:40] [I] Average on 10 runs - GPU latency: 0.58125 ms - Host latency: 0.625586 ms (enqueue 0.00820312 ms)
[09/20/2026-14:25:40] [I] Average on 10 runs - GPU latency: 0.581445 ms - Host latency: 0.625 ms (enqueue 0.00859375 ms)
[09/20/2026-14:25:40] [I] Average on 10 runs - GPU latency: 0.582031 ms - Host latency: 0.626172 ms (enqueue 0.00859375 ms)
[09/20/2026-14:25:40] [I] Average on 10 runs - GPU latency: 0.581445 ms - Host latency: 0.624414 ms (enqueue 0.00839844 ms)
[09/20/2026-14:25:40] [I] Average on 10 runs - GPU latency: 0.581055 ms - Host latency: 0.625195 ms (enqueue 0.00820312 ms)
[09/20/2026-14:25:40] [I] Average on 10 runs - GPU latency: 0.581445 ms - Host latency: 0.625586 ms (enqueue 0.0078125 ms)
[09/20/2026-14:25:40] [I] Average on 10 runs - GPU latency: 0.582031 ms - Host latency: 0.626172 ms (enqueue 0.00742187 ms)
[09/20/2026-14:25:40] [I] Average on 10 runs - GPU latency: 0.58125 ms - Host latency: 0.625195 ms (enqueue 0.0078125 ms)
[09/20/2026-14:25:40] [I] Average on 10 runs - GPU latency: 0.581836 ms - Host latency: 0.625977 ms (enqueue 0.00800781 ms)
[09/20/2026-14:25:40] [I] Average on 10 runs - GPU latency: 0.581836 ms - Host latency: 0.625977 ms (enqueue 0.00703125 ms)
[09/20/2026-14:25:40] [I] Average on 10 runs - GPU latency: 0.581055 ms - Host latency: 0.625781 ms (enqueue 0.0078125 ms)
[09/20/2026-14:25:40] [I] Average on 10 runs - GPU latency: 0.581641 ms - Host latency: 0.626953 ms (enqueue 0.00761719 ms)
[09/20/2026-14:25:40] [I] Average on 10 runs - GPU latency: 0.582031 ms - Host latency: 0.626367 ms (enqueue 0.00761719 ms)
[09/20/2026-14:25:40] [I] Average on 10 runs - GPU latency: 0.581836 ms - Host latency: 0.625781 ms (enqueue 0.00839844 ms)
[09/20/2026-14:25:40] [I] Average on 10 runs - GPU latency: 0.581055 ms - Host latency: 0.624609 ms (enqueue 0.00761719 ms)
[09/20/2026-14:25:40] [I] Average on 10 runs - GPU latency: 0.581836 ms - Host latency: 0.627344 ms (enqueue 0.00683594 ms)
[09/20/2026-14:25:40] [I] Average on 10 runs - GPU latency: 0.58125 ms - Host latency: 0.625781 ms (enqueue 0.00761719 ms)
[09/20/2026-14:25:40] [I] Average on 10 runs - GPU latency: 0.581641 ms - Host latency: 0.625391 ms (enqueue 0.00800781 ms)
[09/20/2026-14:25:40] [I] Average on 10 runs - GPU latency: 0.58125 ms - Host latency: 0.627148 ms (enqueue 0.0078125 ms)
[09/20/2026-14:25:40] [I] Average on 10 runs - GPU latency: 0.582227 ms - Host latency: 0.627344 ms (enqueue 0.00820312 ms)
[09/20/2026-14:25:40] [I] Average on 10 runs - GPU latency: 0.58125 ms - Host latency: 0.625195 ms (enqueue 0.0078125 ms)
[09/20/2026-14:25:40] [I] Average on 10 runs - GPU latency: 0.581641 ms - Host latency: 0.626367 ms (enqueue 0.00761719 ms)
[09/20/2026-14:25:40] [I] Average on 10 runs - GPU latency: 0.581836 ms - Host latency: 0.625977 ms (enqueue 0.0078125 ms)
[09/20/2026-14:25:40] [I] Average on 10 runs - GPU latency: 0.581641 ms - Host latency: 0.625781 ms (enqueue 0.0078125 ms)
[09/20/2026-14:25:40] [I] Average on 10 runs - GPU latency: 0.581836 ms - Host latency: 0.625977 ms (enqueue 0.00800781 ms)
[09/20/2026-14:25:40] [I] Average on 10 runs - GPU latency: 0.582227 ms - Host latency: 0.626562 ms (enqueue 0.00761719 ms)
[09/20/2026-14:25:40] [I] Average on 10 runs - GPU latency: 0.581836 ms - Host latency: 0.626172 ms (enqueue 0.00761719 ms)
[09/20/2026-14:25:40] [I] Average on 10 runs - GPU latency: 0.581836 ms - Host latency: 0.625977 ms (enqueue 0.00722656 ms)
[09/20/2026-14:25:40] [I] Average on 10 runs - GPU latency: 0.582227 ms - Host latency: 0.625977 ms (enqueue 0.00703125 ms)
[09/20/2026-14:25:40] [I] Average on 10 runs - GPU latency: 0.581055 ms - Host latency: 0.626953 ms (enqueue 0.00761719 ms)
[09/20/2026-14:25:40] [I] Average on 10 runs - GPU latency: 0.58125 ms - Host latency: 0.626172 ms (enqueue 0.0078125 ms)
[09/20/2026-14:25:40] [I] Average on 10 runs - GPU latency: 0.582617 ms - Host latency: 0.626758 ms (enqueue 0.00722656 ms)
[09/20/2026-14:25:40] [I] Average on 10 runs - GPU latency: 0.58125 ms - Host latency: 0.625586 ms (enqueue 0.00703125 ms)
[09/20/2026-14:25:40] [I] Average on 10 runs - GPU latency: 0.582031 ms - Host latency: 0.625977 ms (enqueue 0.00742187 ms)
[09/20/2026-14:25:40] [I] Average on 10 runs - GPU latency: 0.582227 ms - Host latency: 0.627148 ms (enqueue 0.00742187 ms)
[09/20/2026-14:25:40] [I] Average on 10 runs - GPU latency: 0.582227 ms - Host latency: 0.627344 ms (enqueue 0.0078125 ms)
[09/20/2026-14:25:40] [I] Average on 10 runs - GPU latency: 0.581055 ms - Host latency: 0.628516 ms (enqueue 0.00957031 ms)
[09/20/2026-14:25:40] [I] Average on 10 runs - GPU latency: 0.58125 ms - Host latency: 0.627344 ms (enqueue 0.00820312 ms)
[09/20/2026-14:25:40] [I] Average on 10 runs - GPU latency: 0.581836 ms - Host latency: 0.629102 ms (enqueue 0.0078125 ms)
[09/20/2026-14:25:40] [I] Average on 10 runs - GPU latency: 0.58125 ms - Host latency: 0.62832 ms (enqueue 0.0078125 ms)
[09/20/2026-14:25:40] [I] Average on 10 runs - GPU latency: 0.581445 ms - Host latency: 0.628906 ms (enqueue 0.00859375 ms)
[09/20/2026-14:25:40] [I] Average on 10 runs - GPU latency: 0.582031 ms - Host latency: 0.628711 ms (enqueue 0.00800781 ms)
[09/20/2026-14:25:40] [I] Average on 10 runs - GPU latency: 0.581641 ms - Host latency: 0.626172 ms (enqueue 0.00839844 ms)
[09/20/2026-14:25:40] [I] Average on 10 runs - GPU latency: 0.581055 ms - Host latency: 0.626562 ms (enqueue 0.0101562 ms)
[09/20/2026-14:25:40] [I] Average on 10 runs - GPU latency: 0.582031 ms - Host latency: 0.627734 ms (enqueue 0.00957031 ms)
[09/20/2026-14:25:40] [I] Average on 10 runs - GPU latency: 0.581641 ms - Host latency: 0.629492 ms (enqueue 0.00996094 ms)
[09/20/2026-14:25:40] [I] Average on 10 runs - GPU latency: 0.581055 ms - Host latency: 0.626758 ms (enqueue 0.00761719 ms)
[09/20/2026-14:25:40] [I] Average on 10 runs - GPU latency: 0.582031 ms - Host latency: 0.626172 ms (enqueue 0.00722656 ms)
[09/20/2026-14:25:40] [I] Average on 10 runs - GPU latency: 0.582031 ms - Host latency: 0.625781 ms (enqueue 0.00722656 ms)
[09/20/2026-14:25:40] [I] Average on 10 runs - GPU latency: 0.582617 ms - Host latency: 0.626758 ms (enqueue 0.00761719 ms)
[09/20/2026-14:25:40] [I] Average on 10 runs - GPU latency: 0.582031 ms - Host latency: 0.626758 ms (enqueue 0.00742187 ms)
[09/20/2026-14:25:40] [I] Average on 10 runs - GPU latency: 0.582422 ms - Host latency: 0.625195 ms (enqueue 0.00761719 ms)
[09/20/2026-14:25:40] [I] Average on 10 runs - GPU latency: 0.581445 ms - Host latency: 0.626562 ms (enqueue 0.0078125 ms)
[09/20/2026-14:25:40] [I] Average on 10 runs - GPU latency: 0.581641 ms - Host latency: 0.625781 ms (enqueue 0.0078125 ms)
[09/20/2026-14:25:40] [I] Average on 10 runs - GPU latency: 0.581836 ms - Host latency: 0.625781 ms (enqueue 0.00742187 ms)
[09/20/2026-14:25:40] [I] Average on 10 runs - GPU latency: 0.581836 ms - Host latency: 0.625391 ms (enqueue 0.00820312 ms)
[09/20/2026-14:25:40] [I] Average on 10 runs - GPU latency: 0.581836 ms - Host latency: 0.626758 ms (enqueue 0.00742187 ms)
[09/20/2026-14:25:40] [I] Average on 10 runs - GPU latency: 0.581055 ms - Host latency: 0.625391 ms (enqueue 0.00761719 ms)
[09/20/2026-14:25:40] [I] Average on 10 runs - GPU latency: 0.58125 ms - Host latency: 0.625391 ms (enqueue 0.00761719 ms)
[09/20/2026-14:25:40] [I] Average on 10 runs - GPU latency: 0.58125 ms - Host latency: 0.626562 ms (enqueue 0.0078125 ms)
[09/20/2026-14:25:40] [I] Average on 10 runs - GPU latency: 0.581641 ms - Host latency: 0.625195 ms (enqueue 0.00761719 ms)
[09/20/2026-14:25:40] [I] Average on 10 runs - GPU latency: 0.582422 ms - Host latency: 0.625781 ms (enqueue 0.00761719 ms)
[09/20/2026-14:25:40] [I] Average on 10 runs - GPU latency: 0.582031 ms - Host latency: 0.624805 ms (enqueue 0.00703125 ms)
[09/20/2026-14:25:40] [I] Average on 10 runs - GPU latency: 0.581641 ms - Host latency: 0.626367 ms (enqueue 0.0078125 ms)
[09/20/2026-14:25:40] [I] Average on 10 runs - GPU latency: 0.581641 ms - Host latency: 0.625 ms (enqueue 0.00761719 ms)
[09/20/2026-14:25:40] [I] Average on 10 runs - GPU latency: 0.581836 ms - Host latency: 0.626562 ms (enqueue 0.00761719 ms)
[09/20/2026-14:25:40] [I] Average on 10 runs - GPU latency: 0.581641 ms - Host latency: 0.625391 ms (enqueue 0.00761719 ms)
[09/20/2026-14:25:40] [I] Average on 10 runs - GPU latency: 0.581641 ms - Host latency: 0.624414 ms (enqueue 0.00683594 ms)
[09/20/2026-14:25:40] [I] Average on 10 runs - GPU latency: 0.582031 ms - Host latency: 0.625391 ms (enqueue 0.00703125 ms)
[09/20/2026-14:25:40] [I] Average on 10 runs - GPU latency: 0.581641 ms - Host latency: 0.625977 ms (enqueue 0.00722656 ms)
[09/20/2026-14:25:40] [I] Average on 10 runs - GPU latency: 0.581836 ms - Host latency: 0.625586 ms (enqueue 0.00683594 ms)
[09/20/2026-14:25:40] [I] Average on 10 runs - GPU latency: 0.582031 ms - Host latency: 0.625586 ms (enqueue 0.00761719 ms)
[09/20/2026-14:25:40] [I] Average on 10 runs - GPU latency: 0.582227 ms - Host latency: 0.626172 ms (enqueue 0.00722656 ms)
[09/20/2026-14:25:40] [I] Average on 10 runs - GPU latency: 0.581836 ms - Host latency: 0.625586 ms (enqueue 0.00722656 ms)
[09/20/2026-14:25:40] [I] Average on 10 runs - GPU latency: 0.581055 ms - Host latency: 0.626367 ms (enqueue 0.00742187 ms)
[09/20/2026-14:25:40] [I] Average on 10 runs - GPU latency: 0.581641 ms - Host latency: 0.625391 ms (enqueue 0.00722656 ms)
[09/20/2026-14:25:40] [I] Average on 10 runs - GPU latency: 0.580859 ms - Host latency: 0.624414 ms (enqueue 0.00683594 ms)
[09/20/2026-14:25:40] [I] Average on 10 runs - GPU latency: 0.58125 ms - Host latency: 0.625 ms (enqueue 0.00761719 ms)
[09/20/2026-14:25:40] [I] Average on 10 runs - GPU latency: 0.581836 ms - Host latency: 0.626172 ms (enqueue 0.00722656 ms)
[09/20/2026-14:25:40] [I] Average on 10 runs - GPU latency: 0.581836 ms - Host latency: 0.626953 ms (enqueue 0.0078125 ms)
[09/20/2026-14:25:40] [I] Average on 10 runs - GPU latency: 0.581836 ms - Host latency: 0.626758 ms (enqueue 0.00722656 ms)
[09/20/2026-14:25:40] [I] Average on 10 runs - GPU latency: 0.581445 ms - Host latency: 0.625781 ms (enqueue 0.00683594 ms)
[09/20/2026-14:25:40] [I] Average on 10 runs - GPU latency: 0.581445 ms - Host latency: 0.625586 ms (enqueue 0.00722656 ms)
[09/20/2026-14:25:40] [I] Average on 10 runs - GPU latency: 0.581641 ms - Host latency: 0.626953 ms (enqueue 0.00742187 ms)
[09/20/2026-14:25:40] [I] Average on 10 runs - GPU latency: 0.581641 ms - Host latency: 0.625586 ms (enqueue 0.00742187 ms)
[09/20/2026-14:25:40] [I] Average on 10 runs - GPU latency: 0.582031 ms - Host latency: 0.626758 ms (enqueue 0.00761719 ms)
[09/20/2026-14:25:40] [I] Average on 10 runs - GPU latency: 0.581836 ms - Host latency: 0.625391 ms (enqueue 0.00859375 ms)
[09/20/2026-14:25:40] [I] Average on 10 runs - GPU latency: 0.581641 ms - Host latency: 0.626758 ms (enqueue 0.00761719 ms)
[09/20/2026-14:25:40] [I] Average on 10 runs - GPU latency: 0.582031 ms - Host latency: 0.626758 ms (enqueue 0.00761719 ms)
[09/20/2026-14:25:40] [I] Average on 10 runs - GPU latency: 0.582031 ms - Host latency: 0.626367 ms (enqueue 0.0078125 ms)
[09/20/2026-14:25:40] [I] Average on 10 runs - GPU latency: 0.582227 ms - Host latency: 0.625977 ms (enqueue 0.00722656 ms)
[09/20/2026-14:25:40] [I] Average on 10 runs - GPU latency: 0.582227 ms - Host latency: 0.626367 ms (enqueue 0.00722656 ms)
[09/20/2026-14:25:40] [I] Average on 10 runs - GPU latency: 0.581836 ms - Host latency: 0.626953 ms (enqueue 0.00761719 ms)
[09/20/2026-14:25:40] [I] Average on 10 runs - GPU latency: 0.582617 ms - Host latency: 0.627344 ms (enqueue 0.00800781 ms)
[09/20/2026-14:25:40] [I] Average on 10 runs - GPU latency: 0.581445 ms - Host latency: 0.625977 ms (enqueue 0.00761719 ms)
[09/20/2026-14:25:40] [I] Average on 10 runs - GPU latency: 0.58125 ms - Host latency: 0.625195 ms (enqueue 0.00742187 ms)
[09/20/2026-14:25:40] [I] Average on 10 runs - GPU latency: 0.581055 ms - Host latency: 0.625586 ms (enqueue 0.00722656 ms)
[09/20/2026-14:25:40] [I] Average on 10 runs - GPU latency: 0.581445 ms - Host latency: 0.626562 ms (enqueue 0.00878906 ms)
[09/20/2026-14:25:40] [I] Average on 10 runs - GPU latency: 0.581836 ms - Host latency: 0.625391 ms (enqueue 0.00800781 ms)
[09/20/2026-14:25:40] [I] Average on 10 runs - GPU latency: 0.580859 ms - Host latency: 0.625781 ms (enqueue 0.00800781 ms)
[09/20/2026-14:25:40] [I] Average on 10 runs - GPU latency: 0.581445 ms - Host latency: 0.625391 ms (enqueue 0.0078125 ms)
[09/20/2026-14:25:40] [I] Average on 10 runs - GPU latency: 0.581641 ms - Host latency: 0.627148 ms (enqueue 0.009375 ms)
[09/20/2026-14:25:40] [I] Average on 10 runs - GPU latency: 0.581836 ms - Host latency: 0.626953 ms (enqueue 0.00859375 ms)
[09/20/2026-14:25:40] [I] Average on 10 runs - GPU latency: 0.582812 ms - Host latency: 0.626953 ms (enqueue 0.00976562 ms)
[09/20/2026-14:25:40] [I] Average on 10 runs - GPU latency: 0.582227 ms - Host latency: 0.626758 ms (enqueue 0.00722656 ms)
[09/20/2026-14:25:40] [I] Average on 10 runs - GPU latency: 0.581641 ms - Host latency: 0.625977 ms (enqueue 0.00820312 ms)
[09/20/2026-14:25:40] [I] Average on 10 runs - GPU latency: 0.581445 ms - Host latency: 0.625781 ms (enqueue 0.0078125 ms)
[09/20/2026-14:25:40] [I] Average on 10 runs - GPU latency: 0.581445 ms - Host latency: 0.627344 ms (enqueue 0.00898437 ms)
[09/20/2026-14:25:40] [I] Average on 10 runs - GPU latency: 0.582422 ms - Host latency: 0.627148 ms (enqueue 0.00820312 ms)
[09/20/2026-14:25:40] [I] Average on 10 runs - GPU latency: 0.581836 ms - Host latency: 0.626172 ms (enqueue 0.00742187 ms)
[09/20/2026-14:25:40] [I] Average on 10 runs - GPU latency: 0.582031 ms - Host latency: 0.626172 ms (enqueue 0.00761719 ms)
[09/20/2026-14:25:40] [I] Average on 10 runs - GPU latency: 0.581836 ms - Host latency: 0.627344 ms (enqueue 0.00703125 ms)
[09/20/2026-14:25:40] [I] Average on 10 runs - GPU latency: 0.582227 ms - Host latency: 0.627344 ms (enqueue 0.00742187 ms)
[09/20/2026-14:25:40] [I] Average on 10 runs - GPU latency: 0.58125 ms - Host latency: 0.625391 ms (enqueue 0.00800781 ms)
[09/20/2026-14:25:40] [I] Average on 10 runs - GPU latency: 0.581445 ms - Host latency: 0.626562 ms (enqueue 0.0078125 ms)
[09/20/2026-14:25:40] [I] Average on 10 runs - GPU latency: 0.581055 ms - Host latency: 0.626172 ms (enqueue 0.00761719 ms)
[09/20/2026-14:25:40] [I] Average on 10 runs - GPU latency: 0.581836 ms - Host latency: 0.625977 ms (enqueue 0.0078125 ms)
[09/20/2026-14:25:40] [I] Average on 10 runs - GPU latency: 0.581445 ms - Host latency: 0.625586 ms (enqueue 0.00761719 ms)
[09/20/2026-14:25:40] [I] Average on 10 runs - GPU latency: 0.582422 ms - Host latency: 0.626367 ms (enqueue 0.00761719 ms)
[09/20/2026-14:25:40] [I] Average on 10 runs - GPU latency: 0.581641 ms - Host latency: 0.626172 ms (enqueue 0.0078125 ms)
[09/20/2026-14:25:40] [I] Average on 10 runs - GPU latency: 0.582031 ms - Host latency: 0.628125 ms (enqueue 0.00957031 ms)
[09/20/2026-14:25:40] [I] Average on 10 runs - GPU latency: 0.582227 ms - Host latency: 0.626562 ms (enqueue 0.0078125 ms)
[09/20/2026-14:25:40] [I] Average on 10 runs - GPU latency: 0.583008 ms - Host latency: 0.626758 ms (enqueue 0.00761719 ms)
[09/20/2026-14:25:40] [I] Average on 10 runs - GPU latency: 0.582422 ms - Host latency: 0.627344 ms (enqueue 0.00742187 ms)
[09/20/2026-14:25:40] [I] Average on 10 runs - GPU latency: 0.581641 ms - Host latency: 0.626953 ms (enqueue 0.00683594 ms)
[09/20/2026-14:25:40] [I] Average on 10 runs - GPU latency: 0.58125 ms - Host latency: 0.624414 ms (enqueue 0.00820312 ms)
[09/20/2026-14:25:40] [I] Average on 10 runs - GPU latency: 0.582227 ms - Host latency: 0.62793 ms (enqueue 0.00878906 ms)
[09/20/2026-14:25:40] [I] Average on 10 runs - GPU latency: 0.581641 ms - Host latency: 0.625195 ms (enqueue 0.00839844 ms)
[09/20/2026-14:25:40] [I] Average on 10 runs - GPU latency: 0.582031 ms - Host latency: 0.626562 ms (enqueue 0.0078125 ms)
[09/20/2026-14:25:40] [I] Average on 10 runs - GPU latency: 0.581836 ms - Host latency: 0.626172 ms (enqueue 0.00820312 ms)
[09/20/2026-14:25:40] [I] Average on 10 runs - GPU latency: 0.581641 ms - Host latency: 0.626562 ms (enqueue 0.00820312 ms)
[09/20/2026-14:25:40] [I] Average on 10 runs - GPU latency: 0.582422 ms - Host latency: 0.627148 ms (enqueue 0.00898437 ms)
[09/20/2026-14:25:40] [I] Average on 10 runs - GPU latency: 0.581445 ms - Host latency: 0.625586 ms (enqueue 0.00859375 ms)
[09/20/2026-14:25:40] [I] Average on 10 runs - GPU latency: 0.581836 ms - Host latency: 0.626172 ms (enqueue 0.00859375 ms)
[09/20/2026-14:25:40] [I] Average on 10 runs - GPU latency: 0.581641 ms - Host latency: 0.626172 ms (enqueue 0.00820312 ms)
[09/20/2026-14:25:40] [I] Average on 10 runs - GPU latency: 0.582227 ms - Host latency: 0.626172 ms (enqueue 0.00722656 ms)
[09/20/2026-14:25:40] [I] Average on 10 runs - GPU latency: 0.582031 ms - Host latency: 0.626367 ms (enqueue 0.00800781 ms)
[09/20/2026-14:25:40] [I] Average on 10 runs - GPU latency: 0.582031 ms - Host latency: 0.625781 ms (enqueue 0.0078125 ms)
[09/20/2026-14:25:40] [I] Average on 10 runs - GPU latency: 0.581641 ms - Host latency: 0.626758 ms (enqueue 0.0101562 ms)
[09/20/2026-14:25:40] [I] Average on 10 runs - GPU latency: 0.581641 ms - Host latency: 0.627344 ms (enqueue 0.009375 ms)
[09/20/2026-14:25:40] [I] Average on 10 runs - GPU latency: 0.581641 ms - Host latency: 0.627344 ms (enqueue 0.00917969 ms)
[09/20/2026-14:25:40] [I] Average on 10 runs - GPU latency: 0.582031 ms - Host latency: 0.626562 ms (enqueue 0.00957031 ms)
[09/20/2026-14:25:40] [I] Average on 10 runs - GPU latency: 0.582422 ms - Host latency: 0.627148 ms (enqueue 0.00976562 ms)
[09/20/2026-14:25:40] [I] Average on 10 runs - GPU latency: 0.582031 ms - Host latency: 0.625781 ms (enqueue 0.00820312 ms)
[09/20/2026-14:25:40] [I] Average on 10 runs - GPU latency: 0.581836 ms - Host latency: 0.625586 ms (enqueue 0.00722656 ms)
[09/20/2026-14:25:40] [I] Average on 10 runs - GPU latency: 0.581836 ms - Host latency: 0.625586 ms (enqueue 0.00800781 ms)
[09/20/2026-14:25:40] [I] Average on 10 runs - GPU latency: 0.581641 ms - Host latency: 0.627148 ms (enqueue 0.00820312 ms)
[09/20/2026-14:25:40] [I] Average on 10 runs - GPU latency: 0.581836 ms - Host latency: 0.626367 ms (enqueue 0.00820312 ms)
[09/20/2026-14:25:40] [I] Average on 10 runs - GPU latency: 0.581641 ms - Host latency: 0.627148 ms (enqueue 0.00761719 ms)
[09/20/2026-14:25:40] [I] Average on 10 runs - GPU latency: 0.581445 ms - Host latency: 0.626367 ms (enqueue 0.00878906 ms)
[09/20/2026-14:25:40] [I] Average on 10 runs - GPU latency: 0.58125 ms - Host latency: 0.626172 ms (enqueue 0.00898437 ms)
[09/20/2026-14:25:40] [I] Average on 10 runs - GPU latency: 0.581836 ms - Host latency: 0.62793 ms (enqueue 0.00917969 ms)
[09/20/2026-14:25:40] [I] Average on 10 runs - GPU latency: 0.58125 ms - Host latency: 0.625 ms (enqueue 0.00800781 ms)
[09/20/2026-14:25:40] [I] Average on 10 runs - GPU latency: 0.582812 ms - Host latency: 0.627539 ms (enqueue 0.00683594 ms)
[09/20/2026-14:25:40] [I] Average on 10 runs - GPU latency: 0.58125 ms - Host latency: 0.626562 ms (enqueue 0.00800781 ms)
[09/20/2026-14:25:40] [I] Average on 10 runs - GPU latency: 0.581445 ms - Host latency: 0.625977 ms (enqueue 0.00664063 ms)
[09/20/2026-14:25:40] [I] Average on 10 runs - GPU latency: 0.581445 ms - Host latency: 0.625977 ms (enqueue 0.00761719 ms)
[09/20/2026-14:25:40] [I] Average on 10 runs - GPU latency: 0.581445 ms - Host latency: 0.627148 ms (enqueue 0.00742187 ms)
[09/20/2026-14:25:40] [I] Average on 10 runs - GPU latency: 0.58125 ms - Host latency: 0.625977 ms (enqueue 0.00839844 ms)
[09/20/2026-14:25:40] [I] Average on 10 runs - GPU latency: 0.581836 ms - Host latency: 0.628711 ms (enqueue 0.00859375 ms)
[09/20/2026-14:25:40] [I] Average on 10 runs - GPU latency: 0.581836 ms - Host latency: 0.626953 ms (enqueue 0.00839844 ms)
[09/20/2026-14:25:40] [I] Average on 10 runs - GPU latency: 0.582227 ms - Host latency: 0.627148 ms (enqueue 0.0078125 ms)
[09/20/2026-14:25:40] [I] Average on 10 runs - GPU latency: 0.581055 ms - Host latency: 0.626758 ms (enqueue 0.0078125 ms)
[09/20/2026-14:25:40] [I] Average on 10 runs - GPU latency: 0.581445 ms - Host latency: 0.627148 ms (enqueue 0.00761719 ms)
[09/20/2026-14:25:40] [I] Average on 10 runs - GPU latency: 0.581445 ms - Host latency: 0.625977 ms (enqueue 0.00859375 ms)
[09/20/2026-14:25:40] [I] Average on 10 runs - GPU latency: 0.581641 ms - Host latency: 0.626367 ms (enqueue 0.00820312 ms)
[09/20/2026-14:25:40] [I] Average on 10 runs - GPU latency: 0.581055 ms - Host latency: 0.626562 ms (enqueue 0.0078125 ms)
[09/20/2026-14:25:40] [I] Average on 10 runs - GPU latency: 0.581055 ms - Host latency: 0.626562 ms (enqueue 0.00820312 ms)
[09/20/2026-14:25:40] [I] Average on 10 runs - GPU latency: 0.581445 ms - Host latency: 0.626172 ms (enqueue 0.00800781 ms)
[09/20/2026-14:25:40] [I] Average on 10 runs - GPU latency: 0.581641 ms - Host latency: 0.625195 ms (enqueue 0.00761719 ms)
[09/20/2026-14:25:40] [I] Average on 10 runs - GPU latency: 0.581445 ms - Host latency: 0.625195 ms (enqueue 0.00742187 ms)
[09/20/2026-14:25:40] [I] Average on 10 runs - GPU latency: 0.581641 ms - Host latency: 0.626953 ms (enqueue 0.00761719 ms)
[09/20/2026-14:25:40] [I] Average on 10 runs - GPU latency: 0.581445 ms - Host latency: 0.626758 ms (enqueue 0.00761719 ms)
[09/20/2026-14:25:40] [I] Average on 10 runs - GPU latency: 0.581641 ms - Host latency: 0.62793 ms (enqueue 0.00917969 ms)
[09/20/2026-14:25:40] [I] Average on 10 runs - GPU latency: 0.581445 ms - Host latency: 0.626172 ms (enqueue 0.00898437 ms)
[09/20/2026-14:25:40] [I] Average on 10 runs - GPU latency: 0.581641 ms - Host latency: 0.626562 ms (enqueue 0.00917969 ms)
[09/20/2026-14:25:40] [I] Average on 10 runs - GPU latency: 0.581836 ms - Host latency: 0.627539 ms (enqueue 0.00859375 ms)
[09/20/2026-14:25:40] [I] Average on 10 runs - GPU latency: 0.58125 ms - Host latency: 0.627344 ms (enqueue 0.00800781 ms)
[09/20/2026-14:25:40] [I] Average on 10 runs - GPU latency: 0.581641 ms - Host latency: 0.625977 ms (enqueue 0.0078125 ms)
[09/20/2026-14:25:40] [I] Average on 10 runs - GPU latency: 0.58125 ms - Host latency: 0.626953 ms (enqueue 0.00859375 ms)
[09/20/2026-14:25:40] [I] Average on 10 runs - GPU latency: 0.581641 ms - Host latency: 0.626953 ms (enqueue 0.00800781 ms)
[09/20/2026-14:25:40] [I] Average on 10 runs - GPU latency: 0.58125 ms - Host latency: 0.62793 ms (enqueue 0.00898437 ms)
[09/20/2026-14:25:40] [I] Average on 10 runs - GPU latency: 0.58125 ms - Host latency: 0.626953 ms (enqueue 0.00917969 ms)
[09/20/2026-14:25:40] [I] Average on 10 runs - GPU latency: 0.581836 ms - Host latency: 0.626367 ms (enqueue 0.00800781 ms)
[09/20/2026-14:25:40] [I] Average on 10 runs - GPU latency: 0.581836 ms - Host latency: 0.627148 ms (enqueue 0.00878906 ms)
[09/20/2026-14:25:40] [I] Average on 10 runs - GPU latency: 0.580859 ms - Host latency: 0.625586 ms (enqueue 0.00820312 ms)
[09/20/2026-14:25:40] [I] Average on 10 runs - GPU latency: 0.581836 ms - Host latency: 0.625781 ms (enqueue 0.0078125 ms)
[09/20/2026-14:25:40] [I] Average on 10 runs - GPU latency: 0.581445 ms - Host latency: 0.625781 ms (enqueue 0.00722656 ms)
[09/20/2026-14:25:40] [I] Average on 10 runs - GPU latency: 0.581641 ms - Host latency: 0.626562 ms (enqueue 0.0078125 ms)
[09/20/2026-14:25:40] [I] Average on 10 runs - GPU latency: 0.581836 ms - Host latency: 0.627344 ms (enqueue 0.0078125 ms)
[09/20/2026-14:25:40] [I] Average on 10 runs - GPU latency: 0.58125 ms - Host latency: 0.627539 ms (enqueue 0.00878906 ms)
[09/20/2026-14:25:40] [I] Average on 10 runs - GPU latency: 0.582617 ms - Host latency: 0.628711 ms (enqueue 0.00878906 ms)
[09/20/2026-14:25:40] [I] Average on 10 runs - GPU latency: 0.581641 ms - Host latency: 0.626758 ms (enqueue 0.00859375 ms)
[09/20/2026-14:25:40] [I] Average on 10 runs - GPU latency: 0.581836 ms - Host latency: 0.626367 ms (enqueue 0.00742187 ms)
[09/20/2026-14:25:40] [I] Average on 10 runs - GPU latency: 0.582227 ms - Host latency: 0.627734 ms (enqueue 0.00859375 ms)
[09/20/2026-14:25:40] [I] Average on 10 runs - GPU latency: 0.581641 ms - Host latency: 0.625977 ms (enqueue 0.00917969 ms)
[09/20/2026-14:25:40] [I] 
[09/20/2026-14:25:40] [I] === Performance summary ===
[09/20/2026-14:25:40] [I] Throughput: 1711.85 qps
[09/20/2026-14:25:40] [I] Latency: min = 0.619141 ms, max = 2.91797 ms, mean = 0.627142 ms, median = 0.625977 ms, percentile(90%) = 0.628906 ms, percentile(95%) = 0.629883 ms, percentile(99%) = 0.632812 ms
[09/20/2026-14:25:40] [I] Enqueue Time: min = 0.00585938 ms, max = 0.0742188 ms, mean = 0.00797954 ms, median = 0.0078125 ms, percentile(90%) = 0.00976562 ms, percentile(95%) = 0.00976562 ms, percentile(99%) = 0.0117188 ms
[09/20/2026-14:25:40] [I] H2D Latency: min = 0.03125 ms, max = 0.104248 ms, mean = 0.0367164 ms, median = 0.0371094 ms, percentile(90%) = 0.0380859 ms, percentile(95%) = 0.0390625 ms, percentile(99%) = 0.0419922 ms
[09/20/2026-14:25:40] [I] GPU Compute Time: min = 0.578125 ms, max = 2.86719 ms, mean = 0.582559 ms, median = 0.582031 ms, percentile(90%) = 0.583008 ms, percentile(95%) = 0.583984 ms, percentile(99%) = 0.583984 ms
[09/20/2026-14:25:40] [I] D2H Latency: min = 0.00195312 ms, max = 0.0117188 ms, mean = 0.00779703 ms, median = 0.0078125 ms, percentile(90%) = 0.00976562 ms, percentile(95%) = 0.00976562 ms, percentile(99%) = 0.0100098 ms
[09/20/2026-14:25:40] [I] Total Host Walltime: 30.0014 s
[09/20/2026-14:25:40] [I] Total GPU Compute Time: 29.919 s
[09/20/2026-14:25:40] [W] * GPU compute time is unstable, with coefficient of variance = 6.71535%.
[09/20/2026-14:25:40] [W]   If not already in use, locking GPU clock frequency or adding --useSpinWait may improve the stability.
[09/20/2026-14:25:40] [I] Explanations of the performance metrics are printed in the verbose logs.
[09/20/2026-14:25:40] [I] 
&&&& PASSED TensorRT.trtexec [TensorRT v101602] [b10] # trtexec --loadEngine=models/mobilenetv2_int8.plan --shapes=input:1x3x224x224 --warmUp=2000 --duration=30 --useCudaGraph --exportTimes=results/times_int8_graph.json --exportLayerInfo=results/layers_int8.json
