calibration images : 512
calib fingerprint  : 214e64efb5dc5f8f  (full set)
method             : entropy
preprocessed       : (512, 3, 224, 224) float32 (308 MB) in 5.7s
value range        : -2.118 .. 2.640  mean -0.071  std 1.141

quantising (CPU calibration — this takes a few minutes)...
2026-09-20 12:55:28,192 - [modelopt][onnx] - INFO - Starting quantization process for model: /home/vdavid21/edge-inference-benchmark-lab/models/mobilenetv2-12.onnx
2026-09-20 12:55:28,192 - [modelopt][onnx] - INFO - Quantization mode: int8
2026-09-20 12:55:28,192 - [modelopt][onnx] - INFO - Preprocessing the model /home/vdavid21/edge-inference-benchmark-lab/models/mobilenetv2-12.onnx
2026-09-20 12:55:28,875 - [modelopt][onnx] - INFO - Model has dynamic inputs: ['input']
2026-09-20 12:55:29,505 - [modelopt][onnx] - INFO - Found 0 custom layers and 113 tensors
2026-09-20 12:55:29,863 - [modelopt][onnx] - INFO - No custom ops found. If that's not correct, please make sure that the 'tensorrt' python package is correctly installed and that the paths to 'libcudnn*.so' and TensorRT 'lib/' are in 'LD_LIBRARY_PATH'. If the custom op is not directly available as a plugin in TensorRT, please also make sure that the path to the compiled '.so' TensorRT plugin is also being given via the  '--trt_plugins' flag (requires TRT 10+).
2026-09-20 12:55:29,936 - [modelopt][onnx] - INFO - Model is cloned to /home/vdavid21/edge-inference-benchmark-lab/models/mobilenetv2-12_opset19.onnx with opset_version 19
2026-09-20 12:55:29,950 - [modelopt][onnx] - INFO - Duplicating shared constants
2026-09-20 12:55:30,012 - [modelopt][onnx] - INFO - Model is cloned to /home/vdavid21/edge-inference-benchmark-lab/models/mobilenetv2-12_named.onnx after naming the nodes
2026-09-20 12:55:30,013 - [modelopt][onnx] - INFO - Setting up CalibrationDataProvider for calibration
2026-09-20 12:55:30,047 - [modelopt][onnx] - INFO - Analyzing MHA nodes for int8 quantization
2026-09-20 12:55:30,067 - [modelopt][onnx] - INFO - No MHA partitions found in the model
2026-09-20 12:55:30,068 - [modelopt][onnx] - INFO - Starting INT8 quantization with method: entropy
2026-09-20 12:55:30,099 - [modelopt][onnx] - INFO - Detecting GEMV patterns for TRT optimization
2026-09-20 12:55:30,125 - [modelopt][onnx] - INFO - Creating ORT InferenceSession
2026-09-20 12:55:30,125 - [modelopt][onnx] - INFO - Successfully enabled 1 EPs for ORT: ['CPUExecutionProvider']
2026-09-20 12:55:30,174 - [modelopt][onnx] - INFO - Scanning for unsupported Conv nodes for quantization
2026-09-20 12:55:30,175 - [modelopt][onnx] - INFO - Found 0 unsupported Conv nodes for quantization
2026-09-20 12:55:30,175 - [modelopt][onnx] - INFO - Configuring ORT for ModelOpt ONNX quantization
2026-09-20 12:55:30,175 - [modelopt][onnx] - INFO - Successfully enabled 1 EPs for ORT: ['CPUExecutionProvider']
2026-09-20 12:55:30,175 - [modelopt][onnx] - INFO - Quantizable op types: ['Gemm', 'Add', 'Clip', 'GlobalAveragePool', 'Conv']
2026-09-20 12:55:30,175 - [modelopt][onnx] - INFO - Finding nodes to quantize
2026-09-20 12:55:30,175 - [modelopt][onnx] - INFO - Building non-residual Add input map
2026-09-20 12:55:30,177 - [modelopt][onnx] - INFO - Searching for patterns like MHA, LayerNorm, etc
2026-09-20 12:55:30,178 - [modelopt][onnx] - INFO - Found 0 layer norm partitions
2026-09-20 12:55:30,178 - [modelopt][onnx] - INFO - Found 0 MHA (QK_AV) Patterns
2026-09-20 12:55:30,178 - [modelopt][onnx] - INFO - Found 1 non-quantizable partitions
2026-09-20 12:55:30,178 - [modelopt][onnx] - INFO - Building KGEN/CASK targeted partitions
2026-09-20 12:55:30,179 - [modelopt][onnx] - INFO - Classifying partition nodes
2026-09-20 12:55:30,179 - [modelopt][onnx] - INFO - Found 0 Conv->LayerNorm patterns to quantize
2026-09-20 12:55:30,179 - [modelopt][onnx] - INFO - Found 52 quantizable partition nodes and 0 quantizable KGEN heads
2026-09-20 12:55:30,179 - [modelopt][onnx] - INFO - Finding quantizable nodes. Initial nodes to quantize: 63
2026-09-20 12:55:30,179 - [modelopt][onnx] - INFO - Found 1 pooling/window ops
2026-09-20 12:55:30,179 - [modelopt][onnx] - INFO - Total number of quantizable nodes: 99
2026-09-20 12:55:30,179 - [modelopt][onnx] - INFO - Final number of nodes to quantize: 98
2026-09-20 12:55:30,179 - [modelopt][onnx] - INFO - Finding concat eliminated tensors
2026-09-20 12:55:30,194 - [modelopt][onnx] - INFO - Starting static quantization
Collecting tensor data and making histogram ...
Collecting tensor data and making histogram ...
Collecting tensor data and making histogram ...
Collecting tensor data and making histogram ...
Collecting tensor data and making histogram ...
Collecting tensor data and making histogram ...
Collecting tensor data and making histogram ...
Collecting tensor data and making histogram ...
Collecting tensor data and making histogram ...
Collecting tensor data and making histogram ...
Collecting tensor data and making histogram ...
Collecting tensor data and making histogram ...
Collecting tensor data and making histogram ...
Collecting tensor data and making histogram ...
Collecting tensor data and making histogram ...
Collecting tensor data and making histogram ...
Collecting tensor data and making histogram ...
Collecting tensor data and making histogram ...
Collecting tensor data and making histogram ...
Collecting tensor data and making histogram ...
Collecting tensor data and making histogram ...
Collecting tensor data and making histogram ...
Collecting tensor data and making histogram ...
Collecting tensor data and making histogram ...
Collecting tensor data and making histogram ...
Collecting tensor data and making histogram ...
Collecting tensor data and making histogram ...
Collecting tensor data and making histogram ...
Collecting tensor data and making histogram ...
Collecting tensor data and making histogram ...
Collecting tensor data and making histogram ...
Collecting tensor data and making histogram ...
Collecting tensor data and making histogram ...
Collecting tensor data and making histogram ...
Collecting tensor data and making histogram ...
Collecting tensor data and making histogram ...
Collecting tensor data and making histogram ...
Collecting tensor data and making histogram ...
Collecting tensor data and making histogram ...
Collecting tensor data and making histogram ...
Collecting tensor data and making histogram ...
Collecting tensor data and making histogram ...
Collecting tensor data and making histogram ...
Collecting tensor data and making histogram ...
Collecting tensor data and making histogram ...
Collecting tensor data and making histogram ...
Collecting tensor data and making histogram ...
Collecting tensor data and making histogram ...
Collecting tensor data and making histogram ...
Collecting tensor data and making histogram ...
Collecting tensor data and making histogram ...
Collecting tensor data and making histogram ...
Collecting tensor data and making histogram ...
Collecting tensor data and making histogram ...
Collecting tensor data and making histogram ...
Collecting tensor data and making histogram ...
Collecting tensor data and making histogram ...
Collecting tensor data and making histogram ...
Collecting tensor data and making histogram ...
Collecting tensor data and making histogram ...
Collecting tensor data and making histogram ...
Collecting tensor data and making histogram ...
Collecting tensor data and making histogram ...
Collecting tensor data and making histogram ...
Collecting tensor data and making histogram ...
Collecting tensor data and making histogram ...
Collecting tensor data and making histogram ...
Collecting tensor data and making histogram ...
Collecting tensor data and making histogram ...
Collecting tensor data and making histogram ...
Collecting tensor data and making histogram ...
Collecting tensor data and making histogram ...
Collecting tensor data and making histogram ...
Collecting tensor data and making histogram ...
Collecting tensor data and making histogram ...
Collecting tensor data and making histogram ...
Collecting tensor data and making histogram ...
Collecting tensor data and making histogram ...
Collecting tensor data and making histogram ...
Collecting tensor data and making histogram ...
Collecting tensor data and making histogram ...
Collecting tensor data and making histogram ...
Collecting tensor data and making histogram ...
Collecting tensor data and making histogram ...
Collecting tensor data and making histogram ...
Collecting tensor data and making histogram ...
Collecting tensor data and making histogram ...
Collecting tensor data and making histogram ...
Collecting tensor data and making histogram ...
Collecting tensor data and making histogram ...
Collecting tensor data and making histogram ...
Collecting tensor data and making histogram ...
Collecting tensor data and making histogram ...
Collecting tensor data and making histogram ...
Collecting tensor data and making histogram ...
Collecting tensor data and making histogram ...
Collecting tensor data and making histogram ...
Collecting tensor data and making histogram ...
Collecting tensor data and making histogram ...
Collecting tensor data and making histogram ...
Collecting tensor data and making histogram ...
Collecting tensor data and making histogram ...
Collecting tensor data and making histogram ...
Collecting tensor data and making histogram ...
Collecting tensor data and making histogram ...
Collecting tensor data and making histogram ...
Collecting tensor data and making histogram ...
Collecting tensor data and making histogram ...
Collecting tensor data and making histogram ...
Collecting tensor data and making histogram ...
Collecting tensor data and making histogram ...
Collecting tensor data and making histogram ...
Collecting tensor data and making histogram ...
Collecting tensor data and making histogram ...
Collecting tensor data and making histogram ...
Collecting tensor data and making histogram ...
Collecting tensor data and making histogram ...
Collecting tensor data and making histogram ...
Collecting tensor data and making histogram ...
Collecting tensor data and making histogram ...
Collecting tensor data and making histogram ...
Collecting tensor data and making histogram ...
Collecting tensor data and making histogram ...
Collecting tensor data and making histogram ...
Collecting tensor data and making histogram ...
Collecting tensor data and making histogram ...
Collecting tensor data and making histogram ...
Collecting tensor data and making histogram ...
Collecting tensor data and making histogram ...
Collecting tensor data and making histogram ...
Collecting tensor data and making histogram ...
Collecting tensor data and making histogram ...
Collecting tensor data and making histogram ...
Collecting tensor data and making histogram ...
Collecting tensor data and making histogram ...
Collecting tensor data and making histogram ...
Collecting tensor data and making histogram ...
Collecting tensor data and making histogram ...
Collecting tensor data and making histogram ...
Collecting tensor data and making histogram ...
Collecting tensor data and making histogram ...
Collecting tensor data and making histogram ...
Collecting tensor data and making histogram ...
Collecting tensor data and making histogram ...
Collecting tensor data and making histogram ...
Collecting tensor data and making histogram ...
Collecting tensor data and making histogram ...
Collecting tensor data and making histogram ...
Collecting tensor data and making histogram ...
Collecting tensor data and making histogram ...
Collecting tensor data and making histogram ...
Collecting tensor data and making histogram ...
Collecting tensor data and making histogram ...
Collecting tensor data and making histogram ...
Collecting tensor data and making histogram ...
Collecting tensor data and making histogram ...
Collecting tensor data and making histogram ...
Collecting tensor data and making histogram ...
Collecting tensor data and making histogram ...
Collecting tensor data and making histogram ...
Collecting tensor data and making histogram ...
Collecting tensor data and making histogram ...
Collecting tensor data and making histogram ...
Collecting tensor data and making histogram ...
Collecting tensor data and making histogram ...
Collecting tensor data and making histogram ...
Collecting tensor data and making histogram ...
Collecting tensor data and making histogram ...
Collecting tensor data and making histogram ...
Collecting tensor data and making histogram ...
Collecting tensor data and making histogram ...
Collecting tensor data and making histogram ...
Collecting tensor data and making histogram ...
Collecting tensor data and making histogram ...
Collecting tensor data and making histogram ...
Collecting tensor data and making histogram ...
Collecting tensor data and making histogram ...
Collecting tensor data and making histogram ...
Collecting tensor data and making histogram ...
Collecting tensor data and making histogram ...
Collecting tensor data and making histogram ...
Collecting tensor data and making histogram ...
Collecting tensor data and making histogram ...
Collecting tensor data and making histogram ...
Collecting tensor data and making histogram ...
Collecting tensor data and making histogram ...
Collecting tensor data and making histogram ...
Collecting tensor data and making histogram ...
Collecting tensor data and making histogram ...
Collecting tensor data and making histogram ...
Collecting tensor data and making histogram ...
Collecting tensor data and making histogram ...
Collecting tensor data and making histogram ...
Collecting tensor data and making histogram ...
Collecting tensor data and making histogram ...
Collecting tensor data and making histogram ...
Collecting tensor data and making histogram ...
Collecting tensor data and making histogram ...
Collecting tensor data and making histogram ...
Collecting tensor data and making histogram ...
Collecting tensor data and making histogram ...
Collecting tensor data and making histogram ...
Collecting tensor data and making histogram ...
Collecting tensor data and making histogram ...
Collecting tensor data and making histogram ...
Collecting tensor data and making histogram ...
Collecting tensor data and making histogram ...
Collecting tensor data and making histogram ...
Collecting tensor data and making histogram ...
Collecting tensor data and making histogram ...
Collecting tensor data and making histogram ...
Collecting tensor data and making histogram ...
Collecting tensor data and making histogram ...
Collecting tensor data and making histogram ...
Collecting tensor data and making histogram ...
Collecting tensor data and making histogram ...
Collecting tensor data and making histogram ...
Collecting tensor data and making histogram ...
Collecting tensor data and making histogram ...
Collecting tensor data and making histogram ...
Collecting tensor data and making histogram ...
Collecting tensor data and making histogram ...
Collecting tensor data and making histogram ...
Collecting tensor data and making histogram ...
Collecting tensor data and making histogram ...
Collecting tensor data and making histogram ...
Collecting tensor data and making histogram ...
Collecting tensor data and making histogram ...
Collecting tensor data and making histogram ...
Collecting tensor data and making histogram ...
Collecting tensor data and making histogram ...
Collecting tensor data and making histogram ...
Collecting tensor data and making histogram ...
Collecting tensor data and making histogram ...
Collecting tensor data and making histogram ...
Collecting tensor data and making histogram ...
Collecting tensor data and making histogram ...
Collecting tensor data and making histogram ...
Collecting tensor data and making histogram ...
Collecting tensor data and making histogram ...
Collecting tensor data and making histogram ...
Collecting tensor data and making histogram ...
Collecting tensor data and making histogram ...
Collecting tensor data and making histogram ...
Collecting tensor data and making histogram ...
Collecting tensor data and making histogram ...
Collecting tensor data and making histogram ...
Collecting tensor data and making histogram ...
Collecting tensor data and making histogram ...
Collecting tensor data and making histogram ...
Collecting tensor data and making histogram ...
Collecting tensor data and making histogram ...
Collecting tensor data and making histogram ...
Collecting tensor data and making histogram ...
Collecting tensor data and making histogram ...
Collecting tensor data and making histogram ...
Collecting tensor data and making histogram ...
Collecting tensor data and making histogram ...
Collecting tensor data and making histogram ...
Collecting tensor data and making histogram ...
Collecting tensor data and making histogram ...
Collecting tensor data and making histogram ...
Collecting tensor data and making histogram ...
Collecting tensor data and making histogram ...
Collecting tensor data and making histogram ...
Collecting tensor data and making histogram ...
Collecting tensor data and making histogram ...
Collecting tensor data and making histogram ...
Collecting tensor data and making histogram ...
Collecting tensor data and making histogram ...
Collecting tensor data and making histogram ...
Collecting tensor data and making histogram ...
Collecting tensor data and making histogram ...
Collecting tensor data and making histogram ...
Collecting tensor data and making histogram ...
Collecting tensor data and making histogram ...
Collecting tensor data and making histogram ...
Collecting tensor data and making histogram ...
Collecting tensor data and making histogram ...
Collecting tensor data and making histogram ...
Collecting tensor data and making histogram ...
Collecting tensor data and making histogram ...
Collecting tensor data and making histogram ...
Collecting tensor data and making histogram ...
Collecting tensor data and making histogram ...
Collecting tensor data and making histogram ...
Collecting tensor data and making histogram ...
Collecting tensor data and making histogram ...
Collecting tensor data and making histogram ...
Collecting tensor data and making histogram ...
Collecting tensor data and making histogram ...
Collecting tensor data and making histogram ...
Collecting tensor data and making histogram ...
Collecting tensor data and making histogram ...
Collecting tensor data and making histogram ...
Collecting tensor data and making histogram ...
Collecting tensor data and making histogram ...
Collecting tensor data and making histogram ...
Collecting tensor data and making histogram ...
Collecting tensor data and making histogram ...
Collecting tensor data and making histogram ...
Collecting tensor data and making histogram ...
Collecting tensor data and making histogram ...
Collecting tensor data and making histogram ...
Collecting tensor data and making histogram ...
Collecting tensor data and making histogram ...
Collecting tensor data and making histogram ...
Collecting tensor data and making histogram ...
Collecting tensor data and making histogram ...
Collecting tensor data and making histogram ...
Collecting tensor data and making histogram ...
Collecting tensor data and making histogram ...
Collecting tensor data and making histogram ...
Collecting tensor data and making histogram ...
Collecting tensor data and making histogram ...
Collecting tensor data and making histogram ...
Collecting tensor data and making histogram ...
Collecting tensor data and making histogram ...
Collecting tensor data and making histogram ...
Collecting tensor data and making histogram ...
Collecting tensor data and making histogram ...
Collecting tensor data and making histogram ...
Collecting tensor data and making histogram ...
Collecting tensor data and making histogram ...
Collecting tensor data and making histogram ...
Collecting tensor data and making histogram ...
Collecting tensor data and making histogram ...
Collecting tensor data and making histogram ...
Collecting tensor data and making histogram ...
Collecting tensor data and making histogram ...
Collecting tensor data and making histogram ...
Collecting tensor data and making histogram ...
Collecting tensor data and making histogram ...
Collecting tensor data and making histogram ...
Collecting tensor data and making histogram ...
Collecting tensor data and making histogram ...
Collecting tensor data and making histogram ...
Collecting tensor data and making histogram ...
Collecting tensor data and making histogram ...
Collecting tensor data and making histogram ...
Collecting tensor data and making histogram ...
Collecting tensor data and making histogram ...
Collecting tensor data and making histogram ...
Collecting tensor data and making histogram ...
Collecting tensor data and making histogram ...
Collecting tensor data and making histogram ...
Collecting tensor data and making histogram ...
Collecting tensor data and making histogram ...
Collecting tensor data and making histogram ...
Collecting tensor data and making histogram ...
Collecting tensor data and making histogram ...
Collecting tensor data and making histogram ...
Collecting tensor data and making histogram ...
Collecting tensor data and making histogram ...
Collecting tensor data and making histogram ...
Collecting tensor data and making histogram ...
Collecting tensor data and making histogram ...
Collecting tensor data and making histogram ...
Collecting tensor data and making histogram ...
Collecting tensor data and making histogram ...
Collecting tensor data and making histogram ...
Collecting tensor data and making histogram ...
Collecting tensor data and making histogram ...
Collecting tensor data and making histogram ...
Collecting tensor data and making histogram ...
Collecting tensor data and making histogram ...
Collecting tensor data and making histogram ...
Collecting tensor data and making histogram ...
Collecting tensor data and making histogram ...
Collecting tensor data and making histogram ...
Collecting tensor data and making histogram ...
Collecting tensor data and making histogram ...
Collecting tensor data and making histogram ...
Collecting tensor data and making histogram ...
Collecting tensor data and making histogram ...
Collecting tensor data and making histogram ...
Collecting tensor data and making histogram ...
Collecting tensor data and making histogram ...
Collecting tensor data and making histogram ...
Collecting tensor data and making histogram ...
Collecting tensor data and making histogram ...
Collecting tensor data and making histogram ...
Collecting tensor data and making histogram ...
Collecting tensor data and making histogram ...
Collecting tensor data and making histogram ...
Collecting tensor data and making histogram ...
Collecting tensor data and making histogram ...
Collecting tensor data and making histogram ...
Collecting tensor data and making histogram ...
Collecting tensor data and making histogram ...
Collecting tensor data and making histogram ...
Collecting tensor data and making histogram ...
Collecting tensor data and making histogram ...
Collecting tensor data and making histogram ...
Collecting tensor data and making histogram ...
Collecting tensor data and making histogram ...
Collecting tensor data and making histogram ...
Collecting tensor data and making histogram ...
Collecting tensor data and making histogram ...
Collecting tensor data and making histogram ...
Collecting tensor data and making histogram ...
Collecting tensor data and making histogram ...
Collecting tensor data and making histogram ...
Collecting tensor data and making histogram ...
Collecting tensor data and making histogram ...
Collecting tensor data and making histogram ...
Collecting tensor data and making histogram ...
Collecting tensor data and making histogram ...
Collecting tensor data and making histogram ...
Collecting tensor data and making histogram ...
Collecting tensor data and making histogram ...
Collecting tensor data and making histogram ...
Collecting tensor data and making histogram ...
Collecting tensor data and making histogram ...
Collecting tensor data and making histogram ...
Collecting tensor data and making histogram ...
Collecting tensor data and making histogram ...
Collecting tensor data and making histogram ...
Collecting tensor data and making histogram ...
Collecting tensor data and making histogram ...
Collecting tensor data and making histogram ...
Collecting tensor data and making histogram ...
Collecting tensor data and making histogram ...
Collecting tensor data and making histogram ...
Collecting tensor data and making histogram ...
Collecting tensor data and making histogram ...
Collecting tensor data and making histogram ...
Collecting tensor data and making histogram ...
Collecting tensor data and making histogram ...
Collecting tensor data and making histogram ...
Collecting tensor data and making histogram ...
Collecting tensor data and making histogram ...
Collecting tensor data and making histogram ...
Collecting tensor data and making histogram ...
Collecting tensor data and making histogram ...
Collecting tensor data and making histogram ...
Collecting tensor data and making histogram ...
Collecting tensor data and making histogram ...
Collecting tensor data and making histogram ...
Collecting tensor data and making histogram ...
Collecting tensor data and making histogram ...
Collecting tensor data and making histogram ...
Collecting tensor data and making histogram ...
Collecting tensor data and making histogram ...
Collecting tensor data and making histogram ...
Collecting tensor data and making histogram ...
Collecting tensor data and making histogram ...
Collecting tensor data and making histogram ...
Collecting tensor data and making histogram ...
Collecting tensor data and making histogram ...
Collecting tensor data and making histogram ...
Collecting tensor data and making histogram ...
Collecting tensor data and making histogram ...
Collecting tensor data and making histogram ...
Collecting tensor data and making histogram ...
Collecting tensor data and making histogram ...
Collecting tensor data and making histogram ...
Collecting tensor data and making histogram ...
Collecting tensor data and making histogram ...
Collecting tensor data and making histogram ...
Collecting tensor data and making histogram ...
Collecting tensor data and making histogram ...
Collecting tensor data and making histogram ...
Collecting tensor data and making histogram ...
Collecting tensor data and making histogram ...
Collecting tensor data and making histogram ...
Collecting tensor data and making histogram ...
Collecting tensor data and making histogram ...
Collecting tensor data and making histogram ...
Collecting tensor data and making histogram ...
Collecting tensor data and making histogram ...
Collecting tensor data and making histogram ...
Collecting tensor data and making histogram ...
Collecting tensor data and making histogram ...
Collecting tensor data and making histogram ...
Collecting tensor data and making histogram ...
Collecting tensor data and making histogram ...
Collecting tensor data and making histogram ...
Collecting tensor data and making histogram ...
Collecting tensor data and making histogram ...
Collecting tensor data and making histogram ...
Collecting tensor data and making histogram ...
Collecting tensor data and making histogram ...
Collecting tensor data and making histogram ...
Collecting tensor data and making histogram ...
Collecting tensor data and making histogram ...
Collecting tensor data and making histogram ...
Collecting tensor data and making histogram ...
Collecting tensor data and making histogram ...
Collecting tensor data and making histogram ...
Collecting tensor data and making histogram ...
Collecting tensor data and making histogram ...
Collecting tensor data and making histogram ...
Collecting tensor data and making histogram ...
Collecting tensor data and making histogram ...
Collecting tensor data and making histogram ...
Collecting tensor data and making histogram ...
Collecting tensor data and making histogram ...
Collecting tensor data and making histogram ...
Collecting tensor data and making histogram ...
Collecting tensor data and making histogram ...
Collecting tensor data and making histogram ...
Collecting tensor data and making histogram ...
Collecting tensor data and making histogram ...
Collecting tensor data and making histogram ...
Collecting tensor data and making histogram ...
Collecting tensor data and making histogram ...
Collecting tensor data and making histogram ...
Collecting tensor data and making histogram ...
Collecting tensor data and making histogram ...
Collecting tensor data and making histogram ...
Collecting tensor data and making histogram ...
Finding optimal threshold for each tensor using 'entropy' algorithm ...
Number of tensors : 99
Number of histogram bins : 128 (The number may increase depends on the data it collects)
Number of quantized bins : 128
2026-09-20 12:58:19,329 - [modelopt][onnx] - INFO - Starting post-processing of quantized model
2026-09-20 12:58:19,369 - [modelopt][onnx] - INFO - Deleting QDQ nodes from marked inputs to make certain operations fusible
2026-09-20 12:58:19,402 - [modelopt][onnx] - INFO - Converting float32 tensors to fp16
2026-09-20 12:58:19,501 - [modelopt][onnx] - WARNING - Found QuantizeLinear/DequantizeLinear nodes. Updating minimum opset from 13 to 19.
2026-09-20 12:58:19,604 - [modelopt][onnx] - WARNING - Shared constants were detected and duplicated accordingly.
2026-09-20 12:58:19,819 - [modelopt][onnx] - WARNING - Some initializers contain values smaller than smallest fp16 value, values will be replaced with 6.0e-08.
2026-09-20 12:58:21,312 - [modelopt][onnx] - INFO - Quantization completed successfully in 171.24397015571594 seconds
2026-09-20 12:58:21,367 - [modelopt][onnx] - INFO - Total number of nodes: 318
2026-09-20 12:58:21,367 - [modelopt][onnx] - INFO - Total number of quantized nodes: 64
2026-09-20 12:58:21,484 - [modelopt][onnx] - INFO - Quantized onnx model is saved as /home/vdavid21/edge-inference-benchmark-lab/models/mobilenetv2_int8_entropy_n512.onnx
2026-09-20 12:58:21,484 - [modelopt][onnx] - INFO - Cleaning up intermediate files
2026-09-20 12:58:21,499 - [modelopt][onnx] - INFO - Validating quantized model
2026-09-20 12:58:21,543 - [modelopt][onnx] - INFO - Quantization process completed
done in 173s -> /home/vdavid21/edge-inference-benchmark-lab/models/mobilenetv2_int8_entropy_n512.onnx

nodes              : 318
QuantizeLinear     : 105
DequantizeLinear   : 105
Conv               : 52
Gemm               : 1

A Conv with no Q/DQ pair on its inputs will run in FP16/FP32, not INT8.
