&&&& RUNNING TensorRT.trtexec [TensorRT v101602] [b10] # /usr/src/tensorrt/bin/trtexec --loadEngine=models/mobilenetv2_int8.plan --shapes=input:1x3x224x224 --warmUp=2000 --duration=120 --useCudaGraph
[09/20/2026-21:43:02] [I] TF32 is enabled by default. Add --noTF32 flag to further improve accuracy with some performance cost.
[09/20/2026-21:43:02] [I] === Model Options ===
[09/20/2026-21:43:02] [I] Format: *
[09/20/2026-21:43:02] [I] Model: 
[09/20/2026-21:43:02] [I] Output:
[09/20/2026-21:43:02] [I] 
[09/20/2026-21:43:02] [I] === System Options ===
[09/20/2026-21:43:02] [I] Device: 0
[09/20/2026-21:43:02] [I] DLACore: 
[09/20/2026-21:43:02] [I] Loaded static plugins:
[09/20/2026-21:43:02] [I] setPluginsToSerialize:
[09/20/2026-21:43:02] [I] dynamicPlugins:
[09/20/2026-21:43:02] [I] ignoreParsedPluginLibs: 0
[09/20/2026-21:43:02] [I] 
[09/20/2026-21:43:02] [I] === Inference Options ===
[09/20/2026-21:43:02] [I] Batch: Explicit
[09/20/2026-21:43:02] [I] Input inference shape : input=1x3x224x224
[09/20/2026-21:43:02] [I] Iterations: 10
[09/20/2026-21:43:02] [I] Duration: 120s (+ 2000ms warm up)
[09/20/2026-21:43:02] [I] Sleep time: 0ms
[09/20/2026-21:43:02] [I] Idle time: 0ms
[09/20/2026-21:43:02] [I] Inference Streams: 1
[09/20/2026-21:43:02] [I] ExposeDMA: Disabled
[09/20/2026-21:43:02] [I] Data transfers: Enabled
[09/20/2026-21:43:02] [I] Spin-wait: Disabled
[09/20/2026-21:43:02] [I] Multithreading: Disabled
[09/20/2026-21:43:02] [I] CUDA Graph: Enabled
[09/20/2026-21:43:02] [I] Separate profiling: Disabled
[09/20/2026-21:43:02] [I] Time Deserialize: Disabled
[09/20/2026-21:43:02] [I] Time Refit: Disabled
[09/20/2026-21:43:02] [I] NVTX verbosity: 0
[09/20/2026-21:43:02] [I] Persistent Cache Ratio: 0
[09/20/2026-21:43:02] [I] Optimization Profile Index: 0
[09/20/2026-21:43:02] [I] Weight Streaming Budget: 100.000000%
[09/20/2026-21:43:02] [I] Inputs:
[09/20/2026-21:43:02] [I] Debug Tensor Save Destinations:
[09/20/2026-21:43:02] [I] Dump All Debug Tensor in Formats: 
[09/20/2026-21:43:02] [I] === Reporting Options ===
[09/20/2026-21:43:02] [I] Verbose: Disabled
[09/20/2026-21:43:02] [I] Averages: 10 inferences
[09/20/2026-21:43:02] [I] Percentiles: 90,95,99
[09/20/2026-21:43:02] [I] Dump refittable layers:Disabled
[09/20/2026-21:43:02] [I] Dump output: Disabled
[09/20/2026-21:43:02] [I] Profile: Disabled
[09/20/2026-21:43:02] [I] Export timing to JSON file: 
[09/20/2026-21:43:02] [I] Export output to JSON file: 
[09/20/2026-21:43:02] [I] Export profile to JSON file: 
[09/20/2026-21:43:02] [I] 
[09/20/2026-21:43:02] [I] === Device Information ===
[09/20/2026-21:43:02] [I] Available Devices: 
[09/20/2026-21:43:02] [I]   Device 0: "Orin" UUID: GPU-5e79c5ba-a005-59b8-a6a3-d87e61f25d8b
[09/20/2026-21:43:02] [I] Selected Device: Orin
[09/20/2026-21:43:02] [I] Selected Device ID: 0
[09/20/2026-21:43:02] [I] Selected Device UUID: GPU-5e79c5ba-a005-59b8-a6a3-d87e61f25d8b
[09/20/2026-21:43:02] [I] Compute Capability: 8.7
[09/20/2026-21:43:02] [I] SMs: 8
[09/20/2026-21:43:02] [I] Device Global Memory: 7485 MiB
[09/20/2026-21:43:02] [I] Shared Memory per SM: 164 KiB
[09/20/2026-21:43:02] [I] Memory Bus Width: 128 bits (ECC disabled)
[09/20/2026-21:43:02] [I] Application Compute Clock Rate: 1.02 GHz
[09/20/2026-21:43:02] [I] Application Memory Clock Rate: 0.612 GHz
[09/20/2026-21:43:02] [I] 
[09/20/2026-21:43:02] [I] Note: The application clock rates do not reflect the actual clock rates that the GPU is currently running at.
[09/20/2026-21:43:02] [I] 
[09/20/2026-21:43:02] [I] TensorRT version: 10.16.2
[09/20/2026-21:43:02] [I] Loading standard plugins
[09/20/2026-21:43:02] [I] [TRT] Loaded engine size: 5 MiB
[09/20/2026-21:43:02] [I] Engine deserialized in 0.0602377 sec.
[09/20/2026-21:43:02] [I] [TRT] [MemUsageChange] TensorRT-managed allocation in IExecutionContext creation: CPU +0, GPU +2, now: CPU 0, GPU 6 (MiB)
[09/20/2026-21:43:02] [I] Setting persistentCacheLimit to 0 bytes.
[09/20/2026-21:43:02] [I] Created execution context with device memory size: 1.74658 MiB
[09/20/2026-21:43:02] [I] Using random values for input input
[09/20/2026-21:43:02] [I] Input binding for input with dimensions 1x3x224x224 and type fp32 is created.
[09/20/2026-21:43:02] [I] Output binding for output with dimensions 1x1000 and type fp32 is created.
[09/20/2026-21:43:02] [I] Starting inference
[09/20/2026-21:43:02] [I] Capturing CUDA graph for the current execution context
[09/20/2026-21:43:02] [I] Successfully captured CUDA graph for the current execution context
[09/20/2026-21:45:04] [I] Warmup completed 2262 queries over 2000 ms
[09/20/2026-21:45:04] [I] Timing trace has 137006 queries over 120.002 s
[09/20/2026-21:45:04] [I] 
[09/20/2026-21:45:04] [I] === Trace details ===
[09/20/2026-21:45:04] [I] Trace averages of 10 runs:
[09/20/2026-21:45:04] [I] Average on 10 runs - GPU latency: 0.870215 ms - Host latency: 0.93717 ms (enqueue 0.013501 ms)
[09/20/2026-21:45:04] [I] Average on 10 runs - GPU latency: 0.870337 ms - Host latency: 0.936902 ms (enqueue 0.0128906 ms)
[09/20/2026-21:45:04] [I] Average on 10 runs - GPU latency: 0.870642 ms - Host latency: 0.937903 ms (enqueue 0.0132202 ms)
[09/20/2026-21:45:04] [I] Average on 10 runs - GPU latency: 0.870837 ms - Host latency: 0.93877 ms (enqueue 0.0132813 ms)
[09/20/2026-21:45:04] [I] Average on 10 runs - GPU latency: 0.870361 ms - Host latency: 0.937573 ms (enqueue 0.0125122 ms)
[09/20/2026-21:45:04] [I] Average on 10 runs - GPU latency: 0.869312 ms - Host latency: 0.936963 ms (enqueue 0.0139893 ms)
[09/20/2026-21:45:04] [I] Average on 10 runs - GPU latency: 0.869971 ms - Host latency: 0.937744 ms (enqueue 0.0150879 ms)
[09/20/2026-21:45:04] [I] Average on 10 runs - GPU latency: 0.86936 ms - Host latency: 0.938257 ms (enqueue 0.0147949 ms)
[09/20/2026-21:45:04] [I] Average on 10 runs - GPU latency: 0.869775 ms - Host latency: 0.937329 ms (enqueue 0.0143799 ms)
[09/20/2026-21:45:04] [I] Average on 10 runs - GPU latency: 0.869751 ms - Host latency: 0.936157 ms (enqueue 0.0137939 ms)
[09/20/2026-21:45:04] [I] Average on 10 runs - GPU latency: 0.870166 ms - Host latency: 0.937329 ms (enqueue 0.0147949 ms)
[09/20/2026-21:45:04] [I] Average on 10 runs - GPU latency: 0.87041 ms - Host latency: 0.937964 ms (enqueue 0.0150879 ms)
[09/20/2026-21:45:04] [I] Average on 10 runs - GPU latency: 0.870166 ms - Host latency: 0.938232 ms (enqueue 0.0138184 ms)
[09/20/2026-21:45:04] [I] Average on 10 runs - GPU latency: 0.869458 ms - Host latency: 0.935547 ms (enqueue 0.0159912 ms)
[09/20/2026-21:45:04] [I] Average on 10 runs - GPU latency: 0.869971 ms - Host latency: 0.937207 ms (enqueue 0.0125732 ms)
[09/20/2026-21:45:04] [I] Average on 10 runs - GPU latency: 0.870093 ms - Host latency: 0.936426 ms (enqueue 0.012793 ms)
[09/20/2026-21:45:04] [I] Average on 10 runs - GPU latency: 0.870483 ms - Host latency: 0.938428 ms (enqueue 0.0133301 ms)
[09/20/2026-21:45:04] [I] Average on 10 runs - GPU latency: 0.87019 ms - Host latency: 0.937793 ms (enqueue 0.0133789 ms)
[09/20/2026-21:45:04] [I] Average on 10 runs - GPU latency: 0.869556 ms - Host latency: 0.936426 ms (enqueue 0.0125488 ms)
[09/20/2026-21:45:04] [I] Average on 10 runs - GPU latency: 0.870728 ms - Host latency: 0.936255 ms (enqueue 0.0123047 ms)
[09/20/2026-21:45:04] [I] Average on 10 runs - GPU latency: 0.869775 ms - Host latency: 0.938818 ms (enqueue 0.0150635 ms)
[09/20/2026-21:45:04] [I] Average on 10 runs - GPU latency: 0.870215 ms - Host latency: 0.939087 ms (enqueue 0.0146484 ms)
[09/20/2026-21:45:04] [I] Average on 10 runs - GPU latency: 0.869482 ms - Host latency: 0.936426 ms (enqueue 0.0133789 ms)
[09/20/2026-21:45:04] [I] Average on 10 runs - GPU latency: 0.869971 ms - Host latency: 0.93999 ms (enqueue 0.0159668 ms)
[09/20/2026-21:45:04] [I] Average on 10 runs - GPU latency: 0.869116 ms - Host latency: 0.934644 ms (enqueue 0.0131348 ms)
[09/20/2026-21:45:04] [I] Average on 10 runs - GPU latency: 0.87002 ms - Host latency: 0.936353 ms (enqueue 0.0128174 ms)
[09/20/2026-21:45:04] [I] Average on 10 runs - GPU latency: 0.870459 ms - Host latency: 0.936499 ms (enqueue 0.0137939 ms)
[09/20/2026-21:45:04] [I] Average on 10 runs - GPU latency: 0.870728 ms - Host latency: 0.93623 ms (enqueue 0.0126465 ms)
[09/20/2026-21:45:04] [I] Average on 10 runs - GPU latency: 0.869775 ms - Host latency: 0.935596 ms (enqueue 0.0125244 ms)
[09/20/2026-21:45:04] [I] Average on 10 runs - GPU latency: 0.869971 ms - Host latency: 0.938867 ms (enqueue 0.0135986 ms)
[09/20/2026-21:45:04] [I] Average on 10 runs - GPU latency: 0.8698 ms - Host latency: 0.937476 ms (enqueue 0.0129639 ms)
[09/20/2026-21:45:04] [I] Average on 10 runs - GPU latency: 0.870776 ms - Host latency: 0.936914 ms (enqueue 0.0141357 ms)
[09/20/2026-21:45:04] [I] Average on 10 runs - GPU latency: 0.870435 ms - Host latency: 0.937353 ms (enqueue 0.012793 ms)
[09/20/2026-21:45:04] [I] Average on 10 runs - GPU latency: 0.870337 ms - Host latency: 0.939941 ms (enqueue 0.0157227 ms)
[09/20/2026-21:45:04] [I] Average on 10 runs - GPU latency: 0.869604 ms - Host latency: 0.938208 ms (enqueue 0.0154053 ms)
[09/20/2026-21:45:04] [I] Average on 10 runs - GPU latency: 0.869727 ms - Host latency: 0.938184 ms (enqueue 0.0146729 ms)
[09/20/2026-21:45:04] [I] Average on 10 runs - GPU latency: 0.869775 ms - Host latency: 0.938892 ms (enqueue 0.0141602 ms)
[09/20/2026-21:45:04] [I] Average on 10 runs - GPU latency: 0.870386 ms - Host latency: 0.937817 ms (enqueue 0.0138428 ms)
[09/20/2026-21:45:04] [I] Average on 10 runs - GPU latency: 0.870215 ms - Host latency: 0.939111 ms (enqueue 0.0151855 ms)
[09/20/2026-21:45:04] [I] Average on 10 runs - GPU latency: 0.86958 ms - Host latency: 0.938281 ms (enqueue 0.014917 ms)
[09/20/2026-21:45:04] [I] Average on 10 runs - GPU latency: 0.869727 ms - Host latency: 0.938892 ms (enqueue 0.0138672 ms)
[09/20/2026-21:45:04] [I] Average on 10 runs - GPU latency: 0.870117 ms - Host latency: 0.939844 ms (enqueue 0.0143799 ms)
[09/20/2026-21:45:04] [I] Average on 10 runs - GPU latency: 0.870752 ms - Host latency: 0.938086 ms (enqueue 0.0127197 ms)
[09/20/2026-21:45:04] [I] Average on 10 runs - GPU latency: 0.870605 ms - Host latency: 0.937353 ms (enqueue 0.0133301 ms)
[09/20/2026-21:45:04] [I] Average on 10 runs - GPU latency: 0.870459 ms - Host latency: 0.93811 ms (enqueue 0.0128174 ms)
[09/20/2026-21:45:04] [I] Average on 10 runs - GPU latency: 0.870654 ms - Host latency: 0.940112 ms (enqueue 0.0137451 ms)
[09/20/2026-21:45:04] [I] Average on 10 runs - GPU latency: 0.870459 ms - Host latency: 0.937891 ms (enqueue 0.0130371 ms)
[09/20/2026-21:45:04] [I] Average on 10 runs - GPU latency: 0.87063 ms - Host latency: 0.936816 ms (enqueue 0.0125244 ms)
[09/20/2026-21:45:04] [I] Average on 10 runs - GPU latency: 0.869678 ms - Host latency: 0.937891 ms (enqueue 0.013208 ms)
[09/20/2026-21:45:04] [I] Average on 10 runs - GPU latency: 0.870679 ms - Host latency: 0.939429 ms (enqueue 0.0145508 ms)
[09/20/2026-21:45:04] [I] Average on 10 runs - GPU latency: 0.870166 ms - Host latency: 0.936475 ms (enqueue 0.0133057 ms)
[09/20/2026-21:45:04] [I] Average on 10 runs - GPU latency: 0.870239 ms - Host latency: 0.938574 ms (enqueue 0.0140625 ms)
[09/20/2026-21:45:04] [I] Average on 10 runs - GPU latency: 0.870679 ms - Host latency: 0.936475 ms (enqueue 0.0128906 ms)
[09/20/2026-21:45:04] [I] Average on 10 runs - GPU latency: 0.870386 ms - Host latency: 0.937329 ms (enqueue 0.0128418 ms)
[09/20/2026-21:45:04] [I] Average on 10 runs - GPU latency: 0.869653 ms - Host latency: 0.936401 ms (enqueue 0.0130859 ms)
[09/20/2026-21:45:04] [I] Average on 10 runs - GPU latency: 0.870459 ms - Host latency: 0.937988 ms (enqueue 0.0135498 ms)
[09/20/2026-21:45:04] [I] Average on 10 runs - GPU latency: 0.869849 ms - Host latency: 0.936206 ms (enqueue 0.0137695 ms)
[09/20/2026-21:45:04] [I] Average on 10 runs - GPU latency: 0.870239 ms - Host latency: 0.936841 ms (enqueue 0.0132324 ms)
[09/20/2026-21:45:04] [I] Average on 10 runs - GPU latency: 0.870435 ms - Host latency: 0.936279 ms (enqueue 0.0135742 ms)
[09/20/2026-21:45:04] [I] Average on 10 runs - GPU latency: 0.870166 ms - Host latency: 0.936133 ms (enqueue 0.0128174 ms)
[09/20/2026-21:45:04] [I] Average on 10 runs - GPU latency: 0.8698 ms - Host latency: 0.935815 ms (enqueue 0.0133301 ms)
[09/20/2026-21:45:04] [I] Average on 10 runs - GPU latency: 0.869849 ms - Host latency: 0.936646 ms (enqueue 0.0134033 ms)
[09/20/2026-21:45:04] [I] Average on 10 runs - GPU latency: 0.870313 ms - Host latency: 0.937744 ms (enqueue 0.0131592 ms)
[09/20/2026-21:45:04] [I] Average on 10 runs - GPU latency: 0.870239 ms - Host latency: 0.937109 ms (enqueue 0.014502 ms)
[09/20/2026-21:45:04] [I] Average on 10 runs - GPU latency: 0.870117 ms - Host latency: 0.938843 ms (enqueue 0.013916 ms)
[09/20/2026-21:45:04] [I] Average on 10 runs - GPU latency: 0.869629 ms - Host latency: 0.93689 ms (enqueue 0.0125732 ms)
[09/20/2026-21:45:04] [I] Average on 10 runs - GPU latency: 0.869604 ms - Host latency: 0.938062 ms (enqueue 0.0144775 ms)
[09/20/2026-21:45:04] [I] Average on 10 runs - GPU latency: 0.870825 ms - Host latency: 0.935522 ms (enqueue 0.0140381 ms)
[09/20/2026-21:45:04] [I] Average on 10 runs - GPU latency: 0.870117 ms - Host latency: 0.937695 ms (enqueue 0.0138672 ms)
[09/20/2026-21:45:04] [I] Average on 10 runs - GPU latency: 0.871094 ms - Host latency: 0.937891 ms (enqueue 0.0129883 ms)
[09/20/2026-21:45:04] [I] Average on 10 runs - GPU latency: 0.870068 ms - Host latency: 0.938379 ms (enqueue 0.0128174 ms)
[09/20/2026-21:45:04] [I] Average on 10 runs - GPU latency: 0.870288 ms - Host latency: 0.937183 ms (enqueue 0.0134033 ms)
[09/20/2026-21:45:04] [I] Average on 10 runs - GPU latency: 0.869312 ms - Host latency: 0.935962 ms (enqueue 0.0135742 ms)
[09/20/2026-21:45:04] [I] Average on 10 runs - GPU latency: 0.870483 ms - Host latency: 0.937524 ms (enqueue 0.0131104 ms)
[09/20/2026-21:45:04] [I] Average on 10 runs - GPU latency: 0.869971 ms - Host latency: 0.939355 ms (enqueue 0.0139404 ms)
[09/20/2026-21:45:04] [I] Average on 10 runs - GPU latency: 0.869434 ms - Host latency: 0.936597 ms (enqueue 0.0142822 ms)
[09/20/2026-21:45:04] [I] Average on 10 runs - GPU latency: 0.870776 ms - Host latency: 0.937109 ms (enqueue 0.0125977 ms)
[09/20/2026-21:45:04] [I] Average on 10 runs - GPU latency: 0.870044 ms - Host latency: 0.938403 ms (enqueue 0.0142822 ms)
[09/20/2026-21:45:04] [I] Average on 10 runs - GPU latency: 0.870313 ms - Host latency: 0.937329 ms (enqueue 0.0133057 ms)
[09/20/2026-21:45:04] [I] Average on 10 runs - GPU latency: 0.869824 ms - Host latency: 0.938379 ms (enqueue 0.0154053 ms)
[09/20/2026-21:45:04] [I] Average on 10 runs - GPU latency: 0.870361 ms - Host latency: 0.93728 ms (enqueue 0.0155762 ms)
[09/20/2026-21:45:04] [I] Average on 10 runs - GPU latency: 0.8698 ms - Host latency: 0.945044 ms (enqueue 0.0195801 ms)
[09/20/2026-21:45:04] [I] Average on 10 runs - GPU latency: 0.868994 ms - Host latency: 0.937134 ms (enqueue 0.0141357 ms)
[09/20/2026-21:45:04] [I] Average on 10 runs - GPU latency: 0.870313 ms - Host latency: 0.937866 ms (enqueue 0.0134277 ms)
[09/20/2026-21:45:04] [I] Average on 10 runs - GPU latency: 0.8698 ms - Host latency: 0.934717 ms (enqueue 0.0125244 ms)
[09/20/2026-21:45:04] [I] Average on 10 runs - GPU latency: 0.870093 ms - Host latency: 0.936108 ms (enqueue 0.0128418 ms)
[09/20/2026-21:45:04] [I] Average on 10 runs - GPU latency: 0.869922 ms - Host latency: 0.937305 ms (enqueue 0.0145508 ms)
[09/20/2026-21:45:04] [I] Average on 10 runs - GPU latency: 0.870386 ms - Host latency: 0.937891 ms (enqueue 0.0141357 ms)
[09/20/2026-21:45:04] [I] Average on 10 runs - GPU latency: 0.870581 ms - Host latency: 0.940308 ms (enqueue 0.0127441 ms)
[09/20/2026-21:45:04] [I] Average on 10 runs - GPU latency: 0.870776 ms - Host latency: 0.936621 ms (enqueue 0.0125488 ms)
[09/20/2026-21:45:04] [I] Average on 10 runs - GPU latency: 0.870532 ms - Host latency: 0.937964 ms (enqueue 0.0122314 ms)
[09/20/2026-21:45:04] [I] Average on 10 runs - GPU latency: 0.87063 ms - Host latency: 0.936938 ms (enqueue 0.0123291 ms)
[09/20/2026-21:45:04] [I] Average on 10 runs - GPU latency: 0.870117 ms - Host latency: 0.940186 ms (enqueue 0.0139893 ms)
[09/20/2026-21:45:04] [I] Average on 10 runs - GPU latency: 0.869727 ms - Host latency: 0.940112 ms (enqueue 0.0140381 ms)
[09/20/2026-21:45:04] [I] Average on 10 runs - GPU latency: 0.870581 ms - Host latency: 0.937866 ms (enqueue 0.012793 ms)
[09/20/2026-21:45:04] [I] Average on 10 runs - GPU latency: 0.869751 ms - Host latency: 0.936841 ms (enqueue 0.0129639 ms)
[09/20/2026-21:45:04] [I] Average on 10 runs - GPU latency: 0.870508 ms - Host latency: 0.936719 ms (enqueue 0.0127686 ms)
[09/20/2026-21:45:04] [I] Average on 10 runs - GPU latency: 0.870386 ms - Host latency: 0.937988 ms (enqueue 0.0137695 ms)
[09/20/2026-21:45:04] [I] Average on 10 runs - GPU latency: 0.871069 ms - Host latency: 0.937817 ms (enqueue 0.0146973 ms)
[09/20/2026-21:45:04] [I] Average on 10 runs - GPU latency: 0.870996 ms - Host latency: 0.939868 ms (enqueue 0.0148437 ms)
[09/20/2026-21:45:04] [I] Average on 10 runs - GPU latency: 0.870166 ms - Host latency: 0.937207 ms (enqueue 0.0150391 ms)
[09/20/2026-21:45:04] [I] Average on 10 runs - GPU latency: 0.870313 ms - Host latency: 0.936987 ms (enqueue 0.0149658 ms)
[09/20/2026-21:45:04] [I] Average on 10 runs - GPU latency: 0.870337 ms - Host latency: 0.937866 ms (enqueue 0.0137695 ms)
[09/20/2026-21:45:04] [I] Average on 10 runs - GPU latency: 0.869385 ms - Host latency: 0.938281 ms (enqueue 0.0159424 ms)
[09/20/2026-21:45:04] [I] Average on 10 runs - GPU latency: 0.869922 ms - Host latency: 0.936011 ms (enqueue 0.0144775 ms)
[09/20/2026-21:45:04] [I] Average on 10 runs - GPU latency: 0.870386 ms - Host latency: 0.93606 ms (enqueue 0.0145508 ms)
[09/20/2026-21:45:04] [I] Average on 10 runs - GPU latency: 0.869531 ms - Host latency: 0.935474 ms (enqueue 0.0144043 ms)
[09/20/2026-21:45:04] [I] Average on 10 runs - GPU latency: 0.869775 ms - Host latency: 0.935938 ms (enqueue 0.0134277 ms)
[09/20/2026-21:45:04] [I] Average on 10 runs - GPU latency: 0.870093 ms - Host latency: 0.935913 ms (enqueue 0.0133057 ms)
[09/20/2026-21:45:04] [I] Average on 10 runs - GPU latency: 0.87063 ms - Host latency: 0.940332 ms (enqueue 0.0154297 ms)
[09/20/2026-21:45:04] [I] Average on 10 runs - GPU latency: 0.869434 ms - Host latency: 0.936182 ms (enqueue 0.0149902 ms)
[09/20/2026-21:45:04] [I] Average on 10 runs - GPU latency: 0.87002 ms - Host latency: 0.936816 ms (enqueue 0.0139404 ms)
[09/20/2026-21:45:04] [I] Average on 10 runs - GPU latency: 0.869385 ms - Host latency: 0.936426 ms (enqueue 0.0132568 ms)
[09/20/2026-21:45:04] [I] Average on 10 runs - GPU latency: 0.869678 ms - Host latency: 0.935767 ms (enqueue 0.0124268 ms)
[09/20/2026-21:45:04] [I] Average on 10 runs - GPU latency: 0.870728 ms - Host latency: 0.93667 ms (enqueue 0.0122314 ms)
[09/20/2026-21:45:04] [I] Average on 10 runs - GPU latency: 0.870996 ms - Host latency: 0.938086 ms (enqueue 0.0121338 ms)
[09/20/2026-21:45:04] [I] Average on 10 runs - GPU latency: 0.869922 ms - Host latency: 0.935596 ms (enqueue 0.0129395 ms)
[09/20/2026-21:45:04] [I] Average on 10 runs - GPU latency: 0.869629 ms - Host latency: 0.936792 ms (enqueue 0.0127197 ms)
[09/20/2026-21:45:04] [I] Average on 10 runs - GPU latency: 0.870215 ms - Host latency: 0.938989 ms (enqueue 0.012915 ms)
[09/20/2026-21:45:04] [I] Average on 10 runs - GPU latency: 0.869727 ms - Host latency: 0.936914 ms (enqueue 0.0128174 ms)
[09/20/2026-21:45:04] [I] Average on 10 runs - GPU latency: 0.869531 ms - Host latency: 0.936865 ms (enqueue 0.0134033 ms)
[09/20/2026-21:45:04] [I] Average on 10 runs - GPU latency: 0.869556 ms - Host latency: 0.936475 ms (enqueue 0.0134277 ms)
[09/20/2026-21:45:04] [I] Average on 10 runs - GPU latency: 0.86958 ms - Host latency: 0.93772 ms (enqueue 0.0143066 ms)
[09/20/2026-21:45:04] [I] Average on 10 runs - GPU latency: 0.870337 ms - Host latency: 0.936475 ms (enqueue 0.0129639 ms)
[09/20/2026-21:45:04] [I] Average on 10 runs - GPU latency: 0.869678 ms - Host latency: 0.935693 ms (enqueue 0.0129639 ms)
[09/20/2026-21:45:04] [I] Average on 10 runs - GPU latency: 0.869678 ms - Host latency: 0.937524 ms (enqueue 0.0128662 ms)
[09/20/2026-21:45:04] [I] Average on 10 runs - GPU latency: 0.870264 ms - Host latency: 0.935986 ms (enqueue 0.0125 ms)
[09/20/2026-21:45:04] [I] Average on 10 runs - GPU latency: 0.869727 ms - Host latency: 0.935962 ms (enqueue 0.0125244 ms)
[09/20/2026-21:45:04] [I] Average on 10 runs - GPU latency: 0.870508 ms - Host latency: 0.938281 ms (enqueue 0.0137939 ms)
[09/20/2026-21:45:04] [I] Average on 10 runs - GPU latency: 0.869849 ms - Host latency: 0.93689 ms (enqueue 0.0131836 ms)
[09/20/2026-21:45:04] [I] Average on 10 runs - GPU latency: 0.870239 ms - Host latency: 0.937036 ms (enqueue 0.0134033 ms)
[09/20/2026-21:45:04] [I] Average on 10 runs - GPU latency: 0.869556 ms - Host latency: 0.935571 ms (enqueue 0.012793 ms)
[09/20/2026-21:45:04] [I] Average on 10 runs - GPU latency: 0.870166 ms - Host latency: 0.938159 ms (enqueue 0.0154053 ms)
[09/20/2026-21:45:04] [I] Average on 10 runs - GPU latency: 0.869702 ms - Host latency: 0.935962 ms (enqueue 0.013208 ms)
[09/20/2026-21:45:04] [I] Average on 10 runs - GPU latency: 0.869507 ms - Host latency: 0.9427 ms (enqueue 0.0183838 ms)
[09/20/2026-21:45:04] [I] Average on 10 runs - GPU latency: 0.870776 ms - Host latency: 0.940015 ms (enqueue 0.0147217 ms)
[09/20/2026-21:45:04] [I] Average on 10 runs - GPU latency: 0.869995 ms - Host latency: 0.936475 ms (enqueue 0.0147217 ms)
[09/20/2026-21:45:04] [I] Average on 10 runs - GPU latency: 0.869824 ms - Host latency: 0.936182 ms (enqueue 0.0120361 ms)
[09/20/2026-21:45:04] [I] Average on 10 runs - GPU latency: 0.87085 ms - Host latency: 0.937769 ms (enqueue 0.0119873 ms)
[09/20/2026-21:45:04] [I] Average on 10 runs - GPU latency: 0.868799 ms - Host latency: 0.935327 ms (enqueue 0.0122559 ms)
[09/20/2026-21:45:04] [I] Average on 10 runs - GPU latency: 0.869604 ms - Host latency: 0.935864 ms (enqueue 0.0119141 ms)
[09/20/2026-21:45:04] [I] Average on 10 runs - GPU latency: 0.869971 ms - Host latency: 0.936377 ms (enqueue 0.0124756 ms)
[09/20/2026-21:45:04] [I] Average on 10 runs - GPU latency: 0.869702 ms - Host latency: 0.934912 ms (enqueue 0.0123047 ms)
[09/20/2026-21:45:04] [I] Average on 10 runs - GPU latency: 0.869604 ms - Host latency: 0.936523 ms (enqueue 0.0123535 ms)
[09/20/2026-21:45:04] [I] Average on 10 runs - GPU latency: 0.86936 ms - Host latency: 0.935742 ms (enqueue 0.0141602 ms)
[09/20/2026-21:45:04] [I] Average on 10 runs - GPU latency: 0.869434 ms - Host latency: 0.937524 ms (enqueue 0.0124512 ms)
[09/20/2026-21:45:04] [I] Average on 10 runs - GPU latency: 0.870068 ms - Host latency: 0.937402 ms (enqueue 0.0137939 ms)
[09/20/2026-21:45:04] [I] Average on 10 runs - GPU latency: 0.870557 ms - Host latency: 0.937988 ms (enqueue 0.0129883 ms)
[09/20/2026-21:45:04] [I] Average on 10 runs - GPU latency: 0.870313 ms - Host latency: 0.937061 ms (enqueue 0.0142334 ms)
[09/20/2026-21:45:04] [I] Average on 10 runs - GPU latency: 0.869751 ms - Host latency: 0.936475 ms (enqueue 0.0128174 ms)
[09/20/2026-21:45:04] [I] Average on 10 runs - GPU latency: 0.870044 ms - Host latency: 0.936621 ms (enqueue 0.0126465 ms)
[09/20/2026-21:45:04] [I] Average on 10 runs - GPU latency: 0.870337 ms - Host latency: 0.936548 ms (enqueue 0.0126953 ms)
[09/20/2026-21:45:04] [I] Average on 10 runs - GPU latency: 0.870386 ms - Host latency: 0.937622 ms (enqueue 0.0130127 ms)
[09/20/2026-21:45:04] [I] Average on 10 runs - GPU latency: 0.869238 ms - Host latency: 0.936133 ms (enqueue 0.0140137 ms)
[09/20/2026-21:45:04] [I] Average on 10 runs - GPU latency: 0.87002 ms - Host latency: 0.936914 ms (enqueue 0.0130127 ms)
[09/20/2026-21:45:04] [I] Average on 10 runs - GPU latency: 0.87002 ms - Host latency: 0.9375 ms (enqueue 0.0140381 ms)
[09/20/2026-21:45:04] [I] Average on 10 runs - GPU latency: 0.869263 ms - Host latency: 0.935229 ms (enqueue 0.0124023 ms)
[09/20/2026-21:45:04] [I] Average on 10 runs - GPU latency: 0.869873 ms - Host latency: 0.937988 ms (enqueue 0.0128418 ms)
[09/20/2026-21:45:04] [I] Average on 10 runs - GPU latency: 0.870386 ms - Host latency: 0.938013 ms (enqueue 0.0128662 ms)
[09/20/2026-21:45:04] [I] Average on 10 runs - GPU latency: 0.870532 ms - Host latency: 0.936865 ms (enqueue 0.0132568 ms)
[09/20/2026-21:45:04] [I] Average on 10 runs - GPU latency: 0.869336 ms - Host latency: 0.936011 ms (enqueue 0.012793 ms)
[09/20/2026-21:45:04] [I] Average on 10 runs - GPU latency: 0.871118 ms - Host latency: 0.939746 ms (enqueue 0.0153564 ms)
[09/20/2026-21:45:04] [I] Average on 10 runs - GPU latency: 0.870117 ms - Host latency: 0.936865 ms (enqueue 0.013501 ms)
[09/20/2026-21:45:04] [I] Average on 10 runs - GPU latency: 0.869873 ms - Host latency: 0.935767 ms (enqueue 0.0126221 ms)
[09/20/2026-21:45:04] [I] Average on 10 runs - GPU latency: 0.870313 ms - Host latency: 0.937427 ms (enqueue 0.0138672 ms)
[09/20/2026-21:45:04] [I] Average on 10 runs - GPU latency: 0.869482 ms - Host latency: 0.935938 ms (enqueue 0.0138672 ms)
[09/20/2026-21:45:04] [I] Average on 10 runs - GPU latency: 0.870117 ms - Host latency: 0.938281 ms (enqueue 0.0137451 ms)
[09/20/2026-21:45:04] [I] Average on 10 runs - GPU latency: 0.869287 ms - Host latency: 0.936499 ms (enqueue 0.0143555 ms)
[09/20/2026-21:45:04] [I] Average on 10 runs - GPU latency: 0.869507 ms - Host latency: 0.935815 ms (enqueue 0.0137207 ms)
[09/20/2026-21:45:04] [I] Average on 10 runs - GPU latency: 0.869165 ms - Host latency: 0.938184 ms (enqueue 0.0137207 ms)
[09/20/2026-21:45:04] [I] Average on 10 runs - GPU latency: 0.869873 ms - Host latency: 0.936108 ms (enqueue 0.0138916 ms)
[09/20/2026-21:45:04] [I] Average on 10 runs - GPU latency: 0.870093 ms - Host latency: 0.938184 ms (enqueue 0.0139648 ms)
[09/20/2026-21:45:04] [I] Average on 10 runs - GPU latency: 0.869482 ms - Host latency: 0.93645 ms (enqueue 0.0135498 ms)
[09/20/2026-21:45:04] [I] Average on 10 runs - GPU latency: 0.869312 ms - Host latency: 0.93667 ms (enqueue 0.0131836 ms)
[09/20/2026-21:45:04] [I] Average on 10 runs - GPU latency: 0.869775 ms - Host latency: 0.937769 ms (enqueue 0.0133301 ms)
[09/20/2026-21:45:04] [I] Average on 10 runs - GPU latency: 0.869849 ms - Host latency: 0.935376 ms (enqueue 0.0135254 ms)
[09/20/2026-21:45:04] [I] Average on 10 runs - GPU latency: 0.870386 ms - Host latency: 0.938208 ms (enqueue 0.0134033 ms)
[09/20/2026-21:45:04] [I] Average on 10 runs - GPU latency: 0.869653 ms - Host latency: 0.936816 ms (enqueue 0.0139893 ms)
[09/20/2026-21:45:04] [I] Average on 10 runs - GPU latency: 0.870557 ms - Host latency: 0.938428 ms (enqueue 0.0142822 ms)
[09/20/2026-21:45:04] [I] Average on 10 runs - GPU latency: 0.87085 ms - Host latency: 0.939746 ms (enqueue 0.0129395 ms)
[09/20/2026-21:45:04] [I] Average on 10 runs - GPU latency: 0.870117 ms - Host latency: 0.937378 ms (enqueue 0.0132324 ms)
[09/20/2026-21:45:04] [I] Average on 10 runs - GPU latency: 0.870068 ms - Host latency: 0.938745 ms (enqueue 0.0166016 ms)
[09/20/2026-21:45:04] [I] Average on 10 runs - GPU latency: 0.870679 ms - Host latency: 0.938794 ms (enqueue 0.0150635 ms)
[09/20/2026-21:45:04] [I] Average on 10 runs - GPU latency: 0.87063 ms - Host latency: 0.938086 ms (enqueue 0.0150391 ms)
[09/20/2026-21:45:04] [I] Average on 10 runs - GPU latency: 0.870337 ms - Host latency: 0.939648 ms (enqueue 0.0126709 ms)
[09/20/2026-21:45:04] [I] Average on 10 runs - GPU latency: 0.870728 ms - Host latency: 0.938379 ms (enqueue 0.0135986 ms)
[09/20/2026-21:45:04] [I] Average on 10 runs - GPU latency: 0.870581 ms - Host latency: 0.937256 ms (enqueue 0.0125244 ms)
[09/20/2026-21:45:04] [I] Average on 10 runs - GPU latency: 0.87102 ms - Host latency: 0.940845 ms (enqueue 0.0153809 ms)
[09/20/2026-21:45:04] [I] Average on 10 runs - GPU latency: 0.86958 ms - Host latency: 0.940015 ms (enqueue 0.0171631 ms)
[09/20/2026-21:45:04] [I] Average on 10 runs - GPU latency: 0.870288 ms - Host latency: 0.942896 ms (enqueue 0.0189697 ms)
[09/20/2026-21:45:04] [I] Average on 10 runs - GPU latency: 0.870215 ms - Host latency: 0.93916 ms (enqueue 0.0133789 ms)
[09/20/2026-21:45:04] [I] Average on 10 runs - GPU latency: 0.870142 ms - Host latency: 0.935645 ms (enqueue 0.0126465 ms)
[09/20/2026-21:45:04] [I] Average on 10 runs - GPU latency: 0.870386 ms - Host latency: 0.936182 ms (enqueue 0.0131104 ms)
[09/20/2026-21:45:04] [I] Average on 10 runs - GPU latency: 0.869775 ms - Host latency: 0.936621 ms (enqueue 0.013501 ms)
[09/20/2026-21:45:04] [I] Average on 10 runs - GPU latency: 0.870239 ms - Host latency: 0.935938 ms (enqueue 0.0139648 ms)
[09/20/2026-21:45:04] [I] Average on 10 runs - GPU latency: 0.869971 ms - Host latency: 0.937378 ms (enqueue 0.0136963 ms)
[09/20/2026-21:45:04] [I] Average on 10 runs - GPU latency: 0.871509 ms - Host latency: 0.938257 ms (enqueue 0.0132324 ms)
[09/20/2026-21:45:04] [I] Average on 10 runs - GPU latency: 0.869604 ms - Host latency: 0.936157 ms (enqueue 0.0139404 ms)
[09/20/2026-21:45:04] [I] Average on 10 runs - GPU latency: 0.870044 ms - Host latency: 0.935815 ms (enqueue 0.0131104 ms)
[09/20/2026-21:45:04] [I] Average on 10 runs - GPU latency: 0.869482 ms - Host latency: 0.936182 ms (enqueue 0.0130859 ms)
[09/20/2026-21:45:04] [I] ... Omitting 133006 lines
[09/20/2026-21:45:04] [I] Average on 10 runs - GPU latency: 0.871094 ms - Host latency: 0.934375 ms (enqueue 0.015625 ms)
[09/20/2026-21:45:04] [I] Average on 10 runs - GPU latency: 0.872656 ms - Host latency: 0.939844 ms (enqueue 0.0132813 ms)
[09/20/2026-21:45:04] [I] Average on 10 runs - GPU latency: 0.869531 ms - Host latency: 0.9375 ms (enqueue 0.0125 ms)
[09/20/2026-21:45:04] [I] Average on 10 runs - GPU latency: 0.871875 ms - Host latency: 0.938281 ms (enqueue 0.0125 ms)
[09/20/2026-21:45:04] [I] Average on 10 runs - GPU latency: 0.870313 ms - Host latency: 0.935156 ms (enqueue 0.0125 ms)
[09/20/2026-21:45:04] [I] Average on 10 runs - GPU latency: 0.869531 ms - Host latency: 0.938281 ms (enqueue 0.0140625 ms)
[09/20/2026-21:45:04] [I] Average on 10 runs - GPU latency: 0.870313 ms - Host latency: 0.9375 ms (enqueue 0.0140625 ms)
[09/20/2026-21:45:04] [I] Average on 10 runs - GPU latency: 0.871094 ms - Host latency: 0.936719 ms (enqueue 0.0125 ms)
[09/20/2026-21:45:04] [I] Average on 10 runs - GPU latency: 0.86875 ms - Host latency: 0.933594 ms (enqueue 0.0125 ms)
[09/20/2026-21:45:04] [I] Average on 10 runs - GPU latency: 0.871875 ms - Host latency: 0.940625 ms (enqueue 0.0132813 ms)
[09/20/2026-21:45:04] [I] Average on 10 runs - GPU latency: 0.870313 ms - Host latency: 0.939844 ms (enqueue 0.01875 ms)
[09/20/2026-21:45:04] [I] Average on 10 runs - GPU latency: 0.86875 ms - Host latency: 0.935938 ms (enqueue 0.0132813 ms)
[09/20/2026-21:45:04] [I] Average on 10 runs - GPU latency: 0.871875 ms - Host latency: 0.936719 ms (enqueue 0.0117188 ms)
[09/20/2026-21:45:04] [I] Average on 10 runs - GPU latency: 0.870313 ms - Host latency: 0.934375 ms (enqueue 0.0140625 ms)
[09/20/2026-21:45:04] [I] Average on 10 runs - GPU latency: 0.870313 ms - Host latency: 0.935938 ms (enqueue 0.0132813 ms)
[09/20/2026-21:45:04] [I] Average on 10 runs - GPU latency: 0.871094 ms - Host latency: 0.936719 ms (enqueue 0.0148437 ms)
[09/20/2026-21:45:04] [I] Average on 10 runs - GPU latency: 0.870313 ms - Host latency: 0.933594 ms (enqueue 0.0125 ms)
[09/20/2026-21:45:04] [I] Average on 10 runs - GPU latency: 0.870313 ms - Host latency: 0.936719 ms (enqueue 0.0109375 ms)
[09/20/2026-21:45:04] [I] Average on 10 runs - GPU latency: 0.871094 ms - Host latency: 0.939062 ms (enqueue 0.0125 ms)
[09/20/2026-21:45:04] [I] Average on 10 runs - GPU latency: 0.871875 ms - Host latency: 0.9375 ms (enqueue 0.0132813 ms)
[09/20/2026-21:45:04] [I] Average on 10 runs - GPU latency: 0.870313 ms - Host latency: 0.932813 ms (enqueue 0.0132813 ms)
[09/20/2026-21:45:04] [I] Average on 10 runs - GPU latency: 0.871875 ms - Host latency: 0.939062 ms (enqueue 0.0117188 ms)
[09/20/2026-21:45:04] [I] Average on 10 runs - GPU latency: 0.871094 ms - Host latency: 0.936719 ms (enqueue 0.0140625 ms)
[09/20/2026-21:45:04] [I] Average on 10 runs - GPU latency: 0.870313 ms - Host latency: 0.9375 ms (enqueue 0.0132813 ms)
[09/20/2026-21:45:04] [I] Average on 10 runs - GPU latency: 0.871094 ms - Host latency: 0.939062 ms (enqueue 0.0109375 ms)
[09/20/2026-21:45:04] [I] Average on 10 runs - GPU latency: 0.871875 ms - Host latency: 0.940625 ms (enqueue 0.0117188 ms)
[09/20/2026-21:45:04] [I] Average on 10 runs - GPU latency: 0.871094 ms - Host latency: 0.935938 ms (enqueue 0.0125 ms)
[09/20/2026-21:45:04] [I] Average on 10 runs - GPU latency: 0.869531 ms - Host latency: 0.9375 ms (enqueue 0.0117188 ms)
[09/20/2026-21:45:04] [I] Average on 10 runs - GPU latency: 0.869531 ms - Host latency: 0.935156 ms (enqueue 0.0109375 ms)
[09/20/2026-21:45:04] [I] Average on 10 runs - GPU latency: 0.869531 ms - Host latency: 0.935938 ms (enqueue 0.0132813 ms)
[09/20/2026-21:45:04] [I] Average on 10 runs - GPU latency: 0.869531 ms - Host latency: 0.934375 ms (enqueue 0.0132813 ms)
[09/20/2026-21:45:04] [I] Average on 10 runs - GPU latency: 0.871094 ms - Host latency: 0.936719 ms (enqueue 0.0132813 ms)
[09/20/2026-21:45:04] [I] Average on 10 runs - GPU latency: 0.870313 ms - Host latency: 0.935938 ms (enqueue 0.0148437 ms)
[09/20/2026-21:45:04] [I] Average on 10 runs - GPU latency: 0.870313 ms - Host latency: 0.9375 ms (enqueue 0.0109375 ms)
[09/20/2026-21:45:04] [I] Average on 10 runs - GPU latency: 0.870313 ms - Host latency: 0.936719 ms (enqueue 0.0101562 ms)
[09/20/2026-21:45:04] [I] Average on 10 runs - GPU latency: 0.870313 ms - Host latency: 0.934375 ms (enqueue 0.0132813 ms)
[09/20/2026-21:45:04] [I] Average on 10 runs - GPU latency: 0.870313 ms - Host latency: 0.939062 ms (enqueue 0.0171875 ms)
[09/20/2026-21:45:04] [I] Average on 10 runs - GPU latency: 0.871094 ms - Host latency: 0.9375 ms (enqueue 0.0140625 ms)
[09/20/2026-21:45:04] [I] Average on 10 runs - GPU latency: 0.871094 ms - Host latency: 0.938281 ms (enqueue 0.0117188 ms)
[09/20/2026-21:45:04] [I] Average on 10 runs - GPU latency: 0.869531 ms - Host latency: 0.934375 ms (enqueue 0.0117188 ms)
[09/20/2026-21:45:04] [I] Average on 10 runs - GPU latency: 0.869531 ms - Host latency: 0.934375 ms (enqueue 0.0125 ms)
[09/20/2026-21:45:04] [I] Average on 10 runs - GPU latency: 0.870313 ms - Host latency: 0.934375 ms (enqueue 0.015625 ms)
[09/20/2026-21:45:04] [I] Average on 10 runs - GPU latency: 0.867969 ms - Host latency: 0.934375 ms (enqueue 0.0140625 ms)
[09/20/2026-21:45:04] [I] Average on 10 runs - GPU latency: 0.869531 ms - Host latency: 0.933594 ms (enqueue 0.015625 ms)
[09/20/2026-21:45:04] [I] Average on 10 runs - GPU latency: 0.871875 ms - Host latency: 0.9375 ms (enqueue 0.0140625 ms)
[09/20/2026-21:45:04] [I] Average on 10 runs - GPU latency: 0.871094 ms - Host latency: 0.936719 ms (enqueue 0.0125 ms)
[09/20/2026-21:45:04] [I] Average on 10 runs - GPU latency: 0.872656 ms - Host latency: 0.942187 ms (enqueue 0.0117188 ms)
[09/20/2026-21:45:04] [I] Average on 10 runs - GPU latency: 0.870313 ms - Host latency: 0.936719 ms (enqueue 0.0109375 ms)
[09/20/2026-21:45:04] [I] Average on 10 runs - GPU latency: 0.870313 ms - Host latency: 0.939062 ms (enqueue 0.0179687 ms)
[09/20/2026-21:45:04] [I] Average on 10 runs - GPU latency: 0.870313 ms - Host latency: 0.9375 ms (enqueue 0.0132813 ms)
[09/20/2026-21:45:04] [I] Average on 10 runs - GPU latency: 0.869531 ms - Host latency: 0.934375 ms (enqueue 0.0117188 ms)
[09/20/2026-21:45:04] [I] Average on 10 runs - GPU latency: 0.869531 ms - Host latency: 0.935938 ms (enqueue 0.0117188 ms)
[09/20/2026-21:45:04] [I] Average on 10 runs - GPU latency: 0.870313 ms - Host latency: 0.936719 ms (enqueue 0.0140625 ms)
[09/20/2026-21:45:04] [I] Average on 10 runs - GPU latency: 0.870313 ms - Host latency: 0.938281 ms (enqueue 0.0125 ms)
[09/20/2026-21:45:04] [I] Average on 10 runs - GPU latency: 0.870313 ms - Host latency: 0.934375 ms (enqueue 0.0125 ms)
[09/20/2026-21:45:04] [I] Average on 10 runs - GPU latency: 0.870313 ms - Host latency: 0.938281 ms (enqueue 0.0132813 ms)
[09/20/2026-21:45:04] [I] Average on 10 runs - GPU latency: 0.869531 ms - Host latency: 0.939062 ms (enqueue 0.0148437 ms)
[09/20/2026-21:45:04] [I] Average on 10 runs - GPU latency: 0.871094 ms - Host latency: 0.938281 ms (enqueue 0.0148437 ms)
[09/20/2026-21:45:04] [I] Average on 10 runs - GPU latency: 0.86875 ms - Host latency: 0.933594 ms (enqueue 0.0117188 ms)
[09/20/2026-21:45:04] [I] Average on 10 runs - GPU latency: 0.870313 ms - Host latency: 0.934375 ms (enqueue 0.0109375 ms)
[09/20/2026-21:45:04] [I] Average on 10 runs - GPU latency: 0.870313 ms - Host latency: 0.935938 ms (enqueue 0.0117188 ms)
[09/20/2026-21:45:04] [I] Average on 10 runs - GPU latency: 0.871094 ms - Host latency: 0.935938 ms (enqueue 0.0117188 ms)
[09/20/2026-21:45:04] [I] Average on 10 runs - GPU latency: 0.871094 ms - Host latency: 0.939062 ms (enqueue 0.0148437 ms)
[09/20/2026-21:45:04] [I] Average on 10 runs - GPU latency: 0.869531 ms - Host latency: 0.936719 ms (enqueue 0.0132813 ms)
[09/20/2026-21:45:04] [I] Average on 10 runs - GPU latency: 0.870313 ms - Host latency: 0.9375 ms (enqueue 0.0117188 ms)
[09/20/2026-21:45:04] [I] Average on 10 runs - GPU latency: 0.870313 ms - Host latency: 0.9375 ms (enqueue 0.0117188 ms)
[09/20/2026-21:45:04] [I] Average on 10 runs - GPU latency: 0.869531 ms - Host latency: 0.934375 ms (enqueue 0.015625 ms)
[09/20/2026-21:45:04] [I] Average on 10 runs - GPU latency: 0.869531 ms - Host latency: 0.936719 ms (enqueue 0.0132813 ms)
[09/20/2026-21:45:04] [I] Average on 10 runs - GPU latency: 0.869531 ms - Host latency: 0.934375 ms (enqueue 0.0117188 ms)
[09/20/2026-21:45:04] [I] Average on 10 runs - GPU latency: 0.871094 ms - Host latency: 0.938281 ms (enqueue 0.0101562 ms)
[09/20/2026-21:45:04] [I] Average on 10 runs - GPU latency: 0.869531 ms - Host latency: 0.935156 ms (enqueue 0.0109375 ms)
[09/20/2026-21:45:04] [I] Average on 10 runs - GPU latency: 0.870313 ms - Host latency: 0.935156 ms (enqueue 0.0140625 ms)
[09/20/2026-21:45:04] [I] Average on 10 runs - GPU latency: 0.871094 ms - Host latency: 0.9375 ms (enqueue 0.0132813 ms)
[09/20/2026-21:45:04] [I] Average on 10 runs - GPU latency: 0.870313 ms - Host latency: 0.935938 ms (enqueue 0.0101562 ms)
[09/20/2026-21:45:04] [I] Average on 10 runs - GPU latency: 0.870313 ms - Host latency: 0.9375 ms (enqueue 0.0125 ms)
[09/20/2026-21:45:04] [I] Average on 10 runs - GPU latency: 0.870313 ms - Host latency: 0.935156 ms (enqueue 0.0125 ms)
[09/20/2026-21:45:04] [I] Average on 10 runs - GPU latency: 0.870313 ms - Host latency: 0.934375 ms (enqueue 0.0109375 ms)
[09/20/2026-21:45:04] [I] Average on 10 runs - GPU latency: 0.86875 ms - Host latency: 0.935156 ms (enqueue 0.0101562 ms)
[09/20/2026-21:45:04] [I] Average on 10 runs - GPU latency: 0.869531 ms - Host latency: 0.935938 ms (enqueue 0.0132813 ms)
[09/20/2026-21:45:04] [I] Average on 10 runs - GPU latency: 0.870313 ms - Host latency: 0.935938 ms (enqueue 0.0101562 ms)
[09/20/2026-21:45:04] [I] Average on 10 runs - GPU latency: 0.86875 ms - Host latency: 0.936719 ms (enqueue 0.0101562 ms)
[09/20/2026-21:45:04] [I] Average on 10 runs - GPU latency: 0.871094 ms - Host latency: 0.935156 ms (enqueue 0.0125 ms)
[09/20/2026-21:45:04] [I] Average on 10 runs - GPU latency: 0.870313 ms - Host latency: 0.9375 ms (enqueue 0.0117188 ms)
[09/20/2026-21:45:04] [I] Average on 10 runs - GPU latency: 0.870313 ms - Host latency: 0.935156 ms (enqueue 0.0109375 ms)
[09/20/2026-21:45:04] [I] Average on 10 runs - GPU latency: 0.870313 ms - Host latency: 0.936719 ms (enqueue 0.0132813 ms)
[09/20/2026-21:45:04] [I] Average on 10 runs - GPU latency: 0.870313 ms - Host latency: 0.936719 ms (enqueue 0.0117188 ms)
[09/20/2026-21:45:04] [I] Average on 10 runs - GPU latency: 0.871094 ms - Host latency: 0.9375 ms (enqueue 0.0140625 ms)
[09/20/2026-21:45:04] [I] Average on 10 runs - GPU latency: 0.869531 ms - Host latency: 0.935156 ms (enqueue 0.0101562 ms)
[09/20/2026-21:45:04] [I] Average on 10 runs - GPU latency: 0.871094 ms - Host latency: 0.9375 ms (enqueue 0.0140625 ms)
[09/20/2026-21:45:04] [I] Average on 10 runs - GPU latency: 0.871094 ms - Host latency: 0.939844 ms (enqueue 0.0140625 ms)
[09/20/2026-21:45:04] [I] Average on 10 runs - GPU latency: 0.869531 ms - Host latency: 0.935156 ms (enqueue 0.0117188 ms)
[09/20/2026-21:45:04] [I] Average on 10 runs - GPU latency: 0.870313 ms - Host latency: 0.939844 ms (enqueue 0.0117188 ms)
[09/20/2026-21:45:04] [I] Average on 10 runs - GPU latency: 0.869531 ms - Host latency: 0.9375 ms (enqueue 0.0117188 ms)
[09/20/2026-21:45:04] [I] Average on 10 runs - GPU latency: 0.869531 ms - Host latency: 0.938281 ms (enqueue 0.0117188 ms)
[09/20/2026-21:45:04] [I] Average on 10 runs - GPU latency: 0.870313 ms - Host latency: 0.935156 ms (enqueue 0.0117188 ms)
[09/20/2026-21:45:04] [I] Average on 10 runs - GPU latency: 0.870313 ms - Host latency: 0.935938 ms (enqueue 0.0148437 ms)
[09/20/2026-21:45:04] [I] Average on 10 runs - GPU latency: 0.869531 ms - Host latency: 0.935156 ms (enqueue 0.0125 ms)
[09/20/2026-21:45:04] [I] Average on 10 runs - GPU latency: 0.870313 ms - Host latency: 0.934375 ms (enqueue 0.0132813 ms)
[09/20/2026-21:45:04] [I] Average on 10 runs - GPU latency: 0.870313 ms - Host latency: 0.935156 ms (enqueue 0.0117188 ms)
[09/20/2026-21:45:04] [I] Average on 10 runs - GPU latency: 0.871094 ms - Host latency: 0.938281 ms (enqueue 0.0101562 ms)
[09/20/2026-21:45:04] [I] Average on 10 runs - GPU latency: 0.870313 ms - Host latency: 0.936719 ms (enqueue 0.0125 ms)
[09/20/2026-21:45:04] [I] Average on 10 runs - GPU latency: 0.871094 ms - Host latency: 0.935938 ms (enqueue 0.0117188 ms)
[09/20/2026-21:45:04] [I] Average on 10 runs - GPU latency: 0.86875 ms - Host latency: 0.933594 ms (enqueue 0.015625 ms)
[09/20/2026-21:45:04] [I] Average on 10 runs - GPU latency: 0.870313 ms - Host latency: 0.936719 ms (enqueue 0.0117188 ms)
[09/20/2026-21:45:04] [I] Average on 10 runs - GPU latency: 0.871094 ms - Host latency: 0.939062 ms (enqueue 0.0125 ms)
[09/20/2026-21:45:04] [I] Average on 10 runs - GPU latency: 0.869531 ms - Host latency: 0.935156 ms (enqueue 0.0125 ms)
[09/20/2026-21:45:04] [I] Average on 10 runs - GPU latency: 0.871094 ms - Host latency: 0.939062 ms (enqueue 0.0132813 ms)
[09/20/2026-21:45:04] [I] Average on 10 runs - GPU latency: 0.871094 ms - Host latency: 0.9375 ms (enqueue 0.0125 ms)
[09/20/2026-21:45:04] [I] Average on 10 runs - GPU latency: 0.872656 ms - Host latency: 0.939844 ms (enqueue 0.0140625 ms)
[09/20/2026-21:45:04] [I] Average on 10 runs - GPU latency: 0.871094 ms - Host latency: 0.938281 ms (enqueue 0.0140625 ms)
[09/20/2026-21:45:04] [I] Average on 10 runs - GPU latency: 0.871094 ms - Host latency: 0.938281 ms (enqueue 0.0117188 ms)
[09/20/2026-21:45:04] [I] Average on 10 runs - GPU latency: 0.870313 ms - Host latency: 0.936719 ms (enqueue 0.0132813 ms)
[09/20/2026-21:45:04] [I] Average on 10 runs - GPU latency: 0.871875 ms - Host latency: 0.9375 ms (enqueue 0.0117188 ms)
[09/20/2026-21:45:04] [I] Average on 10 runs - GPU latency: 0.871875 ms - Host latency: 0.940625 ms (enqueue 0.0132813 ms)
[09/20/2026-21:45:04] [I] Average on 10 runs - GPU latency: 0.870313 ms - Host latency: 0.9375 ms (enqueue 0.0132813 ms)
[09/20/2026-21:45:04] [I] Average on 10 runs - GPU latency: 0.86875 ms - Host latency: 0.935156 ms (enqueue 0.009375 ms)
[09/20/2026-21:45:04] [I] Average on 10 runs - GPU latency: 0.872656 ms - Host latency: 0.9375 ms (enqueue 0.0140625 ms)
[09/20/2026-21:45:04] [I] Average on 10 runs - GPU latency: 0.871094 ms - Host latency: 0.939062 ms (enqueue 0.0148437 ms)
[09/20/2026-21:45:04] [I] Average on 10 runs - GPU latency: 0.869531 ms - Host latency: 0.9375 ms (enqueue 0.0109375 ms)
[09/20/2026-21:45:04] [I] Average on 10 runs - GPU latency: 0.870313 ms - Host latency: 0.9375 ms (enqueue 0.0148437 ms)
[09/20/2026-21:45:04] [I] Average on 10 runs - GPU latency: 0.871875 ms - Host latency: 0.939062 ms (enqueue 0.015625 ms)
[09/20/2026-21:45:04] [I] Average on 10 runs - GPU latency: 0.86875 ms - Host latency: 0.936719 ms (enqueue 0.0125 ms)
[09/20/2026-21:45:04] [I] Average on 10 runs - GPU latency: 0.871875 ms - Host latency: 0.939062 ms (enqueue 0.0117188 ms)
[09/20/2026-21:45:04] [I] Average on 10 runs - GPU latency: 0.869531 ms - Host latency: 0.9375 ms (enqueue 0.0148437 ms)
[09/20/2026-21:45:04] [I] Average on 10 runs - GPU latency: 0.872656 ms - Host latency: 0.942187 ms (enqueue 0.0117188 ms)
[09/20/2026-21:45:04] [I] Average on 10 runs - GPU latency: 0.86875 ms - Host latency: 0.934375 ms (enqueue 0.0148437 ms)
[09/20/2026-21:45:04] [I] Average on 10 runs - GPU latency: 0.871094 ms - Host latency: 0.938281 ms (enqueue 0.0117188 ms)
[09/20/2026-21:45:04] [I] Average on 10 runs - GPU latency: 0.871875 ms - Host latency: 0.938281 ms (enqueue 0.0132813 ms)
[09/20/2026-21:45:04] [I] Average on 10 runs - GPU latency: 0.869531 ms - Host latency: 0.936719 ms (enqueue 0.0140625 ms)
[09/20/2026-21:45:04] [I] Average on 10 runs - GPU latency: 0.870313 ms - Host latency: 0.935156 ms (enqueue 0.0148437 ms)
[09/20/2026-21:45:04] [I] Average on 10 runs - GPU latency: 0.869531 ms - Host latency: 0.934375 ms (enqueue 0.0148437 ms)
[09/20/2026-21:45:04] [I] Average on 10 runs - GPU latency: 0.871875 ms - Host latency: 0.9375 ms (enqueue 0.0132813 ms)
[09/20/2026-21:45:04] [I] Average on 10 runs - GPU latency: 0.870313 ms - Host latency: 0.932813 ms (enqueue 0.0148437 ms)
[09/20/2026-21:45:04] [I] Average on 10 runs - GPU latency: 0.870313 ms - Host latency: 0.9375 ms (enqueue 0.0125 ms)
[09/20/2026-21:45:04] [I] Average on 10 runs - GPU latency: 0.86875 ms - Host latency: 0.936719 ms (enqueue 0.0109375 ms)
[09/20/2026-21:45:04] [I] Average on 10 runs - GPU latency: 0.869531 ms - Host latency: 0.936719 ms (enqueue 0.0140625 ms)
[09/20/2026-21:45:04] [I] Average on 10 runs - GPU latency: 0.870313 ms - Host latency: 0.934375 ms (enqueue 0.0132813 ms)
[09/20/2026-21:45:04] [I] Average on 10 runs - GPU latency: 0.86875 ms - Host latency: 0.935156 ms (enqueue 0.0117188 ms)
[09/20/2026-21:45:04] [I] Average on 10 runs - GPU latency: 0.86875 ms - Host latency: 0.935938 ms (enqueue 0.0132813 ms)
[09/20/2026-21:45:04] [I] Average on 10 runs - GPU latency: 0.86875 ms - Host latency: 0.935938 ms (enqueue 0.0132813 ms)
[09/20/2026-21:45:04] [I] Average on 10 runs - GPU latency: 0.870313 ms - Host latency: 0.938281 ms (enqueue 0.0125 ms)
[09/20/2026-21:45:04] [I] Average on 10 runs - GPU latency: 0.870313 ms - Host latency: 0.939062 ms (enqueue 0.0132813 ms)
[09/20/2026-21:45:04] [I] Average on 10 runs - GPU latency: 0.869531 ms - Host latency: 0.934375 ms (enqueue 0.0117188 ms)
[09/20/2026-21:45:04] [I] Average on 10 runs - GPU latency: 0.869531 ms - Host latency: 0.936719 ms (enqueue 0.0132813 ms)
[09/20/2026-21:45:04] [I] Average on 10 runs - GPU latency: 0.869531 ms - Host latency: 0.934375 ms (enqueue 0.0125 ms)
[09/20/2026-21:45:04] [I] Average on 10 runs - GPU latency: 0.867969 ms - Host latency: 0.933594 ms (enqueue 0.0109375 ms)
[09/20/2026-21:45:04] [I] Average on 10 runs - GPU latency: 0.872656 ms - Host latency: 0.939844 ms (enqueue 0.0132813 ms)
[09/20/2026-21:45:04] [I] Average on 10 runs - GPU latency: 0.873438 ms - Host latency: 0.946094 ms (enqueue 0.01875 ms)
[09/20/2026-21:45:04] [I] Average on 10 runs - GPU latency: 0.870313 ms - Host latency: 0.939062 ms (enqueue 0.0164062 ms)
[09/20/2026-21:45:04] [I] Average on 10 runs - GPU latency: 0.871094 ms - Host latency: 0.9375 ms (enqueue 0.0140625 ms)
[09/20/2026-21:45:04] [I] Average on 10 runs - GPU latency: 0.871875 ms - Host latency: 0.935938 ms (enqueue 0.0117188 ms)
[09/20/2026-21:45:04] [I] Average on 10 runs - GPU latency: 0.871094 ms - Host latency: 0.939062 ms (enqueue 0.0125 ms)
[09/20/2026-21:45:04] [I] Average on 10 runs - GPU latency: 0.869531 ms - Host latency: 0.935156 ms (enqueue 0.0148437 ms)
[09/20/2026-21:45:04] [I] Average on 10 runs - GPU latency: 0.873438 ms - Host latency: 0.939062 ms (enqueue 0.0140625 ms)
[09/20/2026-21:45:04] [I] Average on 10 runs - GPU latency: 0.871094 ms - Host latency: 0.936719 ms (enqueue 0.0117188 ms)
[09/20/2026-21:45:04] [I] Average on 10 runs - GPU latency: 0.871875 ms - Host latency: 0.939844 ms (enqueue 0.0140625 ms)
[09/20/2026-21:45:04] [I] Average on 10 runs - GPU latency: 0.871094 ms - Host latency: 0.938281 ms (enqueue 0.0117188 ms)
[09/20/2026-21:45:04] [I] Average on 10 runs - GPU latency: 0.869531 ms - Host latency: 0.935156 ms (enqueue 0.0109375 ms)
[09/20/2026-21:45:04] [I] Average on 10 runs - GPU latency: 0.871875 ms - Host latency: 0.939062 ms (enqueue 0.0125 ms)
[09/20/2026-21:45:04] [I] Average on 10 runs - GPU latency: 0.871094 ms - Host latency: 0.935156 ms (enqueue 0.0140625 ms)
[09/20/2026-21:45:04] [I] Average on 10 runs - GPU latency: 0.871094 ms - Host latency: 0.935938 ms (enqueue 0.0125 ms)
[09/20/2026-21:45:04] [I] Average on 10 runs - GPU latency: 0.870313 ms - Host latency: 0.938281 ms (enqueue 0.0148437 ms)
[09/20/2026-21:45:04] [I] Average on 10 runs - GPU latency: 0.870313 ms - Host latency: 0.9375 ms (enqueue 0.0140625 ms)
[09/20/2026-21:45:04] [I] Average on 10 runs - GPU latency: 0.871094 ms - Host latency: 0.938281 ms (enqueue 0.0140625 ms)
[09/20/2026-21:45:04] [I] Average on 10 runs - GPU latency: 0.870313 ms - Host latency: 0.9375 ms (enqueue 0.0132813 ms)
[09/20/2026-21:45:04] [I] Average on 10 runs - GPU latency: 0.871094 ms - Host latency: 0.938281 ms (enqueue 0.015625 ms)
[09/20/2026-21:45:04] [I] Average on 10 runs - GPU latency: 0.870313 ms - Host latency: 0.935156 ms (enqueue 0.0101562 ms)
[09/20/2026-21:45:04] [I] Average on 10 runs - GPU latency: 0.869531 ms - Host latency: 0.936719 ms (enqueue 0.0117188 ms)
[09/20/2026-21:45:04] [I] Average on 10 runs - GPU latency: 0.871094 ms - Host latency: 0.938281 ms (enqueue 0.0109375 ms)
[09/20/2026-21:45:04] [I] Average on 10 runs - GPU latency: 0.871875 ms - Host latency: 0.9375 ms (enqueue 0.01875 ms)
[09/20/2026-21:45:04] [I] Average on 10 runs - GPU latency: 0.869531 ms - Host latency: 0.934375 ms (enqueue 0.0109375 ms)
[09/20/2026-21:45:04] [I] Average on 10 runs - GPU latency: 0.871094 ms - Host latency: 0.935156 ms (enqueue 0.0109375 ms)
[09/20/2026-21:45:04] [I] Average on 10 runs - GPU latency: 0.86875 ms - Host latency: 0.935938 ms (enqueue 0.0132813 ms)
[09/20/2026-21:45:04] [I] Average on 10 runs - GPU latency: 0.870313 ms - Host latency: 0.940625 ms (enqueue 0.015625 ms)
[09/20/2026-21:45:04] [I] Average on 10 runs - GPU latency: 0.86875 ms - Host latency: 0.932813 ms (enqueue 0.0125 ms)
[09/20/2026-21:45:04] [I] Average on 10 runs - GPU latency: 0.870313 ms - Host latency: 0.932813 ms (enqueue 0.0140625 ms)
[09/20/2026-21:45:04] [I] Average on 10 runs - GPU latency: 0.869531 ms - Host latency: 0.935156 ms (enqueue 0.0109375 ms)
[09/20/2026-21:45:04] [I] Average on 10 runs - GPU latency: 0.871094 ms - Host latency: 0.9375 ms (enqueue 0.0109375 ms)
[09/20/2026-21:45:04] [I] Average on 10 runs - GPU latency: 0.871875 ms - Host latency: 0.939844 ms (enqueue 0.0132813 ms)
[09/20/2026-21:45:04] [I] Average on 10 runs - GPU latency: 0.870313 ms - Host latency: 0.939844 ms (enqueue 0.0125 ms)
[09/20/2026-21:45:04] [I] Average on 10 runs - GPU latency: 0.871094 ms - Host latency: 0.940625 ms (enqueue 0.0140625 ms)
[09/20/2026-21:45:04] [I] Average on 10 runs - GPU latency: 0.871875 ms - Host latency: 0.939844 ms (enqueue 0.015625 ms)
[09/20/2026-21:45:04] [I] Average on 10 runs - GPU latency: 0.871875 ms - Host latency: 0.9375 ms (enqueue 0.0140625 ms)
[09/20/2026-21:45:04] [I] Average on 10 runs - GPU latency: 0.869531 ms - Host latency: 0.938281 ms (enqueue 0.0140625 ms)
[09/20/2026-21:45:04] [I] Average on 10 runs - GPU latency: 0.871094 ms - Host latency: 0.938281 ms (enqueue 0.0132813 ms)
[09/20/2026-21:45:04] [I] Average on 10 runs - GPU latency: 0.871094 ms - Host latency: 0.939062 ms (enqueue 0.0117188 ms)
[09/20/2026-21:45:04] [I] Average on 10 runs - GPU latency: 0.869531 ms - Host latency: 0.935938 ms (enqueue 0.0125 ms)
[09/20/2026-21:45:04] [I] Average on 10 runs - GPU latency: 0.869531 ms - Host latency: 0.934375 ms (enqueue 0.0125 ms)
[09/20/2026-21:45:04] [I] Average on 10 runs - GPU latency: 0.871094 ms - Host latency: 0.935938 ms (enqueue 0.0132813 ms)
[09/20/2026-21:45:04] [I] Average on 10 runs - GPU latency: 0.871875 ms - Host latency: 0.935156 ms (enqueue 0.0132813 ms)
[09/20/2026-21:45:04] [I] Average on 10 runs - GPU latency: 0.871094 ms - Host latency: 0.9375 ms (enqueue 0.0148437 ms)
[09/20/2026-21:45:04] [I] Average on 10 runs - GPU latency: 0.871875 ms - Host latency: 0.936719 ms (enqueue 0.0132813 ms)
[09/20/2026-21:45:04] [I] Average on 10 runs - GPU latency: 0.871094 ms - Host latency: 0.940625 ms (enqueue 0.0148437 ms)
[09/20/2026-21:45:04] [I] Average on 10 runs - GPU latency: 0.872656 ms - Host latency: 0.940625 ms (enqueue 0.0132813 ms)
[09/20/2026-21:45:04] [I] Average on 10 runs - GPU latency: 0.870313 ms - Host latency: 0.936719 ms (enqueue 0.0132813 ms)
[09/20/2026-21:45:04] [I] Average on 10 runs - GPU latency: 0.870313 ms - Host latency: 0.936719 ms (enqueue 0.0148437 ms)
[09/20/2026-21:45:04] [I] Average on 10 runs - GPU latency: 0.869531 ms - Host latency: 0.934375 ms (enqueue 0.015625 ms)
[09/20/2026-21:45:04] [I] Average on 10 runs - GPU latency: 0.871875 ms - Host latency: 0.936719 ms (enqueue 0.0164062 ms)
[09/20/2026-21:45:04] [I] Average on 10 runs - GPU latency: 0.872656 ms - Host latency: 0.940625 ms (enqueue 0.0140625 ms)
[09/20/2026-21:45:04] [I] Average on 10 runs - GPU latency: 0.871094 ms - Host latency: 0.935938 ms (enqueue 0.0101562 ms)
[09/20/2026-21:45:04] [I] 
[09/20/2026-21:45:04] [I] === Performance summary ===
[09/20/2026-21:45:04] [I] Throughput: 1141.7 qps
[09/20/2026-21:45:04] [I] Latency: min = 0.910156 ms, max = 3.86133 ms, mean = 0.940204 ms, median = 0.9375 ms, percentile(90%) = 0.945312 ms, percentile(95%) = 0.945312 ms, percentile(99%) = 0.953125 ms
[09/20/2026-21:45:04] [I] Enqueue Time: min = 0.00390625 ms, max = 0.125 ms, mean = 0.0136344 ms, median = 0.0136719 ms, percentile(90%) = 0.015625 ms, percentile(95%) = 0.0195312 ms, percentile(99%) = 0.0234375 ms
[09/20/2026-21:45:04] [I] H2D Latency: min = 0.0429688 ms, max = 0.195312 ms, mean = 0.0545338 ms, median = 0.0546875 ms, percentile(90%) = 0.0556641 ms, percentile(95%) = 0.0625 ms, percentile(99%) = 0.0664062 ms
[09/20/2026-21:45:04] [I] GPU Compute Time: min = 0.851562 ms, max = 3.79492 ms, mean = 0.874308 ms, median = 0.871094 ms, percentile(90%) = 0.875 ms, percentile(95%) = 0.875 ms, percentile(99%) = 0.875 ms
[09/20/2026-21:45:04] [I] D2H Latency: min = 0 ms, max = 0.0234375 ms, mean = 0.0124012 ms, median = 0.0117188 ms, percentile(90%) = 0.015625 ms, percentile(95%) = 0.015625 ms, percentile(99%) = 0.015625 ms
[09/20/2026-21:45:04] [I] Total Host Walltime: 120.002 s
[09/20/2026-21:45:04] [I] Total GPU Compute Time: 119.785 s
[09/20/2026-21:45:04] [I] Explanations of the performance metrics are printed in the verbose logs.
[09/20/2026-21:45:04] [I] 
&&&& PASSED TensorRT.trtexec [TensorRT v101602] [b10] # /usr/src/tensorrt/bin/trtexec --loadEngine=models/mobilenetv2_int8.plan --shapes=input:1x3x224x224 --warmUp=2000 --duration=120 --useCudaGraph
[09/20/2026-21:43:02] [W] [TRT] Using an engine plan file across different models of devices is not supported and is likely to affect performance or even cause errors or deadlock.
[09/20/2026-21:45:04] [W] * GPU compute time is unstable, with coefficient of variance = 8.84097%.
[09/20/2026-21:45:04] [W]   If not already in use, locking GPU clock frequency or adding --useSpinWait may improve the stability.
