&&&& RUNNING TensorRT.trtexec [TensorRT v101602] [b10] # /usr/src/tensorrt/bin/trtexec --loadEngine=models/mobilenetv2_tf32.plan --shapes=input:1x3x224x224 --warmUp=2000 --duration=30 --noDataTransfers --profilingVerbosity=detailed --dumpProfile --separateProfileRun --exportProfile=/home/vdavid21/edge-inference-benchmark-lab/results/profiles/20260925T195811Z_mobilenetv2_tf32_tf32_25W_pinned_276801ac2b6a/profile.json --useSpinWait
[09/25/2026-21:58:11] [I] TF32 is enabled by default. Add --noTF32 flag to further improve accuracy with some performance cost.
[09/25/2026-21:58:11] [I] === Model Options ===
[09/25/2026-21:58:11] [I] Format: *
[09/25/2026-21:58:11] [I] Model: 
[09/25/2026-21:58:11] [I] Output:
[09/25/2026-21:58:11] [I] 
[09/25/2026-21:58:11] [I] === System Options ===
[09/25/2026-21:58:11] [I] Device: 0
[09/25/2026-21:58:11] [I] DLACore: 
[09/25/2026-21:58:11] [I] Loaded static plugins:
[09/25/2026-21:58:11] [I] setPluginsToSerialize:
[09/25/2026-21:58:11] [I] dynamicPlugins:
[09/25/2026-21:58:11] [I] ignoreParsedPluginLibs: 0
[09/25/2026-21:58:11] [I] 
[09/25/2026-21:58:11] [I] === Inference Options ===
[09/25/2026-21:58:11] [I] Batch: Explicit
[09/25/2026-21:58:11] [I] Input inference shape : input=1x3x224x224
[09/25/2026-21:58:11] [I] Iterations: 10
[09/25/2026-21:58:11] [I] Duration: 30s (+ 2000ms warm up)
[09/25/2026-21:58:11] [I] Sleep time: 0ms
[09/25/2026-21:58:11] [I] Idle time: 0ms
[09/25/2026-21:58:11] [I] Inference Streams: 1
[09/25/2026-21:58:11] [I] ExposeDMA: Disabled
[09/25/2026-21:58:11] [I] Data transfers: Disabled
[09/25/2026-21:58:11] [I] Spin-wait: Enabled
[09/25/2026-21:58:11] [I] Multithreading: Disabled
[09/25/2026-21:58:11] [I] CUDA Graph: Disabled
[09/25/2026-21:58:11] [I] Separate profiling: Enabled
[09/25/2026-21:58:11] [I] Time Deserialize: Disabled
[09/25/2026-21:58:11] [I] Time Refit: Disabled
[09/25/2026-21:58:11] [I] NVTX verbosity: 2
[09/25/2026-21:58:11] [I] Persistent Cache Ratio: 0
[09/25/2026-21:58:11] [I] Optimization Profile Index: 0
[09/25/2026-21:58:11] [I] Weight Streaming Budget: 100.000000%
[09/25/2026-21:58:11] [I] Inputs:
[09/25/2026-21:58:11] [I] Debug Tensor Save Destinations:
[09/25/2026-21:58:11] [I] Dump All Debug Tensor in Formats: 
[09/25/2026-21:58:11] [I] === Reporting Options ===
[09/25/2026-21:58:11] [I] Verbose: Disabled
[09/25/2026-21:58:11] [I] Averages: 10 inferences
[09/25/2026-21:58:11] [I] Percentiles: 90,95,99
[09/25/2026-21:58:11] [I] Dump refittable layers:Disabled
[09/25/2026-21:58:11] [I] Dump output: Disabled
[09/25/2026-21:58:11] [I] Profile: Enabled
[09/25/2026-21:58:11] [I] Export timing to JSON file: 
[09/25/2026-21:58:11] [I] Export output to JSON file: 
[09/25/2026-21:58:11] [I] Export profile to JSON file: /home/vdavid21/edge-inference-benchmark-lab/results/profiles/20260925T195811Z_mobilenetv2_tf32_tf32_25W_pinned_276801ac2b6a/profile.json
[09/25/2026-21:58:11] [I] 
[09/25/2026-21:58:11] [I] === Device Information ===
[09/25/2026-21:58:11] [I] Available Devices: 
[09/25/2026-21:58:11] [I]   Device 0: "Orin" UUID: GPU-5e79c5ba-a005-59b8-a6a3-d87e61f25d8b
[09/25/2026-21:58:11] [I] Selected Device: Orin
[09/25/2026-21:58:11] [I] Selected Device ID: 0
[09/25/2026-21:58:11] [I] Selected Device UUID: GPU-5e79c5ba-a005-59b8-a6a3-d87e61f25d8b
[09/25/2026-21:58:11] [I] Compute Capability: 8.7
[09/25/2026-21:58:11] [I] SMs: 8
[09/25/2026-21:58:11] [I] Device Global Memory: 7485 MiB
[09/25/2026-21:58:11] [I] Shared Memory per SM: 164 KiB
[09/25/2026-21:58:11] [I] Memory Bus Width: 128 bits (ECC disabled)
[09/25/2026-21:58:11] [I] Application Compute Clock Rate: 1.02 GHz
[09/25/2026-21:58:11] [I] Application Memory Clock Rate: 0.918 GHz
[09/25/2026-21:58:11] [I] 
[09/25/2026-21:58:11] [I] Note: The application clock rates do not reflect the actual clock rates that the GPU is currently running at.
[09/25/2026-21:58:11] [I] 
[09/25/2026-21:58:11] [I] TensorRT version: 10.16.2
[09/25/2026-21:58:11] [I] Loading standard plugins
[09/25/2026-21:58:12] [I] [TRT] Loaded engine size: 13 MiB
[09/25/2026-21:58:12] [I] Engine deserialized in 0.214169 sec.
[09/25/2026-21:58:12] [I] [TRT] [MemUsageChange] TensorRT-managed allocation in IExecutionContext creation: CPU +0, GPU +7, now: CPU 0, GPU 20 (MiB)
[09/25/2026-21:58:12] [I] Setting persistentCacheLimit to 0 bytes.
[09/25/2026-21:58:12] [I] Created execution context with device memory size: 6.69922 MiB
[09/25/2026-21:58:12] [I] Using random values for input input
[09/25/2026-21:58:12] [I] Input binding for input with dimensions 1x3x224x224 and type fp32 is created.
[09/25/2026-21:58:12] [I] Output binding for output with dimensions 1x1000 and type fp32 is created.
[09/25/2026-21:58:12] [I] Starting inference
[09/25/2026-21:58:44] [I] Warmup completed 1303 queries over 2000 ms
[09/25/2026-21:58:44] [I] Timing trace has 20172 queries over 30.0009 s
[09/25/2026-21:58:44] [I] 
[09/25/2026-21:58:44] [I] === Trace details ===
[09/25/2026-21:58:44] [I] Trace averages of 10 runs:
[09/25/2026-21:58:44] [I] Average on 10 runs - GPU latency: 1.56371 ms - Host latency: 1.56371 ms (enqueue 0.510938 ms)
[09/25/2026-21:58:44] [I] Average on 10 runs - GPU latency: 1.4832 ms - Host latency: 1.4832 ms (enqueue 0.50116 ms)
[09/25/2026-21:58:44] [I] Average on 10 runs - GPU latency: 1.48302 ms - Host latency: 1.48302 ms (enqueue 0.505249 ms)
[09/25/2026-21:58:44] [I] Average on 10 runs - GPU latency: 1.4833 ms - Host latency: 1.4833 ms (enqueue 0.499524 ms)
[09/25/2026-21:58:44] [I] Average on 10 runs - GPU latency: 1.48486 ms - Host latency: 1.48486 ms (enqueue 0.498608 ms)
[09/25/2026-21:58:44] [I] Average on 10 runs - GPU latency: 1.48423 ms - Host latency: 1.48423 ms (enqueue 0.499268 ms)
[09/25/2026-21:58:44] [I] Average on 10 runs - GPU latency: 1.48352 ms - Host latency: 1.48352 ms (enqueue 0.501196 ms)
[09/25/2026-21:58:44] [I] Average on 10 runs - GPU latency: 1.48462 ms - Host latency: 1.48462 ms (enqueue 0.506006 ms)
[09/25/2026-21:58:44] [I] Average on 10 runs - GPU latency: 1.48481 ms - Host latency: 1.48481 ms (enqueue 0.498755 ms)
[09/25/2026-21:58:44] [I] Average on 10 runs - GPU latency: 1.48257 ms - Host latency: 1.48257 ms (enqueue 0.503271 ms)
[09/25/2026-21:58:44] [I] Average on 10 runs - GPU latency: 1.48452 ms - Host latency: 1.48452 ms (enqueue 0.493091 ms)
[09/25/2026-21:58:44] [I] Average on 10 runs - GPU latency: 1.48318 ms - Host latency: 1.48318 ms (enqueue 0.50166 ms)
[09/25/2026-21:58:44] [I] Average on 10 runs - GPU latency: 1.48191 ms - Host latency: 1.48191 ms (enqueue 0.505859 ms)
[09/25/2026-21:58:44] [I] Average on 10 runs - GPU latency: 1.48435 ms - Host latency: 1.48435 ms (enqueue 0.503369 ms)
[09/25/2026-21:58:44] [I] Average on 10 runs - GPU latency: 1.48381 ms - Host latency: 1.48381 ms (enqueue 0.500415 ms)
[09/25/2026-21:58:44] [I] Average on 10 runs - GPU latency: 1.4843 ms - Host latency: 1.4843 ms (enqueue 0.501367 ms)
[09/25/2026-21:58:44] [I] Average on 10 runs - GPU latency: 1.48582 ms - Host latency: 1.48582 ms (enqueue 0.504175 ms)
[09/25/2026-21:58:44] [I] Average on 10 runs - GPU latency: 1.48396 ms - Host latency: 1.48396 ms (enqueue 0.503564 ms)
[09/25/2026-21:58:44] [I] Average on 10 runs - GPU latency: 1.48347 ms - Host latency: 1.48347 ms (enqueue 0.497583 ms)
[09/25/2026-21:58:44] [I] Average on 10 runs - GPU latency: 1.48413 ms - Host latency: 1.48413 ms (enqueue 0.504858 ms)
[09/25/2026-21:58:44] [I] Average on 10 runs - GPU latency: 1.48438 ms - Host latency: 1.48438 ms (enqueue 0.503101 ms)
[09/25/2026-21:58:44] [I] Average on 10 runs - GPU latency: 1.4834 ms - Host latency: 1.4834 ms (enqueue 0.498413 ms)
[09/25/2026-21:58:44] [I] Average on 10 runs - GPU latency: 1.48362 ms - Host latency: 1.48362 ms (enqueue 0.503076 ms)
[09/25/2026-21:58:44] [I] Average on 10 runs - GPU latency: 1.48298 ms - Host latency: 1.48298 ms (enqueue 0.503784 ms)
[09/25/2026-21:58:44] [I] Average on 10 runs - GPU latency: 1.48281 ms - Host latency: 1.48281 ms (enqueue 0.502246 ms)
[09/25/2026-21:58:44] [I] Average on 10 runs - GPU latency: 1.48469 ms - Host latency: 1.48469 ms (enqueue 0.503296 ms)
[09/25/2026-21:58:44] [I] Average on 10 runs - GPU latency: 1.48438 ms - Host latency: 1.48438 ms (enqueue 0.504175 ms)
[09/25/2026-21:58:44] [I] Average on 10 runs - GPU latency: 1.48232 ms - Host latency: 1.48232 ms (enqueue 0.498486 ms)
[09/25/2026-21:58:44] [I] Average on 10 runs - GPU latency: 1.48394 ms - Host latency: 1.48394 ms (enqueue 0.494702 ms)
[09/25/2026-21:58:44] [I] Average on 10 runs - GPU latency: 1.48491 ms - Host latency: 1.48491 ms (enqueue 0.504541 ms)
[09/25/2026-21:58:44] [I] Average on 10 runs - GPU latency: 1.48359 ms - Host latency: 1.48359 ms (enqueue 0.503857 ms)
[09/25/2026-21:58:44] [I] Average on 10 runs - GPU latency: 1.48357 ms - Host latency: 1.48357 ms (enqueue 0.499976 ms)
[09/25/2026-21:58:44] [I] Average on 10 runs - GPU latency: 1.48459 ms - Host latency: 1.48459 ms (enqueue 0.497144 ms)
[09/25/2026-21:58:44] [I] Average on 10 runs - GPU latency: 1.48291 ms - Host latency: 1.48291 ms (enqueue 0.506445 ms)
[09/25/2026-21:58:44] [I] Average on 10 runs - GPU latency: 1.48311 ms - Host latency: 1.48311 ms (enqueue 0.502148 ms)
[09/25/2026-21:58:44] [I] Average on 10 runs - GPU latency: 1.4833 ms - Host latency: 1.4833 ms (enqueue 0.50498 ms)
[09/25/2026-21:58:44] [I] Average on 10 runs - GPU latency: 1.48369 ms - Host latency: 1.48369 ms (enqueue 0.500293 ms)
[09/25/2026-21:58:44] [I] Average on 10 runs - GPU latency: 1.48521 ms - Host latency: 1.48521 ms (enqueue 0.498389 ms)
[09/25/2026-21:58:44] [I] Average on 10 runs - GPU latency: 1.48425 ms - Host latency: 1.48425 ms (enqueue 0.497363 ms)
[09/25/2026-21:58:44] [I] Average on 10 runs - GPU latency: 1.48398 ms - Host latency: 1.48398 ms (enqueue 0.501587 ms)
[09/25/2026-21:58:44] [I] Average on 10 runs - GPU latency: 1.76516 ms - Host latency: 1.76516 ms (enqueue 0.508765 ms)
[09/25/2026-21:58:44] [I] Average on 10 runs - GPU latency: 1.48206 ms - Host latency: 1.48206 ms (enqueue 0.508154 ms)
[09/25/2026-21:58:44] [I] Average on 10 runs - GPU latency: 1.48291 ms - Host latency: 1.48291 ms (enqueue 0.500024 ms)
[09/25/2026-21:58:44] [I] Average on 10 runs - GPU latency: 1.48433 ms - Host latency: 1.48433 ms (enqueue 0.506055 ms)
[09/25/2026-21:58:44] [I] Average on 10 runs - GPU latency: 1.48328 ms - Host latency: 1.48328 ms (enqueue 0.506006 ms)
[09/25/2026-21:58:44] [I] Average on 10 runs - GPU latency: 1.48206 ms - Host latency: 1.48206 ms (enqueue 0.507959 ms)
[09/25/2026-21:58:44] [I] Average on 10 runs - GPU latency: 1.48486 ms - Host latency: 1.48486 ms (enqueue 0.505054 ms)
[09/25/2026-21:58:44] [I] Average on 10 runs - GPU latency: 1.48506 ms - Host latency: 1.48506 ms (enqueue 0.501392 ms)
[09/25/2026-21:58:44] [I] Average on 10 runs - GPU latency: 1.48323 ms - Host latency: 1.48323 ms (enqueue 0.501782 ms)
[09/25/2026-21:58:44] [I] Average on 10 runs - GPU latency: 1.48342 ms - Host latency: 1.48342 ms (enqueue 0.502124 ms)
[09/25/2026-21:58:44] [I] Average on 10 runs - GPU latency: 1.48486 ms - Host latency: 1.48486 ms (enqueue 0.500537 ms)
[09/25/2026-21:58:44] [I] Average on 10 runs - GPU latency: 1.48291 ms - Host latency: 1.48291 ms (enqueue 0.49856 ms)
[09/25/2026-21:58:44] [I] Average on 10 runs - GPU latency: 1.48281 ms - Host latency: 1.48281 ms (enqueue 0.500073 ms)
[09/25/2026-21:58:44] [I] Average on 10 runs - GPU latency: 1.48462 ms - Host latency: 1.48462 ms (enqueue 0.503882 ms)
[09/25/2026-21:58:44] [I] Average on 10 runs - GPU latency: 1.48408 ms - Host latency: 1.48408 ms (enqueue 0.496582 ms)
[09/25/2026-21:58:44] [I] Average on 10 runs - GPU latency: 1.48457 ms - Host latency: 1.48457 ms (enqueue 0.499268 ms)
[09/25/2026-21:58:44] [I] Average on 10 runs - GPU latency: 1.48367 ms - Host latency: 1.48367 ms (enqueue 0.503784 ms)
[09/25/2026-21:58:44] [I] Average on 10 runs - GPU latency: 1.48376 ms - Host latency: 1.48376 ms (enqueue 0.504565 ms)
[09/25/2026-21:58:44] [I] Average on 10 runs - GPU latency: 1.48394 ms - Host latency: 1.48394 ms (enqueue 0.498193 ms)
[09/25/2026-21:58:44] [I] Average on 10 runs - GPU latency: 1.48528 ms - Host latency: 1.48528 ms (enqueue 0.50166 ms)
[09/25/2026-21:58:44] [I] Average on 10 runs - GPU latency: 1.48433 ms - Host latency: 1.48433 ms (enqueue 0.502075 ms)
[09/25/2026-21:58:44] [I] Average on 10 runs - GPU latency: 1.48445 ms - Host latency: 1.48445 ms (enqueue 0.508398 ms)
[09/25/2026-21:58:44] [I] Average on 10 runs - GPU latency: 1.48403 ms - Host latency: 1.48403 ms (enqueue 0.506372 ms)
[09/25/2026-21:58:44] [I] Average on 10 runs - GPU latency: 1.48511 ms - Host latency: 1.48511 ms (enqueue 0.504956 ms)
[09/25/2026-21:58:44] [I] Average on 10 runs - GPU latency: 1.48345 ms - Host latency: 1.48345 ms (enqueue 0.50686 ms)
[09/25/2026-21:58:44] [I] Average on 10 runs - GPU latency: 1.48489 ms - Host latency: 1.48489 ms (enqueue 0.505688 ms)
[09/25/2026-21:58:44] [I] Average on 10 runs - GPU latency: 1.48406 ms - Host latency: 1.48406 ms (enqueue 0.500024 ms)
[09/25/2026-21:58:44] [I] Average on 10 runs - GPU latency: 1.48284 ms - Host latency: 1.48284 ms (enqueue 0.500903 ms)
[09/25/2026-21:58:44] [I] Average on 10 runs - GPU latency: 1.48391 ms - Host latency: 1.48391 ms (enqueue 0.501929 ms)
[09/25/2026-21:58:44] [I] Average on 10 runs - GPU latency: 1.48401 ms - Host latency: 1.48401 ms (enqueue 0.504614 ms)
[09/25/2026-21:58:44] [I] Average on 10 runs - GPU latency: 1.48518 ms - Host latency: 1.48518 ms (enqueue 0.506226 ms)
[09/25/2026-21:58:44] [I] Average on 10 runs - GPU latency: 1.48386 ms - Host latency: 1.48386 ms (enqueue 0.502954 ms)
[09/25/2026-21:58:44] [I] Average on 10 runs - GPU latency: 1.48296 ms - Host latency: 1.48296 ms (enqueue 0.50459 ms)
[09/25/2026-21:58:44] [I] Average on 10 runs - GPU latency: 1.48455 ms - Host latency: 1.48455 ms (enqueue 0.496655 ms)
[09/25/2026-21:58:44] [I] Average on 10 runs - GPU latency: 1.48464 ms - Host latency: 1.48464 ms (enqueue 0.506519 ms)
[09/25/2026-21:58:44] [I] Average on 10 runs - GPU latency: 1.48264 ms - Host latency: 1.48264 ms (enqueue 0.503613 ms)
[09/25/2026-21:58:44] [I] Average on 10 runs - GPU latency: 1.48435 ms - Host latency: 1.48435 ms (enqueue 0.500049 ms)
[09/25/2026-21:58:44] [I] Average on 10 runs - GPU latency: 1.48467 ms - Host latency: 1.48467 ms (enqueue 0.504932 ms)
[09/25/2026-21:58:44] [I] Average on 10 runs - GPU latency: 1.48513 ms - Host latency: 1.48513 ms (enqueue 0.50498 ms)
[09/25/2026-21:58:44] [I] Average on 10 runs - GPU latency: 1.48425 ms - Host latency: 1.48425 ms (enqueue 0.505664 ms)
[09/25/2026-21:58:44] [I] Average on 10 runs - GPU latency: 1.72014 ms - Host latency: 1.72014 ms (enqueue 0.503809 ms)
[09/25/2026-21:58:44] [I] Average on 10 runs - GPU latency: 1.53523 ms - Host latency: 1.53523 ms (enqueue 0.506714 ms)
[09/25/2026-21:58:44] [I] Average on 10 runs - GPU latency: 1.48354 ms - Host latency: 1.48354 ms (enqueue 0.504687 ms)
[09/25/2026-21:58:44] [I] Average on 10 runs - GPU latency: 1.48357 ms - Host latency: 1.48357 ms (enqueue 0.503638 ms)
[09/25/2026-21:58:44] [I] Average on 10 runs - GPU latency: 1.48218 ms - Host latency: 1.48218 ms (enqueue 0.503174 ms)
[09/25/2026-21:58:44] [I] Average on 10 runs - GPU latency: 1.48264 ms - Host latency: 1.48264 ms (enqueue 0.50752 ms)
[09/25/2026-21:58:44] [I] Average on 10 runs - GPU latency: 1.48271 ms - Host latency: 1.48271 ms (enqueue 0.499707 ms)
[09/25/2026-21:58:44] [I] Average on 10 runs - GPU latency: 1.48352 ms - Host latency: 1.48352 ms (enqueue 0.503711 ms)
[09/25/2026-21:58:44] [I] Average on 10 runs - GPU latency: 1.48362 ms - Host latency: 1.48362 ms (enqueue 0.500879 ms)
[09/25/2026-21:58:44] [I] Average on 10 runs - GPU latency: 1.48235 ms - Host latency: 1.48235 ms (enqueue 0.50647 ms)
[09/25/2026-21:58:44] [I] Average on 10 runs - GPU latency: 1.48591 ms - Host latency: 1.48591 ms (enqueue 0.507471 ms)
[09/25/2026-21:58:44] [I] Average on 10 runs - GPU latency: 1.48342 ms - Host latency: 1.48342 ms (enqueue 0.502661 ms)
[09/25/2026-21:58:44] [I] Average on 10 runs - GPU latency: 1.48267 ms - Host latency: 1.48267 ms (enqueue 0.504492 ms)
[09/25/2026-21:58:44] [I] Average on 10 runs - GPU latency: 1.4843 ms - Host latency: 1.4843 ms (enqueue 0.506519 ms)
[09/25/2026-21:58:44] [I] Average on 10 runs - GPU latency: 1.48403 ms - Host latency: 1.48403 ms (enqueue 0.508936 ms)
[09/25/2026-21:58:44] [I] Average on 10 runs - GPU latency: 1.48376 ms - Host latency: 1.48376 ms (enqueue 0.501855 ms)
[09/25/2026-21:58:44] [I] Average on 10 runs - GPU latency: 1.4835 ms - Host latency: 1.4835 ms (enqueue 0.502002 ms)
[09/25/2026-21:58:44] [I] Average on 10 runs - GPU latency: 1.48401 ms - Host latency: 1.48401 ms (enqueue 0.503003 ms)
[09/25/2026-21:58:44] [I] Average on 10 runs - GPU latency: 1.48284 ms - Host latency: 1.48284 ms (enqueue 0.502686 ms)
[09/25/2026-21:58:44] [I] Average on 10 runs - GPU latency: 1.48301 ms - Host latency: 1.48301 ms (enqueue 0.507935 ms)
[09/25/2026-21:58:44] [I] Average on 10 runs - GPU latency: 1.48396 ms - Host latency: 1.48396 ms (enqueue 0.499609 ms)
[09/25/2026-21:58:44] [I] Average on 10 runs - GPU latency: 1.48301 ms - Host latency: 1.48301 ms (enqueue 0.502539 ms)
[09/25/2026-21:58:44] [I] Average on 10 runs - GPU latency: 1.48379 ms - Host latency: 1.48379 ms (enqueue 0.500684 ms)
[09/25/2026-21:58:44] [I] Average on 10 runs - GPU latency: 1.48423 ms - Host latency: 1.48423 ms (enqueue 0.503198 ms)
[09/25/2026-21:58:44] [I] Average on 10 runs - GPU latency: 1.48279 ms - Host latency: 1.48279 ms (enqueue 0.502344 ms)
[09/25/2026-21:58:44] [I] Average on 10 runs - GPU latency: 1.48455 ms - Host latency: 1.48455 ms (enqueue 0.502368 ms)
[09/25/2026-21:58:44] [I] Average on 10 runs - GPU latency: 1.48499 ms - Host latency: 1.48499 ms (enqueue 0.505249 ms)
[09/25/2026-21:58:44] [I] Average on 10 runs - GPU latency: 1.4844 ms - Host latency: 1.4844 ms (enqueue 0.499536 ms)
[09/25/2026-21:58:44] [I] Average on 10 runs - GPU latency: 1.4845 ms - Host latency: 1.4845 ms (enqueue 0.507812 ms)
[09/25/2026-21:58:44] [I] Average on 10 runs - GPU latency: 1.48337 ms - Host latency: 1.48337 ms (enqueue 0.503052 ms)
[09/25/2026-21:58:44] [I] Average on 10 runs - GPU latency: 1.48296 ms - Host latency: 1.48296 ms (enqueue 0.500586 ms)
[09/25/2026-21:58:44] [I] Average on 10 runs - GPU latency: 1.48401 ms - Host latency: 1.48401 ms (enqueue 0.499976 ms)
[09/25/2026-21:58:44] [I] Average on 10 runs - GPU latency: 1.48318 ms - Host latency: 1.48318 ms (enqueue 0.498315 ms)
[09/25/2026-21:58:44] [I] Average on 10 runs - GPU latency: 1.48411 ms - Host latency: 1.48411 ms (enqueue 0.50415 ms)
[09/25/2026-21:58:44] [I] Average on 10 runs - GPU latency: 1.48455 ms - Host latency: 1.48455 ms (enqueue 0.500781 ms)
[09/25/2026-21:58:44] [I] Average on 10 runs - GPU latency: 1.48325 ms - Host latency: 1.48325 ms (enqueue 0.511182 ms)
[09/25/2026-21:58:44] [I] Average on 10 runs - GPU latency: 1.48376 ms - Host latency: 1.48376 ms (enqueue 0.503564 ms)
[09/25/2026-21:58:44] [I] Average on 10 runs - GPU latency: 1.48372 ms - Host latency: 1.48372 ms (enqueue 0.50166 ms)
[09/25/2026-21:58:44] [I] Average on 10 runs - GPU latency: 1.48347 ms - Host latency: 1.48347 ms (enqueue 0.504053 ms)
[09/25/2026-21:58:44] [I] Average on 10 runs - GPU latency: 1.48369 ms - Host latency: 1.48369 ms (enqueue 0.507324 ms)
[09/25/2026-21:58:44] [I] Average on 10 runs - GPU latency: 1.73237 ms - Host latency: 1.73237 ms (enqueue 0.50835 ms)
[09/25/2026-21:58:44] [I] Average on 10 runs - GPU latency: 1.52275 ms - Host latency: 1.52275 ms (enqueue 0.504541 ms)
[09/25/2026-21:58:44] [I] Average on 10 runs - GPU latency: 1.48425 ms - Host latency: 1.48425 ms (enqueue 0.501855 ms)
[09/25/2026-21:58:44] [I] Average on 10 runs - GPU latency: 1.48323 ms - Host latency: 1.48323 ms (enqueue 0.501831 ms)
[09/25/2026-21:58:44] [I] Average on 10 runs - GPU latency: 1.48391 ms - Host latency: 1.48391 ms (enqueue 0.505469 ms)
[09/25/2026-21:58:44] [I] Average on 10 runs - GPU latency: 1.48477 ms - Host latency: 1.48477 ms (enqueue 0.501099 ms)
[09/25/2026-21:58:44] [I] Average on 10 runs - GPU latency: 1.48352 ms - Host latency: 1.48352 ms (enqueue 0.502637 ms)
[09/25/2026-21:58:44] [I] Average on 10 runs - GPU latency: 1.48457 ms - Host latency: 1.48457 ms (enqueue 0.504346 ms)
[09/25/2026-21:58:44] [I] Average on 10 runs - GPU latency: 1.48389 ms - Host latency: 1.48389 ms (enqueue 0.503613 ms)
[09/25/2026-21:58:44] [I] Average on 10 runs - GPU latency: 1.48169 ms - Host latency: 1.48169 ms (enqueue 0.501514 ms)
[09/25/2026-21:58:44] [I] Average on 10 runs - GPU latency: 1.48376 ms - Host latency: 1.48376 ms (enqueue 0.499072 ms)
[09/25/2026-21:58:44] [I] Average on 10 runs - GPU latency: 1.48237 ms - Host latency: 1.48237 ms (enqueue 0.501636 ms)
[09/25/2026-21:58:44] [I] Average on 10 runs - GPU latency: 1.48315 ms - Host latency: 1.48315 ms (enqueue 0.505396 ms)
[09/25/2026-21:58:44] [I] Average on 10 runs - GPU latency: 1.48525 ms - Host latency: 1.48525 ms (enqueue 0.507227 ms)
[09/25/2026-21:58:44] [I] Average on 10 runs - GPU latency: 1.48274 ms - Host latency: 1.48274 ms (enqueue 0.503882 ms)
[09/25/2026-21:58:44] [I] Average on 10 runs - GPU latency: 1.48298 ms - Host latency: 1.48298 ms (enqueue 0.506714 ms)
[09/25/2026-21:58:44] [I] Average on 10 runs - GPU latency: 1.48298 ms - Host latency: 1.48298 ms (enqueue 0.505347 ms)
[09/25/2026-21:58:44] [I] Average on 10 runs - GPU latency: 1.48318 ms - Host latency: 1.48318 ms (enqueue 0.503418 ms)
[09/25/2026-21:58:44] [I] Average on 10 runs - GPU latency: 1.48206 ms - Host latency: 1.48206 ms (enqueue 0.503149 ms)
[09/25/2026-21:58:44] [I] Average on 10 runs - GPU latency: 1.48215 ms - Host latency: 1.48215 ms (enqueue 0.504053 ms)
[09/25/2026-21:58:44] [I] Average on 10 runs - GPU latency: 1.48254 ms - Host latency: 1.48254 ms (enqueue 0.506396 ms)
[09/25/2026-21:58:44] [I] Average on 10 runs - GPU latency: 1.48364 ms - Host latency: 1.48364 ms (enqueue 0.501318 ms)
[09/25/2026-21:58:44] [I] Average on 10 runs - GPU latency: 1.48291 ms - Host latency: 1.48291 ms (enqueue 0.500879 ms)
[09/25/2026-21:58:44] [I] Average on 10 runs - GPU latency: 1.4832 ms - Host latency: 1.4832 ms (enqueue 0.510205 ms)
[09/25/2026-21:58:44] [I] Average on 10 runs - GPU latency: 1.48335 ms - Host latency: 1.48335 ms (enqueue 0.507178 ms)
[09/25/2026-21:58:44] [I] Average on 10 runs - GPU latency: 1.48257 ms - Host latency: 1.48257 ms (enqueue 0.499902 ms)
[09/25/2026-21:58:44] [I] Average on 10 runs - GPU latency: 1.48364 ms - Host latency: 1.48364 ms (enqueue 0.499805 ms)
[09/25/2026-21:58:44] [I] Average on 10 runs - GPU latency: 1.48252 ms - Host latency: 1.48252 ms (enqueue 0.501318 ms)
[09/25/2026-21:58:44] [I] Average on 10 runs - GPU latency: 1.4813 ms - Host latency: 1.4813 ms (enqueue 0.5021 ms)
[09/25/2026-21:58:44] [I] Average on 10 runs - GPU latency: 1.4833 ms - Host latency: 1.4833 ms (enqueue 0.502881 ms)
[09/25/2026-21:58:44] [I] Average on 10 runs - GPU latency: 1.4835 ms - Host latency: 1.4835 ms (enqueue 0.503467 ms)
[09/25/2026-21:58:44] [I] Average on 10 runs - GPU latency: 1.48418 ms - Host latency: 1.48418 ms (enqueue 0.506201 ms)
[09/25/2026-21:58:44] [I] Average on 10 runs - GPU latency: 1.48325 ms - Host latency: 1.48325 ms (enqueue 0.503271 ms)
[09/25/2026-21:58:44] [I] Average on 10 runs - GPU latency: 1.48354 ms - Host latency: 1.48354 ms (enqueue 0.508398 ms)
[09/25/2026-21:58:44] [I] Average on 10 runs - GPU latency: 1.48281 ms - Host latency: 1.48281 ms (enqueue 0.50835 ms)
[09/25/2026-21:58:44] [I] Average on 10 runs - GPU latency: 1.4833 ms - Host latency: 1.4833 ms (enqueue 0.50625 ms)
[09/25/2026-21:58:44] [I] Average on 10 runs - GPU latency: 1.48374 ms - Host latency: 1.48374 ms (enqueue 0.504248 ms)
[09/25/2026-21:58:44] [I] Average on 10 runs - GPU latency: 1.48286 ms - Host latency: 1.48286 ms (enqueue 0.50376 ms)
[09/25/2026-21:58:44] [I] Average on 10 runs - GPU latency: 1.4834 ms - Host latency: 1.4834 ms (enqueue 0.502344 ms)
[09/25/2026-21:58:44] [I] Average on 10 runs - GPU latency: 1.48232 ms - Host latency: 1.48232 ms (enqueue 0.506592 ms)
[09/25/2026-21:58:44] [I] Average on 10 runs - GPU latency: 1.52568 ms - Host latency: 1.52568 ms (enqueue 0.507275 ms)
[09/25/2026-21:58:44] [I] Average on 10 runs - GPU latency: 1.72979 ms - Host latency: 1.72979 ms (enqueue 0.51167 ms)
[09/25/2026-21:58:44] [I] Average on 10 runs - GPU latency: 1.48252 ms - Host latency: 1.48252 ms (enqueue 0.502734 ms)
[09/25/2026-21:58:44] [I] Average on 10 runs - GPU latency: 1.48423 ms - Host latency: 1.48423 ms (enqueue 0.507275 ms)
[09/25/2026-21:58:44] [I] Average on 10 runs - GPU latency: 1.48335 ms - Host latency: 1.48335 ms (enqueue 0.501611 ms)
[09/25/2026-21:58:44] [I] Average on 10 runs - GPU latency: 1.48374 ms - Host latency: 1.48374 ms (enqueue 0.504053 ms)
[09/25/2026-21:58:44] [I] Average on 10 runs - GPU latency: 1.48374 ms - Host latency: 1.48374 ms (enqueue 0.504492 ms)
[09/25/2026-21:58:44] [I] Average on 10 runs - GPU latency: 1.48291 ms - Host latency: 1.48291 ms (enqueue 0.506934 ms)
[09/25/2026-21:58:44] [I] Average on 10 runs - GPU latency: 1.48394 ms - Host latency: 1.48394 ms (enqueue 0.504736 ms)
[09/25/2026-21:58:44] [I] Average on 10 runs - GPU latency: 1.48369 ms - Host latency: 1.48369 ms (enqueue 0.501709 ms)
[09/25/2026-21:58:44] [I] Average on 10 runs - GPU latency: 1.48467 ms - Host latency: 1.48467 ms (enqueue 0.498535 ms)
[09/25/2026-21:58:44] [I] Average on 10 runs - GPU latency: 1.48413 ms - Host latency: 1.48413 ms (enqueue 0.503418 ms)
[09/25/2026-21:58:44] [I] Average on 10 runs - GPU latency: 1.48442 ms - Host latency: 1.48442 ms (enqueue 0.501367 ms)
[09/25/2026-21:58:44] [I] Average on 10 runs - GPU latency: 1.48369 ms - Host latency: 1.48369 ms (enqueue 0.498828 ms)
[09/25/2026-21:58:44] [I] Average on 10 runs - GPU latency: 1.48193 ms - Host latency: 1.48193 ms (enqueue 0.50127 ms)
[09/25/2026-21:58:44] [I] Average on 10 runs - GPU latency: 1.48384 ms - Host latency: 1.48384 ms (enqueue 0.504834 ms)
[09/25/2026-21:58:44] [I] Average on 10 runs - GPU latency: 1.48281 ms - Host latency: 1.48281 ms (enqueue 0.501074 ms)
[09/25/2026-21:58:44] [I] Average on 10 runs - GPU latency: 1.48345 ms - Host latency: 1.48345 ms (enqueue 0.504248 ms)
[09/25/2026-21:58:44] [I] Average on 10 runs - GPU latency: 1.48247 ms - Host latency: 1.48247 ms (enqueue 0.504492 ms)
[09/25/2026-21:58:44] [I] Average on 10 runs - GPU latency: 1.48389 ms - Host latency: 1.48389 ms (enqueue 0.507715 ms)
[09/25/2026-21:58:44] [I] Average on 10 runs - GPU latency: 1.48257 ms - Host latency: 1.48257 ms (enqueue 0.508691 ms)
[09/25/2026-21:58:44] [I] Average on 10 runs - GPU latency: 1.48311 ms - Host latency: 1.48311 ms (enqueue 0.505225 ms)
[09/25/2026-21:58:44] [I] Average on 10 runs - GPU latency: 1.48423 ms - Host latency: 1.48423 ms (enqueue 0.507422 ms)
[09/25/2026-21:58:44] [I] Average on 10 runs - GPU latency: 1.48223 ms - Host latency: 1.48223 ms (enqueue 0.508887 ms)
[09/25/2026-21:58:44] [I] Average on 10 runs - GPU latency: 1.48389 ms - Host latency: 1.48389 ms (enqueue 0.504297 ms)
[09/25/2026-21:58:44] [I] Average on 10 runs - GPU latency: 1.48413 ms - Host latency: 1.48413 ms (enqueue 0.50415 ms)
[09/25/2026-21:58:44] [I] Average on 10 runs - GPU latency: 1.48306 ms - Host latency: 1.48306 ms (enqueue 0.509912 ms)
[09/25/2026-21:58:44] [I] Average on 10 runs - GPU latency: 1.48398 ms - Host latency: 1.48398 ms (enqueue 0.503613 ms)
[09/25/2026-21:58:44] [I] Average on 10 runs - GPU latency: 1.48438 ms - Host latency: 1.48438 ms (enqueue 0.504541 ms)
[09/25/2026-21:58:44] [I] Average on 10 runs - GPU latency: 1.4832 ms - Host latency: 1.4832 ms (enqueue 0.500391 ms)
[09/25/2026-21:58:44] [I] Average on 10 runs - GPU latency: 1.4833 ms - Host latency: 1.4833 ms (enqueue 0.494141 ms)
[09/25/2026-21:58:44] [I] Average on 10 runs - GPU latency: 1.48252 ms - Host latency: 1.48252 ms (enqueue 0.501221 ms)
[09/25/2026-21:58:44] [I] Average on 10 runs - GPU latency: 1.48369 ms - Host latency: 1.48369 ms (enqueue 0.505762 ms)
[09/25/2026-21:58:44] [I] Average on 10 runs - GPU latency: 1.48198 ms - Host latency: 1.48198 ms (enqueue 0.50166 ms)
[09/25/2026-21:58:44] [I] Average on 10 runs - GPU latency: 1.48262 ms - Host latency: 1.48262 ms (enqueue 0.501318 ms)
[09/25/2026-21:58:44] [I] Average on 10 runs - GPU latency: 1.48218 ms - Host latency: 1.48218 ms (enqueue 0.503369 ms)
[09/25/2026-21:58:44] [I] Average on 10 runs - GPU latency: 1.48325 ms - Host latency: 1.48325 ms (enqueue 0.500391 ms)
[09/25/2026-21:58:44] [I] Average on 10 runs - GPU latency: 1.48364 ms - Host latency: 1.48364 ms (enqueue 0.496875 ms)
[09/25/2026-21:58:44] [I] Average on 10 runs - GPU latency: 1.48345 ms - Host latency: 1.48345 ms (enqueue 0.495898 ms)
[09/25/2026-21:58:44] [I] Average on 10 runs - GPU latency: 1.4835 ms - Host latency: 1.4835 ms (enqueue 0.498193 ms)
[09/25/2026-21:58:44] [I] ... Omitting 16172 lines
[09/25/2026-21:58:44] [I] Average on 10 runs - GPU latency: 1.48477 ms - Host latency: 1.48477 ms (enqueue 0.499219 ms)
[09/25/2026-21:58:44] [I] Average on 10 runs - GPU latency: 1.48438 ms - Host latency: 1.48438 ms (enqueue 0.502148 ms)
[09/25/2026-21:58:44] [I] Average on 10 runs - GPU latency: 1.48398 ms - Host latency: 1.48398 ms (enqueue 0.498242 ms)
[09/25/2026-21:58:44] [I] Average on 10 runs - GPU latency: 1.48359 ms - Host latency: 1.48359 ms (enqueue 0.501172 ms)
[09/25/2026-21:58:44] [I] Average on 10 runs - GPU latency: 1.4834 ms - Host latency: 1.4834 ms (enqueue 0.499023 ms)
[09/25/2026-21:58:44] [I] Average on 10 runs - GPU latency: 1.48281 ms - Host latency: 1.48281 ms (enqueue 0.498633 ms)
[09/25/2026-21:58:44] [I] Average on 10 runs - GPU latency: 1.48301 ms - Host latency: 1.48301 ms (enqueue 0.495508 ms)
[09/25/2026-21:58:44] [I] Average on 10 runs - GPU latency: 1.48438 ms - Host latency: 1.48438 ms (enqueue 0.500195 ms)
[09/25/2026-21:58:44] [I] Average on 10 runs - GPU latency: 1.48398 ms - Host latency: 1.48398 ms (enqueue 0.498242 ms)
[09/25/2026-21:58:44] [I] Average on 10 runs - GPU latency: 1.48398 ms - Host latency: 1.48398 ms (enqueue 0.492383 ms)
[09/25/2026-21:58:44] [I] Average on 10 runs - GPU latency: 1.48438 ms - Host latency: 1.48438 ms (enqueue 0.500391 ms)
[09/25/2026-21:58:44] [I] Average on 10 runs - GPU latency: 1.4834 ms - Host latency: 1.4834 ms (enqueue 0.499414 ms)
[09/25/2026-21:58:44] [I] Average on 10 runs - GPU latency: 1.48262 ms - Host latency: 1.48262 ms (enqueue 0.497266 ms)
[09/25/2026-21:58:44] [I] Average on 10 runs - GPU latency: 1.48457 ms - Host latency: 1.48457 ms (enqueue 0.49668 ms)
[09/25/2026-21:58:44] [I] Average on 10 runs - GPU latency: 1.4832 ms - Host latency: 1.4832 ms (enqueue 0.499805 ms)
[09/25/2026-21:58:44] [I] Average on 10 runs - GPU latency: 1.4832 ms - Host latency: 1.4832 ms (enqueue 0.497852 ms)
[09/25/2026-21:58:44] [I] Average on 10 runs - GPU latency: 1.48379 ms - Host latency: 1.48379 ms (enqueue 0.496289 ms)
[09/25/2026-21:58:44] [I] Average on 10 runs - GPU latency: 1.48359 ms - Host latency: 1.48359 ms (enqueue 0.500781 ms)
[09/25/2026-21:58:44] [I] Average on 10 runs - GPU latency: 1.48379 ms - Host latency: 1.48379 ms (enqueue 0.500195 ms)
[09/25/2026-21:58:44] [I] Average on 10 runs - GPU latency: 1.48418 ms - Host latency: 1.48418 ms (enqueue 0.498633 ms)
[09/25/2026-21:58:44] [I] Average on 10 runs - GPU latency: 1.48379 ms - Host latency: 1.48379 ms (enqueue 0.497656 ms)
[09/25/2026-21:58:44] [I] Average on 10 runs - GPU latency: 1.48379 ms - Host latency: 1.48379 ms (enqueue 0.498633 ms)
[09/25/2026-21:58:44] [I] Average on 10 runs - GPU latency: 1.48418 ms - Host latency: 1.48418 ms (enqueue 0.502734 ms)
[09/25/2026-21:58:44] [I] Average on 10 runs - GPU latency: 1.4834 ms - Host latency: 1.4834 ms (enqueue 0.50332 ms)
[09/25/2026-21:58:44] [I] Average on 10 runs - GPU latency: 1.48281 ms - Host latency: 1.48281 ms (enqueue 0.500391 ms)
[09/25/2026-21:58:44] [I] Average on 10 runs - GPU latency: 1.4834 ms - Host latency: 1.4834 ms (enqueue 0.499023 ms)
[09/25/2026-21:58:44] [I] Average on 10 runs - GPU latency: 1.48477 ms - Host latency: 1.48477 ms (enqueue 0.498437 ms)
[09/25/2026-21:58:44] [I] Average on 10 runs - GPU latency: 1.48535 ms - Host latency: 1.48535 ms (enqueue 0.498047 ms)
[09/25/2026-21:58:44] [I] Average on 10 runs - GPU latency: 1.48438 ms - Host latency: 1.48438 ms (enqueue 0.501367 ms)
[09/25/2026-21:58:44] [I] Average on 10 runs - GPU latency: 1.48516 ms - Host latency: 1.48516 ms (enqueue 0.503516 ms)
[09/25/2026-21:58:44] [I] Average on 10 runs - GPU latency: 1.48398 ms - Host latency: 1.48398 ms (enqueue 0.497266 ms)
[09/25/2026-21:58:44] [I] Average on 10 runs - GPU latency: 1.48379 ms - Host latency: 1.48379 ms (enqueue 0.506055 ms)
[09/25/2026-21:58:44] [I] Average on 10 runs - GPU latency: 1.48535 ms - Host latency: 1.48535 ms (enqueue 0.501367 ms)
[09/25/2026-21:58:44] [I] Average on 10 runs - GPU latency: 1.48438 ms - Host latency: 1.48438 ms (enqueue 0.499023 ms)
[09/25/2026-21:58:44] [I] Average on 10 runs - GPU latency: 1.4834 ms - Host latency: 1.4834 ms (enqueue 0.497461 ms)
[09/25/2026-21:58:44] [I] Average on 10 runs - GPU latency: 1.48438 ms - Host latency: 1.48438 ms (enqueue 0.500586 ms)
[09/25/2026-21:58:44] [I] Average on 10 runs - GPU latency: 1.48301 ms - Host latency: 1.48301 ms (enqueue 0.499805 ms)
[09/25/2026-21:58:44] [I] Average on 10 runs - GPU latency: 1.48203 ms - Host latency: 1.48203 ms (enqueue 0.498047 ms)
[09/25/2026-21:58:44] [I] Average on 10 runs - GPU latency: 1.48359 ms - Host latency: 1.48359 ms (enqueue 0.506055 ms)
[09/25/2026-21:58:44] [I] Average on 10 runs - GPU latency: 1.4832 ms - Host latency: 1.4832 ms (enqueue 0.503125 ms)
[09/25/2026-21:58:44] [I] Average on 10 runs - GPU latency: 1.4834 ms - Host latency: 1.4834 ms (enqueue 0.500781 ms)
[09/25/2026-21:58:44] [I] Average on 10 runs - GPU latency: 1.4832 ms - Host latency: 1.4832 ms (enqueue 0.502734 ms)
[09/25/2026-21:58:44] [I] Average on 10 runs - GPU latency: 1.4832 ms - Host latency: 1.4832 ms (enqueue 0.501953 ms)
[09/25/2026-21:58:44] [I] Average on 10 runs - GPU latency: 1.48242 ms - Host latency: 1.48242 ms (enqueue 0.498828 ms)
[09/25/2026-21:58:44] [I] Average on 10 runs - GPU latency: 1.48262 ms - Host latency: 1.48262 ms (enqueue 0.50332 ms)
[09/25/2026-21:58:44] [I] Average on 10 runs - GPU latency: 1.48262 ms - Host latency: 1.48262 ms (enqueue 0.507031 ms)
[09/25/2026-21:58:44] [I] Average on 10 runs - GPU latency: 1.48281 ms - Host latency: 1.48281 ms (enqueue 0.500391 ms)
[09/25/2026-21:58:44] [I] Average on 10 runs - GPU latency: 1.48438 ms - Host latency: 1.48438 ms (enqueue 0.505859 ms)
[09/25/2026-21:58:44] [I] Average on 10 runs - GPU latency: 1.48418 ms - Host latency: 1.48418 ms (enqueue 0.502148 ms)
[09/25/2026-21:58:44] [I] Average on 10 runs - GPU latency: 1.48262 ms - Host latency: 1.48262 ms (enqueue 0.506055 ms)
[09/25/2026-21:58:44] [I] Average on 10 runs - GPU latency: 1.48359 ms - Host latency: 1.48359 ms (enqueue 0.501562 ms)
[09/25/2026-21:58:44] [I] Average on 10 runs - GPU latency: 1.4834 ms - Host latency: 1.4834 ms (enqueue 0.498633 ms)
[09/25/2026-21:58:44] [I] Average on 10 runs - GPU latency: 1.48164 ms - Host latency: 1.48164 ms (enqueue 0.499609 ms)
[09/25/2026-21:58:44] [I] Average on 10 runs - GPU latency: 1.48262 ms - Host latency: 1.48262 ms (enqueue 0.501758 ms)
[09/25/2026-21:58:44] [I] Average on 10 runs - GPU latency: 1.48203 ms - Host latency: 1.48203 ms (enqueue 0.505664 ms)
[09/25/2026-21:58:44] [I] Average on 10 runs - GPU latency: 1.48262 ms - Host latency: 1.48262 ms (enqueue 0.498828 ms)
[09/25/2026-21:58:44] [I] Average on 10 runs - GPU latency: 1.48301 ms - Host latency: 1.48301 ms (enqueue 0.501953 ms)
[09/25/2026-21:58:44] [I] Average on 10 runs - GPU latency: 1.48516 ms - Host latency: 1.48516 ms (enqueue 0.501953 ms)
[09/25/2026-21:58:44] [I] Average on 10 runs - GPU latency: 1.4832 ms - Host latency: 1.4832 ms (enqueue 0.500586 ms)
[09/25/2026-21:58:44] [I] Average on 10 runs - GPU latency: 1.48242 ms - Host latency: 1.48242 ms (enqueue 0.499023 ms)
[09/25/2026-21:58:44] [I] Average on 10 runs - GPU latency: 1.48535 ms - Host latency: 1.48535 ms (enqueue 0.502539 ms)
[09/25/2026-21:58:44] [I] Average on 10 runs - GPU latency: 1.48418 ms - Host latency: 1.48418 ms (enqueue 0.494922 ms)
[09/25/2026-21:58:44] [I] Average on 10 runs - GPU latency: 1.48398 ms - Host latency: 1.48398 ms (enqueue 0.501953 ms)
[09/25/2026-21:58:44] [I] Average on 10 runs - GPU latency: 1.4834 ms - Host latency: 1.4834 ms (enqueue 0.50293 ms)
[09/25/2026-21:58:44] [I] Average on 10 runs - GPU latency: 1.48438 ms - Host latency: 1.48438 ms (enqueue 0.502734 ms)
[09/25/2026-21:58:44] [I] Average on 10 runs - GPU latency: 1.4834 ms - Host latency: 1.4834 ms (enqueue 0.497461 ms)
[09/25/2026-21:58:44] [I] Average on 10 runs - GPU latency: 1.48281 ms - Host latency: 1.48281 ms (enqueue 0.501367 ms)
[09/25/2026-21:58:44] [I] Average on 10 runs - GPU latency: 1.4834 ms - Host latency: 1.4834 ms (enqueue 0.502539 ms)
[09/25/2026-21:58:44] [I] Average on 10 runs - GPU latency: 1.4834 ms - Host latency: 1.4834 ms (enqueue 0.496289 ms)
[09/25/2026-21:58:44] [I] Average on 10 runs - GPU latency: 1.48496 ms - Host latency: 1.48496 ms (enqueue 0.503125 ms)
[09/25/2026-21:58:44] [I] Average on 10 runs - GPU latency: 1.48379 ms - Host latency: 1.48379 ms (enqueue 0.505859 ms)
[09/25/2026-21:58:44] [I] Average on 10 runs - GPU latency: 1.48398 ms - Host latency: 1.48398 ms (enqueue 0.5 ms)
[09/25/2026-21:58:44] [I] Average on 10 runs - GPU latency: 1.4834 ms - Host latency: 1.4834 ms (enqueue 0.499609 ms)
[09/25/2026-21:58:44] [I] Average on 10 runs - GPU latency: 1.4834 ms - Host latency: 1.4834 ms (enqueue 0.498633 ms)
[09/25/2026-21:58:44] [I] Average on 10 runs - GPU latency: 1.48359 ms - Host latency: 1.48359 ms (enqueue 0.503516 ms)
[09/25/2026-21:58:44] [I] Average on 10 runs - GPU latency: 1.48418 ms - Host latency: 1.48418 ms (enqueue 0.493555 ms)
[09/25/2026-21:58:44] [I] Average on 10 runs - GPU latency: 1.48438 ms - Host latency: 1.48438 ms (enqueue 0.501953 ms)
[09/25/2026-21:58:44] [I] Average on 10 runs - GPU latency: 1.48301 ms - Host latency: 1.48301 ms (enqueue 0.499219 ms)
[09/25/2026-21:58:44] [I] Average on 10 runs - GPU latency: 1.48418 ms - Host latency: 1.48418 ms (enqueue 0.500391 ms)
[09/25/2026-21:58:44] [I] Average on 10 runs - GPU latency: 1.48418 ms - Host latency: 1.48418 ms (enqueue 0.502344 ms)
[09/25/2026-21:58:44] [I] Average on 10 runs - GPU latency: 1.48516 ms - Host latency: 1.48516 ms (enqueue 0.502539 ms)
[09/25/2026-21:58:44] [I] Average on 10 runs - GPU latency: 1.48359 ms - Host latency: 1.48359 ms (enqueue 0.498242 ms)
[09/25/2026-21:58:44] [I] Average on 10 runs - GPU latency: 1.48359 ms - Host latency: 1.48359 ms (enqueue 0.497656 ms)
[09/25/2026-21:58:44] [I] Average on 10 runs - GPU latency: 1.48516 ms - Host latency: 1.48516 ms (enqueue 0.505859 ms)
[09/25/2026-21:58:44] [I] Average on 10 runs - GPU latency: 1.48359 ms - Host latency: 1.48359 ms (enqueue 0.497656 ms)
[09/25/2026-21:58:44] [I] Average on 10 runs - GPU latency: 1.48574 ms - Host latency: 1.48574 ms (enqueue 0.497852 ms)
[09/25/2026-21:58:44] [I] Average on 10 runs - GPU latency: 1.48516 ms - Host latency: 1.48516 ms (enqueue 0.499414 ms)
[09/25/2026-21:58:44] [I] Average on 10 runs - GPU latency: 1.48438 ms - Host latency: 1.48438 ms (enqueue 0.498047 ms)
[09/25/2026-21:58:44] [I] Average on 10 runs - GPU latency: 1.4832 ms - Host latency: 1.4832 ms (enqueue 0.500586 ms)
[09/25/2026-21:58:44] [I] Average on 10 runs - GPU latency: 1.48379 ms - Host latency: 1.48379 ms (enqueue 0.492578 ms)
[09/25/2026-21:58:44] [I] Average on 10 runs - GPU latency: 1.48359 ms - Host latency: 1.48359 ms (enqueue 0.495898 ms)
[09/25/2026-21:58:44] [I] Average on 10 runs - GPU latency: 1.4834 ms - Host latency: 1.4834 ms (enqueue 0.499414 ms)
[09/25/2026-21:58:44] [I] Average on 10 runs - GPU latency: 1.48496 ms - Host latency: 1.48496 ms (enqueue 0.502344 ms)
[09/25/2026-21:58:44] [I] Average on 10 runs - GPU latency: 1.48438 ms - Host latency: 1.48438 ms (enqueue 0.496289 ms)
[09/25/2026-21:58:44] [I] Average on 10 runs - GPU latency: 1.48262 ms - Host latency: 1.48262 ms (enqueue 0.496289 ms)
[09/25/2026-21:58:44] [I] Average on 10 runs - GPU latency: 1.48555 ms - Host latency: 1.48555 ms (enqueue 0.502539 ms)
[09/25/2026-21:58:44] [I] Average on 10 runs - GPU latency: 1.48438 ms - Host latency: 1.48438 ms (enqueue 0.497461 ms)
[09/25/2026-21:58:44] [I] Average on 10 runs - GPU latency: 1.48477 ms - Host latency: 1.48477 ms (enqueue 0.500195 ms)
[09/25/2026-21:58:44] [I] Average on 10 runs - GPU latency: 1.48496 ms - Host latency: 1.48496 ms (enqueue 0.50293 ms)
[09/25/2026-21:58:44] [I] Average on 10 runs - GPU latency: 1.48418 ms - Host latency: 1.48418 ms (enqueue 0.501562 ms)
[09/25/2026-21:58:44] [I] Average on 10 runs - GPU latency: 1.48262 ms - Host latency: 1.48262 ms (enqueue 0.498633 ms)
[09/25/2026-21:58:44] [I] Average on 10 runs - GPU latency: 1.48262 ms - Host latency: 1.48262 ms (enqueue 0.495117 ms)
[09/25/2026-21:58:44] [I] Average on 10 runs - GPU latency: 1.48359 ms - Host latency: 1.48359 ms (enqueue 0.504687 ms)
[09/25/2026-21:58:44] [I] Average on 10 runs - GPU latency: 1.4834 ms - Host latency: 1.4834 ms (enqueue 0.500781 ms)
[09/25/2026-21:58:44] [I] Average on 10 runs - GPU latency: 1.48379 ms - Host latency: 1.48379 ms (enqueue 0.503516 ms)
[09/25/2026-21:58:44] [I] Average on 10 runs - GPU latency: 1.48301 ms - Host latency: 1.48301 ms (enqueue 0.50332 ms)
[09/25/2026-21:58:44] [I] Average on 10 runs - GPU latency: 1.48359 ms - Host latency: 1.48359 ms (enqueue 0.496094 ms)
[09/25/2026-21:58:44] [I] Average on 10 runs - GPU latency: 1.48262 ms - Host latency: 1.48262 ms (enqueue 0.499609 ms)
[09/25/2026-21:58:44] [I] Average on 10 runs - GPU latency: 1.48516 ms - Host latency: 1.48516 ms (enqueue 0.495313 ms)
[09/25/2026-21:58:44] [I] Average on 10 runs - GPU latency: 1.48242 ms - Host latency: 1.48242 ms (enqueue 0.494922 ms)
[09/25/2026-21:58:44] [I] Average on 10 runs - GPU latency: 1.48398 ms - Host latency: 1.48398 ms (enqueue 0.492773 ms)
[09/25/2026-21:58:44] [I] Average on 10 runs - GPU latency: 1.48359 ms - Host latency: 1.48359 ms (enqueue 0.498633 ms)
[09/25/2026-21:58:44] [I] Average on 10 runs - GPU latency: 1.4832 ms - Host latency: 1.4832 ms (enqueue 0.5 ms)
[09/25/2026-21:58:44] [I] Average on 10 runs - GPU latency: 1.48379 ms - Host latency: 1.48379 ms (enqueue 0.495508 ms)
[09/25/2026-21:58:44] [I] Average on 10 runs - GPU latency: 1.48281 ms - Host latency: 1.48281 ms (enqueue 0.497852 ms)
[09/25/2026-21:58:44] [I] Average on 10 runs - GPU latency: 1.48398 ms - Host latency: 1.48398 ms (enqueue 0.503711 ms)
[09/25/2026-21:58:44] [I] Average on 10 runs - GPU latency: 1.48438 ms - Host latency: 1.48438 ms (enqueue 0.500195 ms)
[09/25/2026-21:58:44] [I] Average on 10 runs - GPU latency: 1.48496 ms - Host latency: 1.48496 ms (enqueue 0.500781 ms)
[09/25/2026-21:58:44] [I] Average on 10 runs - GPU latency: 1.48301 ms - Host latency: 1.48301 ms (enqueue 0.509375 ms)
[09/25/2026-21:58:44] [I] Average on 10 runs - GPU latency: 1.48242 ms - Host latency: 1.48242 ms (enqueue 0.498047 ms)
[09/25/2026-21:58:44] [I] Average on 10 runs - GPU latency: 1.48496 ms - Host latency: 1.48496 ms (enqueue 0.497461 ms)
[09/25/2026-21:58:44] [I] Average on 10 runs - GPU latency: 1.48438 ms - Host latency: 1.48438 ms (enqueue 0.49707 ms)
[09/25/2026-21:58:44] [I] Average on 10 runs - GPU latency: 1.4832 ms - Host latency: 1.4832 ms (enqueue 0.497266 ms)
[09/25/2026-21:58:44] [I] Average on 10 runs - GPU latency: 1.4834 ms - Host latency: 1.4834 ms (enqueue 0.496094 ms)
[09/25/2026-21:58:44] [I] Average on 10 runs - GPU latency: 1.48438 ms - Host latency: 1.48438 ms (enqueue 0.50332 ms)
[09/25/2026-21:58:44] [I] Average on 10 runs - GPU latency: 1.48379 ms - Host latency: 1.48379 ms (enqueue 0.50293 ms)
[09/25/2026-21:58:44] [I] Average on 10 runs - GPU latency: 1.48418 ms - Host latency: 1.48418 ms (enqueue 0.502734 ms)
[09/25/2026-21:58:44] [I] Average on 10 runs - GPU latency: 1.48281 ms - Host latency: 1.48281 ms (enqueue 0.498047 ms)
[09/25/2026-21:58:44] [I] Average on 10 runs - GPU latency: 1.48398 ms - Host latency: 1.48398 ms (enqueue 0.499609 ms)
[09/25/2026-21:58:44] [I] Average on 10 runs - GPU latency: 1.48262 ms - Host latency: 1.48262 ms (enqueue 0.500391 ms)
[09/25/2026-21:58:44] [I] Average on 10 runs - GPU latency: 1.48457 ms - Host latency: 1.48457 ms (enqueue 0.49707 ms)
[09/25/2026-21:58:44] [I] Average on 10 runs - GPU latency: 1.4834 ms - Host latency: 1.4834 ms (enqueue 0.501172 ms)
[09/25/2026-21:58:44] [I] Average on 10 runs - GPU latency: 1.48281 ms - Host latency: 1.48281 ms (enqueue 0.500391 ms)
[09/25/2026-21:58:44] [I] Average on 10 runs - GPU latency: 1.48398 ms - Host latency: 1.48398 ms (enqueue 0.497656 ms)
[09/25/2026-21:58:44] [I] Average on 10 runs - GPU latency: 1.48301 ms - Host latency: 1.48301 ms (enqueue 0.499023 ms)
[09/25/2026-21:58:44] [I] Average on 10 runs - GPU latency: 1.4834 ms - Host latency: 1.4834 ms (enqueue 0.500195 ms)
[09/25/2026-21:58:44] [I] Average on 10 runs - GPU latency: 1.4834 ms - Host latency: 1.4834 ms (enqueue 0.498047 ms)
[09/25/2026-21:58:44] [I] Average on 10 runs - GPU latency: 1.48359 ms - Host latency: 1.48359 ms (enqueue 0.496289 ms)
[09/25/2026-21:58:44] [I] Average on 10 runs - GPU latency: 1.48418 ms - Host latency: 1.48418 ms (enqueue 0.499219 ms)
[09/25/2026-21:58:44] [I] Average on 10 runs - GPU latency: 1.48359 ms - Host latency: 1.48359 ms (enqueue 0.500781 ms)
[09/25/2026-21:58:44] [I] Average on 10 runs - GPU latency: 1.48457 ms - Host latency: 1.48457 ms (enqueue 0.505469 ms)
[09/25/2026-21:58:44] [I] Average on 10 runs - GPU latency: 1.48379 ms - Host latency: 1.48379 ms (enqueue 0.501758 ms)
[09/25/2026-21:58:44] [I] Average on 10 runs - GPU latency: 1.48379 ms - Host latency: 1.48379 ms (enqueue 0.503125 ms)
[09/25/2026-21:58:44] [I] Average on 10 runs - GPU latency: 1.48281 ms - Host latency: 1.48281 ms (enqueue 0.502344 ms)
[09/25/2026-21:58:44] [I] Average on 10 runs - GPU latency: 1.48398 ms - Host latency: 1.48398 ms (enqueue 0.503906 ms)
[09/25/2026-21:58:44] [I] Average on 10 runs - GPU latency: 1.48301 ms - Host latency: 1.48301 ms (enqueue 0.497656 ms)
[09/25/2026-21:58:44] [I] Average on 10 runs - GPU latency: 1.48242 ms - Host latency: 1.48242 ms (enqueue 0.506641 ms)
[09/25/2026-21:58:44] [I] Average on 10 runs - GPU latency: 1.48281 ms - Host latency: 1.48281 ms (enqueue 0.504883 ms)
[09/25/2026-21:58:44] [I] Average on 10 runs - GPU latency: 1.48418 ms - Host latency: 1.48418 ms (enqueue 0.500977 ms)
[09/25/2026-21:58:44] [I] Average on 10 runs - GPU latency: 1.48398 ms - Host latency: 1.48398 ms (enqueue 0.501758 ms)
[09/25/2026-21:58:44] [I] Average on 10 runs - GPU latency: 1.48379 ms - Host latency: 1.48379 ms (enqueue 0.500781 ms)
[09/25/2026-21:58:44] [I] Average on 10 runs - GPU latency: 1.48223 ms - Host latency: 1.48223 ms (enqueue 0.501367 ms)
[09/25/2026-21:58:44] [I] Average on 10 runs - GPU latency: 1.48457 ms - Host latency: 1.48457 ms (enqueue 0.501758 ms)
[09/25/2026-21:58:44] [I] Average on 10 runs - GPU latency: 1.48379 ms - Host latency: 1.48379 ms (enqueue 0.499219 ms)
[09/25/2026-21:58:44] [I] Average on 10 runs - GPU latency: 1.48438 ms - Host latency: 1.48438 ms (enqueue 0.503516 ms)
[09/25/2026-21:58:44] [I] Average on 10 runs - GPU latency: 1.48496 ms - Host latency: 1.48496 ms (enqueue 0.504883 ms)
[09/25/2026-21:58:44] [I] Average on 10 runs - GPU latency: 1.48281 ms - Host latency: 1.48281 ms (enqueue 0.501953 ms)
[09/25/2026-21:58:44] [I] Average on 10 runs - GPU latency: 1.48242 ms - Host latency: 1.48242 ms (enqueue 0.494531 ms)
[09/25/2026-21:58:44] [I] Average on 10 runs - GPU latency: 1.48262 ms - Host latency: 1.48262 ms (enqueue 0.498633 ms)
[09/25/2026-21:58:44] [I] Average on 10 runs - GPU latency: 1.48301 ms - Host latency: 1.48301 ms (enqueue 0.498828 ms)
[09/25/2026-21:58:44] [I] Average on 10 runs - GPU latency: 1.48477 ms - Host latency: 1.48477 ms (enqueue 0.500586 ms)
[09/25/2026-21:58:44] [I] Average on 10 runs - GPU latency: 1.48359 ms - Host latency: 1.48359 ms (enqueue 0.507227 ms)
[09/25/2026-21:58:44] [I] Average on 10 runs - GPU latency: 1.48398 ms - Host latency: 1.48398 ms (enqueue 0.499414 ms)
[09/25/2026-21:58:44] [I] Average on 10 runs - GPU latency: 1.4832 ms - Host latency: 1.4832 ms (enqueue 0.506055 ms)
[09/25/2026-21:58:44] [I] Average on 10 runs - GPU latency: 1.48184 ms - Host latency: 1.48184 ms (enqueue 0.505078 ms)
[09/25/2026-21:58:44] [I] Average on 10 runs - GPU latency: 1.48301 ms - Host latency: 1.48301 ms (enqueue 0.501367 ms)
[09/25/2026-21:58:44] [I] Average on 10 runs - GPU latency: 1.48301 ms - Host latency: 1.48301 ms (enqueue 0.506055 ms)
[09/25/2026-21:58:44] [I] Average on 10 runs - GPU latency: 1.48379 ms - Host latency: 1.48379 ms (enqueue 0.504883 ms)
[09/25/2026-21:58:44] [I] Average on 10 runs - GPU latency: 1.48301 ms - Host latency: 1.48301 ms (enqueue 0.49707 ms)
[09/25/2026-21:58:44] [I] Average on 10 runs - GPU latency: 1.48262 ms - Host latency: 1.48262 ms (enqueue 0.503906 ms)
[09/25/2026-21:58:44] [I] Average on 10 runs - GPU latency: 1.4834 ms - Host latency: 1.4834 ms (enqueue 0.507422 ms)
[09/25/2026-21:58:44] [I] Average on 10 runs - GPU latency: 1.48359 ms - Host latency: 1.48359 ms (enqueue 0.499023 ms)
[09/25/2026-21:58:44] [I] Average on 10 runs - GPU latency: 1.48398 ms - Host latency: 1.48398 ms (enqueue 0.491992 ms)
[09/25/2026-21:58:44] [I] Average on 10 runs - GPU latency: 1.48359 ms - Host latency: 1.48359 ms (enqueue 0.499219 ms)
[09/25/2026-21:58:44] [I] Average on 10 runs - GPU latency: 1.48379 ms - Host latency: 1.48379 ms (enqueue 0.499805 ms)
[09/25/2026-21:58:44] [I] Average on 10 runs - GPU latency: 1.48379 ms - Host latency: 1.48379 ms (enqueue 0.499805 ms)
[09/25/2026-21:58:44] [I] Average on 10 runs - GPU latency: 1.4834 ms - Host latency: 1.4834 ms (enqueue 0.507227 ms)
[09/25/2026-21:58:44] [I] Average on 10 runs - GPU latency: 1.48418 ms - Host latency: 1.48418 ms (enqueue 0.501953 ms)
[09/25/2026-21:58:44] [I] Average on 10 runs - GPU latency: 1.48301 ms - Host latency: 1.48301 ms (enqueue 0.504492 ms)
[09/25/2026-21:58:44] [I] Average on 10 runs - GPU latency: 1.48262 ms - Host latency: 1.48262 ms (enqueue 0.496875 ms)
[09/25/2026-21:58:44] [I] Average on 10 runs - GPU latency: 1.48477 ms - Host latency: 1.48477 ms (enqueue 0.505078 ms)
[09/25/2026-21:58:44] [I] Average on 10 runs - GPU latency: 1.48496 ms - Host latency: 1.48496 ms (enqueue 0.501172 ms)
[09/25/2026-21:58:44] [I] Average on 10 runs - GPU latency: 1.48438 ms - Host latency: 1.48438 ms (enqueue 0.507031 ms)
[09/25/2026-21:58:44] [I] Average on 10 runs - GPU latency: 1.48301 ms - Host latency: 1.48301 ms (enqueue 0.499609 ms)
[09/25/2026-21:58:44] [I] Average on 10 runs - GPU latency: 1.48398 ms - Host latency: 1.48398 ms (enqueue 0.506641 ms)
[09/25/2026-21:58:44] [I] Average on 10 runs - GPU latency: 1.48281 ms - Host latency: 1.48281 ms (enqueue 0.498828 ms)
[09/25/2026-21:58:44] [I] Average on 10 runs - GPU latency: 1.48359 ms - Host latency: 1.48359 ms (enqueue 0.494922 ms)
[09/25/2026-21:58:44] [I] Average on 10 runs - GPU latency: 1.48477 ms - Host latency: 1.48477 ms (enqueue 0.502344 ms)
[09/25/2026-21:58:44] [I] Average on 10 runs - GPU latency: 1.48398 ms - Host latency: 1.48398 ms (enqueue 0.499805 ms)
[09/25/2026-21:58:44] [I] Average on 10 runs - GPU latency: 1.4834 ms - Host latency: 1.4834 ms (enqueue 0.494727 ms)
[09/25/2026-21:58:44] [I] Average on 10 runs - GPU latency: 1.48359 ms - Host latency: 1.48359 ms (enqueue 0.503125 ms)
[09/25/2026-21:58:44] [I] Average on 10 runs - GPU latency: 1.48457 ms - Host latency: 1.48457 ms (enqueue 0.502344 ms)
[09/25/2026-21:58:44] [I] Average on 10 runs - GPU latency: 1.48398 ms - Host latency: 1.48398 ms (enqueue 0.49707 ms)
[09/25/2026-21:58:44] [I] Average on 10 runs - GPU latency: 1.48457 ms - Host latency: 1.48457 ms (enqueue 0.498828 ms)
[09/25/2026-21:58:44] [I] Average on 10 runs - GPU latency: 1.48418 ms - Host latency: 1.48418 ms (enqueue 0.498828 ms)
[09/25/2026-21:58:44] [I] Average on 10 runs - GPU latency: 1.48262 ms - Host latency: 1.48262 ms (enqueue 0.500586 ms)
[09/25/2026-21:58:44] [I] Average on 10 runs - GPU latency: 1.48379 ms - Host latency: 1.48379 ms (enqueue 0.500195 ms)
[09/25/2026-21:58:44] [I] Average on 10 runs - GPU latency: 1.48301 ms - Host latency: 1.48301 ms (enqueue 0.500781 ms)
[09/25/2026-21:58:44] [I] Average on 10 runs - GPU latency: 1.48418 ms - Host latency: 1.48418 ms (enqueue 0.500977 ms)
[09/25/2026-21:58:44] [I] Average on 10 runs - GPU latency: 1.48281 ms - Host latency: 1.48281 ms (enqueue 0.504687 ms)
[09/25/2026-21:58:44] [I] 
[09/25/2026-21:58:44] [I] === Performance summary ===
[09/25/2026-21:58:44] [I] Throughput: 672.381 qps
[09/25/2026-21:58:44] [I] Latency: min = 1.47461 ms, max = 4.87988 ms, mean = 1.48596 ms, median = 1.4834 ms, percentile(90%) = 1.48633 ms, percentile(95%) = 1.48828 ms, percentile(99%) = 1.48975 ms
[09/25/2026-21:58:44] [I] Enqueue Time: min = 0.475586 ms, max = 1.05615 ms, mean = 0.501906 ms, median = 0.5 ms, percentile(90%) = 0.517578 ms, percentile(95%) = 0.527344 ms, percentile(99%) = 0.545898 ms
[09/25/2026-21:58:44] [I] H2D Latency: min = 0 ms, max = 0 ms, mean = 0 ms, median = 0 ms, percentile(90%) = 0 ms, percentile(95%) = 0 ms, percentile(99%) = 0 ms
[09/25/2026-21:58:44] [I] GPU Compute Time: min = 1.47461 ms, max = 4.87988 ms, mean = 1.48596 ms, median = 1.4834 ms, percentile(90%) = 1.48633 ms, percentile(95%) = 1.48828 ms, percentile(99%) = 1.48975 ms
[09/25/2026-21:58:44] [I] D2H Latency: min = 0 ms, max = 0 ms, mean = 0 ms, median = 0 ms, percentile(90%) = 0 ms, percentile(95%) = 0 ms, percentile(99%) = 0 ms
[09/25/2026-21:58:44] [I] Total Host Walltime: 30.0009 s
[09/25/2026-21:58:44] [I] Total GPU Compute Time: 29.9747 s
[09/25/2026-21:58:44] [I] Explanations of the performance metrics are printed in the verbose logs.
[09/25/2026-21:58:44] [I] 
[09/25/2026-21:59:16] [I] 
[09/25/2026-21:59:16] [I] === Profile (18535 iterations ) ===
[09/25/2026-21:59:16] [I]    Time(ms)     Avg.(ms)   Median(ms)   Time(%)   Layer
[09/25/2026-21:59:16] [I]     1850.53       0.0998       0.0987       6.1   Reformatting CopyNode for Input Tensor 0 to Conv_0 + Clip_1
[09/25/2026-21:59:16] [I]      799.41       0.0431       0.0429       2.7   Conv_0 + Clip_1
[09/25/2026-21:59:16] [I]     1245.51       0.0672       0.0672       4.1   Conv_2 + Clip_3
[09/25/2026-21:59:16] [I]      724.84       0.0391       0.0391       2.4   Conv_4
[09/25/2026-21:59:16] [I]     1425.46       0.0769       0.0769       4.7   Conv_5 + Clip_6
[09/25/2026-21:59:16] [I]     2100.60       0.1133       0.1133       7.0   Conv_7 + Clip_8
[09/25/2026-21:59:16] [I]      550.09       0.0297       0.0297       1.8   Conv_9
[09/25/2026-21:59:16] [I]      712.04       0.0384       0.0384       2.4   Conv_10 + Clip_11
[09/25/2026-21:59:16] [I]     1311.92       0.0708       0.0708       4.4   Conv_12 + Clip_13
[09/25/2026-21:59:16] [I]      737.25       0.0398       0.0398       2.4   Conv_14 + Add_15
[09/25/2026-21:59:16] [I]      720.51       0.0389       0.0389       2.4   Conv_16 + Clip_17
[09/25/2026-21:59:16] [I]      784.97       0.0424       0.0423       2.6   Conv_18 + Clip_19
[09/25/2026-21:59:16] [I]      327.24       0.0177       0.0176       1.1   Conv_20
[09/25/2026-21:59:16] [I]      388.14       0.0209       0.0209       1.3   Conv_21 + Clip_22
[09/25/2026-21:59:16] [I]      573.27       0.0309       0.0309       1.9   Conv_23 + Clip_24
[09/25/2026-21:59:16] [I]      331.63       0.0179       0.0179       1.1   Conv_25 + Add_26
[09/25/2026-21:59:16] [I]      347.28       0.0187       0.0188       1.2   Conv_27 + Clip_28
[09/25/2026-21:59:16] [I]      574.92       0.0310       0.0310       1.9   Conv_29 + Clip_30
[09/25/2026-21:59:16] [I]      327.18       0.0177       0.0176       1.1   Conv_31 + Add_32
[09/25/2026-21:59:16] [I]      352.64       0.0190       0.0190       1.2   Conv_33 + Clip_34
[09/25/2026-21:59:16] [I]      319.55       0.0172       0.0172       1.1   Conv_35 + Clip_36
[09/25/2026-21:59:16] [I]      250.58       0.0135       0.0135       0.8   Conv_37
[09/25/2026-21:59:16] [I]      328.27       0.0177       0.0177       1.1   Conv_38 + Clip_39
[09/25/2026-21:59:16] [I]      384.56       0.0207       0.0208       1.3   Conv_40 + Clip_41
[09/25/2026-21:59:16] [I]      282.10       0.0152       0.0152       0.9   Conv_42 + Add_43
[09/25/2026-21:59:16] [I]      320.91       0.0173       0.0173       1.1   Conv_44 + Clip_45
[09/25/2026-21:59:16] [I]      380.26       0.0205       0.0204       1.3   Conv_46 + Clip_47
[09/25/2026-21:59:16] [I]      278.57       0.0150       0.0150       0.9   Conv_48 + Add_49
[09/25/2026-21:59:16] [I]      312.35       0.0169       0.0169       1.0   Conv_50 + Clip_51
[09/25/2026-21:59:16] [I]      380.84       0.0205       0.0205       1.3   Conv_52 + Clip_53
[09/25/2026-21:59:16] [I]      278.22       0.0150       0.0150       0.9   Conv_54 + Add_55
[09/25/2026-21:59:16] [I]      309.35       0.0167       0.0167       1.0   Conv_56 + Clip_57
[09/25/2026-21:59:16] [I]      381.36       0.0206       0.0205       1.3   Conv_58 + Clip_59
[09/25/2026-21:59:16] [I]      335.24       0.0181       0.0181       1.1   Conv_60
[09/25/2026-21:59:16] [I]      440.46       0.0238       0.0238       1.5   Conv_61 + Clip_62
[09/25/2026-21:59:16] [I]      461.87       0.0249       0.0249       1.5   Conv_63 + Clip_64
[09/25/2026-21:59:16] [I]      406.21       0.0219       0.0219       1.3   Conv_65 + Add_66
[09/25/2026-21:59:16] [I]      424.09       0.0229       0.0229       1.4   Conv_67 + Clip_68
[09/25/2026-21:59:16] [I]      460.54       0.0248       0.0249       1.5   Conv_69 + Clip_70
[09/25/2026-21:59:16] [I]      398.48       0.0215       0.0214       1.3   Conv_71 + Add_72
[09/25/2026-21:59:16] [I]      424.53       0.0229       0.0229       1.4   Conv_73 + Clip_74
[09/25/2026-21:59:16] [I]      286.25       0.0154       0.0154       1.0   Conv_75 + Clip_76
[09/25/2026-21:59:16] [I]      317.01       0.0171       0.0171       1.1   Conv_77
[09/25/2026-21:59:16] [I]      458.49       0.0247       0.0247       1.5   Conv_78 + Clip_79
[09/25/2026-21:59:16] [I]      289.08       0.0156       0.0156       1.0   Conv_80 + Clip_81
[09/25/2026-21:59:16] [I]      400.27       0.0216       0.0216       1.3   Conv_82 + Add_83
[09/25/2026-21:59:16] [I]      459.33       0.0248       0.0247       1.5   Conv_84 + Clip_85
[09/25/2026-21:59:16] [I]      290.63       0.0157       0.0157       1.0   Conv_86 + Clip_87
[09/25/2026-21:59:16] [I]      366.49       0.0198       0.0197       1.2   Conv_88 + Add_89
[09/25/2026-21:59:16] [I]      448.59       0.0242       0.0241       1.5   Conv_90 + Clip_91
[09/25/2026-21:59:16] [I]      279.06       0.0151       0.0150       0.9   Conv_92 + Clip_93
[09/25/2026-21:59:16] [I]      497.54       0.0268       0.0268       1.7   Conv_94
[09/25/2026-21:59:16] [I]      780.55       0.0421       0.0421       2.6   Conv_95 + Clip_96
[09/25/2026-21:59:16] [I]      213.89       0.0115       0.0115       0.7   GlobalAveragePool_97
[09/25/2026-21:59:16] [I]     1295.54       0.0699       0.0700       4.3   Gemm_104_myl55_0
[09/25/2026-21:59:16] [I]    30126.50       1.6254       1.6244     100.0   Total
[09/25/2026-21:59:16] [I] 
&&&& PASSED TensorRT.trtexec [TensorRT v101602] [b10] # /usr/src/tensorrt/bin/trtexec --loadEngine=models/mobilenetv2_tf32.plan --shapes=input:1x3x224x224 --warmUp=2000 --duration=30 --noDataTransfers --profilingVerbosity=detailed --dumpProfile --separateProfileRun --exportProfile=/home/vdavid21/edge-inference-benchmark-lab/results/profiles/20260925T195811Z_mobilenetv2_tf32_tf32_25W_pinned_276801ac2b6a/profile.json --useSpinWait
[09/25/2026-21:58:12] [W] [TRT] Using an engine plan file across different models of devices is not supported and is likely to affect performance or even cause errors or deadlock.
[09/25/2026-21:58:44] [W] * GPU compute time is unstable, with coefficient of variance = 4.47934%.
[09/25/2026-21:58:44] [W]   If not already in use, locking GPU clock frequency or adding --useSpinWait may improve the stability.
