&&&& RUNNING TensorRT.trtexec [TensorRT v101602] [b10] # /usr/src/tensorrt/bin/trtexec --loadEngine=models/mobilenetv2_fp16.plan --shapes=input:1x3x224x224 --warmUp=2000 --duration=120 --useCudaGraph
[09/20/2026-21:33:12] [I] TF32 is enabled by default. Add --noTF32 flag to further improve accuracy with some performance cost.
[09/20/2026-21:33:12] [I] === Model Options ===
[09/20/2026-21:33:12] [I] Format: *
[09/20/2026-21:33:12] [I] Model: 
[09/20/2026-21:33:12] [I] Output:
[09/20/2026-21:33:12] [I] 
[09/20/2026-21:33:12] [I] === System Options ===
[09/20/2026-21:33:12] [I] Device: 0
[09/20/2026-21:33:12] [I] DLACore: 
[09/20/2026-21:33:12] [I] Loaded static plugins:
[09/20/2026-21:33:12] [I] setPluginsToSerialize:
[09/20/2026-21:33:12] [I] dynamicPlugins:
[09/20/2026-21:33:12] [I] ignoreParsedPluginLibs: 0
[09/20/2026-21:33:12] [I] 
[09/20/2026-21:33:12] [I] === Inference Options ===
[09/20/2026-21:33:12] [I] Batch: Explicit
[09/20/2026-21:33:12] [I] Input inference shape : input=1x3x224x224
[09/20/2026-21:33:12] [I] Iterations: 10
[09/20/2026-21:33:12] [I] Duration: 120s (+ 2000ms warm up)
[09/20/2026-21:33:12] [I] Sleep time: 0ms
[09/20/2026-21:33:12] [I] Idle time: 0ms
[09/20/2026-21:33:12] [I] Inference Streams: 1
[09/20/2026-21:33:12] [I] ExposeDMA: Disabled
[09/20/2026-21:33:12] [I] Data transfers: Enabled
[09/20/2026-21:33:12] [I] Spin-wait: Disabled
[09/20/2026-21:33:12] [I] Multithreading: Disabled
[09/20/2026-21:33:12] [I] CUDA Graph: Enabled
[09/20/2026-21:33:12] [I] Separate profiling: Disabled
[09/20/2026-21:33:12] [I] Time Deserialize: Disabled
[09/20/2026-21:33:12] [I] Time Refit: Disabled
[09/20/2026-21:33:12] [I] NVTX verbosity: 0
[09/20/2026-21:33:12] [I] Persistent Cache Ratio: 0
[09/20/2026-21:33:12] [I] Optimization Profile Index: 0
[09/20/2026-21:33:12] [I] Weight Streaming Budget: 100.000000%
[09/20/2026-21:33:12] [I] Inputs:
[09/20/2026-21:33:12] [I] Debug Tensor Save Destinations:
[09/20/2026-21:33:12] [I] Dump All Debug Tensor in Formats: 
[09/20/2026-21:33:12] [I] === Reporting Options ===
[09/20/2026-21:33:12] [I] Verbose: Disabled
[09/20/2026-21:33:12] [I] Averages: 10 inferences
[09/20/2026-21:33:12] [I] Percentiles: 90,95,99
[09/20/2026-21:33:12] [I] Dump refittable layers:Disabled
[09/20/2026-21:33:12] [I] Dump output: Disabled
[09/20/2026-21:33:12] [I] Profile: Disabled
[09/20/2026-21:33:12] [I] Export timing to JSON file: 
[09/20/2026-21:33:12] [I] Export output to JSON file: 
[09/20/2026-21:33:12] [I] Export profile to JSON file: 
[09/20/2026-21:33:12] [I] 
[09/20/2026-21:33:12] [I] === Device Information ===
[09/20/2026-21:33:12] [I] Available Devices: 
[09/20/2026-21:33:12] [I]   Device 0: "Orin" UUID: GPU-5e79c5ba-a005-59b8-a6a3-d87e61f25d8b
[09/20/2026-21:33:12] [I] Selected Device: Orin
[09/20/2026-21:33:12] [I] Selected Device ID: 0
[09/20/2026-21:33:12] [I] Selected Device UUID: GPU-5e79c5ba-a005-59b8-a6a3-d87e61f25d8b
[09/20/2026-21:33:12] [I] Compute Capability: 8.7
[09/20/2026-21:33:12] [I] SMs: 8
[09/20/2026-21:33:12] [I] Device Global Memory: 7485 MiB
[09/20/2026-21:33:12] [I] Shared Memory per SM: 164 KiB
[09/20/2026-21:33:12] [I] Memory Bus Width: 128 bits (ECC disabled)
[09/20/2026-21:33:12] [I] Application Compute Clock Rate: 1.02 GHz
[09/20/2026-21:33:12] [I] Application Memory Clock Rate: 0.612 GHz
[09/20/2026-21:33:12] [I] 
[09/20/2026-21:33:12] [I] Note: The application clock rates do not reflect the actual clock rates that the GPU is currently running at.
[09/20/2026-21:33:12] [I] 
[09/20/2026-21:33:12] [I] TensorRT version: 10.16.2
[09/20/2026-21:33:12] [I] Loading standard plugins
[09/20/2026-21:33:13] [I] [TRT] Loaded engine size: 7 MiB
[09/20/2026-21:33:13] [I] Engine deserialized in 0.18132 sec.
[09/20/2026-21:33:13] [I] [TRT] [MemUsageChange] TensorRT-managed allocation in IExecutionContext creation: CPU +0, GPU +4, now: CPU 0, GPU 10 (MiB)
[09/20/2026-21:33:13] [I] Setting persistentCacheLimit to 0 bytes.
[09/20/2026-21:33:13] [I] Created execution context with device memory size: 3.34961 MiB
[09/20/2026-21:33:13] [I] Using random values for input input
[09/20/2026-21:33:13] [I] Input binding for input with dimensions 1x3x224x224 and type fp32 is created.
[09/20/2026-21:33:13] [I] Output binding for output with dimensions 1x1000 and type fp32 is created.
[09/20/2026-21:33:13] [I] Starting inference
[09/20/2026-21:33:13] [I] Capturing CUDA graph for the current execution context
[09/20/2026-21:33:13] [I] Successfully captured CUDA graph for the current execution context
[09/20/2026-21:35:15] [I] Warmup completed 1637 queries over 2000 ms
[09/20/2026-21:35:15] [I] Timing trace has 106779 queries over 120.003 s
[09/20/2026-21:35:15] [I] 
[09/20/2026-21:35:15] [I] === Trace details ===
[09/20/2026-21:35:15] [I] Trace averages of 10 runs:
[09/20/2026-21:35:15] [I] Average on 10 runs - GPU latency: 1.1165 ms - Host latency: 1.18074 ms (enqueue 0.0135254 ms)
[09/20/2026-21:35:15] [I] Average on 10 runs - GPU latency: 1.11779 ms - Host latency: 1.18058 ms (enqueue 0.0136353 ms)
[09/20/2026-21:35:15] [I] Average on 10 runs - GPU latency: 1.11771 ms - Host latency: 1.18591 ms (enqueue 0.0141968 ms)
[09/20/2026-21:35:15] [I] Average on 10 runs - GPU latency: 1.11687 ms - Host latency: 1.18473 ms (enqueue 0.0152832 ms)
[09/20/2026-21:35:15] [I] Average on 10 runs - GPU latency: 1.11481 ms - Host latency: 1.1803 ms (enqueue 0.0138794 ms)
[09/20/2026-21:35:15] [I] Average on 10 runs - GPU latency: 1.11514 ms - Host latency: 1.17861 ms (enqueue 0.0124268 ms)
[09/20/2026-21:35:15] [I] Average on 10 runs - GPU latency: 1.11548 ms - Host latency: 1.18123 ms (enqueue 0.0125977 ms)
[09/20/2026-21:35:15] [I] Average on 10 runs - GPU latency: 1.11536 ms - Host latency: 1.17791 ms (enqueue 0.0122559 ms)
[09/20/2026-21:35:15] [I] Average on 10 runs - GPU latency: 1.11604 ms - Host latency: 1.17815 ms (enqueue 0.0129883 ms)
[09/20/2026-21:35:15] [I] Average on 10 runs - GPU latency: 1.11414 ms - Host latency: 1.17681 ms (enqueue 0.012793 ms)
[09/20/2026-21:35:15] [I] Average on 10 runs - GPU latency: 1.11489 ms - Host latency: 1.17739 ms (enqueue 0.0123047 ms)
[09/20/2026-21:35:15] [I] Average on 10 runs - GPU latency: 1.11624 ms - Host latency: 1.18208 ms (enqueue 0.0133301 ms)
[09/20/2026-21:35:15] [I] Average on 10 runs - GPU latency: 1.1144 ms - Host latency: 1.17791 ms (enqueue 0.0124512 ms)
[09/20/2026-21:35:15] [I] Average on 10 runs - GPU latency: 1.11604 ms - Host latency: 1.18354 ms (enqueue 0.0122803 ms)
[09/20/2026-21:35:15] [I] Average on 10 runs - GPU latency: 1.11504 ms - Host latency: 1.17773 ms (enqueue 0.012793 ms)
[09/20/2026-21:35:15] [I] Average on 10 runs - GPU latency: 1.11582 ms - Host latency: 1.17922 ms (enqueue 0.0124023 ms)
[09/20/2026-21:35:15] [I] Average on 10 runs - GPU latency: 1.11494 ms - Host latency: 1.17737 ms (enqueue 0.0124023 ms)
[09/20/2026-21:35:15] [I] Average on 10 runs - GPU latency: 1.11584 ms - Host latency: 1.17966 ms (enqueue 0.0124268 ms)
[09/20/2026-21:35:15] [I] Average on 10 runs - GPU latency: 1.11609 ms - Host latency: 1.17881 ms (enqueue 0.0123047 ms)
[09/20/2026-21:35:15] [I] Average on 10 runs - GPU latency: 1.11521 ms - Host latency: 1.1772 ms (enqueue 0.0122559 ms)
[09/20/2026-21:35:15] [I] Average on 10 runs - GPU latency: 1.11707 ms - Host latency: 1.18628 ms (enqueue 0.0148682 ms)
[09/20/2026-21:35:15] [I] Average on 10 runs - GPU latency: 1.1176 ms - Host latency: 1.18342 ms (enqueue 0.0143311 ms)
[09/20/2026-21:35:15] [I] Average on 10 runs - GPU latency: 1.11697 ms - Host latency: 1.18416 ms (enqueue 0.0152344 ms)
[09/20/2026-21:35:15] [I] Average on 10 runs - GPU latency: 1.11523 ms - Host latency: 1.17983 ms (enqueue 0.0139893 ms)
[09/20/2026-21:35:15] [I] Average on 10 runs - GPU latency: 1.11748 ms - Host latency: 1.18481 ms (enqueue 0.013208 ms)
[09/20/2026-21:35:15] [I] Average on 10 runs - GPU latency: 1.11777 ms - Host latency: 1.18198 ms (enqueue 0.0143311 ms)
[09/20/2026-21:35:15] [I] Average on 10 runs - GPU latency: 1.11616 ms - Host latency: 1.18164 ms (enqueue 0.0133301 ms)
[09/20/2026-21:35:15] [I] Average on 10 runs - GPU latency: 1.11667 ms - Host latency: 1.18127 ms (enqueue 0.0133789 ms)
[09/20/2026-21:35:15] [I] Average on 10 runs - GPU latency: 1.11741 ms - Host latency: 1.18662 ms (enqueue 0.0148682 ms)
[09/20/2026-21:35:15] [I] Average on 10 runs - GPU latency: 1.11755 ms - Host latency: 1.18601 ms (enqueue 0.0151855 ms)
[09/20/2026-21:35:15] [I] Average on 10 runs - GPU latency: 1.11714 ms - Host latency: 1.18472 ms (enqueue 0.0141846 ms)
[09/20/2026-21:35:15] [I] Average on 10 runs - GPU latency: 1.1186 ms - Host latency: 1.18743 ms (enqueue 0.0157471 ms)
[09/20/2026-21:35:15] [I] Average on 10 runs - GPU latency: 1.37581 ms - Host latency: 1.44255 ms (enqueue 0.0162109 ms)
[09/20/2026-21:35:15] [I] Average on 10 runs - GPU latency: 1.21096 ms - Host latency: 1.28069 ms (enqueue 0.0161865 ms)
[09/20/2026-21:35:15] [I] Average on 10 runs - GPU latency: 1.11721 ms - Host latency: 1.18508 ms (enqueue 0.0141602 ms)
[09/20/2026-21:35:15] [I] Average on 10 runs - GPU latency: 1.1158 ms - Host latency: 1.17993 ms (enqueue 0.0134277 ms)
[09/20/2026-21:35:15] [I] Average on 10 runs - GPU latency: 1.11743 ms - Host latency: 1.18193 ms (enqueue 0.0125732 ms)
[09/20/2026-21:35:15] [I] Average on 10 runs - GPU latency: 1.11738 ms - Host latency: 1.18125 ms (enqueue 0.0123779 ms)
[09/20/2026-21:35:15] [I] Average on 10 runs - GPU latency: 1.11807 ms - Host latency: 1.18401 ms (enqueue 0.0130615 ms)
[09/20/2026-21:35:15] [I] Average on 10 runs - GPU latency: 1.11663 ms - Host latency: 1.18481 ms (enqueue 0.0166504 ms)
[09/20/2026-21:35:15] [I] Average on 10 runs - GPU latency: 1.11602 ms - Host latency: 1.17998 ms (enqueue 0.014502 ms)
[09/20/2026-21:35:15] [I] Average on 10 runs - GPU latency: 1.11704 ms - Host latency: 1.18098 ms (enqueue 0.0128906 ms)
[09/20/2026-21:35:15] [I] Average on 10 runs - GPU latency: 1.11555 ms - Host latency: 1.17949 ms (enqueue 0.0125488 ms)
[09/20/2026-21:35:15] [I] Average on 10 runs - GPU latency: 1.11609 ms - Host latency: 1.1792 ms (enqueue 0.012915 ms)
[09/20/2026-21:35:15] [I] Average on 10 runs - GPU latency: 1.11709 ms - Host latency: 1.18057 ms (enqueue 0.013501 ms)
[09/20/2026-21:35:15] [I] Average on 10 runs - GPU latency: 1.1166 ms - Host latency: 1.18098 ms (enqueue 0.0131348 ms)
[09/20/2026-21:35:15] [I] Average on 10 runs - GPU latency: 1.11697 ms - Host latency: 1.18044 ms (enqueue 0.0129883 ms)
[09/20/2026-21:35:15] [I] Average on 10 runs - GPU latency: 1.1165 ms - Host latency: 1.18403 ms (enqueue 0.0176514 ms)
[09/20/2026-21:35:15] [I] Average on 10 runs - GPU latency: 1.11636 ms - Host latency: 1.18022 ms (enqueue 0.0148926 ms)
[09/20/2026-21:35:15] [I] Average on 10 runs - GPU latency: 1.11563 ms - Host latency: 1.17979 ms (enqueue 0.0135498 ms)
[09/20/2026-21:35:15] [I] Average on 10 runs - GPU latency: 1.11663 ms - Host latency: 1.18057 ms (enqueue 0.0132324 ms)
[09/20/2026-21:35:15] [I] Average on 10 runs - GPU latency: 1.11741 ms - Host latency: 1.18394 ms (enqueue 0.0145996 ms)
[09/20/2026-21:35:15] [I] Average on 10 runs - GPU latency: 1.1168 ms - Host latency: 1.18127 ms (enqueue 0.0134033 ms)
[09/20/2026-21:35:15] [I] Average on 10 runs - GPU latency: 1.11628 ms - Host latency: 1.18235 ms (enqueue 0.0140869 ms)
[09/20/2026-21:35:15] [I] Average on 10 runs - GPU latency: 1.11714 ms - Host latency: 1.18162 ms (enqueue 0.0135254 ms)
[09/20/2026-21:35:15] [I] Average on 10 runs - GPU latency: 1.11841 ms - Host latency: 1.18811 ms (enqueue 0.0155762 ms)
[09/20/2026-21:35:15] [I] Average on 10 runs - GPU latency: 1.12317 ms - Host latency: 1.20347 ms (enqueue 0.0188477 ms)
[09/20/2026-21:35:15] [I] Average on 10 runs - GPU latency: 1.11575 ms - Host latency: 1.18042 ms (enqueue 0.0155762 ms)
[09/20/2026-21:35:15] [I] Average on 10 runs - GPU latency: 1.11753 ms - Host latency: 1.19763 ms (enqueue 0.0155762 ms)
[09/20/2026-21:35:15] [I] Average on 10 runs - GPU latency: 1.11772 ms - Host latency: 1.18379 ms (enqueue 0.014209 ms)
[09/20/2026-21:35:15] [I] Average on 10 runs - GPU latency: 1.11543 ms - Host latency: 1.18035 ms (enqueue 0.0127441 ms)
[09/20/2026-21:35:15] [I] Average on 10 runs - GPU latency: 1.11814 ms - Host latency: 1.18247 ms (enqueue 0.0127197 ms)
[09/20/2026-21:35:15] [I] Average on 10 runs - GPU latency: 1.11592 ms - Host latency: 1.18181 ms (enqueue 0.0131592 ms)
[09/20/2026-21:35:15] [I] Average on 10 runs - GPU latency: 1.11682 ms - Host latency: 1.18137 ms (enqueue 0.0130127 ms)
[09/20/2026-21:35:15] [I] Average on 10 runs - GPU latency: 1.11829 ms - Host latency: 1.18384 ms (enqueue 0.0130615 ms)
[09/20/2026-21:35:15] [I] Average on 10 runs - GPU latency: 1.11907 ms - Host latency: 1.19197 ms (enqueue 0.0166016 ms)
[09/20/2026-21:35:15] [I] Average on 10 runs - GPU latency: 1.11648 ms - Host latency: 1.18086 ms (enqueue 0.0131836 ms)
[09/20/2026-21:35:15] [I] Average on 10 runs - GPU latency: 1.11575 ms - Host latency: 1.1792 ms (enqueue 0.0126953 ms)
[09/20/2026-21:35:15] [I] Average on 10 runs - GPU latency: 1.11594 ms - Host latency: 1.17996 ms (enqueue 0.0126221 ms)
[09/20/2026-21:35:15] [I] Average on 10 runs - GPU latency: 1.11587 ms - Host latency: 1.18127 ms (enqueue 0.0141357 ms)
[09/20/2026-21:35:15] [I] Average on 10 runs - GPU latency: 1.11697 ms - Host latency: 1.18364 ms (enqueue 0.0149658 ms)
[09/20/2026-21:35:15] [I] Average on 10 runs - GPU latency: 1.11611 ms - Host latency: 1.17996 ms (enqueue 0.013208 ms)
[09/20/2026-21:35:15] [I] Average on 10 runs - GPU latency: 1.11587 ms - Host latency: 1.17939 ms (enqueue 0.0138184 ms)
[09/20/2026-21:35:15] [I] Average on 10 runs - GPU latency: 1.11785 ms - Host latency: 1.18557 ms (enqueue 0.0150635 ms)
[09/20/2026-21:35:15] [I] Average on 10 runs - GPU latency: 1.11853 ms - Host latency: 1.1854 ms (enqueue 0.0146729 ms)
[09/20/2026-21:35:15] [I] Average on 10 runs - GPU latency: 1.11924 ms - Host latency: 1.19028 ms (enqueue 0.0155029 ms)
[09/20/2026-21:35:15] [I] Average on 10 runs - GPU latency: 1.11663 ms - Host latency: 1.18162 ms (enqueue 0.0141357 ms)
[09/20/2026-21:35:15] [I] Average on 10 runs - GPU latency: 1.1188 ms - Host latency: 1.18423 ms (enqueue 0.0137939 ms)
[09/20/2026-21:35:15] [I] Average on 10 runs - GPU latency: 1.1189 ms - Host latency: 1.18484 ms (enqueue 0.0137939 ms)
[09/20/2026-21:35:15] [I] Average on 10 runs - GPU latency: 1.1189 ms - Host latency: 1.19128 ms (enqueue 0.0161865 ms)
[09/20/2026-21:35:15] [I] Average on 10 runs - GPU latency: 1.11689 ms - Host latency: 1.18108 ms (enqueue 0.0139404 ms)
[09/20/2026-21:35:15] [I] Average on 10 runs - GPU latency: 1.11848 ms - Host latency: 1.1863 ms (enqueue 0.013623 ms)
[09/20/2026-21:35:15] [I] Average on 10 runs - GPU latency: 1.11855 ms - Host latency: 1.18716 ms (enqueue 0.0148437 ms)
[09/20/2026-21:35:15] [I] Average on 10 runs - GPU latency: 1.11731 ms - Host latency: 1.18142 ms (enqueue 0.0161621 ms)
[09/20/2026-21:35:15] [I] Average on 10 runs - GPU latency: 1.1168 ms - Host latency: 1.18237 ms (enqueue 0.0172119 ms)
[09/20/2026-21:35:15] [I] Average on 10 runs - GPU latency: 1.11746 ms - Host latency: 1.18447 ms (enqueue 0.015332 ms)
[09/20/2026-21:35:15] [I] Average on 10 runs - GPU latency: 1.4616 ms - Host latency: 1.53513 ms (enqueue 0.0187256 ms)
[09/20/2026-21:35:15] [I] Average on 10 runs - GPU latency: 1.11746 ms - Host latency: 1.18174 ms (enqueue 0.013623 ms)
[09/20/2026-21:35:15] [I] Average on 10 runs - GPU latency: 1.11694 ms - Host latency: 1.18228 ms (enqueue 0.012793 ms)
[09/20/2026-21:35:15] [I] Average on 10 runs - GPU latency: 1.11724 ms - Host latency: 1.18193 ms (enqueue 0.0140869 ms)
[09/20/2026-21:35:15] [I] Average on 10 runs - GPU latency: 1.11638 ms - Host latency: 1.18059 ms (enqueue 0.0140625 ms)
[09/20/2026-21:35:15] [I] Average on 10 runs - GPU latency: 1.11665 ms - Host latency: 1.18105 ms (enqueue 0.0138184 ms)
[09/20/2026-21:35:15] [I] Average on 10 runs - GPU latency: 1.11685 ms - Host latency: 1.1802 ms (enqueue 0.0143799 ms)
[09/20/2026-21:35:15] [I] Average on 10 runs - GPU latency: 1.11834 ms - Host latency: 1.18535 ms (enqueue 0.0157959 ms)
[09/20/2026-21:35:15] [I] Average on 10 runs - GPU latency: 1.11658 ms - Host latency: 1.18154 ms (enqueue 0.0129395 ms)
[09/20/2026-21:35:15] [I] Average on 10 runs - GPU latency: 1.11824 ms - Host latency: 1.18328 ms (enqueue 0.0128418 ms)
[09/20/2026-21:35:15] [I] Average on 10 runs - GPU latency: 1.12185 ms - Host latency: 1.19768 ms (enqueue 0.0179932 ms)
[09/20/2026-21:35:15] [I] Average on 10 runs - GPU latency: 1.11765 ms - Host latency: 1.18364 ms (enqueue 0.0145508 ms)
[09/20/2026-21:35:15] [I] Average on 10 runs - GPU latency: 1.11799 ms - Host latency: 1.18455 ms (enqueue 0.0140137 ms)
[09/20/2026-21:35:15] [I] Average on 10 runs - GPU latency: 1.11741 ms - Host latency: 1.18364 ms (enqueue 0.0152832 ms)
[09/20/2026-21:35:15] [I] Average on 10 runs - GPU latency: 1.11748 ms - Host latency: 1.18457 ms (enqueue 0.0145508 ms)
[09/20/2026-21:35:15] [I] Average on 10 runs - GPU latency: 1.11851 ms - Host latency: 1.18418 ms (enqueue 0.0136475 ms)
[09/20/2026-21:35:15] [I] Average on 10 runs - GPU latency: 1.11782 ms - Host latency: 1.18264 ms (enqueue 0.0134277 ms)
[09/20/2026-21:35:15] [I] Average on 10 runs - GPU latency: 1.11819 ms - Host latency: 1.18586 ms (enqueue 0.0137451 ms)
[09/20/2026-21:35:15] [I] Average on 10 runs - GPU latency: 1.1179 ms - Host latency: 1.18345 ms (enqueue 0.013916 ms)
[09/20/2026-21:35:15] [I] Average on 10 runs - GPU latency: 1.11831 ms - Host latency: 1.18521 ms (enqueue 0.0135498 ms)
[09/20/2026-21:35:15] [I] Average on 10 runs - GPU latency: 1.11909 ms - Host latency: 1.18767 ms (enqueue 0.0153076 ms)
[09/20/2026-21:35:15] [I] Average on 10 runs - GPU latency: 1.11633 ms - Host latency: 1.18262 ms (enqueue 0.0143311 ms)
[09/20/2026-21:35:15] [I] Average on 10 runs - GPU latency: 1.11921 ms - Host latency: 1.18408 ms (enqueue 0.0130127 ms)
[09/20/2026-21:35:15] [I] Average on 10 runs - GPU latency: 1.11616 ms - Host latency: 1.17996 ms (enqueue 0.0125488 ms)
[09/20/2026-21:35:15] [I] Average on 10 runs - GPU latency: 1.11851 ms - Host latency: 1.18345 ms (enqueue 0.0129395 ms)
[09/20/2026-21:35:15] [I] Average on 10 runs - GPU latency: 1.11802 ms - Host latency: 1.1821 ms (enqueue 0.0129883 ms)
[09/20/2026-21:35:15] [I] Average on 10 runs - GPU latency: 1.11829 ms - Host latency: 1.18445 ms (enqueue 0.0149658 ms)
[09/20/2026-21:35:15] [I] Average on 10 runs - GPU latency: 1.11814 ms - Host latency: 1.18259 ms (enqueue 0.0144775 ms)
[09/20/2026-21:35:15] [I] Average on 10 runs - GPU latency: 1.11846 ms - Host latency: 1.18389 ms (enqueue 0.0148193 ms)
[09/20/2026-21:35:15] [I] Average on 10 runs - GPU latency: 1.12034 ms - Host latency: 1.19165 ms (enqueue 0.0153564 ms)
[09/20/2026-21:35:15] [I] Average on 10 runs - GPU latency: 1.12061 ms - Host latency: 1.19531 ms (enqueue 0.0178711 ms)
[09/20/2026-21:35:15] [I] Average on 10 runs - GPU latency: 1.11885 ms - Host latency: 1.18501 ms (enqueue 0.0146973 ms)
[09/20/2026-21:35:15] [I] Average on 10 runs - GPU latency: 1.11768 ms - Host latency: 1.18616 ms (enqueue 0.0139404 ms)
[09/20/2026-21:35:15] [I] Average on 10 runs - GPU latency: 1.11912 ms - Host latency: 1.18809 ms (enqueue 0.0142578 ms)
[09/20/2026-21:35:15] [I] Average on 10 runs - GPU latency: 1.11682 ms - Host latency: 1.18171 ms (enqueue 0.0130127 ms)
[09/20/2026-21:35:15] [I] Average on 10 runs - GPU latency: 1.11841 ms - Host latency: 1.19141 ms (enqueue 0.0156006 ms)
[09/20/2026-21:35:15] [I] Average on 10 runs - GPU latency: 1.11628 ms - Host latency: 1.18193 ms (enqueue 0.0135742 ms)
[09/20/2026-21:35:15] [I] Average on 10 runs - GPU latency: 1.11697 ms - Host latency: 1.18105 ms (enqueue 0.0130859 ms)
[09/20/2026-21:35:15] [I] Average on 10 runs - GPU latency: 1.11604 ms - Host latency: 1.17944 ms (enqueue 0.012915 ms)
[09/20/2026-21:35:15] [I] Average on 10 runs - GPU latency: 1.11667 ms - Host latency: 1.18188 ms (enqueue 0.0144531 ms)
[09/20/2026-21:35:15] [I] Average on 10 runs - GPU latency: 1.11624 ms - Host latency: 1.18076 ms (enqueue 0.0132568 ms)
[09/20/2026-21:35:15] [I] Average on 10 runs - GPU latency: 1.12163 ms - Host latency: 1.199 ms (enqueue 0.0189941 ms)
[09/20/2026-21:35:15] [I] Average on 10 runs - GPU latency: 1.11785 ms - Host latency: 1.18562 ms (enqueue 0.015625 ms)
[09/20/2026-21:35:15] [I] Average on 10 runs - GPU latency: 1.11829 ms - Host latency: 1.18955 ms (enqueue 0.0136475 ms)
[09/20/2026-21:35:15] [I] Average on 10 runs - GPU latency: 1.11689 ms - Host latency: 1.18084 ms (enqueue 0.0137939 ms)
[09/20/2026-21:35:15] [I] Average on 10 runs - GPU latency: 1.11699 ms - Host latency: 1.18081 ms (enqueue 0.0124756 ms)
[09/20/2026-21:35:15] [I] Average on 10 runs - GPU latency: 1.11846 ms - Host latency: 1.18315 ms (enqueue 0.013208 ms)
[09/20/2026-21:35:15] [I] Average on 10 runs - GPU latency: 1.11765 ms - Host latency: 1.18345 ms (enqueue 0.0131348 ms)
[09/20/2026-21:35:15] [I] Average on 10 runs - GPU latency: 1.11689 ms - Host latency: 1.18049 ms (enqueue 0.0170654 ms)
[09/20/2026-21:35:15] [I] Average on 10 runs - GPU latency: 1.11763 ms - Host latency: 1.18271 ms (enqueue 0.0137695 ms)
[09/20/2026-21:35:15] [I] Average on 10 runs - GPU latency: 1.11753 ms - Host latency: 1.18394 ms (enqueue 0.0181152 ms)
[09/20/2026-21:35:15] [I] Average on 10 runs - GPU latency: 1.11736 ms - Host latency: 1.1811 ms (enqueue 0.0123779 ms)
[09/20/2026-21:35:15] [I] Average on 10 runs - GPU latency: 1.11648 ms - Host latency: 1.18066 ms (enqueue 0.0133545 ms)
[09/20/2026-21:35:15] [I] Average on 10 runs - GPU latency: 1.43352 ms - Host latency: 1.50439 ms (enqueue 0.0150635 ms)
[09/20/2026-21:35:15] [I] Average on 10 runs - GPU latency: 1.1792 ms - Host latency: 1.24556 ms (enqueue 0.0148926 ms)
[09/20/2026-21:35:15] [I] Average on 10 runs - GPU latency: 1.11621 ms - Host latency: 1.18069 ms (enqueue 0.0139648 ms)
[09/20/2026-21:35:15] [I] Average on 10 runs - GPU latency: 1.11699 ms - Host latency: 1.18418 ms (enqueue 0.0151123 ms)
[09/20/2026-21:35:15] [I] Average on 10 runs - GPU latency: 1.11848 ms - Host latency: 1.18276 ms (enqueue 0.0133545 ms)
[09/20/2026-21:35:15] [I] Average on 10 runs - GPU latency: 1.11702 ms - Host latency: 1.18364 ms (enqueue 0.0150635 ms)
[09/20/2026-21:35:15] [I] Average on 10 runs - GPU latency: 1.11741 ms - Host latency: 1.18445 ms (enqueue 0.0145264 ms)
[09/20/2026-21:35:15] [I] Average on 10 runs - GPU latency: 1.11731 ms - Host latency: 1.18223 ms (enqueue 0.0147461 ms)
[09/20/2026-21:35:15] [I] Average on 10 runs - GPU latency: 1.12234 ms - Host latency: 1.20476 ms (enqueue 0.0210938 ms)
[09/20/2026-21:35:15] [I] Average on 10 runs - GPU latency: 1.11841 ms - Host latency: 1.18921 ms (enqueue 0.0164551 ms)
[09/20/2026-21:35:15] [I] Average on 10 runs - GPU latency: 1.11812 ms - Host latency: 1.18403 ms (enqueue 0.0135254 ms)
[09/20/2026-21:35:15] [I] Average on 10 runs - GPU latency: 1.11729 ms - Host latency: 1.18206 ms (enqueue 0.0133545 ms)
[09/20/2026-21:35:15] [I] Average on 10 runs - GPU latency: 1.11716 ms - Host latency: 1.18135 ms (enqueue 0.0127441 ms)
[09/20/2026-21:35:15] [I] Average on 10 runs - GPU latency: 1.11809 ms - Host latency: 1.18271 ms (enqueue 0.0135498 ms)
[09/20/2026-21:35:15] [I] Average on 10 runs - GPU latency: 1.11763 ms - Host latency: 1.18601 ms (enqueue 0.0150879 ms)
[09/20/2026-21:35:15] [I] Average on 10 runs - GPU latency: 1.1165 ms - Host latency: 1.18081 ms (enqueue 0.0136963 ms)
[09/20/2026-21:35:15] [I] Average on 10 runs - GPU latency: 1.11809 ms - Host latency: 1.1864 ms (enqueue 0.0147705 ms)
[09/20/2026-21:35:15] [I] Average on 10 runs - GPU latency: 1.1187 ms - Host latency: 1.18438 ms (enqueue 0.0132813 ms)
[09/20/2026-21:35:15] [I] Average on 10 runs - GPU latency: 1.12021 ms - Host latency: 1.20212 ms (enqueue 0.0168701 ms)
[09/20/2026-21:35:15] [I] Average on 10 runs - GPU latency: 1.11812 ms - Host latency: 1.18865 ms (enqueue 0.0158447 ms)
[09/20/2026-21:35:15] [I] Average on 10 runs - GPU latency: 1.11685 ms - Host latency: 1.1821 ms (enqueue 0.0135498 ms)
[09/20/2026-21:35:15] [I] Average on 10 runs - GPU latency: 1.11758 ms - Host latency: 1.1824 ms (enqueue 0.0131104 ms)
[09/20/2026-21:35:15] [I] Average on 10 runs - GPU latency: 1.11895 ms - Host latency: 1.18625 ms (enqueue 0.0147217 ms)
[09/20/2026-21:35:15] [I] Average on 10 runs - GPU latency: 1.11855 ms - Host latency: 1.18494 ms (enqueue 0.0151123 ms)
[09/20/2026-21:35:15] [I] Average on 10 runs - GPU latency: 1.11675 ms - Host latency: 1.1812 ms (enqueue 0.0125977 ms)
[09/20/2026-21:35:15] [I] Average on 10 runs - GPU latency: 1.1158 ms - Host latency: 1.18005 ms (enqueue 0.012207 ms)
[09/20/2026-21:35:15] [I] Average on 10 runs - GPU latency: 1.11709 ms - Host latency: 1.18191 ms (enqueue 0.0137695 ms)
[09/20/2026-21:35:15] [I] Average on 10 runs - GPU latency: 1.11777 ms - Host latency: 1.18213 ms (enqueue 0.0133057 ms)
[09/20/2026-21:35:15] [I] Average on 10 runs - GPU latency: 1.11995 ms - Host latency: 1.19177 ms (enqueue 0.0158447 ms)
[09/20/2026-21:35:15] [I] Average on 10 runs - GPU latency: 1.11953 ms - Host latency: 1.19114 ms (enqueue 0.0175781 ms)
[09/20/2026-21:35:15] [I] Average on 10 runs - GPU latency: 1.11873 ms - Host latency: 1.18416 ms (enqueue 0.0152344 ms)
[09/20/2026-21:35:15] [I] Average on 10 runs - GPU latency: 1.11636 ms - Host latency: 1.18154 ms (enqueue 0.0146484 ms)
[09/20/2026-21:35:15] [I] Average on 10 runs - GPU latency: 1.1176 ms - Host latency: 1.18293 ms (enqueue 0.014624 ms)
[09/20/2026-21:35:15] [I] Average on 10 runs - GPU latency: 1.11775 ms - Host latency: 1.18118 ms (enqueue 0.0133301 ms)
[09/20/2026-21:35:15] [I] Average on 10 runs - GPU latency: 1.11768 ms - Host latency: 1.18262 ms (enqueue 0.0133057 ms)
[09/20/2026-21:35:15] [I] Average on 10 runs - GPU latency: 1.11631 ms - Host latency: 1.1804 ms (enqueue 0.0135254 ms)
[09/20/2026-21:35:15] [I] Average on 10 runs - GPU latency: 1.11707 ms - Host latency: 1.18445 ms (enqueue 0.0151123 ms)
[09/20/2026-21:35:15] [I] Average on 10 runs - GPU latency: 1.11553 ms - Host latency: 1.17856 ms (enqueue 0.0127686 ms)
[09/20/2026-21:35:15] [I] Average on 10 runs - GPU latency: 1.11648 ms - Host latency: 1.1801 ms (enqueue 0.012207 ms)
[09/20/2026-21:35:15] [I] Average on 10 runs - GPU latency: 1.11633 ms - Host latency: 1.18 ms (enqueue 0.0124023 ms)
[09/20/2026-21:35:15] [I] Average on 10 runs - GPU latency: 1.11785 ms - Host latency: 1.1835 ms (enqueue 0.013916 ms)
[09/20/2026-21:35:15] [I] Average on 10 runs - GPU latency: 1.11904 ms - Host latency: 1.18423 ms (enqueue 0.0136475 ms)
[09/20/2026-21:35:15] [I] Average on 10 runs - GPU latency: 1.11877 ms - Host latency: 1.18401 ms (enqueue 0.0143799 ms)
[09/20/2026-21:35:15] [I] Average on 10 runs - GPU latency: 1.11909 ms - Host latency: 1.18389 ms (enqueue 0.0125 ms)
[09/20/2026-21:35:15] [I] Average on 10 runs - GPU latency: 1.11692 ms - Host latency: 1.18188 ms (enqueue 0.0130127 ms)
[09/20/2026-21:35:15] [I] Average on 10 runs - GPU latency: 1.11848 ms - Host latency: 1.18501 ms (enqueue 0.0139648 ms)
[09/20/2026-21:35:15] [I] Average on 10 runs - GPU latency: 1.12043 ms - Host latency: 1.19749 ms (enqueue 0.0177734 ms)
[09/20/2026-21:35:15] [I] Average on 10 runs - GPU latency: 1.11785 ms - Host latency: 1.18354 ms (enqueue 0.0144531 ms)
[09/20/2026-21:35:15] [I] Average on 10 runs - GPU latency: 1.11743 ms - Host latency: 1.18179 ms (enqueue 0.0129883 ms)
[09/20/2026-21:35:15] [I] Average on 10 runs - GPU latency: 1.11865 ms - Host latency: 1.18628 ms (enqueue 0.0171387 ms)
[09/20/2026-21:35:15] [I] Average on 10 runs - GPU latency: 1.11992 ms - Host latency: 1.19326 ms (enqueue 0.0181152 ms)
[09/20/2026-21:35:15] [I] Average on 10 runs - GPU latency: 1.11602 ms - Host latency: 1.17944 ms (enqueue 0.0129395 ms)
[09/20/2026-21:35:15] [I] Average on 10 runs - GPU latency: 1.11719 ms - Host latency: 1.18125 ms (enqueue 0.0133789 ms)
[09/20/2026-21:35:15] [I] Average on 10 runs - GPU latency: 1.35171 ms - Host latency: 1.41465 ms (enqueue 0.0129883 ms)
[09/20/2026-21:35:15] [I] Average on 10 runs - GPU latency: 1.27676 ms - Host latency: 1.34683 ms (enqueue 0.0160645 ms)
[09/20/2026-21:35:15] [I] Average on 10 runs - GPU latency: 1.1165 ms - Host latency: 1.18169 ms (enqueue 0.015332 ms)
[09/20/2026-21:35:15] [I] Average on 10 runs - GPU latency: 1.11299 ms - Host latency: 1.1772 ms (enqueue 0.0144531 ms)
[09/20/2026-21:35:15] [I] Average on 10 runs - GPU latency: 1.11328 ms - Host latency: 1.17686 ms (enqueue 0.0125977 ms)
[09/20/2026-21:35:15] [I] Average on 10 runs - GPU latency: 1.11353 ms - Host latency: 1.17827 ms (enqueue 0.0137207 ms)
[09/20/2026-21:35:15] [I] Average on 10 runs - GPU latency: 1.11553 ms - Host latency: 1.18276 ms (enqueue 0.015625 ms)
[09/20/2026-21:35:15] [I] Average on 10 runs - GPU latency: 1.11777 ms - Host latency: 1.18477 ms (enqueue 0.0140137 ms)
[09/20/2026-21:35:15] [I] ... Omitting 102779 lines
[09/20/2026-21:35:15] [I] Average on 10 runs - GPU latency: 1.11719 ms - Host latency: 1.18203 ms (enqueue 0.0148437 ms)
[09/20/2026-21:35:15] [I] Average on 10 runs - GPU latency: 1.11953 ms - Host latency: 1.18516 ms (enqueue 0.0140625 ms)
[09/20/2026-21:35:15] [I] Average on 10 runs - GPU latency: 1.11953 ms - Host latency: 1.18438 ms (enqueue 0.0117188 ms)
[09/20/2026-21:35:15] [I] Average on 10 runs - GPU latency: 1.11719 ms - Host latency: 1.18125 ms (enqueue 0.0171875 ms)
[09/20/2026-21:35:15] [I] Average on 10 runs - GPU latency: 1.11641 ms - Host latency: 1.18203 ms (enqueue 0.0148437 ms)
[09/20/2026-21:35:15] [I] Average on 10 runs - GPU latency: 1.11797 ms - Host latency: 1.18281 ms (enqueue 0.015625 ms)
[09/20/2026-21:35:15] [I] Average on 10 runs - GPU latency: 1.11875 ms - Host latency: 1.18203 ms (enqueue 0.0140625 ms)
[09/20/2026-21:35:15] [I] Average on 10 runs - GPU latency: 1.11875 ms - Host latency: 1.18281 ms (enqueue 0.0140625 ms)
[09/20/2026-21:35:15] [I] Average on 10 runs - GPU latency: 1.11953 ms - Host latency: 1.18594 ms (enqueue 0.015625 ms)
[09/20/2026-21:35:15] [I] Average on 10 runs - GPU latency: 1.11719 ms - Host latency: 1.18125 ms (enqueue 0.015625 ms)
[09/20/2026-21:35:15] [I] Average on 10 runs - GPU latency: 1.11875 ms - Host latency: 1.18125 ms (enqueue 0.015625 ms)
[09/20/2026-21:35:15] [I] Average on 10 runs - GPU latency: 1.11875 ms - Host latency: 1.18516 ms (enqueue 0.015625 ms)
[09/20/2026-21:35:15] [I] Average on 10 runs - GPU latency: 1.11797 ms - Host latency: 1.18203 ms (enqueue 0.0148437 ms)
[09/20/2026-21:35:15] [I] Average on 10 runs - GPU latency: 1.11875 ms - Host latency: 1.18281 ms (enqueue 0.0125 ms)
[09/20/2026-21:35:15] [I] Average on 10 runs - GPU latency: 1.11719 ms - Host latency: 1.18125 ms (enqueue 0.0164062 ms)
[09/20/2026-21:35:15] [I] Average on 10 runs - GPU latency: 1.11719 ms - Host latency: 1.17891 ms (enqueue 0.0101562 ms)
[09/20/2026-21:35:15] [I] Average on 10 runs - GPU latency: 1.11953 ms - Host latency: 1.18516 ms (enqueue 0.0171875 ms)
[09/20/2026-21:35:15] [I] Average on 10 runs - GPU latency: 1.11875 ms - Host latency: 1.18125 ms (enqueue 0.0125 ms)
[09/20/2026-21:35:15] [I] Average on 10 runs - GPU latency: 1.11641 ms - Host latency: 1.17656 ms (enqueue 0.0140625 ms)
[09/20/2026-21:35:15] [I] Average on 10 runs - GPU latency: 1.11875 ms - Host latency: 1.18203 ms (enqueue 0.0125 ms)
[09/20/2026-21:35:15] [I] Average on 10 runs - GPU latency: 1.11953 ms - Host latency: 1.18203 ms (enqueue 0.0101562 ms)
[09/20/2026-21:35:15] [I] Average on 10 runs - GPU latency: 1.11875 ms - Host latency: 1.18281 ms (enqueue 0.0132813 ms)
[09/20/2026-21:35:15] [I] Average on 10 runs - GPU latency: 1.11953 ms - Host latency: 1.18125 ms (enqueue 0.0117188 ms)
[09/20/2026-21:35:15] [I] Average on 10 runs - GPU latency: 1.12109 ms - Host latency: 1.18516 ms (enqueue 0.015625 ms)
[09/20/2026-21:35:15] [I] Average on 10 runs - GPU latency: 1.11875 ms - Host latency: 1.18203 ms (enqueue 0.0125 ms)
[09/20/2026-21:35:15] [I] Average on 10 runs - GPU latency: 1.11875 ms - Host latency: 1.18359 ms (enqueue 0.0117188 ms)
[09/20/2026-21:35:15] [I] Average on 10 runs - GPU latency: 1.12266 ms - Host latency: 1.19062 ms (enqueue 0.0148437 ms)
[09/20/2026-21:35:15] [I] Average on 10 runs - GPU latency: 1.11875 ms - Host latency: 1.18359 ms (enqueue 0.0117188 ms)
[09/20/2026-21:35:15] [I] Average on 10 runs - GPU latency: 1.12031 ms - Host latency: 1.18672 ms (enqueue 0.0148437 ms)
[09/20/2026-21:35:15] [I] Average on 10 runs - GPU latency: 1.12188 ms - Host latency: 1.18672 ms (enqueue 0.0148437 ms)
[09/20/2026-21:35:15] [I] Average on 10 runs - GPU latency: 1.12109 ms - Host latency: 1.18672 ms (enqueue 0.0164062 ms)
[09/20/2026-21:35:15] [I] Average on 10 runs - GPU latency: 1.11719 ms - Host latency: 1.18203 ms (enqueue 0.0148437 ms)
[09/20/2026-21:35:15] [I] Average on 10 runs - GPU latency: 1.11875 ms - Host latency: 1.18359 ms (enqueue 0.0132813 ms)
[09/20/2026-21:35:15] [I] Average on 10 runs - GPU latency: 1.12031 ms - Host latency: 1.18516 ms (enqueue 0.0132813 ms)
[09/20/2026-21:35:15] [I] Average on 10 runs - GPU latency: 1.12031 ms - Host latency: 1.18828 ms (enqueue 0.0210938 ms)
[09/20/2026-21:35:15] [I] Average on 10 runs - GPU latency: 1.11875 ms - Host latency: 1.18516 ms (enqueue 0.0148437 ms)
[09/20/2026-21:35:15] [I] Average on 10 runs - GPU latency: 1.11875 ms - Host latency: 1.18359 ms (enqueue 0.0125 ms)
[09/20/2026-21:35:15] [I] Average on 10 runs - GPU latency: 1.12109 ms - Host latency: 1.18672 ms (enqueue 0.0140625 ms)
[09/20/2026-21:35:15] [I] Average on 10 runs - GPU latency: 1.11797 ms - Host latency: 1.18438 ms (enqueue 0.0125 ms)
[09/20/2026-21:35:15] [I] Average on 10 runs - GPU latency: 1.12031 ms - Host latency: 1.18672 ms (enqueue 0.0125 ms)
[09/20/2026-21:35:15] [I] Average on 10 runs - GPU latency: 1.11875 ms - Host latency: 1.18125 ms (enqueue 0.015625 ms)
[09/20/2026-21:35:15] [I] Average on 10 runs - GPU latency: 1.12109 ms - Host latency: 1.18906 ms (enqueue 0.015625 ms)
[09/20/2026-21:35:15] [I] Average on 10 runs - GPU latency: 1.11875 ms - Host latency: 1.18281 ms (enqueue 0.015625 ms)
[09/20/2026-21:35:15] [I] Average on 10 runs - GPU latency: 1.11719 ms - Host latency: 1.18359 ms (enqueue 0.0125 ms)
[09/20/2026-21:35:15] [I] Average on 10 runs - GPU latency: 1.12031 ms - Host latency: 1.19141 ms (enqueue 0.0148437 ms)
[09/20/2026-21:35:15] [I] Average on 10 runs - GPU latency: 1.11875 ms - Host latency: 1.19219 ms (enqueue 0.0179687 ms)
[09/20/2026-21:35:15] [I] Average on 10 runs - GPU latency: 1.11797 ms - Host latency: 1.18203 ms (enqueue 0.0132813 ms)
[09/20/2026-21:35:15] [I] Average on 10 runs - GPU latency: 1.11797 ms - Host latency: 1.18203 ms (enqueue 0.0148437 ms)
[09/20/2026-21:35:15] [I] Average on 10 runs - GPU latency: 1.11719 ms - Host latency: 1.17969 ms (enqueue 0.0132813 ms)
[09/20/2026-21:35:15] [I] Average on 10 runs - GPU latency: 1.11875 ms - Host latency: 1.18438 ms (enqueue 0.0148437 ms)
[09/20/2026-21:35:15] [I] Average on 10 runs - GPU latency: 1.11953 ms - Host latency: 1.18516 ms (enqueue 0.0164062 ms)
[09/20/2026-21:35:15] [I] Average on 10 runs - GPU latency: 1.11484 ms - Host latency: 1.18047 ms (enqueue 0.0140625 ms)
[09/20/2026-21:35:15] [I] Average on 10 runs - GPU latency: 1.12031 ms - Host latency: 1.18672 ms (enqueue 0.0109375 ms)
[09/20/2026-21:35:15] [I] Average on 10 runs - GPU latency: 1.12031 ms - Host latency: 1.19453 ms (enqueue 0.0148437 ms)
[09/20/2026-21:35:15] [I] Average on 10 runs - GPU latency: 1.12266 ms - Host latency: 1.19297 ms (enqueue 0.015625 ms)
[09/20/2026-21:35:15] [I] Average on 10 runs - GPU latency: 1.12188 ms - Host latency: 1.19531 ms (enqueue 0.0164062 ms)
[09/20/2026-21:35:15] [I] Average on 10 runs - GPU latency: 1.11953 ms - Host latency: 1.18594 ms (enqueue 0.0164062 ms)
[09/20/2026-21:35:15] [I] Average on 10 runs - GPU latency: 1.12266 ms - Host latency: 1.20391 ms (enqueue 0.01875 ms)
[09/20/2026-21:35:15] [I] Average on 10 runs - GPU latency: 1.12031 ms - Host latency: 1.18594 ms (enqueue 0.0140625 ms)
[09/20/2026-21:35:15] [I] Average on 10 runs - GPU latency: 1.11953 ms - Host latency: 1.18594 ms (enqueue 0.0132813 ms)
[09/20/2026-21:35:15] [I] Average on 10 runs - GPU latency: 1.12031 ms - Host latency: 1.18594 ms (enqueue 0.0164062 ms)
[09/20/2026-21:35:15] [I] Average on 10 runs - GPU latency: 1.11797 ms - Host latency: 1.18516 ms (enqueue 0.0171875 ms)
[09/20/2026-21:35:15] [I] Average on 10 runs - GPU latency: 1.12188 ms - Host latency: 1.18906 ms (enqueue 0.0164062 ms)
[09/20/2026-21:35:15] [I] Average on 10 runs - GPU latency: 1.12109 ms - Host latency: 1.19375 ms (enqueue 0.0179687 ms)
[09/20/2026-21:35:15] [I] Average on 10 runs - GPU latency: 1.12344 ms - Host latency: 1.19687 ms (enqueue 0.01875 ms)
[09/20/2026-21:35:15] [I] Average on 10 runs - GPU latency: 1.12109 ms - Host latency: 1.18984 ms (enqueue 0.0179687 ms)
[09/20/2026-21:35:15] [I] Average on 10 runs - GPU latency: 1.11719 ms - Host latency: 1.17969 ms (enqueue 0.0125 ms)
[09/20/2026-21:35:15] [I] Average on 10 runs - GPU latency: 1.12031 ms - Host latency: 1.18672 ms (enqueue 0.0148437 ms)
[09/20/2026-21:35:15] [I] Average on 10 runs - GPU latency: 1.11719 ms - Host latency: 1.18203 ms (enqueue 0.0148437 ms)
[09/20/2026-21:35:15] [I] Average on 10 runs - GPU latency: 1.11797 ms - Host latency: 1.18359 ms (enqueue 0.0164062 ms)
[09/20/2026-21:35:15] [I] Average on 10 runs - GPU latency: 1.11953 ms - Host latency: 1.18672 ms (enqueue 0.0140625 ms)
[09/20/2026-21:35:15] [I] Average on 10 runs - GPU latency: 1.11875 ms - Host latency: 1.18203 ms (enqueue 0.0117188 ms)
[09/20/2026-21:35:15] [I] Average on 10 runs - GPU latency: 1.12031 ms - Host latency: 1.18906 ms (enqueue 0.0164062 ms)
[09/20/2026-21:35:15] [I] Average on 10 runs - GPU latency: 1.11719 ms - Host latency: 1.18125 ms (enqueue 0.0148437 ms)
[09/20/2026-21:35:15] [I] Average on 10 runs - GPU latency: 1.12031 ms - Host latency: 1.18906 ms (enqueue 0.0179687 ms)
[09/20/2026-21:35:15] [I] Average on 10 runs - GPU latency: 1.11563 ms - Host latency: 1.18125 ms (enqueue 0.015625 ms)
[09/20/2026-21:35:15] [I] Average on 10 runs - GPU latency: 1.12031 ms - Host latency: 1.18906 ms (enqueue 0.0140625 ms)
[09/20/2026-21:35:15] [I] Average on 10 runs - GPU latency: 1.11875 ms - Host latency: 1.18828 ms (enqueue 0.0148437 ms)
[09/20/2026-21:35:15] [I] Average on 10 runs - GPU latency: 1.11797 ms - Host latency: 1.18516 ms (enqueue 0.0125 ms)
[09/20/2026-21:35:15] [I] Average on 10 runs - GPU latency: 1.11875 ms - Host latency: 1.18438 ms (enqueue 0.0125 ms)
[09/20/2026-21:35:15] [I] Average on 10 runs - GPU latency: 1.11719 ms - Host latency: 1.18594 ms (enqueue 0.0140625 ms)
[09/20/2026-21:35:15] [I] Average on 10 runs - GPU latency: 1.11563 ms - Host latency: 1.17813 ms (enqueue 0.0125 ms)
[09/20/2026-21:35:15] [I] Average on 10 runs - GPU latency: 1.11641 ms - Host latency: 1.18047 ms (enqueue 0.0117188 ms)
[09/20/2026-21:35:15] [I] Average on 10 runs - GPU latency: 1.11875 ms - Host latency: 1.18125 ms (enqueue 0.0117188 ms)
[09/20/2026-21:35:15] [I] Average on 10 runs - GPU latency: 1.11953 ms - Host latency: 1.18281 ms (enqueue 0.0132813 ms)
[09/20/2026-21:35:15] [I] Average on 10 runs - GPU latency: 1.11875 ms - Host latency: 1.18281 ms (enqueue 0.015625 ms)
[09/20/2026-21:35:15] [I] Average on 10 runs - GPU latency: 1.11719 ms - Host latency: 1.18203 ms (enqueue 0.0125 ms)
[09/20/2026-21:35:15] [I] Average on 10 runs - GPU latency: 1.11641 ms - Host latency: 1.17969 ms (enqueue 0.0125 ms)
[09/20/2026-21:35:15] [I] Average on 10 runs - GPU latency: 1.11875 ms - Host latency: 1.18281 ms (enqueue 0.0117188 ms)
[09/20/2026-21:35:15] [I] Average on 10 runs - GPU latency: 1.11641 ms - Host latency: 1.17813 ms (enqueue 0.0117188 ms)
[09/20/2026-21:35:15] [I] Average on 10 runs - GPU latency: 1.11875 ms - Host latency: 1.18203 ms (enqueue 0.0140625 ms)
[09/20/2026-21:35:15] [I] Average on 10 runs - GPU latency: 1.11563 ms - Host latency: 1.17813 ms (enqueue 0.0132813 ms)
[09/20/2026-21:35:15] [I] Average on 10 runs - GPU latency: 1.11484 ms - Host latency: 1.17656 ms (enqueue 0.0140625 ms)
[09/20/2026-21:35:15] [I] Average on 10 runs - GPU latency: 1.11797 ms - Host latency: 1.18203 ms (enqueue 0.009375 ms)
[09/20/2026-21:35:15] [I] Average on 10 runs - GPU latency: 1.11719 ms - Host latency: 1.18047 ms (enqueue 0.0117188 ms)
[09/20/2026-21:35:15] [I] Average on 10 runs - GPU latency: 1.11719 ms - Host latency: 1.17891 ms (enqueue 0.0140625 ms)
[09/20/2026-21:35:15] [I] Average on 10 runs - GPU latency: 1.11641 ms - Host latency: 1.17969 ms (enqueue 0.0140625 ms)
[09/20/2026-21:35:15] [I] Average on 10 runs - GPU latency: 1.11797 ms - Host latency: 1.18281 ms (enqueue 0.0148437 ms)
[09/20/2026-21:35:15] [I] Average on 10 runs - GPU latency: 1.11641 ms - Host latency: 1.17891 ms (enqueue 0.0148437 ms)
[09/20/2026-21:35:15] [I] Average on 10 runs - GPU latency: 1.11563 ms - Host latency: 1.17656 ms (enqueue 0.0132813 ms)
[09/20/2026-21:35:15] [I] Average on 10 runs - GPU latency: 1.11719 ms - Host latency: 1.18359 ms (enqueue 0.0140625 ms)
[09/20/2026-21:35:15] [I] Average on 10 runs - GPU latency: 1.11484 ms - Host latency: 1.17891 ms (enqueue 0.0125 ms)
[09/20/2026-21:35:15] [I] Average on 10 runs - GPU latency: 1.11797 ms - Host latency: 1.17969 ms (enqueue 0.0140625 ms)
[09/20/2026-21:35:15] [I] Average on 10 runs - GPU latency: 1.11641 ms - Host latency: 1.17969 ms (enqueue 0.0117188 ms)
[09/20/2026-21:35:15] [I] Average on 10 runs - GPU latency: 1.11641 ms - Host latency: 1.17734 ms (enqueue 0.0148437 ms)
[09/20/2026-21:35:15] [I] Average on 10 runs - GPU latency: 1.11797 ms - Host latency: 1.18281 ms (enqueue 0.0140625 ms)
[09/20/2026-21:35:15] [I] Average on 10 runs - GPU latency: 1.11797 ms - Host latency: 1.17813 ms (enqueue 0.0109375 ms)
[09/20/2026-21:35:15] [I] Average on 10 runs - GPU latency: 1.11797 ms - Host latency: 1.18281 ms (enqueue 0.0140625 ms)
[09/20/2026-21:35:15] [I] Average on 10 runs - GPU latency: 1.11953 ms - Host latency: 1.18047 ms (enqueue 0.0125 ms)
[09/20/2026-21:35:15] [I] Average on 10 runs - GPU latency: 1.11719 ms - Host latency: 1.18203 ms (enqueue 0.0125 ms)
[09/20/2026-21:35:15] [I] Average on 10 runs - GPU latency: 1.11797 ms - Host latency: 1.18281 ms (enqueue 0.0140625 ms)
[09/20/2026-21:35:15] [I] Average on 10 runs - GPU latency: 1.11797 ms - Host latency: 1.18281 ms (enqueue 0.0140625 ms)
[09/20/2026-21:35:15] [I] Average on 10 runs - GPU latency: 1.12031 ms - Host latency: 1.18672 ms (enqueue 0.0125 ms)
[09/20/2026-21:35:15] [I] Average on 10 runs - GPU latency: 1.11875 ms - Host latency: 1.18438 ms (enqueue 0.0125 ms)
[09/20/2026-21:35:15] [I] Average on 10 runs - GPU latency: 1.12031 ms - Host latency: 1.18281 ms (enqueue 0.0148437 ms)
[09/20/2026-21:35:15] [I] Average on 10 runs - GPU latency: 1.11797 ms - Host latency: 1.18125 ms (enqueue 0.0109375 ms)
[09/20/2026-21:35:15] [I] Average on 10 runs - GPU latency: 1.11563 ms - Host latency: 1.17969 ms (enqueue 0.0148437 ms)
[09/20/2026-21:35:15] [I] Average on 10 runs - GPU latency: 1.12031 ms - Host latency: 1.18281 ms (enqueue 0.0117188 ms)
[09/20/2026-21:35:15] [I] Average on 10 runs - GPU latency: 1.11719 ms - Host latency: 1.18203 ms (enqueue 0.0148437 ms)
[09/20/2026-21:35:15] [I] Average on 10 runs - GPU latency: 1.11875 ms - Host latency: 1.18359 ms (enqueue 0.015625 ms)
[09/20/2026-21:35:15] [I] Average on 10 runs - GPU latency: 1.11797 ms - Host latency: 1.18359 ms (enqueue 0.0132813 ms)
[09/20/2026-21:35:15] [I] Average on 10 runs - GPU latency: 1.11875 ms - Host latency: 1.18281 ms (enqueue 0.0148437 ms)
[09/20/2026-21:35:15] [I] Average on 10 runs - GPU latency: 1.11719 ms - Host latency: 1.18203 ms (enqueue 0.015625 ms)
[09/20/2026-21:35:15] [I] Average on 10 runs - GPU latency: 1.11797 ms - Host latency: 1.18281 ms (enqueue 0.0125 ms)
[09/20/2026-21:35:15] [I] Average on 10 runs - GPU latency: 1.11719 ms - Host latency: 1.18047 ms (enqueue 0.0109375 ms)
[09/20/2026-21:35:15] [I] Average on 10 runs - GPU latency: 1.11719 ms - Host latency: 1.18203 ms (enqueue 0.0140625 ms)
[09/20/2026-21:35:15] [I] Average on 10 runs - GPU latency: 1.12031 ms - Host latency: 1.18594 ms (enqueue 0.0164062 ms)
[09/20/2026-21:35:15] [I] Average on 10 runs - GPU latency: 1.12109 ms - Host latency: 1.19062 ms (enqueue 0.0140625 ms)
[09/20/2026-21:35:15] [I] Average on 10 runs - GPU latency: 1.11797 ms - Host latency: 1.18438 ms (enqueue 0.0140625 ms)
[09/20/2026-21:35:15] [I] Average on 10 runs - GPU latency: 1.12109 ms - Host latency: 1.18594 ms (enqueue 0.0140625 ms)
[09/20/2026-21:35:15] [I] Average on 10 runs - GPU latency: 1.11953 ms - Host latency: 1.18516 ms (enqueue 0.0132813 ms)
[09/20/2026-21:35:15] [I] Average on 10 runs - GPU latency: 1.12031 ms - Host latency: 1.1875 ms (enqueue 0.015625 ms)
[09/20/2026-21:35:15] [I] Average on 10 runs - GPU latency: 1.11953 ms - Host latency: 1.18672 ms (enqueue 0.0148437 ms)
[09/20/2026-21:35:15] [I] Average on 10 runs - GPU latency: 1.11719 ms - Host latency: 1.18281 ms (enqueue 0.0125 ms)
[09/20/2026-21:35:15] [I] Average on 10 runs - GPU latency: 1.11641 ms - Host latency: 1.18281 ms (enqueue 0.0125 ms)
[09/20/2026-21:35:15] [I] Average on 10 runs - GPU latency: 1.11875 ms - Host latency: 1.18438 ms (enqueue 0.0109375 ms)
[09/20/2026-21:35:15] [I] Average on 10 runs - GPU latency: 1.11953 ms - Host latency: 1.18594 ms (enqueue 0.0140625 ms)
[09/20/2026-21:35:15] [I] Average on 10 runs - GPU latency: 1.11953 ms - Host latency: 1.18438 ms (enqueue 0.0109375 ms)
[09/20/2026-21:35:15] [I] Average on 10 runs - GPU latency: 1.11563 ms - Host latency: 1.18125 ms (enqueue 0.0132813 ms)
[09/20/2026-21:35:15] [I] Average on 10 runs - GPU latency: 1.11641 ms - Host latency: 1.18203 ms (enqueue 0.0125 ms)
[09/20/2026-21:35:15] [I] Average on 10 runs - GPU latency: 1.11563 ms - Host latency: 1.17813 ms (enqueue 0.0140625 ms)
[09/20/2026-21:35:15] [I] Average on 10 runs - GPU latency: 1.11797 ms - Host latency: 1.18281 ms (enqueue 0.0117188 ms)
[09/20/2026-21:35:15] [I] Average on 10 runs - GPU latency: 1.11875 ms - Host latency: 1.18281 ms (enqueue 0.0125 ms)
[09/20/2026-21:35:15] [I] Average on 10 runs - GPU latency: 1.12031 ms - Host latency: 1.18359 ms (enqueue 0.0132813 ms)
[09/20/2026-21:35:15] [I] Average on 10 runs - GPU latency: 1.12031 ms - Host latency: 1.18359 ms (enqueue 0.0125 ms)
[09/20/2026-21:35:15] [I] Average on 10 runs - GPU latency: 1.11484 ms - Host latency: 1.17734 ms (enqueue 0.0132813 ms)
[09/20/2026-21:35:15] [I] Average on 10 runs - GPU latency: 1.11719 ms - Host latency: 1.17891 ms (enqueue 0.0140625 ms)
[09/20/2026-21:35:15] [I] Average on 10 runs - GPU latency: 1.12109 ms - Host latency: 1.19062 ms (enqueue 0.0109375 ms)
[09/20/2026-21:35:15] [I] Average on 10 runs - GPU latency: 1.11797 ms - Host latency: 1.1875 ms (enqueue 0.015625 ms)
[09/20/2026-21:35:15] [I] Average on 10 runs - GPU latency: 1.11719 ms - Host latency: 1.18203 ms (enqueue 0.0125 ms)
[09/20/2026-21:35:15] [I] Average on 10 runs - GPU latency: 1.11797 ms - Host latency: 1.18281 ms (enqueue 0.0132813 ms)
[09/20/2026-21:35:15] [I] Average on 10 runs - GPU latency: 1.11719 ms - Host latency: 1.18281 ms (enqueue 0.0125 ms)
[09/20/2026-21:35:15] [I] Average on 10 runs - GPU latency: 1.11797 ms - Host latency: 1.17969 ms (enqueue 0.0117188 ms)
[09/20/2026-21:35:15] [I] Average on 10 runs - GPU latency: 1.11563 ms - Host latency: 1.18047 ms (enqueue 0.0140625 ms)
[09/20/2026-21:35:15] [I] Average on 10 runs - GPU latency: 1.11641 ms - Host latency: 1.17656 ms (enqueue 0.0125 ms)
[09/20/2026-21:35:15] [I] Average on 10 runs - GPU latency: 1.11719 ms - Host latency: 1.17891 ms (enqueue 0.0117188 ms)
[09/20/2026-21:35:15] [I] Average on 10 runs - GPU latency: 1.12031 ms - Host latency: 1.18438 ms (enqueue 0.0109375 ms)
[09/20/2026-21:35:15] [I] Average on 10 runs - GPU latency: 1.11953 ms - Host latency: 1.18203 ms (enqueue 0.015625 ms)
[09/20/2026-21:35:15] [I] Average on 10 runs - GPU latency: 1.11797 ms - Host latency: 1.17969 ms (enqueue 0.0109375 ms)
[09/20/2026-21:35:15] [I] Average on 10 runs - GPU latency: 1.11953 ms - Host latency: 1.18516 ms (enqueue 0.0125 ms)
[09/20/2026-21:35:15] [I] Average on 10 runs - GPU latency: 1.11953 ms - Host latency: 1.18359 ms (enqueue 0.0132813 ms)
[09/20/2026-21:35:15] [I] Average on 10 runs - GPU latency: 1.11797 ms - Host latency: 1.17969 ms (enqueue 0.0109375 ms)
[09/20/2026-21:35:15] [I] Average on 10 runs - GPU latency: 1.11875 ms - Host latency: 1.18203 ms (enqueue 0.0132813 ms)
[09/20/2026-21:35:15] [I] Average on 10 runs - GPU latency: 1.11563 ms - Host latency: 1.17891 ms (enqueue 0.009375 ms)
[09/20/2026-21:35:15] [I] Average on 10 runs - GPU latency: 1.11641 ms - Host latency: 1.17969 ms (enqueue 0.0101562 ms)
[09/20/2026-21:35:15] [I] Average on 10 runs - GPU latency: 1.11719 ms - Host latency: 1.17969 ms (enqueue 0.0132813 ms)
[09/20/2026-21:35:15] [I] Average on 10 runs - GPU latency: 1.11797 ms - Host latency: 1.17891 ms (enqueue 0.0117188 ms)
[09/20/2026-21:35:15] [I] Average on 10 runs - GPU latency: 1.11719 ms - Host latency: 1.17891 ms (enqueue 0.009375 ms)
[09/20/2026-21:35:15] [I] Average on 10 runs - GPU latency: 1.11875 ms - Host latency: 1.18203 ms (enqueue 0.0148437 ms)
[09/20/2026-21:35:15] [I] Average on 10 runs - GPU latency: 1.11719 ms - Host latency: 1.17969 ms (enqueue 0.0148437 ms)
[09/20/2026-21:35:15] [I] Average on 10 runs - GPU latency: 1.11797 ms - Host latency: 1.18281 ms (enqueue 0.0125 ms)
[09/20/2026-21:35:15] [I] Average on 10 runs - GPU latency: 1.11797 ms - Host latency: 1.18047 ms (enqueue 0.0132813 ms)
[09/20/2026-21:35:15] [I] Average on 10 runs - GPU latency: 1.11641 ms - Host latency: 1.18047 ms (enqueue 0.0140625 ms)
[09/20/2026-21:35:15] [I] Average on 10 runs - GPU latency: 1.11641 ms - Host latency: 1.18047 ms (enqueue 0.0148437 ms)
[09/20/2026-21:35:15] [I] Average on 10 runs - GPU latency: 1.11797 ms - Host latency: 1.18125 ms (enqueue 0.0117188 ms)
[09/20/2026-21:35:15] [I] Average on 10 runs - GPU latency: 1.11797 ms - Host latency: 1.18125 ms (enqueue 0.0132813 ms)
[09/20/2026-21:35:15] [I] Average on 10 runs - GPU latency: 1.11719 ms - Host latency: 1.17813 ms (enqueue 0.0117188 ms)
[09/20/2026-21:35:15] [I] Average on 10 runs - GPU latency: 1.11641 ms - Host latency: 1.18125 ms (enqueue 0.0132813 ms)
[09/20/2026-21:35:15] [I] Average on 10 runs - GPU latency: 1.11797 ms - Host latency: 1.18281 ms (enqueue 0.0117188 ms)
[09/20/2026-21:35:15] [I] Average on 10 runs - GPU latency: 1.11641 ms - Host latency: 1.17891 ms (enqueue 0.0125 ms)
[09/20/2026-21:35:15] [I] Average on 10 runs - GPU latency: 1.11484 ms - Host latency: 1.17734 ms (enqueue 0.0140625 ms)
[09/20/2026-21:35:15] [I] Average on 10 runs - GPU latency: 1.11719 ms - Host latency: 1.17813 ms (enqueue 0.0140625 ms)
[09/20/2026-21:35:15] [I] Average on 10 runs - GPU latency: 1.11719 ms - Host latency: 1.17656 ms (enqueue 0.0117188 ms)
[09/20/2026-21:35:15] [I] Average on 10 runs - GPU latency: 1.11641 ms - Host latency: 1.18047 ms (enqueue 0.0125 ms)
[09/20/2026-21:35:15] [I] Average on 10 runs - GPU latency: 1.11563 ms - Host latency: 1.17891 ms (enqueue 0.0132813 ms)
[09/20/2026-21:35:15] [I] Average on 10 runs - GPU latency: 1.11875 ms - Host latency: 1.18047 ms (enqueue 0.0101562 ms)
[09/20/2026-21:35:15] [I] Average on 10 runs - GPU latency: 1.11563 ms - Host latency: 1.17813 ms (enqueue 0.0125 ms)
[09/20/2026-21:35:15] [I] Average on 10 runs - GPU latency: 1.11484 ms - Host latency: 1.17578 ms (enqueue 0.0109375 ms)
[09/20/2026-21:35:15] [I] Average on 10 runs - GPU latency: 1.11797 ms - Host latency: 1.18047 ms (enqueue 0.0117188 ms)
[09/20/2026-21:35:15] [I] Average on 10 runs - GPU latency: 1.11797 ms - Host latency: 1.18047 ms (enqueue 0.0148437 ms)
[09/20/2026-21:35:15] [I] Average on 10 runs - GPU latency: 1.11797 ms - Host latency: 1.18125 ms (enqueue 0.0125 ms)
[09/20/2026-21:35:15] [I] Average on 10 runs - GPU latency: 1.11563 ms - Host latency: 1.17813 ms (enqueue 0.009375 ms)
[09/20/2026-21:35:15] [I] Average on 10 runs - GPU latency: 1.11641 ms - Host latency: 1.17891 ms (enqueue 0.0117188 ms)
[09/20/2026-21:35:15] [I] Average on 10 runs - GPU latency: 1.11719 ms - Host latency: 1.17969 ms (enqueue 0.0117188 ms)
[09/20/2026-21:35:15] [I] Average on 10 runs - GPU latency: 1.11797 ms - Host latency: 1.18125 ms (enqueue 0.0101562 ms)
[09/20/2026-21:35:15] [I] Average on 10 runs - GPU latency: 1.11953 ms - Host latency: 1.18594 ms (enqueue 0.0132813 ms)
[09/20/2026-21:35:15] [I] Average on 10 runs - GPU latency: 1.11719 ms - Host latency: 1.18281 ms (enqueue 0.0140625 ms)
[09/20/2026-21:35:15] [I] Average on 10 runs - GPU latency: 1.11563 ms - Host latency: 1.17734 ms (enqueue 0.0125 ms)
[09/20/2026-21:35:15] [I] Average on 10 runs - GPU latency: 1.11641 ms - Host latency: 1.17813 ms (enqueue 0.0117188 ms)
[09/20/2026-21:35:15] [I] Average on 10 runs - GPU latency: 1.11875 ms - Host latency: 1.18125 ms (enqueue 0.0148437 ms)
[09/20/2026-21:35:15] [I] 
[09/20/2026-21:35:15] [I] === Performance summary ===
[09/20/2026-21:35:15] [I] Throughput: 889.801 qps
[09/20/2026-21:35:15] [I] Latency: min = 1.15234 ms, max = 4.81641 ms, mean = 1.18696 ms, median = 1.17969 ms, percentile(90%) = 1.1875 ms, percentile(95%) = 1.19531 ms, percentile(99%) = 1.21289 ms
[09/20/2026-21:35:15] [I] Enqueue Time: min = 0.00390625 ms, max = 0.121094 ms, mean = 0.0137926 ms, median = 0.0151367 ms, percentile(90%) = 0.015625 ms, percentile(95%) = 0.0195312 ms, percentile(99%) = 0.0234375 ms
[09/20/2026-21:35:15] [I] H2D Latency: min = 0.046875 ms, max = 0.271484 ms, mean = 0.0554593 ms, median = 0.0546875 ms, percentile(90%) = 0.0605469 ms, percentile(95%) = 0.0625 ms, percentile(99%) = 0.0800781 ms
[09/20/2026-21:35:15] [I] GPU Compute Time: min = 1.09375 ms, max = 4.74609 ms, mean = 1.12166 ms, median = 1.11719 ms, percentile(90%) = 1.12109 ms, percentile(95%) = 1.125 ms, percentile(99%) = 1.125 ms
[09/20/2026-21:35:15] [I] D2H Latency: min = 0 ms, max = 0.015625 ms, mean = 0.00971545 ms, median = 0.0078125 ms, percentile(90%) = 0.015625 ms, percentile(95%) = 0.015625 ms, percentile(99%) = 0.015625 ms
[09/20/2026-21:35:15] [I] Total Host Walltime: 120.003 s
[09/20/2026-21:35:15] [I] Total GPU Compute Time: 119.77 s
[09/20/2026-21:35:15] [I] Explanations of the performance metrics are printed in the verbose logs.
[09/20/2026-21:35:15] [I] 
&&&& PASSED TensorRT.trtexec [TensorRT v101602] [b10] # /usr/src/tensorrt/bin/trtexec --loadEngine=models/mobilenetv2_fp16.plan --shapes=input:1x3x224x224 --warmUp=2000 --duration=120 --useCudaGraph
[09/20/2026-21:33:13] [W] [TRT] Using an engine plan file across different models of devices is not supported and is likely to affect performance or even cause errors or deadlock.
[09/20/2026-21:35:15] [W] * GPU compute time is unstable, with coefficient of variance = 8.01831%.
[09/20/2026-21:35:15] [W]   If not already in use, locking GPU clock frequency or adding --useSpinWait may improve the stability.
