&&&& RUNNING TensorRT.trtexec [TensorRT v101602] [b10] # /usr/src/tensorrt/bin/trtexec --loadEngine=models/mobilenetv2_fp16.plan --shapes=input:1x3x224x224 --warmUp=2000 --duration=120 --useCudaGraph
[09/20/2026-20:19:32] [I] TF32 is enabled by default. Add --noTF32 flag to further improve accuracy with some performance cost.
[09/20/2026-20:19:32] [I] === Model Options ===
[09/20/2026-20:19:32] [I] Format: *
[09/20/2026-20:19:32] [I] Model: 
[09/20/2026-20:19:32] [I] Output:
[09/20/2026-20:19:32] [I] 
[09/20/2026-20:19:32] [I] === System Options ===
[09/20/2026-20:19:32] [I] Device: 0
[09/20/2026-20:19:32] [I] DLACore: 
[09/20/2026-20:19:32] [I] Loaded static plugins:
[09/20/2026-20:19:32] [I] setPluginsToSerialize:
[09/20/2026-20:19:32] [I] dynamicPlugins:
[09/20/2026-20:19:32] [I] ignoreParsedPluginLibs: 0
[09/20/2026-20:19:32] [I] 
[09/20/2026-20:19:32] [I] === Inference Options ===
[09/20/2026-20:19:32] [I] Batch: Explicit
[09/20/2026-20:19:32] [I] Input inference shape : input=1x3x224x224
[09/20/2026-20:19:32] [I] Iterations: 10
[09/20/2026-20:19:32] [I] Duration: 120s (+ 2000ms warm up)
[09/20/2026-20:19:32] [I] Sleep time: 0ms
[09/20/2026-20:19:32] [I] Idle time: 0ms
[09/20/2026-20:19:32] [I] Inference Streams: 1
[09/20/2026-20:19:32] [I] ExposeDMA: Disabled
[09/20/2026-20:19:32] [I] Data transfers: Enabled
[09/20/2026-20:19:32] [I] Spin-wait: Disabled
[09/20/2026-20:19:32] [I] Multithreading: Disabled
[09/20/2026-20:19:32] [I] CUDA Graph: Enabled
[09/20/2026-20:19:32] [I] Separate profiling: Disabled
[09/20/2026-20:19:32] [I] Time Deserialize: Disabled
[09/20/2026-20:19:32] [I] Time Refit: Disabled
[09/20/2026-20:19:32] [I] NVTX verbosity: 0
[09/20/2026-20:19:32] [I] Persistent Cache Ratio: 0
[09/20/2026-20:19:32] [I] Optimization Profile Index: 0
[09/20/2026-20:19:32] [I] Weight Streaming Budget: 100.000000%
[09/20/2026-20:19:32] [I] Inputs:
[09/20/2026-20:19:32] [I] Debug Tensor Save Destinations:
[09/20/2026-20:19:32] [I] Dump All Debug Tensor in Formats: 
[09/20/2026-20:19:32] [I] === Reporting Options ===
[09/20/2026-20:19:32] [I] Verbose: Disabled
[09/20/2026-20:19:32] [I] Averages: 10 inferences
[09/20/2026-20:19:32] [I] Percentiles: 90,95,99
[09/20/2026-20:19:32] [I] Dump refittable layers:Disabled
[09/20/2026-20:19:32] [I] Dump output: Disabled
[09/20/2026-20:19:32] [I] Profile: Disabled
[09/20/2026-20:19:32] [I] Export timing to JSON file: 
[09/20/2026-20:19:32] [I] Export output to JSON file: 
[09/20/2026-20:19:32] [I] Export profile to JSON file: 
[09/20/2026-20:19:32] [I] 
[09/20/2026-20:19:32] [I] === Device Information ===
[09/20/2026-20:19:32] [I] Available Devices: 
[09/20/2026-20:19:32] [I]   Device 0: "Orin" UUID: GPU-5e79c5ba-a005-59b8-a6a3-d87e61f25d8b
[09/20/2026-20:19:32] [I] Selected Device: Orin
[09/20/2026-20:19:32] [I] Selected Device ID: 0
[09/20/2026-20:19:32] [I] Selected Device UUID: GPU-5e79c5ba-a005-59b8-a6a3-d87e61f25d8b
[09/20/2026-20:19:32] [I] Compute Capability: 8.7
[09/20/2026-20:19:32] [I] SMs: 8
[09/20/2026-20:19:32] [I] Device Global Memory: 7485 MiB
[09/20/2026-20:19:32] [I] Shared Memory per SM: 164 KiB
[09/20/2026-20:19:32] [I] Memory Bus Width: 128 bits (ECC disabled)
[09/20/2026-20:19:32] [I] Application Compute Clock Rate: 1.02 GHz
[09/20/2026-20:19:32] [I] Application Memory Clock Rate: 0.918 GHz
[09/20/2026-20:19:32] [I] 
[09/20/2026-20:19:32] [I] Note: The application clock rates do not reflect the actual clock rates that the GPU is currently running at.
[09/20/2026-20:19:32] [I] 
[09/20/2026-20:19:32] [I] TensorRT version: 10.16.2
[09/20/2026-20:19:32] [I] Loading standard plugins
[09/20/2026-20:19:32] [I] [TRT] Loaded engine size: 7 MiB
[09/20/2026-20:19:32] [I] Engine deserialized in 0.267695 sec.
[09/20/2026-20:19:32] [I] [TRT] [MemUsageChange] TensorRT-managed allocation in IExecutionContext creation: CPU +0, GPU +4, now: CPU 0, GPU 10 (MiB)
[09/20/2026-20:19:32] [I] Setting persistentCacheLimit to 0 bytes.
[09/20/2026-20:19:32] [I] Created execution context with device memory size: 3.34961 MiB
[09/20/2026-20:19:32] [I] Using random values for input input
[09/20/2026-20:19:32] [I] Input binding for input with dimensions 1x3x224x224 and type fp32 is created.
[09/20/2026-20:19:32] [I] Output binding for output with dimensions 1x1000 and type fp32 is created.
[09/20/2026-20:19:32] [I] Starting inference
[09/20/2026-20:19:32] [I] Capturing CUDA graph for the current execution context
[09/20/2026-20:19:33] [I] Successfully captured CUDA graph for the current execution context
[09/20/2026-20:21:34] [I] Warmup completed 2359 queries over 2000 ms
[09/20/2026-20:21:34] [I] Timing trace has 158397 queries over 120.002 s
[09/20/2026-20:21:34] [I] 
[09/20/2026-20:21:34] [I] === Trace details ===
[09/20/2026-20:21:34] [I] Trace averages of 10 runs:
[09/20/2026-20:21:34] [I] Average on 10 runs - GPU latency: 0.751648 ms - Host latency: 0.799329 ms (enqueue 0.0120972 ms)
[09/20/2026-20:21:34] [I] Average on 10 runs - GPU latency: 0.752881 ms - Host latency: 0.804712 ms (enqueue 0.0122437 ms)
[09/20/2026-20:21:34] [I] Average on 10 runs - GPU latency: 0.753711 ms - Host latency: 0.807947 ms (enqueue 0.0125977 ms)
[09/20/2026-20:21:34] [I] Average on 10 runs - GPU latency: 0.752942 ms - Host latency: 0.804138 ms (enqueue 0.0122314 ms)
[09/20/2026-20:21:34] [I] Average on 10 runs - GPU latency: 0.753955 ms - Host latency: 0.806311 ms (enqueue 0.012561 ms)
[09/20/2026-20:21:34] [I] Average on 10 runs - GPU latency: 0.753491 ms - Host latency: 0.803149 ms (enqueue 0.0119995 ms)
[09/20/2026-20:21:34] [I] Average on 10 runs - GPU latency: 0.75354 ms - Host latency: 0.804163 ms (enqueue 0.012207 ms)
[09/20/2026-20:21:34] [I] Average on 10 runs - GPU latency: 0.753418 ms - Host latency: 0.804443 ms (enqueue 0.0121338 ms)
[09/20/2026-20:21:34] [I] Average on 10 runs - GPU latency: 0.752661 ms - Host latency: 0.803589 ms (enqueue 0.0122559 ms)
[09/20/2026-20:21:34] [I] Average on 10 runs - GPU latency: 0.753564 ms - Host latency: 0.80376 ms (enqueue 0.012207 ms)
[09/20/2026-20:21:34] [I] Average on 10 runs - GPU latency: 0.753198 ms - Host latency: 0.803076 ms (enqueue 0.012207 ms)
[09/20/2026-20:21:34] [I] Average on 10 runs - GPU latency: 0.753442 ms - Host latency: 0.803076 ms (enqueue 0.0122803 ms)
[09/20/2026-20:21:34] [I] Average on 10 runs - GPU latency: 0.753882 ms - Host latency: 0.805542 ms (enqueue 0.0123291 ms)
[09/20/2026-20:21:34] [I] Average on 10 runs - GPU latency: 0.754077 ms - Host latency: 0.805957 ms (enqueue 0.0122803 ms)
[09/20/2026-20:21:34] [I] Average on 10 runs - GPU latency: 0.753735 ms - Host latency: 0.805054 ms (enqueue 0.0121826 ms)
[09/20/2026-20:21:34] [I] Average on 10 runs - GPU latency: 0.753345 ms - Host latency: 0.805395 ms (enqueue 0.0120361 ms)
[09/20/2026-20:21:34] [I] Average on 10 runs - GPU latency: 0.753491 ms - Host latency: 0.805249 ms (enqueue 0.0150635 ms)
[09/20/2026-20:21:34] [I] Average on 10 runs - GPU latency: 0.754175 ms - Host latency: 0.807153 ms (enqueue 0.0132813 ms)
[09/20/2026-20:21:34] [I] Average on 10 runs - GPU latency: 0.754004 ms - Host latency: 0.803735 ms (enqueue 0.012207 ms)
[09/20/2026-20:21:34] [I] Average on 10 runs - GPU latency: 0.752588 ms - Host latency: 0.802466 ms (enqueue 0.0124512 ms)
[09/20/2026-20:21:34] [I] Average on 10 runs - GPU latency: 0.753369 ms - Host latency: 0.802734 ms (enqueue 0.0122314 ms)
[09/20/2026-20:21:34] [I] Average on 10 runs - GPU latency: 0.753418 ms - Host latency: 0.803931 ms (enqueue 0.0121582 ms)
[09/20/2026-20:21:34] [I] Average on 10 runs - GPU latency: 0.753027 ms - Host latency: 0.803125 ms (enqueue 0.0123779 ms)
[09/20/2026-20:21:34] [I] Average on 10 runs - GPU latency: 0.753052 ms - Host latency: 0.803247 ms (enqueue 0.0121826 ms)
[09/20/2026-20:21:34] [I] Average on 10 runs - GPU latency: 0.753735 ms - Host latency: 0.803833 ms (enqueue 0.0121582 ms)
[09/20/2026-20:21:34] [I] Average on 10 runs - GPU latency: 0.753687 ms - Host latency: 0.804077 ms (enqueue 0.0123047 ms)
[09/20/2026-20:21:34] [I] Average on 10 runs - GPU latency: 0.753687 ms - Host latency: 0.804883 ms (enqueue 0.0120117 ms)
[09/20/2026-20:21:34] [I] Average on 10 runs - GPU latency: 0.753101 ms - Host latency: 0.803857 ms (enqueue 0.0122803 ms)
[09/20/2026-20:21:34] [I] Average on 10 runs - GPU latency: 0.753491 ms - Host latency: 0.802734 ms (enqueue 0.0121826 ms)
[09/20/2026-20:21:34] [I] Average on 10 runs - GPU latency: 0.753467 ms - Host latency: 0.804443 ms (enqueue 0.0121094 ms)
[09/20/2026-20:21:34] [I] Average on 10 runs - GPU latency: 0.753296 ms - Host latency: 0.803516 ms (enqueue 0.0121338 ms)
[09/20/2026-20:21:34] [I] Average on 10 runs - GPU latency: 0.753271 ms - Host latency: 0.805249 ms (enqueue 0.0122314 ms)
[09/20/2026-20:21:34] [I] Average on 10 runs - GPU latency: 0.753833 ms - Host latency: 0.806543 ms (enqueue 0.0125977 ms)
[09/20/2026-20:21:34] [I] Average on 10 runs - GPU latency: 0.753369 ms - Host latency: 0.803735 ms (enqueue 0.0124512 ms)
[09/20/2026-20:21:34] [I] Average on 10 runs - GPU latency: 0.753491 ms - Host latency: 0.80481 ms (enqueue 0.0121338 ms)
[09/20/2026-20:21:34] [I] Average on 10 runs - GPU latency: 0.753369 ms - Host latency: 0.805322 ms (enqueue 0.0125 ms)
[09/20/2026-20:21:34] [I] Average on 10 runs - GPU latency: 0.754102 ms - Host latency: 0.80481 ms (enqueue 0.0122314 ms)
[09/20/2026-20:21:34] [I] Average on 10 runs - GPU latency: 0.754272 ms - Host latency: 0.806152 ms (enqueue 0.0123047 ms)
[09/20/2026-20:21:34] [I] Average on 10 runs - GPU latency: 0.753516 ms - Host latency: 0.803686 ms (enqueue 0.0123291 ms)
[09/20/2026-20:21:34] [I] Average on 10 runs - GPU latency: 0.753247 ms - Host latency: 0.802441 ms (enqueue 0.0118896 ms)
[09/20/2026-20:21:34] [I] Average on 10 runs - GPU latency: 0.752637 ms - Host latency: 0.802368 ms (enqueue 0.0119141 ms)
[09/20/2026-20:21:34] [I] Average on 10 runs - GPU latency: 0.754199 ms - Host latency: 0.805737 ms (enqueue 0.0149902 ms)
[09/20/2026-20:21:34] [I] Average on 10 runs - GPU latency: 0.75332 ms - Host latency: 0.802881 ms (enqueue 0.0121826 ms)
[09/20/2026-20:21:34] [I] Average on 10 runs - GPU latency: 0.754541 ms - Host latency: 0.805029 ms (enqueue 0.0125 ms)
[09/20/2026-20:21:34] [I] Average on 10 runs - GPU latency: 0.753027 ms - Host latency: 0.80332 ms (enqueue 0.012207 ms)
[09/20/2026-20:21:34] [I] Average on 10 runs - GPU latency: 0.753931 ms - Host latency: 0.80415 ms (enqueue 0.0122803 ms)
[09/20/2026-20:21:34] [I] Average on 10 runs - GPU latency: 0.753149 ms - Host latency: 0.806274 ms (enqueue 0.0123291 ms)
[09/20/2026-20:21:34] [I] Average on 10 runs - GPU latency: 0.752954 ms - Host latency: 0.803662 ms (enqueue 0.012207 ms)
[09/20/2026-20:21:34] [I] Average on 10 runs - GPU latency: 0.75293 ms - Host latency: 0.804126 ms (enqueue 0.0121338 ms)
[09/20/2026-20:21:34] [I] Average on 10 runs - GPU latency: 0.75332 ms - Host latency: 0.803809 ms (enqueue 0.012207 ms)
[09/20/2026-20:21:34] [I] Average on 10 runs - GPU latency: 0.754126 ms - Host latency: 0.803809 ms (enqueue 0.0121582 ms)
[09/20/2026-20:21:34] [I] Average on 10 runs - GPU latency: 0.754468 ms - Host latency: 0.80498 ms (enqueue 0.012085 ms)
[09/20/2026-20:21:34] [I] Average on 10 runs - GPU latency: 0.753857 ms - Host latency: 0.804321 ms (enqueue 0.0122314 ms)
[09/20/2026-20:21:34] [I] Average on 10 runs - GPU latency: 0.754346 ms - Host latency: 0.805469 ms (enqueue 0.0123047 ms)
[09/20/2026-20:21:34] [I] Average on 10 runs - GPU latency: 0.753784 ms - Host latency: 0.804639 ms (enqueue 0.0120361 ms)
[09/20/2026-20:21:34] [I] Average on 10 runs - GPU latency: 0.754443 ms - Host latency: 0.806812 ms (enqueue 0.0141846 ms)
[09/20/2026-20:21:34] [I] Average on 10 runs - GPU latency: 0.753223 ms - Host latency: 0.804492 ms (enqueue 0.012085 ms)
[09/20/2026-20:21:34] [I] Average on 10 runs - GPU latency: 0.753589 ms - Host latency: 0.805176 ms (enqueue 0.0123535 ms)
[09/20/2026-20:21:34] [I] Average on 10 runs - GPU latency: 0.75332 ms - Host latency: 0.803271 ms (enqueue 0.0123291 ms)
[09/20/2026-20:21:34] [I] Average on 10 runs - GPU latency: 0.753784 ms - Host latency: 0.804761 ms (enqueue 0.0121582 ms)
[09/20/2026-20:21:34] [I] Average on 10 runs - GPU latency: 0.753809 ms - Host latency: 0.803711 ms (enqueue 0.0124268 ms)
[09/20/2026-20:21:34] [I] Average on 10 runs - GPU latency: 0.753711 ms - Host latency: 0.805347 ms (enqueue 0.0121094 ms)
[09/20/2026-20:21:34] [I] Average on 10 runs - GPU latency: 0.754419 ms - Host latency: 0.805005 ms (enqueue 0.0121582 ms)
[09/20/2026-20:21:34] [I] Average on 10 runs - GPU latency: 0.753467 ms - Host latency: 0.80415 ms (enqueue 0.0122559 ms)
[09/20/2026-20:21:34] [I] Average on 10 runs - GPU latency: 0.753589 ms - Host latency: 0.803784 ms (enqueue 0.012207 ms)
[09/20/2026-20:21:34] [I] Average on 10 runs - GPU latency: 0.753784 ms - Host latency: 0.804663 ms (enqueue 0.0122803 ms)
[09/20/2026-20:21:34] [I] Average on 10 runs - GPU latency: 1.02056 ms - Host latency: 1.07383 ms (enqueue 0.0143555 ms)
[09/20/2026-20:21:34] [I] Average on 10 runs - GPU latency: 0.800928 ms - Host latency: 0.850098 ms (enqueue 0.0122314 ms)
[09/20/2026-20:21:34] [I] Average on 10 runs - GPU latency: 0.754028 ms - Host latency: 0.80415 ms (enqueue 0.0119873 ms)
[09/20/2026-20:21:34] [I] Average on 10 runs - GPU latency: 0.752979 ms - Host latency: 0.803174 ms (enqueue 0.0121826 ms)
[09/20/2026-20:21:34] [I] Average on 10 runs - GPU latency: 0.753247 ms - Host latency: 0.802563 ms (enqueue 0.0121094 ms)
[09/20/2026-20:21:34] [I] Average on 10 runs - GPU latency: 0.753613 ms - Host latency: 0.804907 ms (enqueue 0.0124268 ms)
[09/20/2026-20:21:34] [I] Average on 10 runs - GPU latency: 0.753857 ms - Host latency: 0.804297 ms (enqueue 0.0117676 ms)
[09/20/2026-20:21:34] [I] Average on 10 runs - GPU latency: 0.753296 ms - Host latency: 0.803638 ms (enqueue 0.0120605 ms)
[09/20/2026-20:21:34] [I] Average on 10 runs - GPU latency: 0.753784 ms - Host latency: 0.804663 ms (enqueue 0.012085 ms)
[09/20/2026-20:21:34] [I] Average on 10 runs - GPU latency: 0.753491 ms - Host latency: 0.803955 ms (enqueue 0.0122559 ms)
[09/20/2026-20:21:34] [I] Average on 10 runs - GPU latency: 0.75398 ms - Host latency: 0.804883 ms (enqueue 0.0119385 ms)
[09/20/2026-20:21:34] [I] Average on 10 runs - GPU latency: 0.754541 ms - Host latency: 0.807446 ms (enqueue 0.0123535 ms)
[09/20/2026-20:21:34] [I] Average on 10 runs - GPU latency: 0.753857 ms - Host latency: 0.806641 ms (enqueue 0.0119873 ms)
[09/20/2026-20:21:34] [I] Average on 10 runs - GPU latency: 0.754395 ms - Host latency: 0.806372 ms (enqueue 0.012207 ms)
[09/20/2026-20:21:34] [I] Average on 10 runs - GPU latency: 0.75415 ms - Host latency: 0.805957 ms (enqueue 0.0123535 ms)
[09/20/2026-20:21:34] [I] Average on 10 runs - GPU latency: 0.75542 ms - Host latency: 0.809229 ms (enqueue 0.0124512 ms)
[09/20/2026-20:21:34] [I] Average on 10 runs - GPU latency: 0.755078 ms - Host latency: 0.809497 ms (enqueue 0.013623 ms)
[09/20/2026-20:21:34] [I] Average on 10 runs - GPU latency: 0.75398 ms - Host latency: 0.809644 ms (enqueue 0.0146729 ms)
[09/20/2026-20:21:34] [I] Average on 10 runs - GPU latency: 0.753711 ms - Host latency: 0.804614 ms (enqueue 0.0120605 ms)
[09/20/2026-20:21:34] [I] Average on 10 runs - GPU latency: 0.754321 ms - Host latency: 0.808936 ms (enqueue 0.0120361 ms)
[09/20/2026-20:21:34] [I] Average on 10 runs - GPU latency: 0.754736 ms - Host latency: 0.806274 ms (enqueue 0.0117432 ms)
[09/20/2026-20:21:34] [I] Average on 10 runs - GPU latency: 0.753857 ms - Host latency: 0.804883 ms (enqueue 0.0119629 ms)
[09/20/2026-20:21:34] [I] Average on 10 runs - GPU latency: 0.754175 ms - Host latency: 0.807861 ms (enqueue 0.0133789 ms)
[09/20/2026-20:21:34] [I] Average on 10 runs - GPU latency: 0.753369 ms - Host latency: 0.803833 ms (enqueue 0.0125732 ms)
[09/20/2026-20:21:34] [I] Average on 10 runs - GPU latency: 0.753784 ms - Host latency: 0.804565 ms (enqueue 0.0117676 ms)
[09/20/2026-20:21:34] [I] Average on 10 runs - GPU latency: 0.753589 ms - Host latency: 0.804858 ms (enqueue 0.0119873 ms)
[09/20/2026-20:21:34] [I] Average on 10 runs - GPU latency: 0.754346 ms - Host latency: 0.806348 ms (enqueue 0.012207 ms)
[09/20/2026-20:21:34] [I] Average on 10 runs - GPU latency: 0.753882 ms - Host latency: 0.805176 ms (enqueue 0.0121826 ms)
[09/20/2026-20:21:34] [I] Average on 10 runs - GPU latency: 0.752881 ms - Host latency: 0.803125 ms (enqueue 0.0123047 ms)
[09/20/2026-20:21:34] [I] Average on 10 runs - GPU latency: 0.753784 ms - Host latency: 0.804663 ms (enqueue 0.0125 ms)
[09/20/2026-20:21:34] [I] Average on 10 runs - GPU latency: 0.75415 ms - Host latency: 0.806909 ms (enqueue 0.0126221 ms)
[09/20/2026-20:21:34] [I] Average on 10 runs - GPU latency: 0.75459 ms - Host latency: 0.80686 ms (enqueue 0.0123779 ms)
[09/20/2026-20:21:34] [I] Average on 10 runs - GPU latency: 0.753564 ms - Host latency: 0.803589 ms (enqueue 0.012085 ms)
[09/20/2026-20:21:34] [I] Average on 10 runs - GPU latency: 0.754443 ms - Host latency: 0.804858 ms (enqueue 0.0119873 ms)
[09/20/2026-20:21:34] [I] Average on 10 runs - GPU latency: 0.753711 ms - Host latency: 0.804468 ms (enqueue 0.012085 ms)
[09/20/2026-20:21:34] [I] Average on 10 runs - GPU latency: 0.753491 ms - Host latency: 0.804639 ms (enqueue 0.012207 ms)
[09/20/2026-20:21:34] [I] Average on 10 runs - GPU latency: 0.753223 ms - Host latency: 0.803638 ms (enqueue 0.0119629 ms)
[09/20/2026-20:21:34] [I] Average on 10 runs - GPU latency: 0.754004 ms - Host latency: 0.80542 ms (enqueue 0.0140137 ms)
[09/20/2026-20:21:34] [I] Average on 10 runs - GPU latency: 0.752686 ms - Host latency: 0.802783 ms (enqueue 0.012085 ms)
[09/20/2026-20:21:34] [I] Average on 10 runs - GPU latency: 0.756421 ms - Host latency: 0.818604 ms (enqueue 0.0161621 ms)
[09/20/2026-20:21:34] [I] Average on 10 runs - GPU latency: 0.753735 ms - Host latency: 0.810669 ms (enqueue 0.0172363 ms)
[09/20/2026-20:21:34] [I] Average on 10 runs - GPU latency: 0.753931 ms - Host latency: 0.80542 ms (enqueue 0.0119873 ms)
[09/20/2026-20:21:34] [I] Average on 10 runs - GPU latency: 0.754663 ms - Host latency: 0.810742 ms (enqueue 0.0137695 ms)
[09/20/2026-20:21:34] [I] Average on 10 runs - GPU latency: 0.754443 ms - Host latency: 0.806128 ms (enqueue 0.0121338 ms)
[09/20/2026-20:21:34] [I] Average on 10 runs - GPU latency: 0.753735 ms - Host latency: 0.804834 ms (enqueue 0.0119873 ms)
[09/20/2026-20:21:34] [I] Average on 10 runs - GPU latency: 0.754492 ms - Host latency: 0.807324 ms (enqueue 0.0119873 ms)
[09/20/2026-20:21:34] [I] Average on 10 runs - GPU latency: 0.754492 ms - Host latency: 0.805566 ms (enqueue 0.0122559 ms)
[09/20/2026-20:21:34] [I] Average on 10 runs - GPU latency: 0.754199 ms - Host latency: 0.803735 ms (enqueue 0.0120117 ms)
[09/20/2026-20:21:34] [I] Average on 10 runs - GPU latency: 0.753687 ms - Host latency: 0.803418 ms (enqueue 0.0120605 ms)
[09/20/2026-20:21:34] [I] Average on 10 runs - GPU latency: 0.75332 ms - Host latency: 0.801367 ms (enqueue 0.0119141 ms)
[09/20/2026-20:21:34] [I] Average on 10 runs - GPU latency: 0.752222 ms - Host latency: 0.799194 ms (enqueue 0.012085 ms)
[09/20/2026-20:21:34] [I] Average on 10 runs - GPU latency: 0.753125 ms - Host latency: 0.801831 ms (enqueue 0.0120117 ms)
[09/20/2026-20:21:34] [I] Average on 10 runs - GPU latency: 0.753052 ms - Host latency: 0.800391 ms (enqueue 0.0120117 ms)
[09/20/2026-20:21:34] [I] Average on 10 runs - GPU latency: 0.754834 ms - Host latency: 0.807886 ms (enqueue 0.0134277 ms)
[09/20/2026-20:21:34] [I] Average on 10 runs - GPU latency: 0.753882 ms - Host latency: 0.804077 ms (enqueue 0.0120361 ms)
[09/20/2026-20:21:34] [I] Average on 10 runs - GPU latency: 0.753149 ms - Host latency: 0.802466 ms (enqueue 0.0121826 ms)
[09/20/2026-20:21:34] [I] Average on 10 runs - GPU latency: 0.75398 ms - Host latency: 0.804541 ms (enqueue 0.0120605 ms)
[09/20/2026-20:21:34] [I] Average on 10 runs - GPU latency: 0.754395 ms - Host latency: 0.807202 ms (enqueue 0.0125 ms)
[09/20/2026-20:21:34] [I] Average on 10 runs - GPU latency: 0.753735 ms - Host latency: 0.805322 ms (enqueue 0.0121582 ms)
[09/20/2026-20:21:34] [I] Average on 10 runs - GPU latency: 0.754077 ms - Host latency: 0.805127 ms (enqueue 0.0120605 ms)
[09/20/2026-20:21:34] [I] Average on 10 runs - GPU latency: 0.753857 ms - Host latency: 0.805591 ms (enqueue 0.0120361 ms)
[09/20/2026-20:21:34] [I] Average on 10 runs - GPU latency: 0.75498 ms - Host latency: 0.807861 ms (enqueue 0.0126953 ms)
[09/20/2026-20:21:34] [I] Average on 10 runs - GPU latency: 0.753906 ms - Host latency: 0.805762 ms (enqueue 0.0118408 ms)
[09/20/2026-20:21:34] [I] Average on 10 runs - GPU latency: 0.754126 ms - Host latency: 0.80542 ms (enqueue 0.0119629 ms)
[09/20/2026-20:21:34] [I] Average on 10 runs - GPU latency: 0.752441 ms - Host latency: 0.802417 ms (enqueue 0.0118164 ms)
[09/20/2026-20:21:34] [I] Average on 10 runs - GPU latency: 0.75437 ms - Host latency: 0.805908 ms (enqueue 0.0119385 ms)
[09/20/2026-20:21:34] [I] Average on 10 runs - GPU latency: 0.753931 ms - Host latency: 0.803955 ms (enqueue 0.0117676 ms)
[09/20/2026-20:21:34] [I] Average on 10 runs - GPU latency: 0.753564 ms - Host latency: 0.806421 ms (enqueue 0.0137695 ms)
[09/20/2026-20:21:34] [I] Average on 10 runs - GPU latency: 0.754126 ms - Host latency: 0.806567 ms (enqueue 0.0123535 ms)
[09/20/2026-20:21:34] [I] Average on 10 runs - GPU latency: 0.754858 ms - Host latency: 0.80874 ms (enqueue 0.0123291 ms)
[09/20/2026-20:21:34] [I] Average on 10 runs - GPU latency: 0.75459 ms - Host latency: 0.808179 ms (enqueue 0.0126221 ms)
[09/20/2026-20:21:34] [I] Average on 10 runs - GPU latency: 0.753149 ms - Host latency: 0.804761 ms (enqueue 0.0121826 ms)
[09/20/2026-20:21:34] [I] Average on 10 runs - GPU latency: 0.75437 ms - Host latency: 0.806104 ms (enqueue 0.0121338 ms)
[09/20/2026-20:21:34] [I] Average on 10 runs - GPU latency: 0.753638 ms - Host latency: 0.805493 ms (enqueue 0.0123535 ms)
[09/20/2026-20:21:34] [I] Average on 10 runs - GPU latency: 0.754346 ms - Host latency: 0.805957 ms (enqueue 0.0121582 ms)
[09/20/2026-20:21:34] [I] Average on 10 runs - GPU latency: 0.75398 ms - Host latency: 0.805762 ms (enqueue 0.0121582 ms)
[09/20/2026-20:21:34] [I] Average on 10 runs - GPU latency: 0.753491 ms - Host latency: 0.804761 ms (enqueue 0.0121094 ms)
[09/20/2026-20:21:34] [I] Average on 10 runs - GPU latency: 0.753613 ms - Host latency: 0.803882 ms (enqueue 0.0120361 ms)
[09/20/2026-20:21:34] [I] Average on 10 runs - GPU latency: 0.753955 ms - Host latency: 0.80415 ms (enqueue 0.013623 ms)
[09/20/2026-20:21:34] [I] Average on 10 runs - GPU latency: 1.02751 ms - Host latency: 1.08469 ms (enqueue 0.0143311 ms)
[09/20/2026-20:21:34] [I] Average on 10 runs - GPU latency: 0.797998 ms - Host latency: 0.85 ms (enqueue 0.012085 ms)
[09/20/2026-20:21:34] [I] Average on 10 runs - GPU latency: 0.754541 ms - Host latency: 0.806274 ms (enqueue 0.0119385 ms)
[09/20/2026-20:21:34] [I] Average on 10 runs - GPU latency: 0.753711 ms - Host latency: 0.804565 ms (enqueue 0.0118896 ms)
[09/20/2026-20:21:34] [I] Average on 10 runs - GPU latency: 0.75398 ms - Host latency: 0.808228 ms (enqueue 0.0134766 ms)
[09/20/2026-20:21:34] [I] Average on 10 runs - GPU latency: 0.753345 ms - Host latency: 0.804004 ms (enqueue 0.0118896 ms)
[09/20/2026-20:21:34] [I] Average on 10 runs - GPU latency: 0.752856 ms - Host latency: 0.804468 ms (enqueue 0.0121338 ms)
[09/20/2026-20:21:34] [I] Average on 10 runs - GPU latency: 0.753589 ms - Host latency: 0.803418 ms (enqueue 0.012085 ms)
[09/20/2026-20:21:34] [I] Average on 10 runs - GPU latency: 0.754077 ms - Host latency: 0.809302 ms (enqueue 0.0136963 ms)
[09/20/2026-20:21:34] [I] Average on 10 runs - GPU latency: 0.754053 ms - Host latency: 0.806128 ms (enqueue 0.0122559 ms)
[09/20/2026-20:21:34] [I] Average on 10 runs - GPU latency: 0.753809 ms - Host latency: 0.805029 ms (enqueue 0.0125 ms)
[09/20/2026-20:21:34] [I] Average on 10 runs - GPU latency: 0.754004 ms - Host latency: 0.805591 ms (enqueue 0.012207 ms)
[09/20/2026-20:21:34] [I] Average on 10 runs - GPU latency: 0.75398 ms - Host latency: 0.807153 ms (enqueue 0.0125977 ms)
[09/20/2026-20:21:34] [I] Average on 10 runs - GPU latency: 0.753564 ms - Host latency: 0.804956 ms (enqueue 0.0122314 ms)
[09/20/2026-20:21:34] [I] Average on 10 runs - GPU latency: 0.754541 ms - Host latency: 0.808301 ms (enqueue 0.0120361 ms)
[09/20/2026-20:21:34] [I] Average on 10 runs - GPU latency: 0.754248 ms - Host latency: 0.807104 ms (enqueue 0.0125 ms)
[09/20/2026-20:21:34] [I] Average on 10 runs - GPU latency: 0.754687 ms - Host latency: 0.806982 ms (enqueue 0.0122314 ms)
[09/20/2026-20:21:34] [I] Average on 10 runs - GPU latency: 0.754321 ms - Host latency: 0.807178 ms (enqueue 0.0121582 ms)
[09/20/2026-20:21:34] [I] Average on 10 runs - GPU latency: 0.755396 ms - Host latency: 0.814355 ms (enqueue 0.0142822 ms)
[09/20/2026-20:21:34] [I] Average on 10 runs - GPU latency: 0.754712 ms - Host latency: 0.806714 ms (enqueue 0.0119385 ms)
[09/20/2026-20:21:34] [I] Average on 10 runs - GPU latency: 0.753345 ms - Host latency: 0.805444 ms (enqueue 0.0125244 ms)
[09/20/2026-20:21:34] [I] Average on 10 runs - GPU latency: 0.75398 ms - Host latency: 0.806006 ms (enqueue 0.0123535 ms)
[09/20/2026-20:21:34] [I] Average on 10 runs - GPU latency: 0.75332 ms - Host latency: 0.804712 ms (enqueue 0.0126221 ms)
[09/20/2026-20:21:34] [I] Average on 10 runs - GPU latency: 0.754224 ms - Host latency: 0.806763 ms (enqueue 0.0125488 ms)
[09/20/2026-20:21:34] [I] Average on 10 runs - GPU latency: 0.754468 ms - Host latency: 0.805322 ms (enqueue 0.0123535 ms)
[09/20/2026-20:21:34] [I] Average on 10 runs - GPU latency: 0.754321 ms - Host latency: 0.806519 ms (enqueue 0.012207 ms)
[09/20/2026-20:21:34] [I] Average on 10 runs - GPU latency: 0.754272 ms - Host latency: 0.805127 ms (enqueue 0.0123047 ms)
[09/20/2026-20:21:34] [I] Average on 10 runs - GPU latency: 0.754663 ms - Host latency: 0.807397 ms (enqueue 0.0121826 ms)
[09/20/2026-20:21:34] [I] Average on 10 runs - GPU latency: 0.753809 ms - Host latency: 0.807056 ms (enqueue 0.0124512 ms)
[09/20/2026-20:21:34] [I] Average on 10 runs - GPU latency: 0.7552 ms - Host latency: 0.80874 ms (enqueue 0.0123291 ms)
[09/20/2026-20:21:34] [I] Average on 10 runs - GPU latency: 0.754541 ms - Host latency: 0.806909 ms (enqueue 0.0121582 ms)
[09/20/2026-20:21:34] [I] Average on 10 runs - GPU latency: 0.753467 ms - Host latency: 0.80481 ms (enqueue 0.0121338 ms)
[09/20/2026-20:21:34] [I] Average on 10 runs - GPU latency: 0.754419 ms - Host latency: 0.808154 ms (enqueue 0.0135254 ms)
[09/20/2026-20:21:34] [I] Average on 10 runs - GPU latency: 0.753491 ms - Host latency: 0.806177 ms (enqueue 0.0135498 ms)
[09/20/2026-20:21:34] [I] Average on 10 runs - GPU latency: 0.754712 ms - Host latency: 0.807349 ms (enqueue 0.0124756 ms)
[09/20/2026-20:21:34] [I] Average on 10 runs - GPU latency: 0.753394 ms - Host latency: 0.804077 ms (enqueue 0.0117676 ms)
[09/20/2026-20:21:34] [I] Average on 10 runs - GPU latency: 0.75354 ms - Host latency: 0.80542 ms (enqueue 0.0119385 ms)
[09/20/2026-20:21:34] [I] Average on 10 runs - GPU latency: 0.753955 ms - Host latency: 0.805933 ms (enqueue 0.011792 ms)
[09/20/2026-20:21:34] [I] Average on 10 runs - GPU latency: 0.754517 ms - Host latency: 0.808887 ms (enqueue 0.0129883 ms)
[09/20/2026-20:21:34] [I] Average on 10 runs - GPU latency: 0.753687 ms - Host latency: 0.805444 ms (enqueue 0.0120361 ms)
[09/20/2026-20:21:34] [I] Average on 10 runs - GPU latency: 0.754028 ms - Host latency: 0.806763 ms (enqueue 0.0119873 ms)
[09/20/2026-20:21:34] [I] Average on 10 runs - GPU latency: 0.754102 ms - Host latency: 0.805103 ms (enqueue 0.0141846 ms)
[09/20/2026-20:21:34] [I] Average on 10 runs - GPU latency: 0.754565 ms - Host latency: 0.806152 ms (enqueue 0.012207 ms)
[09/20/2026-20:21:34] [I] Average on 10 runs - GPU latency: 0.754248 ms - Host latency: 0.806885 ms (enqueue 0.0126221 ms)
[09/20/2026-20:21:34] [I] Average on 10 runs - GPU latency: 0.753906 ms - Host latency: 0.804712 ms (enqueue 0.0119385 ms)
[09/20/2026-20:21:34] [I] Average on 10 runs - GPU latency: 0.754053 ms - Host latency: 0.805176 ms (enqueue 0.0118408 ms)
[09/20/2026-20:21:34] [I] Average on 10 runs - GPU latency: 0.754565 ms - Host latency: 0.805469 ms (enqueue 0.0117188 ms)
[09/20/2026-20:21:34] [I] Average on 10 runs - GPU latency: 0.753687 ms - Host latency: 0.804272 ms (enqueue 0.011792 ms)
[09/20/2026-20:21:34] [I] Average on 10 runs - GPU latency: 0.753955 ms - Host latency: 0.803125 ms (enqueue 0.0117676 ms)
[09/20/2026-20:21:34] [I] Average on 10 runs - GPU latency: 0.753418 ms - Host latency: 0.803467 ms (enqueue 0.0117188 ms)
[09/20/2026-20:21:34] [I] Average on 10 runs - GPU latency: 0.753516 ms - Host latency: 0.802856 ms (enqueue 0.0138916 ms)
[09/20/2026-20:21:34] [I] Average on 10 runs - GPU latency: 0.753345 ms - Host latency: 0.804077 ms (enqueue 0.0116699 ms)
[09/20/2026-20:21:34] [I] Average on 10 runs - GPU latency: 0.753931 ms - Host latency: 0.804028 ms (enqueue 0.0120361 ms)
[09/20/2026-20:21:34] [I] Average on 10 runs - GPU latency: 0.755298 ms - Host latency: 0.810718 ms (enqueue 0.0141357 ms)
[09/20/2026-20:21:34] [I] Average on 10 runs - GPU latency: 0.754907 ms - Host latency: 0.808374 ms (enqueue 0.0123291 ms)
[09/20/2026-20:21:34] [I] ... Omitting 154397 lines
[09/20/2026-20:21:34] [I] Average on 10 runs - GPU latency: 0.749219 ms - Host latency: 0.796875 ms (enqueue 0.009375 ms)
[09/20/2026-20:21:34] [I] Average on 10 runs - GPU latency: 0.749219 ms - Host latency: 0.801562 ms (enqueue 0.0132813 ms)
[09/20/2026-20:21:34] [I] Average on 10 runs - GPU latency: 0.747656 ms - Host latency: 0.797656 ms (enqueue 0.0109375 ms)
[09/20/2026-20:21:34] [I] Average on 10 runs - GPU latency: 0.750781 ms - Host latency: 0.803125 ms (enqueue 0.0109375 ms)
[09/20/2026-20:21:34] [I] Average on 10 runs - GPU latency: 0.748438 ms - Host latency: 0.798437 ms (enqueue 0.0125 ms)
[09/20/2026-20:21:34] [I] Average on 10 runs - GPU latency: 0.747656 ms - Host latency: 0.803125 ms (enqueue 0.0140625 ms)
[09/20/2026-20:21:34] [I] Average on 10 runs - GPU latency: 0.75 ms - Host latency: 0.803125 ms (enqueue 0.0140625 ms)
[09/20/2026-20:21:34] [I] Average on 10 runs - GPU latency: 0.750781 ms - Host latency: 0.804688 ms (enqueue 0.0132813 ms)
[09/20/2026-20:21:34] [I] Average on 10 runs - GPU latency: 0.747656 ms - Host latency: 0.804688 ms (enqueue 0.0164062 ms)
[09/20/2026-20:21:34] [I] Average on 10 runs - GPU latency: 0.75 ms - Host latency: 0.801562 ms (enqueue 0.0117188 ms)
[09/20/2026-20:21:34] [I] Average on 10 runs - GPU latency: 0.748438 ms - Host latency: 0.796875 ms (enqueue 0.0109375 ms)
[09/20/2026-20:21:34] [I] Average on 10 runs - GPU latency: 0.748438 ms - Host latency: 0.799219 ms (enqueue 0.0132813 ms)
[09/20/2026-20:21:34] [I] Average on 10 runs - GPU latency: 0.748438 ms - Host latency: 0.798437 ms (enqueue 0.0109375 ms)
[09/20/2026-20:21:34] [I] Average on 10 runs - GPU latency: 0.75 ms - Host latency: 0.8 ms (enqueue 0.0109375 ms)
[09/20/2026-20:21:34] [I] Average on 10 runs - GPU latency: 0.746875 ms - Host latency: 0.801562 ms (enqueue 0.0117188 ms)
[09/20/2026-20:21:34] [I] Average on 10 runs - GPU latency: 0.748438 ms - Host latency: 0.797656 ms (enqueue 0.0125 ms)
[09/20/2026-20:21:34] [I] Average on 10 runs - GPU latency: 0.75 ms - Host latency: 0.800781 ms (enqueue 0.0132813 ms)
[09/20/2026-20:21:34] [I] Average on 10 runs - GPU latency: 0.749219 ms - Host latency: 0.803125 ms (enqueue 0.0132813 ms)
[09/20/2026-20:21:34] [I] Average on 10 runs - GPU latency: 0.749219 ms - Host latency: 0.802344 ms (enqueue 0.0132813 ms)
[09/20/2026-20:21:34] [I] Average on 10 runs - GPU latency: 0.750781 ms - Host latency: 0.803125 ms (enqueue 0.0101562 ms)
[09/20/2026-20:21:34] [I] Average on 10 runs - GPU latency: 0.75 ms - Host latency: 0.802344 ms (enqueue 0.0109375 ms)
[09/20/2026-20:21:34] [I] Average on 10 runs - GPU latency: 0.75 ms - Host latency: 0.803125 ms (enqueue 0.0125 ms)
[09/20/2026-20:21:34] [I] Average on 10 runs - GPU latency: 0.746875 ms - Host latency: 0.798437 ms (enqueue 0.0125 ms)
[09/20/2026-20:21:34] [I] Average on 10 runs - GPU latency: 0.748438 ms - Host latency: 0.8 ms (enqueue 0.0132813 ms)
[09/20/2026-20:21:34] [I] Average on 10 runs - GPU latency: 0.75 ms - Host latency: 0.8 ms (enqueue 0.0140625 ms)
[09/20/2026-20:21:34] [I] Average on 10 runs - GPU latency: 0.75 ms - Host latency: 0.802344 ms (enqueue 0.0101562 ms)
[09/20/2026-20:21:34] [I] Average on 10 runs - GPU latency: 0.749219 ms - Host latency: 0.798437 ms (enqueue 0.0132813 ms)
[09/20/2026-20:21:34] [I] Average on 10 runs - GPU latency: 0.749219 ms - Host latency: 0.803125 ms (enqueue 0.0132813 ms)
[09/20/2026-20:21:34] [I] Average on 10 runs - GPU latency: 0.746875 ms - Host latency: 0.799219 ms (enqueue 0.0101562 ms)
[09/20/2026-20:21:34] [I] Average on 10 runs - GPU latency: 0.747656 ms - Host latency: 0.798437 ms (enqueue 0.0125 ms)
[09/20/2026-20:21:34] [I] Average on 10 runs - GPU latency: 0.749219 ms - Host latency: 0.799219 ms (enqueue 0.0117188 ms)
[09/20/2026-20:21:34] [I] Average on 10 runs - GPU latency: 0.748438 ms - Host latency: 0.799219 ms (enqueue 0.0132813 ms)
[09/20/2026-20:21:34] [I] Average on 10 runs - GPU latency: 0.748438 ms - Host latency: 0.799219 ms (enqueue 0.0132813 ms)
[09/20/2026-20:21:34] [I] Average on 10 runs - GPU latency: 0.75 ms - Host latency: 0.800781 ms (enqueue 0.0101562 ms)
[09/20/2026-20:21:34] [I] Average on 10 runs - GPU latency: 0.748438 ms - Host latency: 0.805469 ms (enqueue 0.0171875 ms)
[09/20/2026-20:21:34] [I] Average on 10 runs - GPU latency: 0.749219 ms - Host latency: 0.807813 ms (enqueue 0.0132813 ms)
[09/20/2026-20:21:34] [I] Average on 10 runs - GPU latency: 0.75 ms - Host latency: 0.803125 ms (enqueue 0.0132813 ms)
[09/20/2026-20:21:34] [I] Average on 10 runs - GPU latency: 0.75 ms - Host latency: 0.803906 ms (enqueue 0.0140625 ms)
[09/20/2026-20:21:34] [I] Average on 10 runs - GPU latency: 0.75 ms - Host latency: 0.802344 ms (enqueue 0.0132813 ms)
[09/20/2026-20:21:34] [I] Average on 10 runs - GPU latency: 0.749219 ms - Host latency: 0.800781 ms (enqueue 0.0132813 ms)
[09/20/2026-20:21:34] [I] Average on 10 runs - GPU latency: 0.748438 ms - Host latency: 0.799219 ms (enqueue 0.0125 ms)
[09/20/2026-20:21:34] [I] Average on 10 runs - GPU latency: 0.750781 ms - Host latency: 0.80625 ms (enqueue 0.0132813 ms)
[09/20/2026-20:21:34] [I] Average on 10 runs - GPU latency: 0.75 ms - Host latency: 0.800781 ms (enqueue 0.0148437 ms)
[09/20/2026-20:21:34] [I] Average on 10 runs - GPU latency: 0.749219 ms - Host latency: 0.803125 ms (enqueue 0.0109375 ms)
[09/20/2026-20:21:34] [I] Average on 10 runs - GPU latency: 0.749219 ms - Host latency: 0.801562 ms (enqueue 0.0101562 ms)
[09/20/2026-20:21:34] [I] Average on 10 runs - GPU latency: 0.749219 ms - Host latency: 0.800781 ms (enqueue 0.0125 ms)
[09/20/2026-20:21:34] [I] Average on 10 runs - GPU latency: 0.748438 ms - Host latency: 0.801562 ms (enqueue 0.0125 ms)
[09/20/2026-20:21:34] [I] Average on 10 runs - GPU latency: 0.75 ms - Host latency: 0.802344 ms (enqueue 0.0125 ms)
[09/20/2026-20:21:34] [I] Average on 10 runs - GPU latency: 0.75 ms - Host latency: 0.804688 ms (enqueue 0.0164062 ms)
[09/20/2026-20:21:34] [I] Average on 10 runs - GPU latency: 0.750781 ms - Host latency: 0.807031 ms (enqueue 0.0140625 ms)
[09/20/2026-20:21:34] [I] Average on 10 runs - GPU latency: 0.749219 ms - Host latency: 0.803906 ms (enqueue 0.0132813 ms)
[09/20/2026-20:21:34] [I] Average on 10 runs - GPU latency: 0.748438 ms - Host latency: 0.798437 ms (enqueue 0.0148437 ms)
[09/20/2026-20:21:34] [I] Average on 10 runs - GPU latency: 0.748438 ms - Host latency: 0.800781 ms (enqueue 0.0109375 ms)
[09/20/2026-20:21:34] [I] Average on 10 runs - GPU latency: 0.75 ms - Host latency: 0.8 ms (enqueue 0.0140625 ms)
[09/20/2026-20:21:34] [I] Average on 10 runs - GPU latency: 0.748438 ms - Host latency: 0.803906 ms (enqueue 0.0171875 ms)
[09/20/2026-20:21:34] [I] Average on 10 runs - GPU latency: 0.75 ms - Host latency: 0.803906 ms (enqueue 0.0140625 ms)
[09/20/2026-20:21:34] [I] Average on 10 runs - GPU latency: 0.748438 ms - Host latency: 0.799219 ms (enqueue 0.0117188 ms)
[09/20/2026-20:21:34] [I] Average on 10 runs - GPU latency: 0.75 ms - Host latency: 0.798437 ms (enqueue 0.0109375 ms)
[09/20/2026-20:21:34] [I] Average on 10 runs - GPU latency: 0.75 ms - Host latency: 0.801562 ms (enqueue 0.0125 ms)
[09/20/2026-20:21:34] [I] Average on 10 runs - GPU latency: 0.75 ms - Host latency: 0.8 ms (enqueue 0.0109375 ms)
[09/20/2026-20:21:34] [I] Average on 10 runs - GPU latency: 0.749219 ms - Host latency: 0.797656 ms (enqueue 0.0117188 ms)
[09/20/2026-20:21:34] [I] Average on 10 runs - GPU latency: 0.748438 ms - Host latency: 0.8 ms (enqueue 0.0132813 ms)
[09/20/2026-20:21:34] [I] Average on 10 runs - GPU latency: 0.750781 ms - Host latency: 0.8 ms (enqueue 0.0101562 ms)
[09/20/2026-20:21:34] [I] Average on 10 runs - GPU latency: 0.748438 ms - Host latency: 0.797656 ms (enqueue 0.00859375 ms)
[09/20/2026-20:21:34] [I] Average on 10 runs - GPU latency: 0.744531 ms - Host latency: 0.79375 ms (enqueue 0.0117188 ms)
[09/20/2026-20:21:34] [I] Average on 10 runs - GPU latency: 0.75 ms - Host latency: 0.799219 ms (enqueue 0.0109375 ms)
[09/20/2026-20:21:34] [I] Average on 10 runs - GPU latency: 0.746875 ms - Host latency: 0.8 ms (enqueue 0.0117188 ms)
[09/20/2026-20:21:34] [I] Average on 10 runs - GPU latency: 0.75 ms - Host latency: 0.798437 ms (enqueue 0.009375 ms)
[09/20/2026-20:21:34] [I] Average on 10 runs - GPU latency: 0.749219 ms - Host latency: 0.796875 ms (enqueue 0.0117188 ms)
[09/20/2026-20:21:34] [I] Average on 10 runs - GPU latency: 0.746094 ms - Host latency: 0.795313 ms (enqueue 0.0132813 ms)
[09/20/2026-20:21:34] [I] Average on 10 runs - GPU latency: 0.75 ms - Host latency: 0.8 ms (enqueue 0.0101562 ms)
[09/20/2026-20:21:34] [I] Average on 10 runs - GPU latency: 0.750781 ms - Host latency: 0.803125 ms (enqueue 0.0117188 ms)
[09/20/2026-20:21:34] [I] Average on 10 runs - GPU latency: 0.749219 ms - Host latency: 0.796875 ms (enqueue 0.0132813 ms)
[09/20/2026-20:21:34] [I] Average on 10 runs - GPU latency: 0.749219 ms - Host latency: 0.8 ms (enqueue 0.0117188 ms)
[09/20/2026-20:21:34] [I] Average on 10 runs - GPU latency: 0.75 ms - Host latency: 0.8 ms (enqueue 0.0117188 ms)
[09/20/2026-20:21:34] [I] Average on 10 runs - GPU latency: 0.746875 ms - Host latency: 0.796094 ms (enqueue 0.0140625 ms)
[09/20/2026-20:21:34] [I] Average on 10 runs - GPU latency: 0.746094 ms - Host latency: 0.796875 ms (enqueue 0.0117188 ms)
[09/20/2026-20:21:34] [I] Average on 10 runs - GPU latency: 0.749219 ms - Host latency: 0.799219 ms (enqueue 0.0117188 ms)
[09/20/2026-20:21:34] [I] Average on 10 runs - GPU latency: 0.747656 ms - Host latency: 0.796875 ms (enqueue 0.0109375 ms)
[09/20/2026-20:21:34] [I] Average on 10 runs - GPU latency: 0.746094 ms - Host latency: 0.798437 ms (enqueue 0.0117188 ms)
[09/20/2026-20:21:34] [I] Average on 10 runs - GPU latency: 0.748438 ms - Host latency: 0.798437 ms (enqueue 0.0132813 ms)
[09/20/2026-20:21:34] [I] Average on 10 runs - GPU latency: 0.749219 ms - Host latency: 0.801562 ms (enqueue 0.015625 ms)
[09/20/2026-20:21:34] [I] Average on 10 runs - GPU latency: 0.748438 ms - Host latency: 0.799219 ms (enqueue 0.0101562 ms)
[09/20/2026-20:21:34] [I] Average on 10 runs - GPU latency: 0.75 ms - Host latency: 0.800781 ms (enqueue 0.0117188 ms)
[09/20/2026-20:21:34] [I] Average on 10 runs - GPU latency: 0.747656 ms - Host latency: 0.797656 ms (enqueue 0.0101562 ms)
[09/20/2026-20:21:34] [I] Average on 10 runs - GPU latency: 0.746094 ms - Host latency: 0.794531 ms (enqueue 0.009375 ms)
[09/20/2026-20:21:34] [I] Average on 10 runs - GPU latency: 0.748438 ms - Host latency: 0.801562 ms (enqueue 0.0101562 ms)
[09/20/2026-20:21:34] [I] Average on 10 runs - GPU latency: 0.746094 ms - Host latency: 0.799219 ms (enqueue 0.0101562 ms)
[09/20/2026-20:21:34] [I] Average on 10 runs - GPU latency: 0.748438 ms - Host latency: 0.798437 ms (enqueue 0.0140625 ms)
[09/20/2026-20:21:34] [I] Average on 10 runs - GPU latency: 0.75 ms - Host latency: 0.8 ms (enqueue 0.0125 ms)
[09/20/2026-20:21:34] [I] Average on 10 runs - GPU latency: 0.748438 ms - Host latency: 0.799219 ms (enqueue 0.0109375 ms)
[09/20/2026-20:21:34] [I] Average on 10 runs - GPU latency: 0.75 ms - Host latency: 0.801562 ms (enqueue 0.0101562 ms)
[09/20/2026-20:21:34] [I] Average on 10 runs - GPU latency: 0.748438 ms - Host latency: 0.797656 ms (enqueue 0.0117188 ms)
[09/20/2026-20:21:34] [I] Average on 10 runs - GPU latency: 0.750781 ms - Host latency: 0.8 ms (enqueue 0.009375 ms)
[09/20/2026-20:21:34] [I] Average on 10 runs - GPU latency: 0.746875 ms - Host latency: 0.796094 ms (enqueue 0.0117188 ms)
[09/20/2026-20:21:34] [I] Average on 10 runs - GPU latency: 0.749219 ms - Host latency: 0.8 ms (enqueue 0.0132813 ms)
[09/20/2026-20:21:34] [I] Average on 10 runs - GPU latency: 0.75 ms - Host latency: 0.804688 ms (enqueue 0.0117188 ms)
[09/20/2026-20:21:34] [I] Average on 10 runs - GPU latency: 0.75 ms - Host latency: 0.800781 ms (enqueue 0.0101562 ms)
[09/20/2026-20:21:34] [I] Average on 10 runs - GPU latency: 0.750781 ms - Host latency: 0.801562 ms (enqueue 0.0109375 ms)
[09/20/2026-20:21:34] [I] Average on 10 runs - GPU latency: 0.75 ms - Host latency: 0.803125 ms (enqueue 0.0125 ms)
[09/20/2026-20:21:34] [I] Average on 10 runs - GPU latency: 0.75 ms - Host latency: 0.800781 ms (enqueue 0.0109375 ms)
[09/20/2026-20:21:34] [I] Average on 10 runs - GPU latency: 0.749219 ms - Host latency: 0.8 ms (enqueue 0.0117188 ms)
[09/20/2026-20:21:34] [I] Average on 10 runs - GPU latency: 0.747656 ms - Host latency: 0.796094 ms (enqueue 0.0125 ms)
[09/20/2026-20:21:34] [I] Average on 10 runs - GPU latency: 0.750781 ms - Host latency: 0.8 ms (enqueue 0.0101562 ms)
[09/20/2026-20:21:34] [I] Average on 10 runs - GPU latency: 0.749219 ms - Host latency: 0.801562 ms (enqueue 0.0125 ms)
[09/20/2026-20:21:34] [I] Average on 10 runs - GPU latency: 0.748438 ms - Host latency: 0.800781 ms (enqueue 0.0117188 ms)
[09/20/2026-20:21:34] [I] Average on 10 runs - GPU latency: 0.748438 ms - Host latency: 0.799219 ms (enqueue 0.0117188 ms)
[09/20/2026-20:21:34] [I] Average on 10 runs - GPU latency: 0.749219 ms - Host latency: 0.799219 ms (enqueue 0.0125 ms)
[09/20/2026-20:21:34] [I] Average on 10 runs - GPU latency: 0.749219 ms - Host latency: 0.799219 ms (enqueue 0.0109375 ms)
[09/20/2026-20:21:34] [I] Average on 10 runs - GPU latency: 0.75 ms - Host latency: 0.8 ms (enqueue 0.0132813 ms)
[09/20/2026-20:21:34] [I] Average on 10 runs - GPU latency: 0.75 ms - Host latency: 0.800781 ms (enqueue 0.0109375 ms)
[09/20/2026-20:21:34] [I] Average on 10 runs - GPU latency: 0.749219 ms - Host latency: 0.801562 ms (enqueue 0.0109375 ms)
[09/20/2026-20:21:34] [I] Average on 10 runs - GPU latency: 0.745313 ms - Host latency: 0.797656 ms (enqueue 0.0125 ms)
[09/20/2026-20:21:34] [I] Average on 10 runs - GPU latency: 0.744531 ms - Host latency: 0.796094 ms (enqueue 0.0125 ms)
[09/20/2026-20:21:34] [I] Average on 10 runs - GPU latency: 0.748438 ms - Host latency: 0.799219 ms (enqueue 0.0140625 ms)
[09/20/2026-20:21:34] [I] Average on 10 runs - GPU latency: 0.748438 ms - Host latency: 0.799219 ms (enqueue 0.0101562 ms)
[09/20/2026-20:21:34] [I] Average on 10 runs - GPU latency: 0.75 ms - Host latency: 0.799219 ms (enqueue 0.0117188 ms)
[09/20/2026-20:21:34] [I] Average on 10 runs - GPU latency: 0.75 ms - Host latency: 0.799219 ms (enqueue 0.0132813 ms)
[09/20/2026-20:21:34] [I] Average on 10 runs - GPU latency: 0.75 ms - Host latency: 0.8 ms (enqueue 0.0101562 ms)
[09/20/2026-20:21:34] [I] Average on 10 runs - GPU latency: 0.75 ms - Host latency: 0.801562 ms (enqueue 0.0125 ms)
[09/20/2026-20:21:34] [I] Average on 10 runs - GPU latency: 0.748438 ms - Host latency: 0.799219 ms (enqueue 0.0117188 ms)
[09/20/2026-20:21:34] [I] Average on 10 runs - GPU latency: 0.749219 ms - Host latency: 0.799219 ms (enqueue 0.0125 ms)
[09/20/2026-20:21:34] [I] Average on 10 runs - GPU latency: 0.746875 ms - Host latency: 0.798437 ms (enqueue 0.0132813 ms)
[09/20/2026-20:21:34] [I] Average on 10 runs - GPU latency: 0.75 ms - Host latency: 0.802344 ms (enqueue 0.0101562 ms)
[09/20/2026-20:21:34] [I] Average on 10 runs - GPU latency: 0.748438 ms - Host latency: 0.800781 ms (enqueue 0.0109375 ms)
[09/20/2026-20:21:34] [I] Average on 10 runs - GPU latency: 0.75 ms - Host latency: 0.801562 ms (enqueue 0.0132813 ms)
[09/20/2026-20:21:34] [I] Average on 10 runs - GPU latency: 0.749219 ms - Host latency: 0.800781 ms (enqueue 0.0101562 ms)
[09/20/2026-20:21:34] [I] Average on 10 runs - GPU latency: 0.75 ms - Host latency: 0.802344 ms (enqueue 0.0132813 ms)
[09/20/2026-20:21:34] [I] Average on 10 runs - GPU latency: 0.748438 ms - Host latency: 0.795313 ms (enqueue 0.009375 ms)
[09/20/2026-20:21:34] [I] Average on 10 runs - GPU latency: 0.75 ms - Host latency: 0.8 ms (enqueue 0.0140625 ms)
[09/20/2026-20:21:34] [I] Average on 10 runs - GPU latency: 0.746094 ms - Host latency: 0.798437 ms (enqueue 0.0125 ms)
[09/20/2026-20:21:34] [I] Average on 10 runs - GPU latency: 0.747656 ms - Host latency: 0.797656 ms (enqueue 0.0117188 ms)
[09/20/2026-20:21:34] [I] Average on 10 runs - GPU latency: 0.749219 ms - Host latency: 0.797656 ms (enqueue 0.0140625 ms)
[09/20/2026-20:21:34] [I] Average on 10 runs - GPU latency: 0.75 ms - Host latency: 0.800781 ms (enqueue 0.0132813 ms)
[09/20/2026-20:21:34] [I] Average on 10 runs - GPU latency: 0.749219 ms - Host latency: 0.797656 ms (enqueue 0.0125 ms)
[09/20/2026-20:21:34] [I] Average on 10 runs - GPU latency: 0.746094 ms - Host latency: 0.794531 ms (enqueue 0.0117188 ms)
[09/20/2026-20:21:34] [I] Average on 10 runs - GPU latency: 0.747656 ms - Host latency: 0.79375 ms (enqueue 0.0101562 ms)
[09/20/2026-20:21:34] [I] Average on 10 runs - GPU latency: 0.746875 ms - Host latency: 0.795313 ms (enqueue 0.0109375 ms)
[09/20/2026-20:21:34] [I] Average on 10 runs - GPU latency: 0.748438 ms - Host latency: 0.792969 ms (enqueue 0.0125 ms)
[09/20/2026-20:21:34] [I] Average on 10 runs - GPU latency: 0.748438 ms - Host latency: 0.795313 ms (enqueue 0.0148437 ms)
[09/20/2026-20:21:34] [I] Average on 10 runs - GPU latency: 0.748438 ms - Host latency: 0.795313 ms (enqueue 0.0101562 ms)
[09/20/2026-20:21:34] [I] Average on 10 runs - GPU latency: 0.749219 ms - Host latency: 0.8 ms (enqueue 0.0117188 ms)
[09/20/2026-20:21:34] [I] Average on 10 runs - GPU latency: 0.746875 ms - Host latency: 0.803906 ms (enqueue 0.0171875 ms)
[09/20/2026-20:21:34] [I] Average on 10 runs - GPU latency: 0.75 ms - Host latency: 0.807813 ms (enqueue 0.0140625 ms)
[09/20/2026-20:21:34] [I] Average on 10 runs - GPU latency: 0.751562 ms - Host latency: 0.8125 ms (enqueue 0.0132813 ms)
[09/20/2026-20:21:34] [I] Average on 10 runs - GPU latency: 0.750781 ms - Host latency: 0.804688 ms (enqueue 0.0125 ms)
[09/20/2026-20:21:34] [I] Average on 10 runs - GPU latency: 0.75 ms - Host latency: 0.803125 ms (enqueue 0.0101562 ms)
[09/20/2026-20:21:34] [I] Average on 10 runs - GPU latency: 0.747656 ms - Host latency: 0.798437 ms (enqueue 0.0125 ms)
[09/20/2026-20:21:34] [I] Average on 10 runs - GPU latency: 0.746875 ms - Host latency: 0.798437 ms (enqueue 0.00859375 ms)
[09/20/2026-20:21:34] [I] Average on 10 runs - GPU latency: 0.750781 ms - Host latency: 0.801562 ms (enqueue 0.0117188 ms)
[09/20/2026-20:21:34] [I] Average on 10 runs - GPU latency: 0.75 ms - Host latency: 0.800781 ms (enqueue 0.0125 ms)
[09/20/2026-20:21:34] [I] Average on 10 runs - GPU latency: 0.745313 ms - Host latency: 0.79375 ms (enqueue 0.0117188 ms)
[09/20/2026-20:21:34] [I] Average on 10 runs - GPU latency: 0.749219 ms - Host latency: 0.8 ms (enqueue 0.0148437 ms)
[09/20/2026-20:21:34] [I] Average on 10 runs - GPU latency: 0.75 ms - Host latency: 0.8 ms (enqueue 0.0117188 ms)
[09/20/2026-20:21:34] [I] Average on 10 runs - GPU latency: 0.750781 ms - Host latency: 0.803125 ms (enqueue 0.0109375 ms)
[09/20/2026-20:21:34] [I] Average on 10 runs - GPU latency: 0.75 ms - Host latency: 0.802344 ms (enqueue 0.0109375 ms)
[09/20/2026-20:21:34] [I] Average on 10 runs - GPU latency: 0.748438 ms - Host latency: 0.799219 ms (enqueue 0.0132813 ms)
[09/20/2026-20:21:34] [I] Average on 10 runs - GPU latency: 0.749219 ms - Host latency: 0.801562 ms (enqueue 0.009375 ms)
[09/20/2026-20:21:34] [I] Average on 10 runs - GPU latency: 0.75 ms - Host latency: 0.803125 ms (enqueue 0.0109375 ms)
[09/20/2026-20:21:34] [I] Average on 10 runs - GPU latency: 0.748438 ms - Host latency: 0.8 ms (enqueue 0.0109375 ms)
[09/20/2026-20:21:34] [I] Average on 10 runs - GPU latency: 0.748438 ms - Host latency: 0.800781 ms (enqueue 0.0125 ms)
[09/20/2026-20:21:34] [I] Average on 10 runs - GPU latency: 0.746875 ms - Host latency: 0.796875 ms (enqueue 0.0117188 ms)
[09/20/2026-20:21:34] [I] Average on 10 runs - GPU latency: 0.747656 ms - Host latency: 0.798437 ms (enqueue 0.0132813 ms)
[09/20/2026-20:21:34] [I] Average on 10 runs - GPU latency: 0.749219 ms - Host latency: 0.798437 ms (enqueue 0.0109375 ms)
[09/20/2026-20:21:34] [I] Average on 10 runs - GPU latency: 0.744531 ms - Host latency: 0.795313 ms (enqueue 0.0109375 ms)
[09/20/2026-20:21:34] [I] Average on 10 runs - GPU latency: 0.746094 ms - Host latency: 0.796094 ms (enqueue 0.0125 ms)
[09/20/2026-20:21:34] [I] Average on 10 runs - GPU latency: 0.749219 ms - Host latency: 0.8 ms (enqueue 0.0117188 ms)
[09/20/2026-20:21:34] [I] Average on 10 runs - GPU latency: 0.75 ms - Host latency: 0.802344 ms (enqueue 0.0140625 ms)
[09/20/2026-20:21:34] [I] Average on 10 runs - GPU latency: 0.747656 ms - Host latency: 0.797656 ms (enqueue 0.0148437 ms)
[09/20/2026-20:21:34] [I] Average on 10 runs - GPU latency: 0.746875 ms - Host latency: 0.796094 ms (enqueue 0.0132813 ms)
[09/20/2026-20:21:34] [I] Average on 10 runs - GPU latency: 0.749219 ms - Host latency: 0.800781 ms (enqueue 0.0132813 ms)
[09/20/2026-20:21:34] [I] Average on 10 runs - GPU latency: 0.75 ms - Host latency: 0.803125 ms (enqueue 0.0125 ms)
[09/20/2026-20:21:34] [I] Average on 10 runs - GPU latency: 0.748438 ms - Host latency: 0.799219 ms (enqueue 0.0117188 ms)
[09/20/2026-20:21:34] [I] Average on 10 runs - GPU latency: 0.747656 ms - Host latency: 0.796094 ms (enqueue 0.0164062 ms)
[09/20/2026-20:21:34] [I] Average on 10 runs - GPU latency: 0.747656 ms - Host latency: 0.799219 ms (enqueue 0.0109375 ms)
[09/20/2026-20:21:34] [I] Average on 10 runs - GPU latency: 0.748438 ms - Host latency: 0.8 ms (enqueue 0.0132813 ms)
[09/20/2026-20:21:34] [I] Average on 10 runs - GPU latency: 0.748438 ms - Host latency: 0.796875 ms (enqueue 0.0125 ms)
[09/20/2026-20:21:34] [I] Average on 10 runs - GPU latency: 0.748438 ms - Host latency: 0.799219 ms (enqueue 0.0109375 ms)
[09/20/2026-20:21:34] [I] Average on 10 runs - GPU latency: 0.748438 ms - Host latency: 0.799219 ms (enqueue 0.0125 ms)
[09/20/2026-20:21:34] [I] Average on 10 runs - GPU latency: 0.746875 ms - Host latency: 0.797656 ms (enqueue 0.0140625 ms)
[09/20/2026-20:21:34] [I] Average on 10 runs - GPU latency: 0.75 ms - Host latency: 0.801562 ms (enqueue 0.0132813 ms)
[09/20/2026-20:21:34] [I] Average on 10 runs - GPU latency: 0.75 ms - Host latency: 0.798437 ms (enqueue 0.0125 ms)
[09/20/2026-20:21:34] [I] Average on 10 runs - GPU latency: 0.749219 ms - Host latency: 0.797656 ms (enqueue 0.0140625 ms)
[09/20/2026-20:21:34] [I] Average on 10 runs - GPU latency: 0.745313 ms - Host latency: 0.792188 ms (enqueue 0.009375 ms)
[09/20/2026-20:21:34] [I] Average on 10 runs - GPU latency: 0.748438 ms - Host latency: 0.796875 ms (enqueue 0.0117188 ms)
[09/20/2026-20:21:34] [I] Average on 10 runs - GPU latency: 0.749219 ms - Host latency: 0.795313 ms (enqueue 0.0117188 ms)
[09/20/2026-20:21:34] [I] Average on 10 runs - GPU latency: 0.749219 ms - Host latency: 0.796094 ms (enqueue 0.0132813 ms)
[09/20/2026-20:21:34] [I] Average on 10 runs - GPU latency: 0.75 ms - Host latency: 0.799219 ms (enqueue 0.0125 ms)
[09/20/2026-20:21:34] [I] Average on 10 runs - GPU latency: 0.747656 ms - Host latency: 0.798437 ms (enqueue 0.0109375 ms)
[09/20/2026-20:21:34] [I] Average on 10 runs - GPU latency: 0.749219 ms - Host latency: 0.802344 ms (enqueue 0.0125 ms)
[09/20/2026-20:21:34] [I] Average on 10 runs - GPU latency: 0.747656 ms - Host latency: 0.8 ms (enqueue 0.0117188 ms)
[09/20/2026-20:21:34] [I] Average on 10 runs - GPU latency: 0.747656 ms - Host latency: 0.798437 ms (enqueue 0.0101562 ms)
[09/20/2026-20:21:34] [I] Average on 10 runs - GPU latency: 0.75 ms - Host latency: 0.800781 ms (enqueue 0.00859375 ms)
[09/20/2026-20:21:34] [I] Average on 10 runs - GPU latency: 0.746875 ms - Host latency: 0.799219 ms (enqueue 0.015625 ms)
[09/20/2026-20:21:34] [I] Average on 10 runs - GPU latency: 0.75 ms - Host latency: 0.801562 ms (enqueue 0.0140625 ms)
[09/20/2026-20:21:34] [I] Average on 10 runs - GPU latency: 0.75 ms - Host latency: 0.8 ms (enqueue 0.0140625 ms)
[09/20/2026-20:21:34] [I] Average on 10 runs - GPU latency: 0.748438 ms - Host latency: 0.8 ms (enqueue 0.0117188 ms)
[09/20/2026-20:21:34] [I] Average on 10 runs - GPU latency: 0.746094 ms - Host latency: 0.797656 ms (enqueue 0.0132813 ms)
[09/20/2026-20:21:34] [I] Average on 10 runs - GPU latency: 0.749219 ms - Host latency: 0.8 ms (enqueue 0.0132813 ms)
[09/20/2026-20:21:34] [I] Average on 10 runs - GPU latency: 0.75 ms - Host latency: 0.803125 ms (enqueue 0.0101562 ms)
[09/20/2026-20:21:35] [I] 
[09/20/2026-20:21:35] [I] === Performance summary ===
[09/20/2026-20:21:35] [I] Throughput: 1319.95 qps
[09/20/2026-20:21:35] [I] Latency: min = 0.773438 ms, max = 3.96094 ms, mean = 0.807705 ms, median = 0.800781 ms, percentile(90%) = 0.807617 ms, percentile(95%) = 0.8125 ms, percentile(99%) = 0.828125 ms
[09/20/2026-20:21:35] [I] Enqueue Time: min = 0 ms, max = 0.46875 ms, mean = 0.0124264 ms, median = 0.0117188 ms, percentile(90%) = 0.015625 ms, percentile(95%) = 0.015625 ms, percentile(99%) = 0.0234375 ms
[09/20/2026-20:21:35] [I] H2D Latency: min = 0.03125 ms, max = 1.11719 ms, mean = 0.0451086 ms, median = 0.046875 ms, percentile(90%) = 0.046875 ms, percentile(95%) = 0.0546875 ms, percentile(99%) = 0.0625 ms
[09/20/2026-20:21:35] [I] GPU Compute Time: min = 0.742188 ms, max = 3.91406 ms, mean = 0.755727 ms, median = 0.75 ms, percentile(90%) = 0.753906 ms, percentile(95%) = 0.755371 ms, percentile(99%) = 0.757812 ms
[09/20/2026-20:21:35] [I] D2H Latency: min = 0 ms, max = 0.015625 ms, mean = 0.00664212 ms, median = 0.0078125 ms, percentile(90%) = 0.0078125 ms, percentile(95%) = 0.0078125 ms, percentile(99%) = 0.00976562 ms
[09/20/2026-20:21:35] [I] Total Host Walltime: 120.002 s
[09/20/2026-20:21:35] [I] Total GPU Compute Time: 119.705 s
[09/20/2026-20:21:35] [I] Explanations of the performance metrics are printed in the verbose logs.
[09/20/2026-20:21:35] [I] 
&&&& PASSED TensorRT.trtexec [TensorRT v101602] [b10] # /usr/src/tensorrt/bin/trtexec --loadEngine=models/mobilenetv2_fp16.plan --shapes=input:1x3x224x224 --warmUp=2000 --duration=120 --useCudaGraph
[09/20/2026-20:19:32] [W] [TRT] Using an engine plan file across different models of devices is not supported and is likely to affect performance or even cause errors or deadlock.
[09/20/2026-20:21:35] [W] * GPU compute time is unstable, with coefficient of variance = 12.6868%.
[09/20/2026-20:21:35] [W]   If not already in use, locking GPU clock frequency or adding --useSpinWait may improve the stability.
