&&&& RUNNING TensorRT.trtexec [TensorRT v101602] [b10] # /usr/src/tensorrt/bin/trtexec --loadEngine=models/mobilenetv2_fp16.plan --shapes=input:1x3x224x224 --warmUp=2000 --duration=120 --useCudaGraph
[09/20/2026-20:28:45] [I] TF32 is enabled by default. Add --noTF32 flag to further improve accuracy with some performance cost.
[09/20/2026-20:28:45] [I] === Model Options ===
[09/20/2026-20:28:45] [I] Format: *
[09/20/2026-20:28:45] [I] Model: 
[09/20/2026-20:28:45] [I] Output:
[09/20/2026-20:28:45] [I] 
[09/20/2026-20:28:45] [I] === System Options ===
[09/20/2026-20:28:45] [I] Device: 0
[09/20/2026-20:28:45] [I] DLACore: 
[09/20/2026-20:28:45] [I] Loaded static plugins:
[09/20/2026-20:28:45] [I] setPluginsToSerialize:
[09/20/2026-20:28:45] [I] dynamicPlugins:
[09/20/2026-20:28:45] [I] ignoreParsedPluginLibs: 0
[09/20/2026-20:28:45] [I] 
[09/20/2026-20:28:45] [I] === Inference Options ===
[09/20/2026-20:28:45] [I] Batch: Explicit
[09/20/2026-20:28:45] [I] Input inference shape : input=1x3x224x224
[09/20/2026-20:28:45] [I] Iterations: 10
[09/20/2026-20:28:45] [I] Duration: 120s (+ 2000ms warm up)
[09/20/2026-20:28:45] [I] Sleep time: 0ms
[09/20/2026-20:28:45] [I] Idle time: 0ms
[09/20/2026-20:28:45] [I] Inference Streams: 1
[09/20/2026-20:28:45] [I] ExposeDMA: Disabled
[09/20/2026-20:28:45] [I] Data transfers: Enabled
[09/20/2026-20:28:45] [I] Spin-wait: Disabled
[09/20/2026-20:28:45] [I] Multithreading: Disabled
[09/20/2026-20:28:45] [I] CUDA Graph: Enabled
[09/20/2026-20:28:45] [I] Separate profiling: Disabled
[09/20/2026-20:28:45] [I] Time Deserialize: Disabled
[09/20/2026-20:28:45] [I] Time Refit: Disabled
[09/20/2026-20:28:45] [I] NVTX verbosity: 0
[09/20/2026-20:28:45] [I] Persistent Cache Ratio: 0
[09/20/2026-20:28:45] [I] Optimization Profile Index: 0
[09/20/2026-20:28:45] [I] Weight Streaming Budget: 100.000000%
[09/20/2026-20:28:45] [I] Inputs:
[09/20/2026-20:28:45] [I] Debug Tensor Save Destinations:
[09/20/2026-20:28:45] [I] Dump All Debug Tensor in Formats: 
[09/20/2026-20:28:45] [I] === Reporting Options ===
[09/20/2026-20:28:45] [I] Verbose: Disabled
[09/20/2026-20:28:45] [I] Averages: 10 inferences
[09/20/2026-20:28:45] [I] Percentiles: 90,95,99
[09/20/2026-20:28:45] [I] Dump refittable layers:Disabled
[09/20/2026-20:28:45] [I] Dump output: Disabled
[09/20/2026-20:28:45] [I] Profile: Disabled
[09/20/2026-20:28:45] [I] Export timing to JSON file: 
[09/20/2026-20:28:45] [I] Export output to JSON file: 
[09/20/2026-20:28:45] [I] Export profile to JSON file: 
[09/20/2026-20:28:45] [I] 
[09/20/2026-20:28:45] [I] === Device Information ===
[09/20/2026-20:28:45] [I] Available Devices: 
[09/20/2026-20:28:45] [I]   Device 0: "Orin" UUID: GPU-5e79c5ba-a005-59b8-a6a3-d87e61f25d8b
[09/20/2026-20:28:45] [I] Selected Device: Orin
[09/20/2026-20:28:45] [I] Selected Device ID: 0
[09/20/2026-20:28:45] [I] Selected Device UUID: GPU-5e79c5ba-a005-59b8-a6a3-d87e61f25d8b
[09/20/2026-20:28:45] [I] Compute Capability: 8.7
[09/20/2026-20:28:45] [I] SMs: 8
[09/20/2026-20:28:45] [I] Device Global Memory: 7485 MiB
[09/20/2026-20:28:45] [I] Shared Memory per SM: 164 KiB
[09/20/2026-20:28:45] [I] Memory Bus Width: 128 bits (ECC disabled)
[09/20/2026-20:28:45] [I] Application Compute Clock Rate: 1.02 GHz
[09/20/2026-20:28:45] [I] Application Memory Clock Rate: 0.918 GHz
[09/20/2026-20:28:45] [I] 
[09/20/2026-20:28:45] [I] Note: The application clock rates do not reflect the actual clock rates that the GPU is currently running at.
[09/20/2026-20:28:45] [I] 
[09/20/2026-20:28:45] [I] TensorRT version: 10.16.2
[09/20/2026-20:28:45] [I] Loading standard plugins
[09/20/2026-20:28:45] [I] [TRT] Loaded engine size: 7 MiB
[09/20/2026-20:28:45] [I] Engine deserialized in 0.0430654 sec.
[09/20/2026-20:28:45] [I] [TRT] [MemUsageChange] TensorRT-managed allocation in IExecutionContext creation: CPU +0, GPU +4, now: CPU 0, GPU 10 (MiB)
[09/20/2026-20:28:45] [I] Setting persistentCacheLimit to 0 bytes.
[09/20/2026-20:28:45] [I] Created execution context with device memory size: 3.34961 MiB
[09/20/2026-20:28:45] [I] Using random values for input input
[09/20/2026-20:28:45] [I] Input binding for input with dimensions 1x3x224x224 and type fp32 is created.
[09/20/2026-20:28:45] [I] Output binding for output with dimensions 1x1000 and type fp32 is created.
[09/20/2026-20:28:45] [I] Starting inference
[09/20/2026-20:28:45] [I] Capturing CUDA graph for the current execution context
[09/20/2026-20:28:45] [I] Successfully captured CUDA graph for the current execution context
[09/20/2026-20:30:47] [I] Warmup completed 2576 queries over 2000 ms
[09/20/2026-20:30:47] [I] Timing trace has 159546 queries over 120.002 s
[09/20/2026-20:30:47] [I] 
[09/20/2026-20:30:47] [I] === Trace details ===
[09/20/2026-20:30:47] [I] Trace averages of 10 runs:
[09/20/2026-20:30:47] [I] Average on 10 runs - GPU latency: 0.753857 ms - Host latency: 0.797937 ms (enqueue 0.00930176 ms)
[09/20/2026-20:30:47] [I] Average on 10 runs - GPU latency: 0.75365 ms - Host latency: 0.797937 ms (enqueue 0.00952148 ms)
[09/20/2026-20:30:47] [I] Average on 10 runs - GPU latency: 0.753259 ms - Host latency: 0.796655 ms (enqueue 0.00948486 ms)
[09/20/2026-20:30:47] [I] Average on 10 runs - GPU latency: 0.753796 ms - Host latency: 0.797827 ms (enqueue 0.00905762 ms)
[09/20/2026-20:30:47] [I] Average on 10 runs - GPU latency: 0.753784 ms - Host latency: 0.798425 ms (enqueue 0.00932617 ms)
[09/20/2026-20:30:47] [I] Average on 10 runs - GPU latency: 0.753467 ms - Host latency: 0.796924 ms (enqueue 0.00925293 ms)
[09/20/2026-20:30:47] [I] Average on 10 runs - GPU latency: 0.753955 ms - Host latency: 0.798547 ms (enqueue 0.00948486 ms)
[09/20/2026-20:30:47] [I] Average on 10 runs - GPU latency: 0.754102 ms - Host latency: 0.798901 ms (enqueue 0.00942383 ms)
[09/20/2026-20:30:47] [I] Average on 10 runs - GPU latency: 0.753735 ms - Host latency: 0.797949 ms (enqueue 0.00942383 ms)
[09/20/2026-20:30:47] [I] Average on 10 runs - GPU latency: 0.75437 ms - Host latency: 0.798901 ms (enqueue 0.00959473 ms)
[09/20/2026-20:30:47] [I] Average on 10 runs - GPU latency: 0.753784 ms - Host latency: 0.798267 ms (enqueue 0.00947266 ms)
[09/20/2026-20:30:47] [I] Average on 10 runs - GPU latency: 0.753882 ms - Host latency: 0.798047 ms (enqueue 0.00952148 ms)
[09/20/2026-20:30:47] [I] Average on 10 runs - GPU latency: 0.754614 ms - Host latency: 0.801221 ms (enqueue 0.0103271 ms)
[09/20/2026-20:30:47] [I] Average on 10 runs - GPU latency: 0.754102 ms - Host latency: 0.799414 ms (enqueue 0.00888672 ms)
[09/20/2026-20:30:47] [I] Average on 10 runs - GPU latency: 0.754639 ms - Host latency: 0.799243 ms (enqueue 0.00959473 ms)
[09/20/2026-20:30:47] [I] Average on 10 runs - GPU latency: 0.753833 ms - Host latency: 0.798267 ms (enqueue 0.00883789 ms)
[09/20/2026-20:30:47] [I] Average on 10 runs - GPU latency: 0.75415 ms - Host latency: 0.798267 ms (enqueue 0.00915527 ms)
[09/20/2026-20:30:47] [I] Average on 10 runs - GPU latency: 0.754687 ms - Host latency: 0.79917 ms (enqueue 0.00876465 ms)
[09/20/2026-20:30:47] [I] Average on 10 runs - GPU latency: 0.753931 ms - Host latency: 0.797485 ms (enqueue 0.00837402 ms)
[09/20/2026-20:30:47] [I] Average on 10 runs - GPU latency: 0.753491 ms - Host latency: 0.797729 ms (enqueue 0.0092041 ms)
[09/20/2026-20:30:47] [I] Average on 10 runs - GPU latency: 0.754126 ms - Host latency: 0.798608 ms (enqueue 0.00932617 ms)
[09/20/2026-20:30:47] [I] Average on 10 runs - GPU latency: 0.753516 ms - Host latency: 0.79668 ms (enqueue 0.00849609 ms)
[09/20/2026-20:30:47] [I] Average on 10 runs - GPU latency: 0.753735 ms - Host latency: 0.797217 ms (enqueue 0.00849609 ms)
[09/20/2026-20:30:47] [I] Average on 10 runs - GPU latency: 0.754077 ms - Host latency: 0.796851 ms (enqueue 0.00839844 ms)
[09/20/2026-20:30:47] [I] Average on 10 runs - GPU latency: 0.753345 ms - Host latency: 0.796948 ms (enqueue 0.00861816 ms)
[09/20/2026-20:30:47] [I] Average on 10 runs - GPU latency: 0.753735 ms - Host latency: 0.798193 ms (enqueue 0.00871582 ms)
[09/20/2026-20:30:47] [I] Average on 10 runs - GPU latency: 0.755737 ms - Host latency: 0.804492 ms (enqueue 0.00986328 ms)
[09/20/2026-20:30:47] [I] Average on 10 runs - GPU latency: 0.754614 ms - Host latency: 0.800464 ms (enqueue 0.00974121 ms)
[09/20/2026-20:30:47] [I] Average on 10 runs - GPU latency: 0.754639 ms - Host latency: 0.801025 ms (enqueue 0.00957031 ms)
[09/20/2026-20:30:47] [I] Average on 10 runs - GPU latency: 0.754297 ms - Host latency: 0.799341 ms (enqueue 0.00925293 ms)
[09/20/2026-20:30:47] [I] Average on 10 runs - GPU latency: 0.754248 ms - Host latency: 0.798145 ms (enqueue 0.00852051 ms)
[09/20/2026-20:30:47] [I] Average on 10 runs - GPU latency: 0.753809 ms - Host latency: 0.798535 ms (enqueue 0.0079834 ms)
[09/20/2026-20:30:47] [I] Average on 10 runs - GPU latency: 0.753174 ms - Host latency: 0.797656 ms (enqueue 0.00795898 ms)
[09/20/2026-20:30:47] [I] Average on 10 runs - GPU latency: 0.754102 ms - Host latency: 0.798877 ms (enqueue 0.00837402 ms)
[09/20/2026-20:30:47] [I] Average on 10 runs - GPU latency: 0.753711 ms - Host latency: 0.797729 ms (enqueue 0.00778809 ms)
[09/20/2026-20:30:47] [I] Average on 10 runs - GPU latency: 0.754321 ms - Host latency: 0.799316 ms (enqueue 0.00766602 ms)
[09/20/2026-20:30:47] [I] Average on 10 runs - GPU latency: 0.754102 ms - Host latency: 0.797998 ms (enqueue 0.00793457 ms)
[09/20/2026-20:30:47] [I] Average on 10 runs - GPU latency: 0.75376 ms - Host latency: 0.799023 ms (enqueue 0.00800781 ms)
[09/20/2026-20:30:47] [I] Average on 10 runs - GPU latency: 0.754419 ms - Host latency: 0.799146 ms (enqueue 0.00793457 ms)
[09/20/2026-20:30:47] [I] Average on 10 runs - GPU latency: 0.753589 ms - Host latency: 0.798242 ms (enqueue 0.00808105 ms)
[09/20/2026-20:30:47] [I] Average on 10 runs - GPU latency: 0.754321 ms - Host latency: 0.798755 ms (enqueue 0.00803223 ms)
[09/20/2026-20:30:47] [I] Average on 10 runs - GPU latency: 0.753931 ms - Host latency: 0.797754 ms (enqueue 0.00778809 ms)
[09/20/2026-20:30:47] [I] Average on 10 runs - GPU latency: 0.754102 ms - Host latency: 0.798291 ms (enqueue 0.00817871 ms)
[09/20/2026-20:30:47] [I] Average on 10 runs - GPU latency: 0.753931 ms - Host latency: 0.797778 ms (enqueue 0.00776367 ms)
[09/20/2026-20:30:47] [I] Average on 10 runs - GPU latency: 0.754956 ms - Host latency: 0.800513 ms (enqueue 0.00839844 ms)
[09/20/2026-20:30:47] [I] Average on 10 runs - GPU latency: 0.75437 ms - Host latency: 0.799438 ms (enqueue 0.00849609 ms)
[09/20/2026-20:30:47] [I] Average on 10 runs - GPU latency: 0.75354 ms - Host latency: 0.798096 ms (enqueue 0.00817871 ms)
[09/20/2026-20:30:47] [I] Average on 10 runs - GPU latency: 0.754175 ms - Host latency: 0.798291 ms (enqueue 0.00832519 ms)
[09/20/2026-20:30:47] [I] Average on 10 runs - GPU latency: 0.754102 ms - Host latency: 0.797803 ms (enqueue 0.00844727 ms)
[09/20/2026-20:30:47] [I] Average on 10 runs - GPU latency: 0.753857 ms - Host latency: 0.797876 ms (enqueue 0.00825195 ms)
[09/20/2026-20:30:47] [I] Average on 10 runs - GPU latency: 0.753833 ms - Host latency: 0.797852 ms (enqueue 0.00817871 ms)
[09/20/2026-20:30:47] [I] Average on 10 runs - GPU latency: 0.754541 ms - Host latency: 0.799194 ms (enqueue 0.00788574 ms)
[09/20/2026-20:30:47] [I] Average on 10 runs - GPU latency: 0.754028 ms - Host latency: 0.799341 ms (enqueue 0.00817871 ms)
[09/20/2026-20:30:47] [I] Average on 10 runs - GPU latency: 0.753931 ms - Host latency: 0.797754 ms (enqueue 0.00837402 ms)
[09/20/2026-20:30:47] [I] Average on 10 runs - GPU latency: 0.753857 ms - Host latency: 0.798584 ms (enqueue 0.00871582 ms)
[09/20/2026-20:30:47] [I] Average on 10 runs - GPU latency: 0.754077 ms - Host latency: 0.798242 ms (enqueue 0.00808105 ms)
[09/20/2026-20:30:47] [I] Average on 10 runs - GPU latency: 0.754492 ms - Host latency: 0.79856 ms (enqueue 0.00791016 ms)
[09/20/2026-20:30:47] [I] Average on 10 runs - GPU latency: 0.753784 ms - Host latency: 0.799243 ms (enqueue 0.00866699 ms)
[09/20/2026-20:30:47] [I] Average on 10 runs - GPU latency: 0.753833 ms - Host latency: 0.798486 ms (enqueue 0.0081543 ms)
[09/20/2026-20:30:47] [I] Average on 10 runs - GPU latency: 0.755273 ms - Host latency: 0.800708 ms (enqueue 0.00852051 ms)
[09/20/2026-20:30:47] [I] Average on 10 runs - GPU latency: 0.754248 ms - Host latency: 0.797754 ms (enqueue 0.00766602 ms)
[09/20/2026-20:30:47] [I] Average on 10 runs - GPU latency: 0.754077 ms - Host latency: 0.798657 ms (enqueue 0.0078125 ms)
[09/20/2026-20:30:47] [I] Average on 10 runs - GPU latency: 0.75437 ms - Host latency: 0.799048 ms (enqueue 0.00839844 ms)
[09/20/2026-20:30:47] [I] Average on 10 runs - GPU latency: 0.753833 ms - Host latency: 0.798437 ms (enqueue 0.00837402 ms)
[09/20/2026-20:30:47] [I] Average on 10 runs - GPU latency: 0.755103 ms - Host latency: 0.800366 ms (enqueue 0.00830078 ms)
[09/20/2026-20:30:47] [I] Average on 10 runs - GPU latency: 0.754102 ms - Host latency: 0.799878 ms (enqueue 0.00898437 ms)
[09/20/2026-20:30:47] [I] Average on 10 runs - GPU latency: 0.75332 ms - Host latency: 0.79751 ms (enqueue 0.00820312 ms)
[09/20/2026-20:30:47] [I] Average on 10 runs - GPU latency: 0.754614 ms - Host latency: 0.799341 ms (enqueue 0.00864258 ms)
[09/20/2026-20:30:47] [I] Average on 10 runs - GPU latency: 0.754468 ms - Host latency: 0.800049 ms (enqueue 0.00864258 ms)
[09/20/2026-20:30:47] [I] Average on 10 runs - GPU latency: 0.753931 ms - Host latency: 0.799121 ms (enqueue 0.00832519 ms)
[09/20/2026-20:30:47] [I] Average on 10 runs - GPU latency: 0.755029 ms - Host latency: 0.800757 ms (enqueue 0.00839844 ms)
[09/20/2026-20:30:47] [I] Average on 10 runs - GPU latency: 0.754712 ms - Host latency: 0.800488 ms (enqueue 0.00964355 ms)
[09/20/2026-20:30:47] [I] Average on 10 runs - GPU latency: 0.753735 ms - Host latency: 0.797314 ms (enqueue 0.00793457 ms)
[09/20/2026-20:30:47] [I] Average on 10 runs - GPU latency: 0.753247 ms - Host latency: 0.796826 ms (enqueue 0.00791016 ms)
[09/20/2026-20:30:47] [I] Average on 10 runs - GPU latency: 0.75398 ms - Host latency: 0.798486 ms (enqueue 0.00808105 ms)
[09/20/2026-20:30:47] [I] Average on 10 runs - GPU latency: 0.754297 ms - Host latency: 0.799219 ms (enqueue 0.00791016 ms)
[09/20/2026-20:30:47] [I] Average on 10 runs - GPU latency: 0.754272 ms - Host latency: 0.798584 ms (enqueue 0.00832519 ms)
[09/20/2026-20:30:47] [I] Average on 10 runs - GPU latency: 0.753198 ms - Host latency: 0.798682 ms (enqueue 0.00915527 ms)
[09/20/2026-20:30:47] [I] Average on 10 runs - GPU latency: 0.752856 ms - Host latency: 0.797437 ms (enqueue 0.00893555 ms)
[09/20/2026-20:30:47] [I] Average on 10 runs - GPU latency: 0.754175 ms - Host latency: 0.79978 ms (enqueue 0.0109619 ms)
[09/20/2026-20:30:47] [I] Average on 10 runs - GPU latency: 0.753687 ms - Host latency: 0.798462 ms (enqueue 0.009375 ms)
[09/20/2026-20:30:47] [I] Average on 10 runs - GPU latency: 0.754077 ms - Host latency: 0.798096 ms (enqueue 0.00930176 ms)
[09/20/2026-20:30:47] [I] Average on 10 runs - GPU latency: 0.753491 ms - Host latency: 0.79707 ms (enqueue 0.00820312 ms)
[09/20/2026-20:30:47] [I] Average on 10 runs - GPU latency: 0.752905 ms - Host latency: 0.797339 ms (enqueue 0.00810547 ms)
[09/20/2026-20:30:47] [I] Average on 10 runs - GPU latency: 0.75271 ms - Host latency: 0.797803 ms (enqueue 0.00861816 ms)
[09/20/2026-20:30:47] [I] Average on 10 runs - GPU latency: 0.753931 ms - Host latency: 0.798853 ms (enqueue 0.00893555 ms)
[09/20/2026-20:30:47] [I] Average on 10 runs - GPU latency: 0.752637 ms - Host latency: 0.795728 ms (enqueue 0.00844727 ms)
[09/20/2026-20:30:47] [I] Average on 10 runs - GPU latency: 0.753638 ms - Host latency: 0.798755 ms (enqueue 0.00866699 ms)
[09/20/2026-20:30:47] [I] Average on 10 runs - GPU latency: 0.753223 ms - Host latency: 0.796948 ms (enqueue 0.00866699 ms)
[09/20/2026-20:30:47] [I] Average on 10 runs - GPU latency: 0.754297 ms - Host latency: 0.800781 ms (enqueue 0.00910645 ms)
[09/20/2026-20:30:47] [I] Average on 10 runs - GPU latency: 0.753296 ms - Host latency: 0.797266 ms (enqueue 0.00881348 ms)
[09/20/2026-20:30:47] [I] Average on 10 runs - GPU latency: 0.75415 ms - Host latency: 0.798779 ms (enqueue 0.00900879 ms)
[09/20/2026-20:30:47] [I] Average on 10 runs - GPU latency: 0.753223 ms - Host latency: 0.797241 ms (enqueue 0.00825195 ms)
[09/20/2026-20:30:47] [I] Average on 10 runs - GPU latency: 0.753271 ms - Host latency: 0.796753 ms (enqueue 0.00893555 ms)
[09/20/2026-20:30:47] [I] Average on 10 runs - GPU latency: 0.753296 ms - Host latency: 0.796948 ms (enqueue 0.0088623 ms)
[09/20/2026-20:30:47] [I] Average on 10 runs - GPU latency: 0.753638 ms - Host latency: 0.798047 ms (enqueue 0.00900879 ms)
[09/20/2026-20:30:47] [I] Average on 10 runs - GPU latency: 0.754053 ms - Host latency: 0.799658 ms (enqueue 0.00986328 ms)
[09/20/2026-20:30:47] [I] Average on 10 runs - GPU latency: 0.754102 ms - Host latency: 0.797314 ms (enqueue 0.00910645 ms)
[09/20/2026-20:30:47] [I] Average on 10 runs - GPU latency: 0.754028 ms - Host latency: 0.797949 ms (enqueue 0.0105469 ms)
[09/20/2026-20:30:47] [I] Average on 10 runs - GPU latency: 0.753198 ms - Host latency: 0.797144 ms (enqueue 0.00842285 ms)
[09/20/2026-20:30:47] [I] Average on 10 runs - GPU latency: 0.753638 ms - Host latency: 0.798462 ms (enqueue 0.00866699 ms)
[09/20/2026-20:30:47] [I] Average on 10 runs - GPU latency: 0.755151 ms - Host latency: 0.801562 ms (enqueue 0.00976562 ms)
[09/20/2026-20:30:47] [I] Average on 10 runs - GPU latency: 0.753467 ms - Host latency: 0.79873 ms (enqueue 0.00927734 ms)
[09/20/2026-20:30:47] [I] Average on 10 runs - GPU latency: 0.754321 ms - Host latency: 0.800049 ms (enqueue 0.00957031 ms)
[09/20/2026-20:30:47] [I] Average on 10 runs - GPU latency: 0.752905 ms - Host latency: 0.797729 ms (enqueue 0.00847168 ms)
[09/20/2026-20:30:47] [I] Average on 10 runs - GPU latency: 0.754126 ms - Host latency: 0.799829 ms (enqueue 0.00893555 ms)
[09/20/2026-20:30:47] [I] Average on 10 runs - GPU latency: 0.753442 ms - Host latency: 0.797119 ms (enqueue 0.00957031 ms)
[09/20/2026-20:30:47] [I] Average on 10 runs - GPU latency: 0.753125 ms - Host latency: 0.796875 ms (enqueue 0.00935059 ms)
[09/20/2026-20:30:47] [I] Average on 10 runs - GPU latency: 0.753369 ms - Host latency: 0.797339 ms (enqueue 0.00947266 ms)
[09/20/2026-20:30:47] [I] Average on 10 runs - GPU latency: 0.754126 ms - Host latency: 0.799097 ms (enqueue 0.00949707 ms)
[09/20/2026-20:30:47] [I] Average on 10 runs - GPU latency: 0.753882 ms - Host latency: 0.799097 ms (enqueue 0.00959473 ms)
[09/20/2026-20:30:47] [I] Average on 10 runs - GPU latency: 0.754761 ms - Host latency: 0.800684 ms (enqueue 0.00974121 ms)
[09/20/2026-20:30:47] [I] Average on 10 runs - GPU latency: 0.753394 ms - Host latency: 0.79812 ms (enqueue 0.00964355 ms)
[09/20/2026-20:30:47] [I] Average on 10 runs - GPU latency: 0.754126 ms - Host latency: 0.799072 ms (enqueue 0.00957031 ms)
[09/20/2026-20:30:47] [I] Average on 10 runs - GPU latency: 0.753345 ms - Host latency: 0.79646 ms (enqueue 0.00932617 ms)
[09/20/2026-20:30:47] [I] Average on 10 runs - GPU latency: 0.753369 ms - Host latency: 0.798047 ms (enqueue 0.00939941 ms)
[09/20/2026-20:30:47] [I] Average on 10 runs - GPU latency: 0.753003 ms - Host latency: 0.797168 ms (enqueue 0.00935059 ms)
[09/20/2026-20:30:47] [I] Average on 10 runs - GPU latency: 0.753394 ms - Host latency: 0.796606 ms (enqueue 0.00939941 ms)
[09/20/2026-20:30:47] [I] Average on 10 runs - GPU latency: 0.753345 ms - Host latency: 0.797437 ms (enqueue 0.00927734 ms)
[09/20/2026-20:30:47] [I] Average on 10 runs - GPU latency: 0.753174 ms - Host latency: 0.798218 ms (enqueue 0.00944824 ms)
[09/20/2026-20:30:47] [I] Average on 10 runs - GPU latency: 0.75354 ms - Host latency: 0.797852 ms (enqueue 0.00944824 ms)
[09/20/2026-20:30:47] [I] Average on 10 runs - GPU latency: 0.75354 ms - Host latency: 0.797168 ms (enqueue 0.00922852 ms)
[09/20/2026-20:30:47] [I] Average on 10 runs - GPU latency: 0.75437 ms - Host latency: 0.798755 ms (enqueue 0.00942383 ms)
[09/20/2026-20:30:47] [I] Average on 10 runs - GPU latency: 0.754077 ms - Host latency: 0.798511 ms (enqueue 0.00930176 ms)
[09/20/2026-20:30:47] [I] Average on 10 runs - GPU latency: 0.755054 ms - Host latency: 0.800708 ms (enqueue 0.00957031 ms)
[09/20/2026-20:30:47] [I] Average on 10 runs - GPU latency: 0.752832 ms - Host latency: 0.796606 ms (enqueue 0.00930176 ms)
[09/20/2026-20:30:47] [I] Average on 10 runs - GPU latency: 0.753857 ms - Host latency: 0.79729 ms (enqueue 0.00927734 ms)
[09/20/2026-20:30:47] [I] Average on 10 runs - GPU latency: 0.752563 ms - Host latency: 0.797803 ms (enqueue 0.00939941 ms)
[09/20/2026-20:30:47] [I] Average on 10 runs - GPU latency: 0.752832 ms - Host latency: 0.796777 ms (enqueue 0.00949707 ms)
[09/20/2026-20:30:47] [I] Average on 10 runs - GPU latency: 0.753394 ms - Host latency: 0.797314 ms (enqueue 0.00949707 ms)
[09/20/2026-20:30:47] [I] Average on 10 runs - GPU latency: 0.75332 ms - Host latency: 0.797583 ms (enqueue 0.00915527 ms)
[09/20/2026-20:30:47] [I] Average on 10 runs - GPU latency: 0.752881 ms - Host latency: 0.796997 ms (enqueue 0.00922852 ms)
[09/20/2026-20:30:47] [I] Average on 10 runs - GPU latency: 0.753125 ms - Host latency: 0.797559 ms (enqueue 0.00900879 ms)
[09/20/2026-20:30:47] [I] Average on 10 runs - GPU latency: 0.753076 ms - Host latency: 0.797144 ms (enqueue 0.0088623 ms)
[09/20/2026-20:30:47] [I] Average on 10 runs - GPU latency: 0.753491 ms - Host latency: 0.796924 ms (enqueue 0.0081543 ms)
[09/20/2026-20:30:47] [I] Average on 10 runs - GPU latency: 0.754077 ms - Host latency: 0.799268 ms (enqueue 0.00913086 ms)
[09/20/2026-20:30:47] [I] Average on 10 runs - GPU latency: 0.753247 ms - Host latency: 0.796875 ms (enqueue 0.00944824 ms)
[09/20/2026-20:30:47] [I] Average on 10 runs - GPU latency: 0.752808 ms - Host latency: 0.796533 ms (enqueue 0.00925293 ms)
[09/20/2026-20:30:47] [I] Average on 10 runs - GPU latency: 0.753076 ms - Host latency: 0.796753 ms (enqueue 0.00878906 ms)
[09/20/2026-20:30:47] [I] Average on 10 runs - GPU latency: 0.753564 ms - Host latency: 0.797314 ms (enqueue 0.00834961 ms)
[09/20/2026-20:30:47] [I] Average on 10 runs - GPU latency: 0.753589 ms - Host latency: 0.797607 ms (enqueue 0.00927734 ms)
[09/20/2026-20:30:47] [I] Average on 10 runs - GPU latency: 0.752954 ms - Host latency: 0.798828 ms (enqueue 0.0097168 ms)
[09/20/2026-20:30:47] [I] Average on 10 runs - GPU latency: 0.753516 ms - Host latency: 0.797461 ms (enqueue 0.00935059 ms)
[09/20/2026-20:30:47] [I] Average on 10 runs - GPU latency: 0.752905 ms - Host latency: 0.796484 ms (enqueue 0.00949707 ms)
[09/20/2026-20:30:47] [I] Average on 10 runs - GPU latency: 0.753345 ms - Host latency: 0.797729 ms (enqueue 0.00910645 ms)
[09/20/2026-20:30:47] [I] Average on 10 runs - GPU latency: 0.753125 ms - Host latency: 0.797339 ms (enqueue 0.00900879 ms)
[09/20/2026-20:30:47] [I] Average on 10 runs - GPU latency: 0.754199 ms - Host latency: 0.797925 ms (enqueue 0.00849609 ms)
[09/20/2026-20:30:47] [I] Average on 10 runs - GPU latency: 0.753662 ms - Host latency: 0.798413 ms (enqueue 0.00891113 ms)
[09/20/2026-20:30:47] [I] Average on 10 runs - GPU latency: 0.753564 ms - Host latency: 0.797998 ms (enqueue 0.00881348 ms)
[09/20/2026-20:30:47] [I] Average on 10 runs - GPU latency: 0.754102 ms - Host latency: 0.798999 ms (enqueue 0.00957031 ms)
[09/20/2026-20:30:47] [I] Average on 10 runs - GPU latency: 0.753271 ms - Host latency: 0.798462 ms (enqueue 0.00944824 ms)
[09/20/2026-20:30:47] [I] Average on 10 runs - GPU latency: 0.753638 ms - Host latency: 0.79729 ms (enqueue 0.00808105 ms)
[09/20/2026-20:30:47] [I] Average on 10 runs - GPU latency: 0.75354 ms - Host latency: 0.79707 ms (enqueue 0.00793457 ms)
[09/20/2026-20:30:47] [I] Average on 10 runs - GPU latency: 0.753638 ms - Host latency: 0.798242 ms (enqueue 0.00842285 ms)
[09/20/2026-20:30:47] [I] Average on 10 runs - GPU latency: 0.754175 ms - Host latency: 0.798071 ms (enqueue 0.00891113 ms)
[09/20/2026-20:30:47] [I] Average on 10 runs - GPU latency: 0.754004 ms - Host latency: 0.79812 ms (enqueue 0.00922852 ms)
[09/20/2026-20:30:47] [I] Average on 10 runs - GPU latency: 0.753613 ms - Host latency: 0.797095 ms (enqueue 0.0092041 ms)
[09/20/2026-20:30:47] [I] Average on 10 runs - GPU latency: 0.753418 ms - Host latency: 0.796728 ms (enqueue 0.00849609 ms)
[09/20/2026-20:30:47] [I] Average on 10 runs - GPU latency: 0.754004 ms - Host latency: 0.797754 ms (enqueue 0.0092041 ms)
[09/20/2026-20:30:47] [I] Average on 10 runs - GPU latency: 0.753491 ms - Host latency: 0.797729 ms (enqueue 0.00944824 ms)
[09/20/2026-20:30:47] [I] Average on 10 runs - GPU latency: 0.753906 ms - Host latency: 0.798608 ms (enqueue 0.00947266 ms)
[09/20/2026-20:30:47] [I] Average on 10 runs - GPU latency: 0.754028 ms - Host latency: 0.800928 ms (enqueue 0.0097168 ms)
[09/20/2026-20:30:47] [I] Average on 10 runs - GPU latency: 0.753906 ms - Host latency: 0.798779 ms (enqueue 0.00905762 ms)
[09/20/2026-20:30:47] [I] Average on 10 runs - GPU latency: 0.754004 ms - Host latency: 0.798901 ms (enqueue 0.00922852 ms)
[09/20/2026-20:30:47] [I] Average on 10 runs - GPU latency: 0.752808 ms - Host latency: 0.797363 ms (enqueue 0.0092041 ms)
[09/20/2026-20:30:47] [I] Average on 10 runs - GPU latency: 0.753345 ms - Host latency: 0.798267 ms (enqueue 0.00939941 ms)
[09/20/2026-20:30:47] [I] Average on 10 runs - GPU latency: 0.753516 ms - Host latency: 0.796899 ms (enqueue 0.00854492 ms)
[09/20/2026-20:30:47] [I] Average on 10 runs - GPU latency: 0.753711 ms - Host latency: 0.797949 ms (enqueue 0.00844727 ms)
[09/20/2026-20:30:47] [I] Average on 10 runs - GPU latency: 0.753223 ms - Host latency: 0.797559 ms (enqueue 0.00812988 ms)
[09/20/2026-20:30:47] [I] Average on 10 runs - GPU latency: 0.753638 ms - Host latency: 0.798071 ms (enqueue 0.0092041 ms)
[09/20/2026-20:30:47] [I] Average on 10 runs - GPU latency: 0.75354 ms - Host latency: 0.797705 ms (enqueue 0.00842285 ms)
[09/20/2026-20:30:47] [I] Average on 10 runs - GPU latency: 0.753687 ms - Host latency: 0.798071 ms (enqueue 0.00842285 ms)
[09/20/2026-20:30:47] [I] Average on 10 runs - GPU latency: 0.753418 ms - Host latency: 0.798437 ms (enqueue 0.00839844 ms)
[09/20/2026-20:30:47] [I] Average on 10 runs - GPU latency: 0.753857 ms - Host latency: 0.797485 ms (enqueue 0.00832519 ms)
[09/20/2026-20:30:47] [I] Average on 10 runs - GPU latency: 0.753784 ms - Host latency: 0.797827 ms (enqueue 0.00888672 ms)
[09/20/2026-20:30:47] [I] Average on 10 runs - GPU latency: 0.753271 ms - Host latency: 0.796436 ms (enqueue 0.00908203 ms)
[09/20/2026-20:30:47] [I] Average on 10 runs - GPU latency: 0.754443 ms - Host latency: 0.798071 ms (enqueue 0.00917969 ms)
[09/20/2026-20:30:47] [I] Average on 10 runs - GPU latency: 0.753784 ms - Host latency: 0.799292 ms (enqueue 0.00898437 ms)
[09/20/2026-20:30:47] [I] Average on 10 runs - GPU latency: 0.753296 ms - Host latency: 0.797803 ms (enqueue 0.00878906 ms)
[09/20/2026-20:30:47] [I] Average on 10 runs - GPU latency: 0.753271 ms - Host latency: 0.796704 ms (enqueue 0.00817871 ms)
[09/20/2026-20:30:47] [I] Average on 10 runs - GPU latency: 0.753027 ms - Host latency: 0.796704 ms (enqueue 0.00844727 ms)
[09/20/2026-20:30:47] [I] Average on 10 runs - GPU latency: 0.754663 ms - Host latency: 0.799121 ms (enqueue 0.00847168 ms)
[09/20/2026-20:30:47] [I] Average on 10 runs - GPU latency: 0.754565 ms - Host latency: 0.799023 ms (enqueue 0.00859375 ms)
[09/20/2026-20:30:47] [I] Average on 10 runs - GPU latency: 0.753931 ms - Host latency: 0.798022 ms (enqueue 0.00878906 ms)
[09/20/2026-20:30:47] [I] Average on 10 runs - GPU latency: 0.752832 ms - Host latency: 0.796899 ms (enqueue 0.00876465 ms)
[09/20/2026-20:30:47] [I] Average on 10 runs - GPU latency: 0.753027 ms - Host latency: 0.796777 ms (enqueue 0.00866699 ms)
[09/20/2026-20:30:47] [I] Average on 10 runs - GPU latency: 0.753247 ms - Host latency: 0.797656 ms (enqueue 0.00871582 ms)
[09/20/2026-20:30:47] [I] Average on 10 runs - GPU latency: 0.753149 ms - Host latency: 0.79668 ms (enqueue 0.00832519 ms)
[09/20/2026-20:30:47] [I] Average on 10 runs - GPU latency: 0.753101 ms - Host latency: 0.797363 ms (enqueue 0.00844727 ms)
[09/20/2026-20:30:47] [I] Average on 10 runs - GPU latency: 0.753857 ms - Host latency: 0.797046 ms (enqueue 0.00856934 ms)
[09/20/2026-20:30:47] [I] Average on 10 runs - GPU latency: 0.75293 ms - Host latency: 0.797876 ms (enqueue 0.00830078 ms)
[09/20/2026-20:30:47] [I] Average on 10 runs - GPU latency: 0.753711 ms - Host latency: 0.797925 ms (enqueue 0.00827637 ms)
[09/20/2026-20:30:47] [I] Average on 10 runs - GPU latency: 0.754028 ms - Host latency: 0.798682 ms (enqueue 0.00864258 ms)
[09/20/2026-20:30:47] [I] Average on 10 runs - GPU latency: 0.75376 ms - Host latency: 0.797046 ms (enqueue 0.00866699 ms)
[09/20/2026-20:30:47] [I] Average on 10 runs - GPU latency: 0.753931 ms - Host latency: 0.797778 ms (enqueue 0.00847168 ms)
[09/20/2026-20:30:47] [I] Average on 10 runs - GPU latency: 0.753125 ms - Host latency: 0.797144 ms (enqueue 0.00861816 ms)
[09/20/2026-20:30:47] [I] Average on 10 runs - GPU latency: 0.753394 ms - Host latency: 0.797095 ms (enqueue 0.00832519 ms)
[09/20/2026-20:30:47] [I] Average on 10 runs - GPU latency: 0.752832 ms - Host latency: 0.796777 ms (enqueue 0.00847168 ms)
[09/20/2026-20:30:47] [I] Average on 10 runs - GPU latency: 0.753223 ms - Host latency: 0.797095 ms (enqueue 0.00849609 ms)
[09/20/2026-20:30:47] [I] Average on 10 runs - GPU latency: 0.753198 ms - Host latency: 0.797046 ms (enqueue 0.00859375 ms)
[09/20/2026-20:30:47] [I] ... Omitting 155546 lines
[09/20/2026-20:30:47] [I] Average on 10 runs - GPU latency: 0.748438 ms - Host latency: 0.789844 ms (enqueue 0.0078125 ms)
[09/20/2026-20:30:47] [I] Average on 10 runs - GPU latency: 0.745313 ms - Host latency: 0.786719 ms (enqueue 0.00625 ms)
[09/20/2026-20:30:47] [I] Average on 10 runs - GPU latency: 0.747656 ms - Host latency: 0.794531 ms (enqueue 0.0078125 ms)
[09/20/2026-20:30:47] [I] Average on 10 runs - GPU latency: 0.75 ms - Host latency: 0.795313 ms (enqueue 0.0078125 ms)
[09/20/2026-20:30:47] [I] Average on 10 runs - GPU latency: 0.75 ms - Host latency: 0.792969 ms (enqueue 0.009375 ms)
[09/20/2026-20:30:47] [I] Average on 10 runs - GPU latency: 0.748438 ms - Host latency: 0.792188 ms (enqueue 0.009375 ms)
[09/20/2026-20:30:47] [I] Average on 10 runs - GPU latency: 0.749219 ms - Host latency: 0.789062 ms (enqueue 0.00859375 ms)
[09/20/2026-20:30:47] [I] Average on 10 runs - GPU latency: 0.746875 ms - Host latency: 0.792188 ms (enqueue 0.00859375 ms)
[09/20/2026-20:30:47] [I] Average on 10 runs - GPU latency: 0.746875 ms - Host latency: 0.792188 ms (enqueue 0.0078125 ms)
[09/20/2026-20:30:47] [I] Average on 10 runs - GPU latency: 0.748438 ms - Host latency: 0.790625 ms (enqueue 0.00859375 ms)
[09/20/2026-20:30:47] [I] Average on 10 runs - GPU latency: 0.749219 ms - Host latency: 0.794531 ms (enqueue 0.00859375 ms)
[09/20/2026-20:30:47] [I] Average on 10 runs - GPU latency: 0.747656 ms - Host latency: 0.789062 ms (enqueue 0.0078125 ms)
[09/20/2026-20:30:47] [I] Average on 10 runs - GPU latency: 0.747656 ms - Host latency: 0.791406 ms (enqueue 0.00859375 ms)
[09/20/2026-20:30:47] [I] Average on 10 runs - GPU latency: 0.747656 ms - Host latency: 0.792969 ms (enqueue 0.00859375 ms)
[09/20/2026-20:30:47] [I] Average on 10 runs - GPU latency: 0.748438 ms - Host latency: 0.792188 ms (enqueue 0.00859375 ms)
[09/20/2026-20:30:47] [I] Average on 10 runs - GPU latency: 0.747656 ms - Host latency: 0.789062 ms (enqueue 0.00859375 ms)
[09/20/2026-20:30:47] [I] Average on 10 runs - GPU latency: 0.748438 ms - Host latency: 0.796875 ms (enqueue 0.00859375 ms)
[09/20/2026-20:30:47] [I] Average on 10 runs - GPU latency: 0.747656 ms - Host latency: 0.792188 ms (enqueue 0.0078125 ms)
[09/20/2026-20:30:47] [I] Average on 10 runs - GPU latency: 0.747656 ms - Host latency: 0.790625 ms (enqueue 0.009375 ms)
[09/20/2026-20:30:47] [I] Average on 10 runs - GPU latency: 0.75 ms - Host latency: 0.792969 ms (enqueue 0.00859375 ms)
[09/20/2026-20:30:47] [I] Average on 10 runs - GPU latency: 0.747656 ms - Host latency: 0.791406 ms (enqueue 0.0078125 ms)
[09/20/2026-20:30:47] [I] Average on 10 runs - GPU latency: 0.746875 ms - Host latency: 0.792969 ms (enqueue 0.009375 ms)
[09/20/2026-20:30:47] [I] Average on 10 runs - GPU latency: 0.749219 ms - Host latency: 0.791406 ms (enqueue 0.00859375 ms)
[09/20/2026-20:30:47] [I] Average on 10 runs - GPU latency: 0.747656 ms - Host latency: 0.791406 ms (enqueue 0.009375 ms)
[09/20/2026-20:30:47] [I] Average on 10 runs - GPU latency: 0.749219 ms - Host latency: 0.795313 ms (enqueue 0.009375 ms)
[09/20/2026-20:30:47] [I] Average on 10 runs - GPU latency: 0.748438 ms - Host latency: 0.790625 ms (enqueue 0.0101562 ms)
[09/20/2026-20:30:47] [I] Average on 10 runs - GPU latency: 0.75 ms - Host latency: 0.794531 ms (enqueue 0.009375 ms)
[09/20/2026-20:30:47] [I] Average on 10 runs - GPU latency: 0.750781 ms - Host latency: 0.797656 ms (enqueue 0.009375 ms)
[09/20/2026-20:30:47] [I] Average on 10 runs - GPU latency: 0.75 ms - Host latency: 0.796094 ms (enqueue 0.009375 ms)
[09/20/2026-20:30:47] [I] Average on 10 runs - GPU latency: 0.746094 ms - Host latency: 0.790625 ms (enqueue 0.009375 ms)
[09/20/2026-20:30:47] [I] Average on 10 runs - GPU latency: 0.75 ms - Host latency: 0.794531 ms (enqueue 0.00703125 ms)
[09/20/2026-20:30:47] [I] Average on 10 runs - GPU latency: 0.746094 ms - Host latency: 0.7875 ms (enqueue 0.0078125 ms)
[09/20/2026-20:30:47] [I] Average on 10 runs - GPU latency: 0.746875 ms - Host latency: 0.792969 ms (enqueue 0.0078125 ms)
[09/20/2026-20:30:47] [I] Average on 10 runs - GPU latency: 0.75 ms - Host latency: 0.794531 ms (enqueue 0.00703125 ms)
[09/20/2026-20:30:47] [I] Average on 10 runs - GPU latency: 0.747656 ms - Host latency: 0.790625 ms (enqueue 0.0078125 ms)
[09/20/2026-20:30:47] [I] Average on 10 runs - GPU latency: 0.745313 ms - Host latency: 0.788281 ms (enqueue 0.0078125 ms)
[09/20/2026-20:30:47] [I] Average on 10 runs - GPU latency: 0.747656 ms - Host latency: 0.792188 ms (enqueue 0.00703125 ms)
[09/20/2026-20:30:47] [I] Average on 10 runs - GPU latency: 0.748438 ms - Host latency: 0.790625 ms (enqueue 0.00859375 ms)
[09/20/2026-20:30:47] [I] Average on 10 runs - GPU latency: 0.75 ms - Host latency: 0.796094 ms (enqueue 0.0078125 ms)
[09/20/2026-20:30:47] [I] Average on 10 runs - GPU latency: 0.748438 ms - Host latency: 0.792188 ms (enqueue 0.0078125 ms)
[09/20/2026-20:30:47] [I] Average on 10 runs - GPU latency: 0.747656 ms - Host latency: 0.791406 ms (enqueue 0.0078125 ms)
[09/20/2026-20:30:47] [I] Average on 10 runs - GPU latency: 0.748438 ms - Host latency: 0.792188 ms (enqueue 0.0078125 ms)
[09/20/2026-20:30:47] [I] Average on 10 runs - GPU latency: 0.747656 ms - Host latency: 0.792969 ms (enqueue 0.0078125 ms)
[09/20/2026-20:30:47] [I] Average on 10 runs - GPU latency: 0.75 ms - Host latency: 0.79375 ms (enqueue 0.00703125 ms)
[09/20/2026-20:30:47] [I] Average on 10 runs - GPU latency: 0.748438 ms - Host latency: 0.792188 ms (enqueue 0.0078125 ms)
[09/20/2026-20:30:47] [I] Average on 10 runs - GPU latency: 0.747656 ms - Host latency: 0.789062 ms (enqueue 0.00859375 ms)
[09/20/2026-20:30:47] [I] Average on 10 runs - GPU latency: 0.746875 ms - Host latency: 0.789844 ms (enqueue 0.0101562 ms)
[09/20/2026-20:30:47] [I] Average on 10 runs - GPU latency: 0.745313 ms - Host latency: 0.786719 ms (enqueue 0.00859375 ms)
[09/20/2026-20:30:47] [I] Average on 10 runs - GPU latency: 0.748438 ms - Host latency: 0.792969 ms (enqueue 0.0078125 ms)
[09/20/2026-20:30:47] [I] Average on 10 runs - GPU latency: 0.747656 ms - Host latency: 0.791406 ms (enqueue 0.009375 ms)
[09/20/2026-20:30:47] [I] Average on 10 runs - GPU latency: 0.747656 ms - Host latency: 0.7875 ms (enqueue 0.00546875 ms)
[09/20/2026-20:30:47] [I] Average on 10 runs - GPU latency: 0.747656 ms - Host latency: 0.791406 ms (enqueue 0.00859375 ms)
[09/20/2026-20:30:47] [I] Average on 10 runs - GPU latency: 0.746875 ms - Host latency: 0.789844 ms (enqueue 0.009375 ms)
[09/20/2026-20:30:47] [I] Average on 10 runs - GPU latency: 0.747656 ms - Host latency: 0.791406 ms (enqueue 0.00703125 ms)
[09/20/2026-20:30:47] [I] Average on 10 runs - GPU latency: 0.75 ms - Host latency: 0.794531 ms (enqueue 0.00859375 ms)
[09/20/2026-20:30:47] [I] Average on 10 runs - GPU latency: 0.746875 ms - Host latency: 0.791406 ms (enqueue 0.0078125 ms)
[09/20/2026-20:30:47] [I] Average on 10 runs - GPU latency: 0.747656 ms - Host latency: 0.792969 ms (enqueue 0.0078125 ms)
[09/20/2026-20:30:47] [I] Average on 10 runs - GPU latency: 0.75 ms - Host latency: 0.794531 ms (enqueue 0.0078125 ms)
[09/20/2026-20:30:47] [I] Average on 10 runs - GPU latency: 0.747656 ms - Host latency: 0.791406 ms (enqueue 0.0078125 ms)
[09/20/2026-20:30:47] [I] Average on 10 runs - GPU latency: 0.747656 ms - Host latency: 0.791406 ms (enqueue 0.0101562 ms)
[09/20/2026-20:30:47] [I] Average on 10 runs - GPU latency: 0.747656 ms - Host latency: 0.791406 ms (enqueue 0.00859375 ms)
[09/20/2026-20:30:47] [I] Average on 10 runs - GPU latency: 0.746875 ms - Host latency: 0.789844 ms (enqueue 0.00859375 ms)
[09/20/2026-20:30:47] [I] Average on 10 runs - GPU latency: 0.749219 ms - Host latency: 0.792188 ms (enqueue 0.0078125 ms)
[09/20/2026-20:30:47] [I] Average on 10 runs - GPU latency: 0.750781 ms - Host latency: 0.792188 ms (enqueue 0.00703125 ms)
[09/20/2026-20:30:47] [I] Average on 10 runs - GPU latency: 0.749219 ms - Host latency: 0.791406 ms (enqueue 0.0078125 ms)
[09/20/2026-20:30:47] [I] Average on 10 runs - GPU latency: 0.746875 ms - Host latency: 0.789062 ms (enqueue 0.0078125 ms)
[09/20/2026-20:30:47] [I] Average on 10 runs - GPU latency: 0.747656 ms - Host latency: 0.792969 ms (enqueue 0.00859375 ms)
[09/20/2026-20:30:47] [I] Average on 10 runs - GPU latency: 0.748438 ms - Host latency: 0.791406 ms (enqueue 0.00703125 ms)
[09/20/2026-20:30:47] [I] Average on 10 runs - GPU latency: 0.746094 ms - Host latency: 0.788281 ms (enqueue 0.0078125 ms)
[09/20/2026-20:30:47] [I] Average on 10 runs - GPU latency: 0.75 ms - Host latency: 0.796875 ms (enqueue 0.0078125 ms)
[09/20/2026-20:30:47] [I] Average on 10 runs - GPU latency: 0.747656 ms - Host latency: 0.790625 ms (enqueue 0.009375 ms)
[09/20/2026-20:30:47] [I] Average on 10 runs - GPU latency: 0.746875 ms - Host latency: 0.790625 ms (enqueue 0.0078125 ms)
[09/20/2026-20:30:47] [I] Average on 10 runs - GPU latency: 0.749219 ms - Host latency: 0.792969 ms (enqueue 0.00859375 ms)
[09/20/2026-20:30:47] [I] Average on 10 runs - GPU latency: 0.746875 ms - Host latency: 0.790625 ms (enqueue 0.0078125 ms)
[09/20/2026-20:30:47] [I] Average on 10 runs - GPU latency: 0.748438 ms - Host latency: 0.792188 ms (enqueue 0.00859375 ms)
[09/20/2026-20:30:47] [I] Average on 10 runs - GPU latency: 0.748438 ms - Host latency: 0.789844 ms (enqueue 0.00703125 ms)
[09/20/2026-20:30:47] [I] Average on 10 runs - GPU latency: 0.746875 ms - Host latency: 0.786719 ms (enqueue 0.00859375 ms)
[09/20/2026-20:30:47] [I] Average on 10 runs - GPU latency: 0.748438 ms - Host latency: 0.792188 ms (enqueue 0.009375 ms)
[09/20/2026-20:30:47] [I] Average on 10 runs - GPU latency: 0.746094 ms - Host latency: 0.7875 ms (enqueue 0.00625 ms)
[09/20/2026-20:30:47] [I] Average on 10 runs - GPU latency: 0.748438 ms - Host latency: 0.795313 ms (enqueue 0.00859375 ms)
[09/20/2026-20:30:47] [I] Average on 10 runs - GPU latency: 0.75 ms - Host latency: 0.790625 ms (enqueue 0.00859375 ms)
[09/20/2026-20:30:47] [I] Average on 10 runs - GPU latency: 0.746875 ms - Host latency: 0.789844 ms (enqueue 0.00703125 ms)
[09/20/2026-20:30:47] [I] Average on 10 runs - GPU latency: 0.748438 ms - Host latency: 0.795313 ms (enqueue 0.00859375 ms)
[09/20/2026-20:30:47] [I] Average on 10 runs - GPU latency: 0.75 ms - Host latency: 0.792188 ms (enqueue 0.0078125 ms)
[09/20/2026-20:30:47] [I] Average on 10 runs - GPU latency: 0.748438 ms - Host latency: 0.792188 ms (enqueue 0.0078125 ms)
[09/20/2026-20:30:47] [I] Average on 10 runs - GPU latency: 0.746094 ms - Host latency: 0.791406 ms (enqueue 0.0078125 ms)
[09/20/2026-20:30:47] [I] Average on 10 runs - GPU latency: 0.748438 ms - Host latency: 0.790625 ms (enqueue 0.0078125 ms)
[09/20/2026-20:30:47] [I] Average on 10 runs - GPU latency: 0.748438 ms - Host latency: 0.792969 ms (enqueue 0.0078125 ms)
[09/20/2026-20:30:47] [I] Average on 10 runs - GPU latency: 0.75 ms - Host latency: 0.794531 ms (enqueue 0.0078125 ms)
[09/20/2026-20:30:47] [I] Average on 10 runs - GPU latency: 0.748438 ms - Host latency: 0.794531 ms (enqueue 0.00703125 ms)
[09/20/2026-20:30:47] [I] Average on 10 runs - GPU latency: 0.747656 ms - Host latency: 0.789844 ms (enqueue 0.0078125 ms)
[09/20/2026-20:30:47] [I] Average on 10 runs - GPU latency: 0.747656 ms - Host latency: 0.789062 ms (enqueue 0.00859375 ms)
[09/20/2026-20:30:47] [I] Average on 10 runs - GPU latency: 0.749219 ms - Host latency: 0.794531 ms (enqueue 0.0078125 ms)
[09/20/2026-20:30:47] [I] Average on 10 runs - GPU latency: 0.745313 ms - Host latency: 0.7875 ms (enqueue 0.0078125 ms)
[09/20/2026-20:30:47] [I] Average on 10 runs - GPU latency: 0.749219 ms - Host latency: 0.792969 ms (enqueue 0.00703125 ms)
[09/20/2026-20:30:47] [I] Average on 10 runs - GPU latency: 0.748438 ms - Host latency: 0.79375 ms (enqueue 0.0078125 ms)
[09/20/2026-20:30:47] [I] Average on 10 runs - GPU latency: 0.747656 ms - Host latency: 0.792969 ms (enqueue 0.00859375 ms)
[09/20/2026-20:30:47] [I] Average on 10 runs - GPU latency: 0.747656 ms - Host latency: 0.791406 ms (enqueue 0.00859375 ms)
[09/20/2026-20:30:47] [I] Average on 10 runs - GPU latency: 0.75 ms - Host latency: 0.792188 ms (enqueue 0.00703125 ms)
[09/20/2026-20:30:47] [I] Average on 10 runs - GPU latency: 0.75 ms - Host latency: 0.792969 ms (enqueue 0.0078125 ms)
[09/20/2026-20:30:47] [I] Average on 10 runs - GPU latency: 0.75 ms - Host latency: 0.794531 ms (enqueue 0.00859375 ms)
[09/20/2026-20:30:47] [I] Average on 10 runs - GPU latency: 0.746875 ms - Host latency: 0.792188 ms (enqueue 0.00859375 ms)
[09/20/2026-20:30:47] [I] Average on 10 runs - GPU latency: 0.75 ms - Host latency: 0.796875 ms (enqueue 0.00859375 ms)
[09/20/2026-20:30:47] [I] Average on 10 runs - GPU latency: 0.747656 ms - Host latency: 0.791406 ms (enqueue 0.0101562 ms)
[09/20/2026-20:30:47] [I] Average on 10 runs - GPU latency: 0.747656 ms - Host latency: 0.792188 ms (enqueue 0.0078125 ms)
[09/20/2026-20:30:47] [I] Average on 10 runs - GPU latency: 0.744531 ms - Host latency: 0.788281 ms (enqueue 0.0078125 ms)
[09/20/2026-20:30:47] [I] Average on 10 runs - GPU latency: 0.747656 ms - Host latency: 0.791406 ms (enqueue 0.00859375 ms)
[09/20/2026-20:30:47] [I] Average on 10 runs - GPU latency: 0.746875 ms - Host latency: 0.788281 ms (enqueue 0.0078125 ms)
[09/20/2026-20:30:47] [I] Average on 10 runs - GPU latency: 0.75 ms - Host latency: 0.795313 ms (enqueue 0.00859375 ms)
[09/20/2026-20:30:47] [I] Average on 10 runs - GPU latency: 0.748438 ms - Host latency: 0.794531 ms (enqueue 0.0078125 ms)
[09/20/2026-20:30:47] [I] Average on 10 runs - GPU latency: 0.75 ms - Host latency: 0.794531 ms (enqueue 0.009375 ms)
[09/20/2026-20:30:47] [I] Average on 10 runs - GPU latency: 0.75 ms - Host latency: 0.79375 ms (enqueue 0.00859375 ms)
[09/20/2026-20:30:47] [I] Average on 10 runs - GPU latency: 0.749219 ms - Host latency: 0.791406 ms (enqueue 0.0101562 ms)
[09/20/2026-20:30:47] [I] Average on 10 runs - GPU latency: 0.748438 ms - Host latency: 0.792969 ms (enqueue 0.0101562 ms)
[09/20/2026-20:30:47] [I] Average on 10 runs - GPU latency: 0.75 ms - Host latency: 0.797656 ms (enqueue 0.009375 ms)
[09/20/2026-20:30:47] [I] Average on 10 runs - GPU latency: 0.749219 ms - Host latency: 0.792969 ms (enqueue 0.0078125 ms)
[09/20/2026-20:30:47] [I] Average on 10 runs - GPU latency: 0.746094 ms - Host latency: 0.7875 ms (enqueue 0.009375 ms)
[09/20/2026-20:30:47] [I] Average on 10 runs - GPU latency: 0.748438 ms - Host latency: 0.79375 ms (enqueue 0.009375 ms)
[09/20/2026-20:30:47] [I] Average on 10 runs - GPU latency: 0.749219 ms - Host latency: 0.792969 ms (enqueue 0.00859375 ms)
[09/20/2026-20:30:47] [I] Average on 10 runs - GPU latency: 0.75 ms - Host latency: 0.795313 ms (enqueue 0.0078125 ms)
[09/20/2026-20:30:47] [I] Average on 10 runs - GPU latency: 0.747656 ms - Host latency: 0.791406 ms (enqueue 0.00859375 ms)
[09/20/2026-20:30:47] [I] Average on 10 runs - GPU latency: 0.748438 ms - Host latency: 0.791406 ms (enqueue 0.0078125 ms)
[09/20/2026-20:30:47] [I] Average on 10 runs - GPU latency: 0.746875 ms - Host latency: 0.788281 ms (enqueue 0.00859375 ms)
[09/20/2026-20:30:47] [I] Average on 10 runs - GPU latency: 0.750781 ms - Host latency: 0.796875 ms (enqueue 0.0078125 ms)
[09/20/2026-20:30:47] [I] Average on 10 runs - GPU latency: 0.746875 ms - Host latency: 0.788281 ms (enqueue 0.0078125 ms)
[09/20/2026-20:30:47] [I] Average on 10 runs - GPU latency: 0.75 ms - Host latency: 0.794531 ms (enqueue 0.00859375 ms)
[09/20/2026-20:30:47] [I] Average on 10 runs - GPU latency: 0.75 ms - Host latency: 0.796094 ms (enqueue 0.00859375 ms)
[09/20/2026-20:30:47] [I] Average on 10 runs - GPU latency: 0.746875 ms - Host latency: 0.789844 ms (enqueue 0.00859375 ms)
[09/20/2026-20:30:47] [I] Average on 10 runs - GPU latency: 0.748438 ms - Host latency: 0.79375 ms (enqueue 0.00859375 ms)
[09/20/2026-20:30:47] [I] Average on 10 runs - GPU latency: 0.748438 ms - Host latency: 0.794531 ms (enqueue 0.009375 ms)
[09/20/2026-20:30:47] [I] Average on 10 runs - GPU latency: 0.749219 ms - Host latency: 0.792969 ms (enqueue 0.00859375 ms)
[09/20/2026-20:30:47] [I] Average on 10 runs - GPU latency: 0.75 ms - Host latency: 0.79375 ms (enqueue 0.009375 ms)
[09/20/2026-20:30:47] [I] Average on 10 runs - GPU latency: 0.747656 ms - Host latency: 0.792188 ms (enqueue 0.009375 ms)
[09/20/2026-20:30:47] [I] Average on 10 runs - GPU latency: 0.746875 ms - Host latency: 0.794531 ms (enqueue 0.00703125 ms)
[09/20/2026-20:30:47] [I] Average on 10 runs - GPU latency: 0.748438 ms - Host latency: 0.792188 ms (enqueue 0.0078125 ms)
[09/20/2026-20:30:47] [I] Average on 10 runs - GPU latency: 0.749219 ms - Host latency: 0.795313 ms (enqueue 0.0101562 ms)
[09/20/2026-20:30:47] [I] Average on 10 runs - GPU latency: 0.75 ms - Host latency: 0.792188 ms (enqueue 0.0078125 ms)
[09/20/2026-20:30:47] [I] Average on 10 runs - GPU latency: 0.75 ms - Host latency: 0.794531 ms (enqueue 0.00859375 ms)
[09/20/2026-20:30:47] [I] Average on 10 runs - GPU latency: 0.748438 ms - Host latency: 0.791406 ms (enqueue 0.00859375 ms)
[09/20/2026-20:30:47] [I] Average on 10 runs - GPU latency: 0.750781 ms - Host latency: 0.794531 ms (enqueue 0.009375 ms)
[09/20/2026-20:30:47] [I] Average on 10 runs - GPU latency: 0.750781 ms - Host latency: 0.799219 ms (enqueue 0.009375 ms)
[09/20/2026-20:30:47] [I] Average on 10 runs - GPU latency: 0.748438 ms - Host latency: 0.79375 ms (enqueue 0.009375 ms)
[09/20/2026-20:30:47] [I] Average on 10 runs - GPU latency: 0.75 ms - Host latency: 0.794531 ms (enqueue 0.0078125 ms)
[09/20/2026-20:30:47] [I] Average on 10 runs - GPU latency: 0.75 ms - Host latency: 0.797656 ms (enqueue 0.0101562 ms)
[09/20/2026-20:30:47] [I] Average on 10 runs - GPU latency: 0.747656 ms - Host latency: 0.794531 ms (enqueue 0.00859375 ms)
[09/20/2026-20:30:47] [I] Average on 10 runs - GPU latency: 0.75 ms - Host latency: 0.796094 ms (enqueue 0.00859375 ms)
[09/20/2026-20:30:47] [I] Average on 10 runs - GPU latency: 0.748438 ms - Host latency: 0.794531 ms (enqueue 0.00703125 ms)
[09/20/2026-20:30:47] [I] Average on 10 runs - GPU latency: 0.748438 ms - Host latency: 0.795313 ms (enqueue 0.0101562 ms)
[09/20/2026-20:30:47] [I] Average on 10 runs - GPU latency: 0.75 ms - Host latency: 0.79375 ms (enqueue 0.009375 ms)
[09/20/2026-20:30:47] [I] Average on 10 runs - GPU latency: 0.746875 ms - Host latency: 0.792188 ms (enqueue 0.009375 ms)
[09/20/2026-20:30:47] [I] Average on 10 runs - GPU latency: 0.75 ms - Host latency: 0.797656 ms (enqueue 0.009375 ms)
[09/20/2026-20:30:47] [I] Average on 10 runs - GPU latency: 0.75 ms - Host latency: 0.795313 ms (enqueue 0.0078125 ms)
[09/20/2026-20:30:47] [I] Average on 10 runs - GPU latency: 0.748438 ms - Host latency: 0.792969 ms (enqueue 0.0078125 ms)
[09/20/2026-20:30:47] [I] Average on 10 runs - GPU latency: 0.749219 ms - Host latency: 0.795313 ms (enqueue 0.009375 ms)
[09/20/2026-20:30:47] [I] Average on 10 runs - GPU latency: 0.749219 ms - Host latency: 0.792188 ms (enqueue 0.00859375 ms)
[09/20/2026-20:30:47] [I] Average on 10 runs - GPU latency: 0.75 ms - Host latency: 0.796094 ms (enqueue 0.00859375 ms)
[09/20/2026-20:30:47] [I] Average on 10 runs - GPU latency: 0.75 ms - Host latency: 0.797656 ms (enqueue 0.0101562 ms)
[09/20/2026-20:30:47] [I] Average on 10 runs - GPU latency: 0.75 ms - Host latency: 0.797656 ms (enqueue 0.0109375 ms)
[09/20/2026-20:30:47] [I] Average on 10 runs - GPU latency: 0.746875 ms - Host latency: 0.794531 ms (enqueue 0.0109375 ms)
[09/20/2026-20:30:47] [I] Average on 10 runs - GPU latency: 0.749219 ms - Host latency: 0.796094 ms (enqueue 0.0078125 ms)
[09/20/2026-20:30:47] [I] Average on 10 runs - GPU latency: 0.750781 ms - Host latency: 0.799219 ms (enqueue 0.009375 ms)
[09/20/2026-20:30:47] [I] Average on 10 runs - GPU latency: 0.749219 ms - Host latency: 0.796094 ms (enqueue 0.0101562 ms)
[09/20/2026-20:30:47] [I] Average on 10 runs - GPU latency: 0.747656 ms - Host latency: 0.79375 ms (enqueue 0.00859375 ms)
[09/20/2026-20:30:47] [I] Average on 10 runs - GPU latency: 0.748438 ms - Host latency: 0.79375 ms (enqueue 0.00859375 ms)
[09/20/2026-20:30:47] [I] Average on 10 runs - GPU latency: 0.75 ms - Host latency: 0.798437 ms (enqueue 0.009375 ms)
[09/20/2026-20:30:47] [I] Average on 10 runs - GPU latency: 0.748438 ms - Host latency: 0.794531 ms (enqueue 0.0078125 ms)
[09/20/2026-20:30:47] [I] Average on 10 runs - GPU latency: 0.75 ms - Host latency: 0.795313 ms (enqueue 0.00859375 ms)
[09/20/2026-20:30:47] [I] Average on 10 runs - GPU latency: 0.749219 ms - Host latency: 0.79375 ms (enqueue 0.009375 ms)
[09/20/2026-20:30:47] [I] Average on 10 runs - GPU latency: 0.748438 ms - Host latency: 0.792969 ms (enqueue 0.0078125 ms)
[09/20/2026-20:30:47] [I] Average on 10 runs - GPU latency: 0.75 ms - Host latency: 0.796094 ms (enqueue 0.00859375 ms)
[09/20/2026-20:30:47] [I] Average on 10 runs - GPU latency: 0.749219 ms - Host latency: 0.795313 ms (enqueue 0.00703125 ms)
[09/20/2026-20:30:47] [I] Average on 10 runs - GPU latency: 0.746875 ms - Host latency: 0.789844 ms (enqueue 0.00703125 ms)
[09/20/2026-20:30:47] [I] Average on 10 runs - GPU latency: 0.749219 ms - Host latency: 0.795313 ms (enqueue 0.0078125 ms)
[09/20/2026-20:30:47] [I] Average on 10 runs - GPU latency: 0.749219 ms - Host latency: 0.796094 ms (enqueue 0.00703125 ms)
[09/20/2026-20:30:47] [I] Average on 10 runs - GPU latency: 0.75 ms - Host latency: 0.79375 ms (enqueue 0.009375 ms)
[09/20/2026-20:30:47] [I] Average on 10 runs - GPU latency: 0.749219 ms - Host latency: 0.794531 ms (enqueue 0.00859375 ms)
[09/20/2026-20:30:47] [I] Average on 10 runs - GPU latency: 0.748438 ms - Host latency: 0.792969 ms (enqueue 0.00859375 ms)
[09/20/2026-20:30:47] [I] Average on 10 runs - GPU latency: 0.75 ms - Host latency: 0.794531 ms (enqueue 0.0078125 ms)
[09/20/2026-20:30:47] [I] Average on 10 runs - GPU latency: 0.75 ms - Host latency: 0.79375 ms (enqueue 0.0078125 ms)
[09/20/2026-20:30:47] [I] Average on 10 runs - GPU latency: 0.748438 ms - Host latency: 0.792969 ms (enqueue 0.0078125 ms)
[09/20/2026-20:30:47] [I] Average on 10 runs - GPU latency: 0.747656 ms - Host latency: 0.792188 ms (enqueue 0.0078125 ms)
[09/20/2026-20:30:47] [I] Average on 10 runs - GPU latency: 0.749219 ms - Host latency: 0.792188 ms (enqueue 0.009375 ms)
[09/20/2026-20:30:47] [I] Average on 10 runs - GPU latency: 0.75 ms - Host latency: 0.792969 ms (enqueue 0.00703125 ms)
[09/20/2026-20:30:47] [I] Average on 10 runs - GPU latency: 0.75 ms - Host latency: 0.797656 ms (enqueue 0.0078125 ms)
[09/20/2026-20:30:47] [I] Average on 10 runs - GPU latency: 0.747656 ms - Host latency: 0.792969 ms (enqueue 0.00859375 ms)
[09/20/2026-20:30:47] [I] Average on 10 runs - GPU latency: 0.75 ms - Host latency: 0.795313 ms (enqueue 0.00703125 ms)
[09/20/2026-20:30:47] [I] Average on 10 runs - GPU latency: 0.75 ms - Host latency: 0.796094 ms (enqueue 0.00859375 ms)
[09/20/2026-20:30:47] [I] Average on 10 runs - GPU latency: 0.75 ms - Host latency: 0.795313 ms (enqueue 0.0078125 ms)
[09/20/2026-20:30:47] [I] Average on 10 runs - GPU latency: 0.750781 ms - Host latency: 0.797656 ms (enqueue 0.009375 ms)
[09/20/2026-20:30:47] [I] Average on 10 runs - GPU latency: 0.749219 ms - Host latency: 0.79375 ms (enqueue 0.00859375 ms)
[09/20/2026-20:30:47] [I] Average on 10 runs - GPU latency: 0.748438 ms - Host latency: 0.792969 ms (enqueue 0.0078125 ms)
[09/20/2026-20:30:47] [I] Average on 10 runs - GPU latency: 0.746875 ms - Host latency: 0.789062 ms (enqueue 0.00859375 ms)
[09/20/2026-20:30:47] [I] Average on 10 runs - GPU latency: 0.748438 ms - Host latency: 0.792969 ms (enqueue 0.00859375 ms)
[09/20/2026-20:30:47] [I] Average on 10 runs - GPU latency: 0.748438 ms - Host latency: 0.792188 ms (enqueue 0.00859375 ms)
[09/20/2026-20:30:47] [I] Average on 10 runs - GPU latency: 0.747656 ms - Host latency: 0.792969 ms (enqueue 0.0101562 ms)
[09/20/2026-20:30:47] [I] Average on 10 runs - GPU latency: 0.748438 ms - Host latency: 0.789844 ms (enqueue 0.009375 ms)
[09/20/2026-20:30:47] [I] Average on 10 runs - GPU latency: 0.75 ms - Host latency: 0.794531 ms (enqueue 0.009375 ms)
[09/20/2026-20:30:47] [I] Average on 10 runs - GPU latency: 0.75 ms - Host latency: 0.795313 ms (enqueue 0.009375 ms)
[09/20/2026-20:30:47] [I] Average on 10 runs - GPU latency: 0.749219 ms - Host latency: 0.795313 ms (enqueue 0.0078125 ms)
[09/20/2026-20:30:47] [I] Average on 10 runs - GPU latency: 0.746875 ms - Host latency: 0.789062 ms (enqueue 0.00859375 ms)
[09/20/2026-20:30:48] [I] 
[09/20/2026-20:30:48] [I] === Performance summary ===
[09/20/2026-20:30:48] [I] Throughput: 1329.53 qps
[09/20/2026-20:30:48] [I] Latency: min = 0.773438 ms, max = 3.33594 ms, mean = 0.795189 ms, median = 0.792969 ms, percentile(90%) = 0.796875 ms, percentile(95%) = 0.799805 ms, percentile(99%) = 0.804688 ms
[09/20/2026-20:30:48] [I] Enqueue Time: min = 0 ms, max = 0.140625 ms, mean = 0.00854402 ms, median = 0.0078125 ms, percentile(90%) = 0.0117188 ms, percentile(95%) = 0.015625 ms, percentile(99%) = 0.015625 ms
[09/20/2026-20:30:48] [I] H2D Latency: min = 0.03125 ms, max = 0.131348 ms, mean = 0.0374962 ms, median = 0.0390625 ms, percentile(90%) = 0.0390625 ms, percentile(95%) = 0.0415039 ms, percentile(99%) = 0.046875 ms
[09/20/2026-20:30:48] [I] GPU Compute Time: min = 0.742188 ms, max = 3.28906 ms, mean = 0.7507 ms, median = 0.75 ms, percentile(90%) = 0.75 ms, percentile(95%) = 0.750977 ms, percentile(99%) = 0.756836 ms
[09/20/2026-20:30:48] [I] D2H Latency: min = 0 ms, max = 0.015625 ms, mean = 0.00683495 ms, median = 0.0078125 ms, percentile(90%) = 0.0078125 ms, percentile(95%) = 0.0078125 ms, percentile(99%) = 0.0117188 ms
[09/20/2026-20:30:48] [I] Total Host Walltime: 120.002 s
[09/20/2026-20:30:48] [I] Total GPU Compute Time: 119.771 s
[09/20/2026-20:30:48] [I] Explanations of the performance metrics are printed in the verbose logs.
[09/20/2026-20:30:48] [I] 
&&&& PASSED TensorRT.trtexec [TensorRT v101602] [b10] # /usr/src/tensorrt/bin/trtexec --loadEngine=models/mobilenetv2_fp16.plan --shapes=input:1x3x224x224 --warmUp=2000 --duration=120 --useCudaGraph
[09/20/2026-20:28:45] [W] [TRT] Using an engine plan file across different models of devices is not supported and is likely to affect performance or even cause errors or deadlock.
[09/20/2026-20:30:48] [W] * GPU compute time is unstable, with coefficient of variance = 8.35917%.
[09/20/2026-20:30:48] [W]   If not already in use, locking GPU clock frequency or adding --useSpinWait may improve the stability.
