&&&& RUNNING TensorRT.trtexec [TensorRT v101602] [b10] # /usr/src/tensorrt/bin/trtexec --loadEngine=models/mobilenetv2_fp16.plan --shapes=input:1x3x224x224 --warmUp=2000 --duration=120 --useCudaGraph
[09/20/2026-21:51:23] [I] TF32 is enabled by default. Add --noTF32 flag to further improve accuracy with some performance cost.
[09/20/2026-21:51:23] [I] === Model Options ===
[09/20/2026-21:51:23] [I] Format: *
[09/20/2026-21:51:23] [I] Model: 
[09/20/2026-21:51:23] [I] Output:
[09/20/2026-21:51:23] [I] 
[09/20/2026-21:51:23] [I] === System Options ===
[09/20/2026-21:51:23] [I] Device: 0
[09/20/2026-21:51:23] [I] DLACore: 
[09/20/2026-21:51:23] [I] Loaded static plugins:
[09/20/2026-21:51:23] [I] setPluginsToSerialize:
[09/20/2026-21:51:23] [I] dynamicPlugins:
[09/20/2026-21:51:23] [I] ignoreParsedPluginLibs: 0
[09/20/2026-21:51:23] [I] 
[09/20/2026-21:51:23] [I] === Inference Options ===
[09/20/2026-21:51:23] [I] Batch: Explicit
[09/20/2026-21:51:23] [I] Input inference shape : input=1x3x224x224
[09/20/2026-21:51:23] [I] Iterations: 10
[09/20/2026-21:51:23] [I] Duration: 120s (+ 2000ms warm up)
[09/20/2026-21:51:23] [I] Sleep time: 0ms
[09/20/2026-21:51:23] [I] Idle time: 0ms
[09/20/2026-21:51:23] [I] Inference Streams: 1
[09/20/2026-21:51:23] [I] ExposeDMA: Disabled
[09/20/2026-21:51:23] [I] Data transfers: Enabled
[09/20/2026-21:51:23] [I] Spin-wait: Disabled
[09/20/2026-21:51:23] [I] Multithreading: Disabled
[09/20/2026-21:51:23] [I] CUDA Graph: Enabled
[09/20/2026-21:51:23] [I] Separate profiling: Disabled
[09/20/2026-21:51:23] [I] Time Deserialize: Disabled
[09/20/2026-21:51:23] [I] Time Refit: Disabled
[09/20/2026-21:51:23] [I] NVTX verbosity: 0
[09/20/2026-21:51:23] [I] Persistent Cache Ratio: 0
[09/20/2026-21:51:23] [I] Optimization Profile Index: 0
[09/20/2026-21:51:23] [I] Weight Streaming Budget: 100.000000%
[09/20/2026-21:51:23] [I] Inputs:
[09/20/2026-21:51:23] [I] Debug Tensor Save Destinations:
[09/20/2026-21:51:23] [I] Dump All Debug Tensor in Formats: 
[09/20/2026-21:51:23] [I] === Reporting Options ===
[09/20/2026-21:51:23] [I] Verbose: Disabled
[09/20/2026-21:51:23] [I] Averages: 10 inferences
[09/20/2026-21:51:23] [I] Percentiles: 90,95,99
[09/20/2026-21:51:23] [I] Dump refittable layers:Disabled
[09/20/2026-21:51:23] [I] Dump output: Disabled
[09/20/2026-21:51:23] [I] Profile: Disabled
[09/20/2026-21:51:23] [I] Export timing to JSON file: 
[09/20/2026-21:51:23] [I] Export output to JSON file: 
[09/20/2026-21:51:23] [I] Export profile to JSON file: 
[09/20/2026-21:51:23] [I] 
[09/20/2026-21:51:23] [I] === Device Information ===
[09/20/2026-21:51:23] [I] Available Devices: 
[09/20/2026-21:51:23] [I]   Device 0: "Orin" UUID: GPU-5e79c5ba-a005-59b8-a6a3-d87e61f25d8b
[09/20/2026-21:51:23] [I] Selected Device: Orin
[09/20/2026-21:51:23] [I] Selected Device ID: 0
[09/20/2026-21:51:23] [I] Selected Device UUID: GPU-5e79c5ba-a005-59b8-a6a3-d87e61f25d8b
[09/20/2026-21:51:23] [I] Compute Capability: 8.7
[09/20/2026-21:51:23] [I] SMs: 8
[09/20/2026-21:51:23] [I] Device Global Memory: 7485 MiB
[09/20/2026-21:51:23] [I] Shared Memory per SM: 164 KiB
[09/20/2026-21:51:23] [I] Memory Bus Width: 128 bits (ECC disabled)
[09/20/2026-21:51:23] [I] Application Compute Clock Rate: 1.02 GHz
[09/20/2026-21:51:23] [I] Application Memory Clock Rate: 1.02 GHz
[09/20/2026-21:51:23] [I] 
[09/20/2026-21:51:23] [I] Note: The application clock rates do not reflect the actual clock rates that the GPU is currently running at.
[09/20/2026-21:51:23] [I] 
[09/20/2026-21:51:23] [I] TensorRT version: 10.16.2
[09/20/2026-21:51:23] [I] Loading standard plugins
[09/20/2026-21:51:23] [I] [TRT] Loaded engine size: 7 MiB
[09/20/2026-21:51:23] [I] Engine deserialized in 0.0409189 sec.
[09/20/2026-21:51:23] [I] [TRT] [MemUsageChange] TensorRT-managed allocation in IExecutionContext creation: CPU +0, GPU +4, now: CPU 0, GPU 10 (MiB)
[09/20/2026-21:51:23] [I] Setting persistentCacheLimit to 0 bytes.
[09/20/2026-21:51:23] [I] Created execution context with device memory size: 3.34961 MiB
[09/20/2026-21:51:23] [I] Using random values for input input
[09/20/2026-21:51:23] [I] Input binding for input with dimensions 1x3x224x224 and type fp32 is created.
[09/20/2026-21:51:23] [I] Output binding for output with dimensions 1x1000 and type fp32 is created.
[09/20/2026-21:51:23] [I] Starting inference
[09/20/2026-21:51:23] [I] Capturing CUDA graph for the current execution context
[09/20/2026-21:51:23] [I] Successfully captured CUDA graph for the current execution context
[09/20/2026-21:53:25] [I] Warmup completed 2663 queries over 2000 ms
[09/20/2026-21:53:25] [I] Timing trace has 172702 queries over 120.002 s
[09/20/2026-21:53:25] [I] 
[09/20/2026-21:53:25] [I] === Trace details ===
[09/20/2026-21:53:25] [I] Trace averages of 10 runs:
[09/20/2026-21:53:25] [I] Average on 10 runs - GPU latency: 0.688879 ms - Host latency: 0.74729 ms (enqueue 0.0115234 ms)
[09/20/2026-21:53:25] [I] Average on 10 runs - GPU latency: 0.688562 ms - Host latency: 0.74353 ms (enqueue 0.0116577 ms)
[09/20/2026-21:53:25] [I] Average on 10 runs - GPU latency: 0.68938 ms - Host latency: 0.748999 ms (enqueue 0.0123169 ms)
[09/20/2026-21:53:25] [I] Average on 10 runs - GPU latency: 0.690442 ms - Host latency: 0.750439 ms (enqueue 0.0130859 ms)
[09/20/2026-21:53:25] [I] Average on 10 runs - GPU latency: 0.690063 ms - Host latency: 0.750159 ms (enqueue 0.011731 ms)
[09/20/2026-21:53:25] [I] Average on 10 runs - GPU latency: 0.68938 ms - Host latency: 0.74823 ms (enqueue 0.0123901 ms)
[09/20/2026-21:53:25] [I] Average on 10 runs - GPU latency: 0.688904 ms - Host latency: 0.746106 ms (enqueue 0.0117188 ms)
[09/20/2026-21:53:25] [I] Average on 10 runs - GPU latency: 0.689038 ms - Host latency: 0.745752 ms (enqueue 0.011792 ms)
[09/20/2026-21:53:25] [I] Average on 10 runs - GPU latency: 0.689331 ms - Host latency: 0.745898 ms (enqueue 0.011377 ms)
[09/20/2026-21:53:25] [I] Average on 10 runs - GPU latency: 0.689478 ms - Host latency: 0.746875 ms (enqueue 0.0119629 ms)
[09/20/2026-21:53:25] [I] Average on 10 runs - GPU latency: 0.68811 ms - Host latency: 0.744116 ms (enqueue 0.0116211 ms)
[09/20/2026-21:53:25] [I] Average on 10 runs - GPU latency: 0.689551 ms - Host latency: 0.747583 ms (enqueue 0.0123047 ms)
[09/20/2026-21:53:25] [I] Average on 10 runs - GPU latency: 0.689307 ms - Host latency: 0.746851 ms (enqueue 0.0145508 ms)
[09/20/2026-21:53:25] [I] Average on 10 runs - GPU latency: 0.689526 ms - Host latency: 0.747803 ms (enqueue 0.0124756 ms)
[09/20/2026-21:53:25] [I] Average on 10 runs - GPU latency: 0.689136 ms - Host latency: 0.746997 ms (enqueue 0.0116211 ms)
[09/20/2026-21:53:25] [I] Average on 10 runs - GPU latency: 0.689429 ms - Host latency: 0.748169 ms (enqueue 0.0114014 ms)
[09/20/2026-21:53:25] [I] Average on 10 runs - GPU latency: 0.688965 ms - Host latency: 0.746216 ms (enqueue 0.011377 ms)
[09/20/2026-21:53:25] [I] Average on 10 runs - GPU latency: 0.688525 ms - Host latency: 0.745288 ms (enqueue 0.0118652 ms)
[09/20/2026-21:53:25] [I] Average on 10 runs - GPU latency: 0.689502 ms - Host latency: 0.749243 ms (enqueue 0.0134033 ms)
[09/20/2026-21:53:25] [I] Average on 10 runs - GPU latency: 0.689038 ms - Host latency: 0.747314 ms (enqueue 0.0122559 ms)
[09/20/2026-21:53:25] [I] Average on 10 runs - GPU latency: 0.689331 ms - Host latency: 0.747461 ms (enqueue 0.0122803 ms)
[09/20/2026-21:53:25] [I] Average on 10 runs - GPU latency: 0.689917 ms - Host latency: 0.749536 ms (enqueue 0.0125977 ms)
[09/20/2026-21:53:25] [I] Average on 10 runs - GPU latency: 0.690161 ms - Host latency: 0.748608 ms (enqueue 0.0115234 ms)
[09/20/2026-21:53:25] [I] Average on 10 runs - GPU latency: 0.689111 ms - Host latency: 0.74541 ms (enqueue 0.0116699 ms)
[09/20/2026-21:53:25] [I] Average on 10 runs - GPU latency: 0.689502 ms - Host latency: 0.747412 ms (enqueue 0.0117188 ms)
[09/20/2026-21:53:25] [I] Average on 10 runs - GPU latency: 0.688696 ms - Host latency: 0.746655 ms (enqueue 0.0117676 ms)
[09/20/2026-21:53:25] [I] Average on 10 runs - GPU latency: 0.689844 ms - Host latency: 0.748926 ms (enqueue 0.0128174 ms)
[09/20/2026-21:53:25] [I] Average on 10 runs - GPU latency: 0.689673 ms - Host latency: 0.750977 ms (enqueue 0.0129639 ms)
[09/20/2026-21:53:25] [I] Average on 10 runs - GPU latency: 0.68999 ms - Host latency: 0.751294 ms (enqueue 0.0130615 ms)
[09/20/2026-21:53:25] [I] Average on 10 runs - GPU latency: 0.689893 ms - Host latency: 0.749048 ms (enqueue 0.0130615 ms)
[09/20/2026-21:53:25] [I] Average on 10 runs - GPU latency: 0.689575 ms - Host latency: 0.748364 ms (enqueue 0.0138184 ms)
[09/20/2026-21:53:25] [I] Average on 10 runs - GPU latency: 0.689819 ms - Host latency: 0.748267 ms (enqueue 0.0132813 ms)
[09/20/2026-21:53:25] [I] Average on 10 runs - GPU latency: 0.690503 ms - Host latency: 0.753027 ms (enqueue 0.0146729 ms)
[09/20/2026-21:53:25] [I] Average on 10 runs - GPU latency: 0.689673 ms - Host latency: 0.74707 ms (enqueue 0.0139893 ms)
[09/20/2026-21:53:25] [I] Average on 10 runs - GPU latency: 0.690381 ms - Host latency: 0.751782 ms (enqueue 0.0144043 ms)
[09/20/2026-21:53:25] [I] Average on 10 runs - GPU latency: 0.688745 ms - Host latency: 0.745386 ms (enqueue 0.0133057 ms)
[09/20/2026-21:53:25] [I] Average on 10 runs - GPU latency: 0.68938 ms - Host latency: 0.746899 ms (enqueue 0.0118652 ms)
[09/20/2026-21:53:25] [I] Average on 10 runs - GPU latency: 0.689673 ms - Host latency: 0.747729 ms (enqueue 0.0113525 ms)
[09/20/2026-21:53:25] [I] Average on 10 runs - GPU latency: 0.688818 ms - Host latency: 0.745557 ms (enqueue 0.011792 ms)
[09/20/2026-21:53:25] [I] Average on 10 runs - GPU latency: 0.688525 ms - Host latency: 0.744434 ms (enqueue 0.0118164 ms)
[09/20/2026-21:53:25] [I] Average on 10 runs - GPU latency: 0.689355 ms - Host latency: 0.747632 ms (enqueue 0.0113525 ms)
[09/20/2026-21:53:25] [I] Average on 10 runs - GPU latency: 0.688721 ms - Host latency: 0.745215 ms (enqueue 0.0115479 ms)
[09/20/2026-21:53:25] [I] Average on 10 runs - GPU latency: 0.689062 ms - Host latency: 0.745581 ms (enqueue 0.0114746 ms)
[09/20/2026-21:53:25] [I] Average on 10 runs - GPU latency: 0.689136 ms - Host latency: 0.747217 ms (enqueue 0.0122803 ms)
[09/20/2026-21:53:25] [I] Average on 10 runs - GPU latency: 0.689136 ms - Host latency: 0.747412 ms (enqueue 0.0119385 ms)
[09/20/2026-21:53:25] [I] Average on 10 runs - GPU latency: 0.688818 ms - Host latency: 0.744775 ms (enqueue 0.0115234 ms)
[09/20/2026-21:53:25] [I] Average on 10 runs - GPU latency: 0.68811 ms - Host latency: 0.744775 ms (enqueue 0.011792 ms)
[09/20/2026-21:53:25] [I] Average on 10 runs - GPU latency: 0.689087 ms - Host latency: 0.745605 ms (enqueue 0.0118408 ms)
[09/20/2026-21:53:25] [I] Average on 10 runs - GPU latency: 0.688989 ms - Host latency: 0.745825 ms (enqueue 0.014502 ms)
[09/20/2026-21:53:25] [I] Average on 10 runs - GPU latency: 0.689111 ms - Host latency: 0.745435 ms (enqueue 0.0120117 ms)
[09/20/2026-21:53:25] [I] Average on 10 runs - GPU latency: 0.68894 ms - Host latency: 0.746997 ms (enqueue 0.0121094 ms)
[09/20/2026-21:53:25] [I] Average on 10 runs - GPU latency: 0.887378 ms - Host latency: 0.945654 ms (enqueue 0.0145508 ms)
[09/20/2026-21:53:25] [I] Average on 10 runs - GPU latency: 0.789331 ms - Host latency: 0.853101 ms (enqueue 0.0150391 ms)
[09/20/2026-21:53:25] [I] Average on 10 runs - GPU latency: 0.689355 ms - Host latency: 0.746606 ms (enqueue 0.012207 ms)
[09/20/2026-21:53:25] [I] Average on 10 runs - GPU latency: 0.689697 ms - Host latency: 0.75188 ms (enqueue 0.0132324 ms)
[09/20/2026-21:53:25] [I] Average on 10 runs - GPU latency: 0.690259 ms - Host latency: 0.750977 ms (enqueue 0.0123047 ms)
[09/20/2026-21:53:25] [I] Average on 10 runs - GPU latency: 0.688965 ms - Host latency: 0.747803 ms (enqueue 0.0120361 ms)
[09/20/2026-21:53:25] [I] Average on 10 runs - GPU latency: 0.689624 ms - Host latency: 0.748438 ms (enqueue 0.013208 ms)
[09/20/2026-21:53:25] [I] Average on 10 runs - GPU latency: 0.690161 ms - Host latency: 0.749731 ms (enqueue 0.0130859 ms)
[09/20/2026-21:53:25] [I] Average on 10 runs - GPU latency: 0.688989 ms - Host latency: 0.74751 ms (enqueue 0.0132324 ms)
[09/20/2026-21:53:25] [I] Average on 10 runs - GPU latency: 0.690161 ms - Host latency: 0.74917 ms (enqueue 0.0124268 ms)
[09/20/2026-21:53:25] [I] Average on 10 runs - GPU latency: 0.6896 ms - Host latency: 0.747852 ms (enqueue 0.0125 ms)
[09/20/2026-21:53:25] [I] Average on 10 runs - GPU latency: 0.689575 ms - Host latency: 0.749097 ms (enqueue 0.0141113 ms)
[09/20/2026-21:53:25] [I] Average on 10 runs - GPU latency: 0.688965 ms - Host latency: 0.74646 ms (enqueue 0.0139648 ms)
[09/20/2026-21:53:25] [I] Average on 10 runs - GPU latency: 0.689258 ms - Host latency: 0.746753 ms (enqueue 0.0147217 ms)
[09/20/2026-21:53:25] [I] Average on 10 runs - GPU latency: 0.689551 ms - Host latency: 0.747729 ms (enqueue 0.0123779 ms)
[09/20/2026-21:53:25] [I] Average on 10 runs - GPU latency: 0.68999 ms - Host latency: 0.749365 ms (enqueue 0.0124268 ms)
[09/20/2026-21:53:25] [I] Average on 10 runs - GPU latency: 0.688525 ms - Host latency: 0.744067 ms (enqueue 0.0115723 ms)
[09/20/2026-21:53:25] [I] Average on 10 runs - GPU latency: 0.689941 ms - Host latency: 0.748828 ms (enqueue 0.0121338 ms)
[09/20/2026-21:53:25] [I] Average on 10 runs - GPU latency: 0.689526 ms - Host latency: 0.749536 ms (enqueue 0.0123047 ms)
[09/20/2026-21:53:25] [I] Average on 10 runs - GPU latency: 0.690503 ms - Host latency: 0.75 ms (enqueue 0.0126709 ms)
[09/20/2026-21:53:25] [I] Average on 10 runs - GPU latency: 0.689502 ms - Host latency: 0.74729 ms (enqueue 0.0119385 ms)
[09/20/2026-21:53:25] [I] Average on 10 runs - GPU latency: 0.690063 ms - Host latency: 0.748071 ms (enqueue 0.0117432 ms)
[09/20/2026-21:53:25] [I] Average on 10 runs - GPU latency: 0.690576 ms - Host latency: 0.752783 ms (enqueue 0.0131104 ms)
[09/20/2026-21:53:25] [I] Average on 10 runs - GPU latency: 0.690381 ms - Host latency: 0.751099 ms (enqueue 0.0124268 ms)
[09/20/2026-21:53:25] [I] Average on 10 runs - GPU latency: 0.689844 ms - Host latency: 0.748706 ms (enqueue 0.0125244 ms)
[09/20/2026-21:53:25] [I] Average on 10 runs - GPU latency: 0.689966 ms - Host latency: 0.74873 ms (enqueue 0.0129395 ms)
[09/20/2026-21:53:25] [I] Average on 10 runs - GPU latency: 0.689233 ms - Host latency: 0.747266 ms (enqueue 0.0119873 ms)
[09/20/2026-21:53:25] [I] Average on 10 runs - GPU latency: 0.689551 ms - Host latency: 0.749121 ms (enqueue 0.0124756 ms)
[09/20/2026-21:53:25] [I] Average on 10 runs - GPU latency: 0.689648 ms - Host latency: 0.748584 ms (enqueue 0.0121826 ms)
[09/20/2026-21:53:25] [I] Average on 10 runs - GPU latency: 0.689844 ms - Host latency: 0.748267 ms (enqueue 0.0123779 ms)
[09/20/2026-21:53:25] [I] Average on 10 runs - GPU latency: 0.69043 ms - Host latency: 0.751904 ms (enqueue 0.0123047 ms)
[09/20/2026-21:53:25] [I] Average on 10 runs - GPU latency: 0.689307 ms - Host latency: 0.749707 ms (enqueue 0.0130615 ms)
[09/20/2026-21:53:25] [I] Average on 10 runs - GPU latency: 0.689087 ms - Host latency: 0.750244 ms (enqueue 0.0124023 ms)
[09/20/2026-21:53:25] [I] Average on 10 runs - GPU latency: 0.689941 ms - Host latency: 0.74978 ms (enqueue 0.0121826 ms)
[09/20/2026-21:53:25] [I] Average on 10 runs - GPU latency: 0.689575 ms - Host latency: 0.746045 ms (enqueue 0.0117676 ms)
[09/20/2026-21:53:25] [I] Average on 10 runs - GPU latency: 0.689209 ms - Host latency: 0.747217 ms (enqueue 0.0117676 ms)
[09/20/2026-21:53:25] [I] Average on 10 runs - GPU latency: 0.688916 ms - Host latency: 0.748706 ms (enqueue 0.0141357 ms)
[09/20/2026-21:53:25] [I] Average on 10 runs - GPU latency: 0.689038 ms - Host latency: 0.746265 ms (enqueue 0.0135498 ms)
[09/20/2026-21:53:25] [I] Average on 10 runs - GPU latency: 0.68938 ms - Host latency: 0.745776 ms (enqueue 0.0118652 ms)
[09/20/2026-21:53:25] [I] Average on 10 runs - GPU latency: 0.689307 ms - Host latency: 0.746631 ms (enqueue 0.0121826 ms)
[09/20/2026-21:53:25] [I] Average on 10 runs - GPU latency: 0.689282 ms - Host latency: 0.747729 ms (enqueue 0.0131348 ms)
[09/20/2026-21:53:25] [I] Average on 10 runs - GPU latency: 0.689331 ms - Host latency: 0.746216 ms (enqueue 0.0122314 ms)
[09/20/2026-21:53:25] [I] Average on 10 runs - GPU latency: 0.690063 ms - Host latency: 0.748071 ms (enqueue 0.0122314 ms)
[09/20/2026-21:53:25] [I] Average on 10 runs - GPU latency: 0.688403 ms - Host latency: 0.742139 ms (enqueue 0.0123047 ms)
[09/20/2026-21:53:25] [I] Average on 10 runs - GPU latency: 0.68855 ms - Host latency: 0.745752 ms (enqueue 0.011792 ms)
[09/20/2026-21:53:25] [I] Average on 10 runs - GPU latency: 0.688208 ms - Host latency: 0.743774 ms (enqueue 0.0115967 ms)
[09/20/2026-21:53:25] [I] Average on 10 runs - GPU latency: 0.689014 ms - Host latency: 0.750806 ms (enqueue 0.0125732 ms)
[09/20/2026-21:53:25] [I] Average on 10 runs - GPU latency: 0.688916 ms - Host latency: 0.744092 ms (enqueue 0.0117188 ms)
[09/20/2026-21:53:25] [I] Average on 10 runs - GPU latency: 0.689258 ms - Host latency: 0.746094 ms (enqueue 0.0118164 ms)
[09/20/2026-21:53:25] [I] Average on 10 runs - GPU latency: 0.688989 ms - Host latency: 0.745142 ms (enqueue 0.0118896 ms)
[09/20/2026-21:53:25] [I] Average on 10 runs - GPU latency: 0.688574 ms - Host latency: 0.745825 ms (enqueue 0.011792 ms)
[09/20/2026-21:53:25] [I] Average on 10 runs - GPU latency: 0.68855 ms - Host latency: 0.743604 ms (enqueue 0.0115967 ms)
[09/20/2026-21:53:25] [I] Average on 10 runs - GPU latency: 0.687573 ms - Host latency: 0.744043 ms (enqueue 0.0119141 ms)
[09/20/2026-21:53:25] [I] Average on 10 runs - GPU latency: 0.688306 ms - Host latency: 0.744702 ms (enqueue 0.0120361 ms)
[09/20/2026-21:53:25] [I] Average on 10 runs - GPU latency: 0.689551 ms - Host latency: 0.747729 ms (enqueue 0.0119141 ms)
[09/20/2026-21:53:25] [I] Average on 10 runs - GPU latency: 0.688403 ms - Host latency: 0.745068 ms (enqueue 0.0126221 ms)
[09/20/2026-21:53:25] [I] Average on 10 runs - GPU latency: 0.6896 ms - Host latency: 0.748657 ms (enqueue 0.0124023 ms)
[09/20/2026-21:53:25] [I] Average on 10 runs - GPU latency: 0.688428 ms - Host latency: 0.743652 ms (enqueue 0.0125488 ms)
[09/20/2026-21:53:25] [I] Average on 10 runs - GPU latency: 0.689258 ms - Host latency: 0.74502 ms (enqueue 0.0122314 ms)
[09/20/2026-21:53:25] [I] Average on 10 runs - GPU latency: 0.688599 ms - Host latency: 0.743115 ms (enqueue 0.0118896 ms)
[09/20/2026-21:53:25] [I] Average on 10 runs - GPU latency: 0.688794 ms - Host latency: 0.744458 ms (enqueue 0.0121094 ms)
[09/20/2026-21:53:25] [I] Average on 10 runs - GPU latency: 0.687964 ms - Host latency: 0.744751 ms (enqueue 0.0125488 ms)
[09/20/2026-21:53:25] [I] Average on 10 runs - GPU latency: 0.689111 ms - Host latency: 0.746265 ms (enqueue 0.0126221 ms)
[09/20/2026-21:53:25] [I] Average on 10 runs - GPU latency: 0.68833 ms - Host latency: 0.743799 ms (enqueue 0.0132568 ms)
[09/20/2026-21:53:25] [I] Average on 10 runs - GPU latency: 0.68833 ms - Host latency: 0.743994 ms (enqueue 0.0132568 ms)
[09/20/2026-21:53:25] [I] Average on 10 runs - GPU latency: 0.689185 ms - Host latency: 0.748096 ms (enqueue 0.0151611 ms)
[09/20/2026-21:53:25] [I] Average on 10 runs - GPU latency: 0.68938 ms - Host latency: 0.746802 ms (enqueue 0.0130371 ms)
[09/20/2026-21:53:25] [I] Average on 10 runs - GPU latency: 0.688721 ms - Host latency: 0.744336 ms (enqueue 0.0134277 ms)
[09/20/2026-21:53:25] [I] Average on 10 runs - GPU latency: 0.689062 ms - Host latency: 0.746509 ms (enqueue 0.0126221 ms)
[09/20/2026-21:53:25] [I] Average on 10 runs - GPU latency: 0.68938 ms - Host latency: 0.747656 ms (enqueue 0.0128662 ms)
[09/20/2026-21:53:25] [I] Average on 10 runs - GPU latency: 0.688989 ms - Host latency: 0.745825 ms (enqueue 0.0129883 ms)
[09/20/2026-21:53:25] [I] Average on 10 runs - GPU latency: 0.689062 ms - Host latency: 0.746191 ms (enqueue 0.0123291 ms)
[09/20/2026-21:53:25] [I] Average on 10 runs - GPU latency: 0.68916 ms - Host latency: 0.746997 ms (enqueue 0.0122559 ms)
[09/20/2026-21:53:25] [I] Average on 10 runs - GPU latency: 0.689209 ms - Host latency: 0.746704 ms (enqueue 0.0131348 ms)
[09/20/2026-21:53:25] [I] Average on 10 runs - GPU latency: 0.690991 ms - Host latency: 0.751318 ms (enqueue 0.0153076 ms)
[09/20/2026-21:53:25] [I] Average on 10 runs - GPU latency: 0.689087 ms - Host latency: 0.747217 ms (enqueue 0.0117676 ms)
[09/20/2026-21:53:25] [I] Average on 10 runs - GPU latency: 0.68877 ms - Host latency: 0.747461 ms (enqueue 0.0121582 ms)
[09/20/2026-21:53:25] [I] Average on 10 runs - GPU latency: 0.688477 ms - Host latency: 0.744678 ms (enqueue 0.0115723 ms)
[09/20/2026-21:53:25] [I] Average on 10 runs - GPU latency: 0.688062 ms - Host latency: 0.744507 ms (enqueue 0.0116943 ms)
[09/20/2026-21:53:25] [I] Average on 10 runs - GPU latency: 0.688672 ms - Host latency: 0.743311 ms (enqueue 0.0114502 ms)
[09/20/2026-21:53:25] [I] Average on 10 runs - GPU latency: 0.688428 ms - Host latency: 0.744897 ms (enqueue 0.0119385 ms)
[09/20/2026-21:53:25] [I] Average on 10 runs - GPU latency: 0.688086 ms - Host latency: 0.743359 ms (enqueue 0.0114258 ms)
[09/20/2026-21:53:25] [I] Average on 10 runs - GPU latency: 0.688232 ms - Host latency: 0.745483 ms (enqueue 0.0117432 ms)
[09/20/2026-21:53:25] [I] Average on 10 runs - GPU latency: 0.688965 ms - Host latency: 0.74873 ms (enqueue 0.0159912 ms)
[09/20/2026-21:53:25] [I] Average on 10 runs - GPU latency: 0.689136 ms - Host latency: 0.747681 ms (enqueue 0.0138184 ms)
[09/20/2026-21:53:25] [I] Average on 10 runs - GPU latency: 0.689355 ms - Host latency: 0.746509 ms (enqueue 0.0121094 ms)
[09/20/2026-21:53:25] [I] Average on 10 runs - GPU latency: 0.688672 ms - Host latency: 0.744482 ms (enqueue 0.0123047 ms)
[09/20/2026-21:53:25] [I] Average on 10 runs - GPU latency: 0.921509 ms - Host latency: 0.982373 ms (enqueue 0.0154785 ms)
[09/20/2026-21:53:25] [I] Average on 10 runs - GPU latency: 0.724121 ms - Host latency: 0.783179 ms (enqueue 0.0126953 ms)
[09/20/2026-21:53:25] [I] Average on 10 runs - GPU latency: 0.690137 ms - Host latency: 0.74707 ms (enqueue 0.0125 ms)
[09/20/2026-21:53:25] [I] Average on 10 runs - GPU latency: 0.68916 ms - Host latency: 0.749414 ms (enqueue 0.0154297 ms)
[09/20/2026-21:53:25] [I] Average on 10 runs - GPU latency: 0.68877 ms - Host latency: 0.748022 ms (enqueue 0.0137451 ms)
[09/20/2026-21:53:25] [I] Average on 10 runs - GPU latency: 0.689575 ms - Host latency: 0.747827 ms (enqueue 0.0122559 ms)
[09/20/2026-21:53:25] [I] Average on 10 runs - GPU latency: 0.689624 ms - Host latency: 0.746045 ms (enqueue 0.0121094 ms)
[09/20/2026-21:53:25] [I] Average on 10 runs - GPU latency: 0.689966 ms - Host latency: 0.747705 ms (enqueue 0.0118408 ms)
[09/20/2026-21:53:25] [I] Average on 10 runs - GPU latency: 0.689331 ms - Host latency: 0.746387 ms (enqueue 0.0128662 ms)
[09/20/2026-21:53:25] [I] Average on 10 runs - GPU latency: 0.689209 ms - Host latency: 0.74646 ms (enqueue 0.0117432 ms)
[09/20/2026-21:53:25] [I] Average on 10 runs - GPU latency: 0.688745 ms - Host latency: 0.745923 ms (enqueue 0.0124268 ms)
[09/20/2026-21:53:25] [I] Average on 10 runs - GPU latency: 0.690112 ms - Host latency: 0.747632 ms (enqueue 0.0115967 ms)
[09/20/2026-21:53:25] [I] Average on 10 runs - GPU latency: 0.689185 ms - Host latency: 0.746875 ms (enqueue 0.0119873 ms)
[09/20/2026-21:53:25] [I] Average on 10 runs - GPU latency: 0.689697 ms - Host latency: 0.748267 ms (enqueue 0.0122314 ms)
[09/20/2026-21:53:25] [I] Average on 10 runs - GPU latency: 0.688623 ms - Host latency: 0.745337 ms (enqueue 0.0123291 ms)
[09/20/2026-21:53:25] [I] Average on 10 runs - GPU latency: 0.689575 ms - Host latency: 0.748315 ms (enqueue 0.0126465 ms)
[09/20/2026-21:53:25] [I] Average on 10 runs - GPU latency: 0.6896 ms - Host latency: 0.749927 ms (enqueue 0.0149902 ms)
[09/20/2026-21:53:25] [I] Average on 10 runs - GPU latency: 0.689111 ms - Host latency: 0.749243 ms (enqueue 0.0148193 ms)
[09/20/2026-21:53:25] [I] Average on 10 runs - GPU latency: 0.688989 ms - Host latency: 0.749512 ms (enqueue 0.015918 ms)
[09/20/2026-21:53:25] [I] Average on 10 runs - GPU latency: 0.688184 ms - Host latency: 0.750879 ms (enqueue 0.0193359 ms)
[09/20/2026-21:53:25] [I] Average on 10 runs - GPU latency: 0.689771 ms - Host latency: 0.751465 ms (enqueue 0.0130615 ms)
[09/20/2026-21:53:25] [I] Average on 10 runs - GPU latency: 0.689478 ms - Host latency: 0.746118 ms (enqueue 0.011792 ms)
[09/20/2026-21:53:25] [I] Average on 10 runs - GPU latency: 0.68855 ms - Host latency: 0.744897 ms (enqueue 0.0114258 ms)
[09/20/2026-21:53:25] [I] Average on 10 runs - GPU latency: 0.689746 ms - Host latency: 0.746558 ms (enqueue 0.0116699 ms)
[09/20/2026-21:53:25] [I] Average on 10 runs - GPU latency: 0.688965 ms - Host latency: 0.744775 ms (enqueue 0.0115234 ms)
[09/20/2026-21:53:25] [I] Average on 10 runs - GPU latency: 0.688135 ms - Host latency: 0.743066 ms (enqueue 0.0119873 ms)
[09/20/2026-21:53:25] [I] Average on 10 runs - GPU latency: 0.688379 ms - Host latency: 0.744189 ms (enqueue 0.0121094 ms)
[09/20/2026-21:53:25] [I] Average on 10 runs - GPU latency: 0.688062 ms - Host latency: 0.742871 ms (enqueue 0.0118164 ms)
[09/20/2026-21:53:25] [I] Average on 10 runs - GPU latency: 0.68855 ms - Host latency: 0.744775 ms (enqueue 0.0114502 ms)
[09/20/2026-21:53:25] [I] Average on 10 runs - GPU latency: 0.68894 ms - Host latency: 0.744458 ms (enqueue 0.0116943 ms)
[09/20/2026-21:53:25] [I] Average on 10 runs - GPU latency: 0.688354 ms - Host latency: 0.744067 ms (enqueue 0.0118408 ms)
[09/20/2026-21:53:25] [I] Average on 10 runs - GPU latency: 0.689258 ms - Host latency: 0.745532 ms (enqueue 0.0119629 ms)
[09/20/2026-21:53:25] [I] Average on 10 runs - GPU latency: 0.69021 ms - Host latency: 0.749414 ms (enqueue 0.0134277 ms)
[09/20/2026-21:53:25] [I] Average on 10 runs - GPU latency: 0.689868 ms - Host latency: 0.745801 ms (enqueue 0.0123291 ms)
[09/20/2026-21:53:25] [I] Average on 10 runs - GPU latency: 0.689258 ms - Host latency: 0.746338 ms (enqueue 0.0142822 ms)
[09/20/2026-21:53:25] [I] Average on 10 runs - GPU latency: 0.689087 ms - Host latency: 0.745313 ms (enqueue 0.0116699 ms)
[09/20/2026-21:53:25] [I] Average on 10 runs - GPU latency: 0.688232 ms - Host latency: 0.74436 ms (enqueue 0.0117188 ms)
[09/20/2026-21:53:25] [I] Average on 10 runs - GPU latency: 0.68916 ms - Host latency: 0.751758 ms (enqueue 0.0149902 ms)
[09/20/2026-21:53:25] [I] Average on 10 runs - GPU latency: 0.6896 ms - Host latency: 0.74895 ms (enqueue 0.0130127 ms)
[09/20/2026-21:53:25] [I] Average on 10 runs - GPU latency: 0.689771 ms - Host latency: 0.749487 ms (enqueue 0.0123779 ms)
[09/20/2026-21:53:25] [I] Average on 10 runs - GPU latency: 0.68916 ms - Host latency: 0.745996 ms (enqueue 0.0118652 ms)
[09/20/2026-21:53:25] [I] Average on 10 runs - GPU latency: 0.688916 ms - Host latency: 0.747168 ms (enqueue 0.0115967 ms)
[09/20/2026-21:53:25] [I] Average on 10 runs - GPU latency: 0.688672 ms - Host latency: 0.745142 ms (enqueue 0.0116699 ms)
[09/20/2026-21:53:25] [I] Average on 10 runs - GPU latency: 0.689502 ms - Host latency: 0.747266 ms (enqueue 0.0124512 ms)
[09/20/2026-21:53:25] [I] Average on 10 runs - GPU latency: 0.689478 ms - Host latency: 0.746655 ms (enqueue 0.0118408 ms)
[09/20/2026-21:53:25] [I] Average on 10 runs - GPU latency: 0.690356 ms - Host latency: 0.749902 ms (enqueue 0.0122803 ms)
[09/20/2026-21:53:25] [I] Average on 10 runs - GPU latency: 0.690234 ms - Host latency: 0.750977 ms (enqueue 0.0146729 ms)
[09/20/2026-21:53:25] [I] Average on 10 runs - GPU latency: 0.689868 ms - Host latency: 0.749414 ms (enqueue 0.0133301 ms)
[09/20/2026-21:53:25] [I] Average on 10 runs - GPU latency: 0.689551 ms - Host latency: 0.748682 ms (enqueue 0.0118652 ms)
[09/20/2026-21:53:25] [I] Average on 10 runs - GPU latency: 0.689136 ms - Host latency: 0.746826 ms (enqueue 0.0118896 ms)
[09/20/2026-21:53:25] [I] Average on 10 runs - GPU latency: 0.689185 ms - Host latency: 0.745825 ms (enqueue 0.012207 ms)
[09/20/2026-21:53:25] [I] Average on 10 runs - GPU latency: 0.68999 ms - Host latency: 0.748877 ms (enqueue 0.0131592 ms)
[09/20/2026-21:53:25] [I] Average on 10 runs - GPU latency: 0.689893 ms - Host latency: 0.747778 ms (enqueue 0.0149414 ms)
[09/20/2026-21:53:25] [I] Average on 10 runs - GPU latency: 0.690088 ms - Host latency: 0.74873 ms (enqueue 0.0138184 ms)
[09/20/2026-21:53:25] [I] Average on 10 runs - GPU latency: 0.689062 ms - Host latency: 0.748657 ms (enqueue 0.0136475 ms)
[09/20/2026-21:53:25] [I] Average on 10 runs - GPU latency: 0.689062 ms - Host latency: 0.746704 ms (enqueue 0.0135254 ms)
[09/20/2026-21:53:25] [I] Average on 10 runs - GPU latency: 0.689258 ms - Host latency: 0.747217 ms (enqueue 0.0150146 ms)
[09/20/2026-21:53:25] [I] Average on 10 runs - GPU latency: 0.689893 ms - Host latency: 0.748389 ms (enqueue 0.0122803 ms)
[09/20/2026-21:53:25] [I] Average on 10 runs - GPU latency: 0.689771 ms - Host latency: 0.748169 ms (enqueue 0.0135254 ms)
[09/20/2026-21:53:25] [I] Average on 10 runs - GPU latency: 0.689111 ms - Host latency: 0.746118 ms (enqueue 0.0118896 ms)
[09/20/2026-21:53:25] [I] Average on 10 runs - GPU latency: 0.689795 ms - Host latency: 0.748413 ms (enqueue 0.0141602 ms)
[09/20/2026-21:53:25] [I] Average on 10 runs - GPU latency: 0.689575 ms - Host latency: 0.749341 ms (enqueue 0.0139893 ms)
[09/20/2026-21:53:25] [I] ... Omitting 168702 lines
[09/20/2026-21:53:25] [I] Average on 10 runs - GPU latency: 0.736719 ms - Host latency: 0.795313 ms (enqueue 0.0148437 ms)
[09/20/2026-21:53:25] [I] Average on 10 runs - GPU latency: 0.690625 ms - Host latency: 0.748438 ms (enqueue 0.0164062 ms)
[09/20/2026-21:53:25] [I] Average on 10 runs - GPU latency: 0.691406 ms - Host latency: 0.75 ms (enqueue 0.0132813 ms)
[09/20/2026-21:53:25] [I] Average on 10 runs - GPU latency: 0.692187 ms - Host latency: 0.750781 ms (enqueue 0.0125 ms)
[09/20/2026-21:53:25] [I] Average on 10 runs - GPU latency: 0.688281 ms - Host latency: 0.746094 ms (enqueue 0.0148437 ms)
[09/20/2026-21:53:25] [I] Average on 10 runs - GPU latency: 0.690625 ms - Host latency: 0.748438 ms (enqueue 0.0148437 ms)
[09/20/2026-21:53:25] [I] Average on 10 runs - GPU latency: 0.689844 ms - Host latency: 0.747656 ms (enqueue 0.0140625 ms)
[09/20/2026-21:53:25] [I] Average on 10 runs - GPU latency: 0.689062 ms - Host latency: 0.745313 ms (enqueue 0.0132813 ms)
[09/20/2026-21:53:25] [I] Average on 10 runs - GPU latency: 0.690625 ms - Host latency: 0.746094 ms (enqueue 0.0148437 ms)
[09/20/2026-21:53:25] [I] Average on 10 runs - GPU latency: 0.691406 ms - Host latency: 0.746875 ms (enqueue 0.0132813 ms)
[09/20/2026-21:53:25] [I] Average on 10 runs - GPU latency: 0.691406 ms - Host latency: 0.751562 ms (enqueue 0.0140625 ms)
[09/20/2026-21:53:25] [I] Average on 10 runs - GPU latency: 0.690625 ms - Host latency: 0.746094 ms (enqueue 0.0140625 ms)
[09/20/2026-21:53:25] [I] Average on 10 runs - GPU latency: 0.691406 ms - Host latency: 0.75625 ms (enqueue 0.0179687 ms)
[09/20/2026-21:53:25] [I] Average on 10 runs - GPU latency: 0.689062 ms - Host latency: 0.751562 ms (enqueue 0.0148437 ms)
[09/20/2026-21:53:25] [I] Average on 10 runs - GPU latency: 0.689062 ms - Host latency: 0.746875 ms (enqueue 0.0109375 ms)
[09/20/2026-21:53:25] [I] Average on 10 runs - GPU latency: 0.690625 ms - Host latency: 0.747656 ms (enqueue 0.0171875 ms)
[09/20/2026-21:53:25] [I] Average on 10 runs - GPU latency: 0.689844 ms - Host latency: 0.748438 ms (enqueue 0.0132813 ms)
[09/20/2026-21:53:25] [I] Average on 10 runs - GPU latency: 0.688281 ms - Host latency: 0.748438 ms (enqueue 0.0226563 ms)
[09/20/2026-21:53:25] [I] Average on 10 runs - GPU latency: 0.689062 ms - Host latency: 0.744531 ms (enqueue 0.0132813 ms)
[09/20/2026-21:53:25] [I] Average on 10 runs - GPU latency: 0.689844 ms - Host latency: 0.744531 ms (enqueue 0.0101562 ms)
[09/20/2026-21:53:25] [I] Average on 10 runs - GPU latency: 0.690625 ms - Host latency: 0.746875 ms (enqueue 0.0109375 ms)
[09/20/2026-21:53:25] [I] Average on 10 runs - GPU latency: 0.689844 ms - Host latency: 0.74375 ms (enqueue 0.0125 ms)
[09/20/2026-21:53:25] [I] Average on 10 runs - GPU latency: 0.690625 ms - Host latency: 0.745313 ms (enqueue 0.0109375 ms)
[09/20/2026-21:53:25] [I] Average on 10 runs - GPU latency: 0.689062 ms - Host latency: 0.746094 ms (enqueue 0.0109375 ms)
[09/20/2026-21:53:25] [I] Average on 10 runs - GPU latency: 0.689844 ms - Host latency: 0.742969 ms (enqueue 0.0109375 ms)
[09/20/2026-21:53:25] [I] Average on 10 runs - GPU latency: 0.689844 ms - Host latency: 0.746875 ms (enqueue 0.0132813 ms)
[09/20/2026-21:53:25] [I] Average on 10 runs - GPU latency: 0.688281 ms - Host latency: 0.74375 ms (enqueue 0.0109375 ms)
[09/20/2026-21:53:25] [I] Average on 10 runs - GPU latency: 0.690625 ms - Host latency: 0.75 ms (enqueue 0.0117188 ms)
[09/20/2026-21:53:25] [I] Average on 10 runs - GPU latency: 0.691406 ms - Host latency: 0.754687 ms (enqueue 0.0132813 ms)
[09/20/2026-21:53:25] [I] Average on 10 runs - GPU latency: 0.690625 ms - Host latency: 0.749219 ms (enqueue 0.015625 ms)
[09/20/2026-21:53:25] [I] Average on 10 runs - GPU latency: 0.689844 ms - Host latency: 0.747656 ms (enqueue 0.0148437 ms)
[09/20/2026-21:53:25] [I] Average on 10 runs - GPU latency: 0.689844 ms - Host latency: 0.747656 ms (enqueue 0.0164062 ms)
[09/20/2026-21:53:25] [I] Average on 10 runs - GPU latency: 0.692187 ms - Host latency: 0.746875 ms (enqueue 0.015625 ms)
[09/20/2026-21:53:25] [I] Average on 10 runs - GPU latency: 0.690625 ms - Host latency: 0.749219 ms (enqueue 0.0148437 ms)
[09/20/2026-21:53:25] [I] Average on 10 runs - GPU latency: 0.690625 ms - Host latency: 0.749219 ms (enqueue 0.0125 ms)
[09/20/2026-21:53:25] [I] Average on 10 runs - GPU latency: 0.689844 ms - Host latency: 0.749219 ms (enqueue 0.015625 ms)
[09/20/2026-21:53:25] [I] Average on 10 runs - GPU latency: 0.692187 ms - Host latency: 0.747656 ms (enqueue 0.0148437 ms)
[09/20/2026-21:53:25] [I] Average on 10 runs - GPU latency: 0.689062 ms - Host latency: 0.746875 ms (enqueue 0.0148437 ms)
[09/20/2026-21:53:25] [I] Average on 10 runs - GPU latency: 0.688281 ms - Host latency: 0.740625 ms (enqueue 0.0132813 ms)
[09/20/2026-21:53:25] [I] Average on 10 runs - GPU latency: 0.691406 ms - Host latency: 0.746875 ms (enqueue 0.0132813 ms)
[09/20/2026-21:53:25] [I] Average on 10 runs - GPU latency: 0.690625 ms - Host latency: 0.746094 ms (enqueue 0.0148437 ms)
[09/20/2026-21:53:25] [I] Average on 10 runs - GPU latency: 0.689844 ms - Host latency: 0.746875 ms (enqueue 0.0148437 ms)
[09/20/2026-21:53:25] [I] Average on 10 runs - GPU latency: 0.690625 ms - Host latency: 0.746875 ms (enqueue 0.0140625 ms)
[09/20/2026-21:53:25] [I] Average on 10 runs - GPU latency: 0.689062 ms - Host latency: 0.746094 ms (enqueue 0.0148437 ms)
[09/20/2026-21:53:25] [I] Average on 10 runs - GPU latency: 0.689844 ms - Host latency: 0.746875 ms (enqueue 0.0148437 ms)
[09/20/2026-21:53:25] [I] Average on 10 runs - GPU latency: 0.691406 ms - Host latency: 0.75 ms (enqueue 0.0148437 ms)
[09/20/2026-21:53:25] [I] Average on 10 runs - GPU latency: 0.692969 ms - Host latency: 0.753906 ms (enqueue 0.0140625 ms)
[09/20/2026-21:53:25] [I] Average on 10 runs - GPU latency: 0.69375 ms - Host latency: 0.752344 ms (enqueue 0.0140625 ms)
[09/20/2026-21:53:25] [I] Average on 10 runs - GPU latency: 0.691406 ms - Host latency: 0.746094 ms (enqueue 0.0125 ms)
[09/20/2026-21:53:25] [I] Average on 10 runs - GPU latency: 0.691406 ms - Host latency: 0.748438 ms (enqueue 0.0117188 ms)
[09/20/2026-21:53:25] [I] Average on 10 runs - GPU latency: 0.690625 ms - Host latency: 0.742969 ms (enqueue 0.00859375 ms)
[09/20/2026-21:53:25] [I] Average on 10 runs - GPU latency: 0.690625 ms - Host latency: 0.75 ms (enqueue 0.0132813 ms)
[09/20/2026-21:53:25] [I] Average on 10 runs - GPU latency: 0.690625 ms - Host latency: 0.750781 ms (enqueue 0.0140625 ms)
[09/20/2026-21:53:25] [I] Average on 10 runs - GPU latency: 0.690625 ms - Host latency: 0.749219 ms (enqueue 0.015625 ms)
[09/20/2026-21:53:25] [I] Average on 10 runs - GPU latency: 0.689062 ms - Host latency: 0.747656 ms (enqueue 0.0132813 ms)
[09/20/2026-21:53:25] [I] Average on 10 runs - GPU latency: 0.689844 ms - Host latency: 0.746094 ms (enqueue 0.0125 ms)
[09/20/2026-21:53:25] [I] Average on 10 runs - GPU latency: 0.689062 ms - Host latency: 0.746875 ms (enqueue 0.0109375 ms)
[09/20/2026-21:53:25] [I] Average on 10 runs - GPU latency: 0.690625 ms - Host latency: 0.749219 ms (enqueue 0.0117188 ms)
[09/20/2026-21:53:25] [I] Average on 10 runs - GPU latency: 0.689062 ms - Host latency: 0.747656 ms (enqueue 0.0148437 ms)
[09/20/2026-21:53:25] [I] Average on 10 runs - GPU latency: 0.688281 ms - Host latency: 0.745313 ms (enqueue 0.0132813 ms)
[09/20/2026-21:53:25] [I] Average on 10 runs - GPU latency: 0.689844 ms - Host latency: 0.746094 ms (enqueue 0.0140625 ms)
[09/20/2026-21:53:25] [I] Average on 10 runs - GPU latency: 0.688281 ms - Host latency: 0.745313 ms (enqueue 0.015625 ms)
[09/20/2026-21:53:25] [I] Average on 10 runs - GPU latency: 0.689844 ms - Host latency: 0.746875 ms (enqueue 0.0171875 ms)
[09/20/2026-21:53:25] [I] Average on 10 runs - GPU latency: 0.689844 ms - Host latency: 0.745313 ms (enqueue 0.0148437 ms)
[09/20/2026-21:53:25] [I] Average on 10 runs - GPU latency: 0.690625 ms - Host latency: 0.74375 ms (enqueue 0.015625 ms)
[09/20/2026-21:53:25] [I] Average on 10 runs - GPU latency: 0.690625 ms - Host latency: 0.750781 ms (enqueue 0.0140625 ms)
[09/20/2026-21:53:25] [I] Average on 10 runs - GPU latency: 0.690625 ms - Host latency: 0.746094 ms (enqueue 0.0148437 ms)
[09/20/2026-21:53:25] [I] Average on 10 runs - GPU latency: 0.689844 ms - Host latency: 0.745313 ms (enqueue 0.0125 ms)
[09/20/2026-21:53:25] [I] Average on 10 runs - GPU latency: 0.691406 ms - Host latency: 0.746094 ms (enqueue 0.0148437 ms)
[09/20/2026-21:53:25] [I] Average on 10 runs - GPU latency: 0.689844 ms - Host latency: 0.746875 ms (enqueue 0.0140625 ms)
[09/20/2026-21:53:25] [I] Average on 10 runs - GPU latency: 0.689844 ms - Host latency: 0.746094 ms (enqueue 0.0140625 ms)
[09/20/2026-21:53:25] [I] Average on 10 runs - GPU latency: 0.689844 ms - Host latency: 0.747656 ms (enqueue 0.0101562 ms)
[09/20/2026-21:53:25] [I] Average on 10 runs - GPU latency: 0.690625 ms - Host latency: 0.745313 ms (enqueue 0.0125 ms)
[09/20/2026-21:53:25] [I] Average on 10 runs - GPU latency: 0.690625 ms - Host latency: 0.745313 ms (enqueue 0.0132813 ms)
[09/20/2026-21:53:25] [I] Average on 10 runs - GPU latency: 0.689844 ms - Host latency: 0.746094 ms (enqueue 0.0132813 ms)
[09/20/2026-21:53:25] [I] Average on 10 runs - GPU latency: 0.689844 ms - Host latency: 0.746094 ms (enqueue 0.0148437 ms)
[09/20/2026-21:53:25] [I] Average on 10 runs - GPU latency: 0.689844 ms - Host latency: 0.746094 ms (enqueue 0.0109375 ms)
[09/20/2026-21:53:25] [I] Average on 10 runs - GPU latency: 0.690625 ms - Host latency: 0.749219 ms (enqueue 0.0117188 ms)
[09/20/2026-21:53:25] [I] Average on 10 runs - GPU latency: 0.691406 ms - Host latency: 0.75 ms (enqueue 0.0109375 ms)
[09/20/2026-21:53:25] [I] Average on 10 runs - GPU latency: 0.690625 ms - Host latency: 0.746094 ms (enqueue 0.0125 ms)
[09/20/2026-21:53:25] [I] Average on 10 runs - GPU latency: 0.691406 ms - Host latency: 0.749219 ms (enqueue 0.0117188 ms)
[09/20/2026-21:53:25] [I] Average on 10 runs - GPU latency: 0.690625 ms - Host latency: 0.75 ms (enqueue 0.0125 ms)
[09/20/2026-21:53:25] [I] Average on 10 runs - GPU latency: 0.689062 ms - Host latency: 0.746875 ms (enqueue 0.0203125 ms)
[09/20/2026-21:53:25] [I] Average on 10 runs - GPU latency: 0.690625 ms - Host latency: 0.751562 ms (enqueue 0.0101562 ms)
[09/20/2026-21:53:25] [I] Average on 10 runs - GPU latency: 0.689062 ms - Host latency: 0.744531 ms (enqueue 0.0101562 ms)
[09/20/2026-21:53:25] [I] Average on 10 runs - GPU latency: 0.938281 ms - Host latency: 0.999219 ms (enqueue 0.0140625 ms)
[09/20/2026-21:53:25] [I] Average on 10 runs - GPU latency: 0.734375 ms - Host latency: 0.791406 ms (enqueue 0.0171875 ms)
[09/20/2026-21:53:25] [I] Average on 10 runs - GPU latency: 0.692187 ms - Host latency: 0.749219 ms (enqueue 0.0140625 ms)
[09/20/2026-21:53:25] [I] Average on 10 runs - GPU latency: 0.689062 ms - Host latency: 0.742969 ms (enqueue 0.0140625 ms)
[09/20/2026-21:53:25] [I] Average on 10 runs - GPU latency: 0.689062 ms - Host latency: 0.74375 ms (enqueue 0.0101562 ms)
[09/20/2026-21:53:25] [I] Average on 10 runs - GPU latency: 0.689844 ms - Host latency: 0.749219 ms (enqueue 0.0132813 ms)
[09/20/2026-21:53:25] [I] Average on 10 runs - GPU latency: 0.690625 ms - Host latency: 0.746094 ms (enqueue 0.0109375 ms)
[09/20/2026-21:53:25] [I] Average on 10 runs - GPU latency: 0.689844 ms - Host latency: 0.744531 ms (enqueue 0.0125 ms)
[09/20/2026-21:53:25] [I] Average on 10 runs - GPU latency: 0.690625 ms - Host latency: 0.746875 ms (enqueue 0.0101562 ms)
[09/20/2026-21:53:25] [I] Average on 10 runs - GPU latency: 0.689062 ms - Host latency: 0.746094 ms (enqueue 0.0101562 ms)
[09/20/2026-21:53:25] [I] Average on 10 runs - GPU latency: 0.689844 ms - Host latency: 0.744531 ms (enqueue 0.009375 ms)
[09/20/2026-21:53:25] [I] Average on 10 runs - GPU latency: 0.689062 ms - Host latency: 0.745313 ms (enqueue 0.0117188 ms)
[09/20/2026-21:53:25] [I] Average on 10 runs - GPU latency: 0.690625 ms - Host latency: 0.745313 ms (enqueue 0.0101562 ms)
[09/20/2026-21:53:25] [I] Average on 10 runs - GPU latency: 0.691406 ms - Host latency: 0.752344 ms (enqueue 0.00859375 ms)
[09/20/2026-21:53:25] [I] Average on 10 runs - GPU latency: 0.690625 ms - Host latency: 0.749219 ms (enqueue 0.0125 ms)
[09/20/2026-21:53:25] [I] Average on 10 runs - GPU latency: 0.690625 ms - Host latency: 0.747656 ms (enqueue 0.0132813 ms)
[09/20/2026-21:53:25] [I] Average on 10 runs - GPU latency: 0.690625 ms - Host latency: 0.746094 ms (enqueue 0.0125 ms)
[09/20/2026-21:53:25] [I] Average on 10 runs - GPU latency: 0.690625 ms - Host latency: 0.74375 ms (enqueue 0.0125 ms)
[09/20/2026-21:53:25] [I] Average on 10 runs - GPU latency: 0.689844 ms - Host latency: 0.747656 ms (enqueue 0.0140625 ms)
[09/20/2026-21:53:25] [I] Average on 10 runs - GPU latency: 0.691406 ms - Host latency: 0.750781 ms (enqueue 0.0140625 ms)
[09/20/2026-21:53:25] [I] Average on 10 runs - GPU latency: 0.691406 ms - Host latency: 0.749219 ms (enqueue 0.0109375 ms)
[09/20/2026-21:53:25] [I] Average on 10 runs - GPU latency: 0.690625 ms - Host latency: 0.746094 ms (enqueue 0.009375 ms)
[09/20/2026-21:53:25] [I] Average on 10 runs - GPU latency: 0.691406 ms - Host latency: 0.747656 ms (enqueue 0.0125 ms)
[09/20/2026-21:53:25] [I] Average on 10 runs - GPU latency: 0.690625 ms - Host latency: 0.747656 ms (enqueue 0.0117188 ms)
[09/20/2026-21:53:25] [I] Average on 10 runs - GPU latency: 0.690625 ms - Host latency: 0.745313 ms (enqueue 0.0148437 ms)
[09/20/2026-21:53:25] [I] Average on 10 runs - GPU latency: 0.690625 ms - Host latency: 0.747656 ms (enqueue 0.0117188 ms)
[09/20/2026-21:53:25] [I] Average on 10 runs - GPU latency: 0.691406 ms - Host latency: 0.748438 ms (enqueue 0.015625 ms)
[09/20/2026-21:53:25] [I] Average on 10 runs - GPU latency: 0.689844 ms - Host latency: 0.746094 ms (enqueue 0.015625 ms)
[09/20/2026-21:53:25] [I] Average on 10 runs - GPU latency: 0.691406 ms - Host latency: 0.747656 ms (enqueue 0.0109375 ms)
[09/20/2026-21:53:25] [I] Average on 10 runs - GPU latency: 0.688281 ms - Host latency: 0.745313 ms (enqueue 0.0125 ms)
[09/20/2026-21:53:25] [I] Average on 10 runs - GPU latency: 0.688281 ms - Host latency: 0.742969 ms (enqueue 0.0109375 ms)
[09/20/2026-21:53:25] [I] Average on 10 runs - GPU latency: 0.689844 ms - Host latency: 0.746094 ms (enqueue 0.0117188 ms)
[09/20/2026-21:53:25] [I] Average on 10 runs - GPU latency: 0.689844 ms - Host latency: 0.746875 ms (enqueue 0.0140625 ms)
[09/20/2026-21:53:25] [I] Average on 10 runs - GPU latency: 0.688281 ms - Host latency: 0.744531 ms (enqueue 0.0101562 ms)
[09/20/2026-21:53:25] [I] Average on 10 runs - GPU latency: 0.689062 ms - Host latency: 0.746094 ms (enqueue 0.0101562 ms)
[09/20/2026-21:53:25] [I] Average on 10 runs - GPU latency: 0.690625 ms - Host latency: 0.746875 ms (enqueue 0.0132813 ms)
[09/20/2026-21:53:25] [I] Average on 10 runs - GPU latency: 0.691406 ms - Host latency: 0.747656 ms (enqueue 0.0109375 ms)
[09/20/2026-21:53:25] [I] Average on 10 runs - GPU latency: 0.689062 ms - Host latency: 0.745313 ms (enqueue 0.0109375 ms)
[09/20/2026-21:53:25] [I] Average on 10 runs - GPU latency: 0.691406 ms - Host latency: 0.747656 ms (enqueue 0.0117188 ms)
[09/20/2026-21:53:25] [I] Average on 10 runs - GPU latency: 0.689062 ms - Host latency: 0.744531 ms (enqueue 0.0101562 ms)
[09/20/2026-21:53:25] [I] Average on 10 runs - GPU latency: 0.692969 ms - Host latency: 0.754687 ms (enqueue 0.0164062 ms)
[09/20/2026-21:53:25] [I] Average on 10 runs - GPU latency: 1.17188 ms - Host latency: 1.23281 ms (enqueue 0.01875 ms)
[09/20/2026-21:53:25] [I] Average on 10 runs - GPU latency: 0.690625 ms - Host latency: 0.747656 ms (enqueue 0.0109375 ms)
[09/20/2026-21:53:25] [I] Average on 10 runs - GPU latency: 0.729688 ms - Host latency: 0.786719 ms (enqueue 0.0117188 ms)
[09/20/2026-21:53:25] [I] Average on 10 runs - GPU latency: 0.689062 ms - Host latency: 0.745313 ms (enqueue 0.0117188 ms)
[09/20/2026-21:53:25] [I] Average on 10 runs - GPU latency: 0.690625 ms - Host latency: 0.746875 ms (enqueue 0.0140625 ms)
[09/20/2026-21:53:25] [I] Average on 10 runs - GPU latency: 0.692187 ms - Host latency: 0.747656 ms (enqueue 0.0117188 ms)
[09/20/2026-21:53:25] [I] Average on 10 runs - GPU latency: 0.689062 ms - Host latency: 0.74375 ms (enqueue 0.0125 ms)
[09/20/2026-21:53:25] [I] Average on 10 runs - GPU latency: 0.690625 ms - Host latency: 0.744531 ms (enqueue 0.0109375 ms)
[09/20/2026-21:53:25] [I] Average on 10 runs - GPU latency: 0.690625 ms - Host latency: 0.747656 ms (enqueue 0.009375 ms)
[09/20/2026-21:53:25] [I] Average on 10 runs - GPU latency: 0.690625 ms - Host latency: 0.747656 ms (enqueue 0.0148437 ms)
[09/20/2026-21:53:25] [I] Average on 10 runs - GPU latency: 0.692969 ms - Host latency: 0.750781 ms (enqueue 0.0179687 ms)
[09/20/2026-21:53:25] [I] Average on 10 runs - GPU latency: 0.691406 ms - Host latency: 0.749219 ms (enqueue 0.0125 ms)
[09/20/2026-21:53:25] [I] Average on 10 runs - GPU latency: 0.691406 ms - Host latency: 0.75 ms (enqueue 0.0117188 ms)
[09/20/2026-21:53:25] [I] Average on 10 runs - GPU latency: 0.689844 ms - Host latency: 0.75 ms (enqueue 0.0132813 ms)
[09/20/2026-21:53:25] [I] Average on 10 runs - GPU latency: 0.691406 ms - Host latency: 0.748438 ms (enqueue 0.0125 ms)
[09/20/2026-21:53:25] [I] Average on 10 runs - GPU latency: 0.691406 ms - Host latency: 0.747656 ms (enqueue 0.0132813 ms)
[09/20/2026-21:53:25] [I] Average on 10 runs - GPU latency: 0.690625 ms - Host latency: 0.746094 ms (enqueue 0.009375 ms)
[09/20/2026-21:53:25] [I] Average on 10 runs - GPU latency: 0.691406 ms - Host latency: 0.753125 ms (enqueue 0.0117188 ms)
[09/20/2026-21:53:25] [I] Average on 10 runs - GPU latency: 0.691406 ms - Host latency: 0.750781 ms (enqueue 0.0132813 ms)
[09/20/2026-21:53:25] [I] Average on 10 runs - GPU latency: 0.690625 ms - Host latency: 0.748438 ms (enqueue 0.0117188 ms)
[09/20/2026-21:53:25] [I] Average on 10 runs - GPU latency: 0.690625 ms - Host latency: 0.751562 ms (enqueue 0.0117188 ms)
[09/20/2026-21:53:25] [I] Average on 10 runs - GPU latency: 0.692187 ms - Host latency: 0.752344 ms (enqueue 0.0132813 ms)
[09/20/2026-21:53:25] [I] Average on 10 runs - GPU latency: 0.690625 ms - Host latency: 0.749219 ms (enqueue 0.0125 ms)
[09/20/2026-21:53:25] [I] Average on 10 runs - GPU latency: 0.690625 ms - Host latency: 0.746875 ms (enqueue 0.0117188 ms)
[09/20/2026-21:53:25] [I] Average on 10 runs - GPU latency: 0.692187 ms - Host latency: 0.751562 ms (enqueue 0.0148437 ms)
[09/20/2026-21:53:25] [I] Average on 10 runs - GPU latency: 0.690625 ms - Host latency: 0.752344 ms (enqueue 0.0109375 ms)
[09/20/2026-21:53:25] [I] Average on 10 runs - GPU latency: 0.691406 ms - Host latency: 0.749219 ms (enqueue 0.0164062 ms)
[09/20/2026-21:53:25] [I] Average on 10 runs - GPU latency: 0.690625 ms - Host latency: 0.748438 ms (enqueue 0.0164062 ms)
[09/20/2026-21:53:25] [I] Average on 10 runs - GPU latency: 0.689844 ms - Host latency: 0.744531 ms (enqueue 0.0140625 ms)
[09/20/2026-21:53:25] [I] Average on 10 runs - GPU latency: 0.690625 ms - Host latency: 0.745313 ms (enqueue 0.0148437 ms)
[09/20/2026-21:53:25] [I] Average on 10 runs - GPU latency: 0.691406 ms - Host latency: 0.748438 ms (enqueue 0.0140625 ms)
[09/20/2026-21:53:25] [I] Average on 10 runs - GPU latency: 0.689844 ms - Host latency: 0.742969 ms (enqueue 0.0148437 ms)
[09/20/2026-21:53:25] [I] Average on 10 runs - GPU latency: 0.688281 ms - Host latency: 0.742969 ms (enqueue 0.0109375 ms)
[09/20/2026-21:53:25] [I] Average on 10 runs - GPU latency: 0.692187 ms - Host latency: 0.753906 ms (enqueue 0.0117188 ms)
[09/20/2026-21:53:25] [I] Average on 10 runs - GPU latency: 0.692187 ms - Host latency: 0.752344 ms (enqueue 0.0125 ms)
[09/20/2026-21:53:25] [I] Average on 10 runs - GPU latency: 0.690625 ms - Host latency: 0.748438 ms (enqueue 0.0125 ms)
[09/20/2026-21:53:25] [I] Average on 10 runs - GPU latency: 0.689844 ms - Host latency: 0.75 ms (enqueue 0.0148437 ms)
[09/20/2026-21:53:25] [I] Average on 10 runs - GPU latency: 0.691406 ms - Host latency: 0.746094 ms (enqueue 0.0140625 ms)
[09/20/2026-21:53:25] [I] Average on 10 runs - GPU latency: 0.690625 ms - Host latency: 0.749219 ms (enqueue 0.0117188 ms)
[09/20/2026-21:53:25] [I] Average on 10 runs - GPU latency: 0.690625 ms - Host latency: 0.749219 ms (enqueue 0.0132813 ms)
[09/20/2026-21:53:25] [I] Average on 10 runs - GPU latency: 0.691406 ms - Host latency: 0.748438 ms (enqueue 0.0132813 ms)
[09/20/2026-21:53:25] [I] Average on 10 runs - GPU latency: 0.689844 ms - Host latency: 0.746875 ms (enqueue 0.009375 ms)
[09/20/2026-21:53:25] [I] Average on 10 runs - GPU latency: 0.692187 ms - Host latency: 0.75 ms (enqueue 0.0101562 ms)
[09/20/2026-21:53:25] [I] Average on 10 runs - GPU latency: 0.691406 ms - Host latency: 0.749219 ms (enqueue 0.0132813 ms)
[09/20/2026-21:53:25] [I] Average on 10 runs - GPU latency: 0.689844 ms - Host latency: 0.748438 ms (enqueue 0.0125 ms)
[09/20/2026-21:53:25] [I] Average on 10 runs - GPU latency: 0.774219 ms - Host latency: 0.8375 ms (enqueue 0.0140625 ms)
[09/20/2026-21:53:25] [I] Average on 10 runs - GPU latency: 0.91875 ms - Host latency: 0.978125 ms (enqueue 0.0109375 ms)
[09/20/2026-21:53:25] [I] Average on 10 runs - GPU latency: 0.688281 ms - Host latency: 0.745313 ms (enqueue 0.0125 ms)
[09/20/2026-21:53:25] [I] Average on 10 runs - GPU latency: 0.690625 ms - Host latency: 0.747656 ms (enqueue 0.0101562 ms)
[09/20/2026-21:53:25] [I] Average on 10 runs - GPU latency: 0.689062 ms - Host latency: 0.742188 ms (enqueue 0.0132813 ms)
[09/20/2026-21:53:25] [I] Average on 10 runs - GPU latency: 0.689062 ms - Host latency: 0.742969 ms (enqueue 0.0125 ms)
[09/20/2026-21:53:25] [I] Average on 10 runs - GPU latency: 0.690625 ms - Host latency: 0.746875 ms (enqueue 0.0117188 ms)
[09/20/2026-21:53:25] [I] Average on 10 runs - GPU latency: 0.688281 ms - Host latency: 0.746094 ms (enqueue 0.0132813 ms)
[09/20/2026-21:53:25] [I] Average on 10 runs - GPU latency: 0.690625 ms - Host latency: 0.746875 ms (enqueue 0.0125 ms)
[09/20/2026-21:53:25] [I] Average on 10 runs - GPU latency: 0.689062 ms - Host latency: 0.749219 ms (enqueue 0.0148437 ms)
[09/20/2026-21:53:25] [I] Average on 10 runs - GPU latency: 0.689844 ms - Host latency: 0.747656 ms (enqueue 0.0132813 ms)
[09/20/2026-21:53:25] [I] Average on 10 runs - GPU latency: 0.689062 ms - Host latency: 0.748438 ms (enqueue 0.0140625 ms)
[09/20/2026-21:53:25] [I] Average on 10 runs - GPU latency: 0.689844 ms - Host latency: 0.745313 ms (enqueue 0.0125 ms)
[09/20/2026-21:53:25] [I] Average on 10 runs - GPU latency: 0.689844 ms - Host latency: 0.747656 ms (enqueue 0.0125 ms)
[09/20/2026-21:53:25] [I] Average on 10 runs - GPU latency: 0.689844 ms - Host latency: 0.748438 ms (enqueue 0.0132813 ms)
[09/20/2026-21:53:25] [I] Average on 10 runs - GPU latency: 0.689062 ms - Host latency: 0.746875 ms (enqueue 0.0117188 ms)
[09/20/2026-21:53:25] [I] Average on 10 runs - GPU latency: 0.690625 ms - Host latency: 0.749219 ms (enqueue 0.0132813 ms)
[09/20/2026-21:53:25] [I] Average on 10 runs - GPU latency: 0.685156 ms - Host latency: 0.730469 ms (enqueue 0.0125 ms)
[09/20/2026-21:53:25] [I] Average on 10 runs - GPU latency: 0.683594 ms - Host latency: 0.729688 ms (enqueue 0.0140625 ms)
[09/20/2026-21:53:25] [I] Average on 10 runs - GPU latency: 0.684375 ms - Host latency: 0.728906 ms (enqueue 0.0125 ms)
[09/20/2026-21:53:25] [I] Average on 10 runs - GPU latency: 0.685156 ms - Host latency: 0.73125 ms (enqueue 0.0132813 ms)
[09/20/2026-21:53:25] [I] Average on 10 runs - GPU latency: 0.691406 ms - Host latency: 0.747656 ms (enqueue 0.0117188 ms)
[09/20/2026-21:53:25] [I] Average on 10 runs - GPU latency: 0.689844 ms - Host latency: 0.746094 ms (enqueue 0.0132813 ms)
[09/20/2026-21:53:25] [I] Average on 10 runs - GPU latency: 0.689844 ms - Host latency: 0.747656 ms (enqueue 0.0125 ms)
[09/20/2026-21:53:25] [I] Average on 10 runs - GPU latency: 0.688281 ms - Host latency: 0.746094 ms (enqueue 0.0140625 ms)
[09/20/2026-21:53:25] [I] Average on 10 runs - GPU latency: 0.688281 ms - Host latency: 0.746094 ms (enqueue 0.0140625 ms)
[09/20/2026-21:53:25] [I] Average on 10 runs - GPU latency: 0.689844 ms - Host latency: 0.745313 ms (enqueue 0.0132813 ms)
[09/20/2026-21:53:25] [I] Average on 10 runs - GPU latency: 0.689844 ms - Host latency: 0.748438 ms (enqueue 0.0125 ms)
[09/20/2026-21:53:25] [I] Average on 10 runs - GPU latency: 0.690625 ms - Host latency: 0.748438 ms (enqueue 0.0140625 ms)
[09/20/2026-21:53:25] [I] 
[09/20/2026-21:53:25] [I] === Performance summary ===
[09/20/2026-21:53:25] [I] Throughput: 1439.16 qps
[09/20/2026-21:53:25] [I] Latency: min = 0.710938 ms, max = 3.28906 ms, mean = 0.750389 ms, median = 0.746094 ms, percentile(90%) = 0.753906 ms, percentile(95%) = 0.757812 ms, percentile(99%) = 0.765625 ms
[09/20/2026-21:53:25] [I] Enqueue Time: min = 0.00585938 ms, max = 0.268555 ms, mean = 0.0125998 ms, median = 0.0117188 ms, percentile(90%) = 0.015625 ms, percentile(95%) = 0.015625 ms, percentile(99%) = 0.0234375 ms
[09/20/2026-21:53:25] [I] H2D Latency: min = 0.03125 ms, max = 0.119141 ms, mean = 0.0507132 ms, median = 0.0507812 ms, percentile(90%) = 0.0546875 ms, percentile(95%) = 0.0578613 ms, percentile(99%) = 0.0625 ms
[09/20/2026-21:53:25] [I] GPU Compute Time: min = 0.678711 ms, max = 3.22656 ms, mean = 0.692327 ms, median = 0.689453 ms, percentile(90%) = 0.695312 ms, percentile(95%) = 0.695312 ms, percentile(99%) = 0.695312 ms
[09/20/2026-21:53:25] [I] D2H Latency: min = 0 ms, max = 0.015625 ms, mean = 0.00636972 ms, median = 0.0078125 ms, percentile(90%) = 0.0078125 ms, percentile(95%) = 0.0078125 ms, percentile(99%) = 0.0078125 ms
[09/20/2026-21:53:25] [I] Total Host Walltime: 120.002 s
[09/20/2026-21:53:25] [I] Total GPU Compute Time: 119.566 s
[09/20/2026-21:53:25] [I] Explanations of the performance metrics are printed in the verbose logs.
[09/20/2026-21:53:25] [I] 
&&&& PASSED TensorRT.trtexec [TensorRT v101602] [b10] # /usr/src/tensorrt/bin/trtexec --loadEngine=models/mobilenetv2_fp16.plan --shapes=input:1x3x224x224 --warmUp=2000 --duration=120 --useCudaGraph
[09/20/2026-21:51:23] [W] [TRT] Using an engine plan file across different models of devices is not supported and is likely to affect performance or even cause errors or deadlock.
[09/20/2026-21:53:25] [W] * GPU compute time is unstable, with coefficient of variance = 10.1559%.
[09/20/2026-21:53:25] [W]   If not already in use, locking GPU clock frequency or adding --useSpinWait may improve the stability.
