&&&& RUNNING TensorRT.trtexec [TensorRT v101602] [b10] # /usr/src/tensorrt/bin/trtexec --loadEngine=models/mobilenetv2_int8.plan --shapes=input:1x3x224x224 --warmUp=2000 --duration=120 --useCudaGraph
[09/20/2026-22:00:13] [I] TF32 is enabled by default. Add --noTF32 flag to further improve accuracy with some performance cost.
[09/20/2026-22:00:13] [I] === Model Options ===
[09/20/2026-22:00:13] [I] Format: *
[09/20/2026-22:00:13] [I] Model: 
[09/20/2026-22:00:13] [I] Output:
[09/20/2026-22:00:13] [I] 
[09/20/2026-22:00:13] [I] === System Options ===
[09/20/2026-22:00:13] [I] Device: 0
[09/20/2026-22:00:13] [I] DLACore: 
[09/20/2026-22:00:13] [I] Loaded static plugins:
[09/20/2026-22:00:13] [I] setPluginsToSerialize:
[09/20/2026-22:00:13] [I] dynamicPlugins:
[09/20/2026-22:00:13] [I] ignoreParsedPluginLibs: 0
[09/20/2026-22:00:13] [I] 
[09/20/2026-22:00:13] [I] === Inference Options ===
[09/20/2026-22:00:13] [I] Batch: Explicit
[09/20/2026-22:00:13] [I] Input inference shape : input=1x3x224x224
[09/20/2026-22:00:13] [I] Iterations: 10
[09/20/2026-22:00:13] [I] Duration: 120s (+ 2000ms warm up)
[09/20/2026-22:00:13] [I] Sleep time: 0ms
[09/20/2026-22:00:13] [I] Idle time: 0ms
[09/20/2026-22:00:13] [I] Inference Streams: 1
[09/20/2026-22:00:13] [I] ExposeDMA: Disabled
[09/20/2026-22:00:13] [I] Data transfers: Enabled
[09/20/2026-22:00:13] [I] Spin-wait: Disabled
[09/20/2026-22:00:13] [I] Multithreading: Disabled
[09/20/2026-22:00:13] [I] CUDA Graph: Enabled
[09/20/2026-22:00:13] [I] Separate profiling: Disabled
[09/20/2026-22:00:13] [I] Time Deserialize: Disabled
[09/20/2026-22:00:13] [I] Time Refit: Disabled
[09/20/2026-22:00:13] [I] NVTX verbosity: 0
[09/20/2026-22:00:13] [I] Persistent Cache Ratio: 0
[09/20/2026-22:00:13] [I] Optimization Profile Index: 0
[09/20/2026-22:00:13] [I] Weight Streaming Budget: 100.000000%
[09/20/2026-22:00:13] [I] Inputs:
[09/20/2026-22:00:13] [I] Debug Tensor Save Destinations:
[09/20/2026-22:00:13] [I] Dump All Debug Tensor in Formats: 
[09/20/2026-22:00:13] [I] === Reporting Options ===
[09/20/2026-22:00:13] [I] Verbose: Disabled
[09/20/2026-22:00:13] [I] Averages: 10 inferences
[09/20/2026-22:00:13] [I] Percentiles: 90,95,99
[09/20/2026-22:00:13] [I] Dump refittable layers:Disabled
[09/20/2026-22:00:13] [I] Dump output: Disabled
[09/20/2026-22:00:13] [I] Profile: Disabled
[09/20/2026-22:00:13] [I] Export timing to JSON file: 
[09/20/2026-22:00:13] [I] Export output to JSON file: 
[09/20/2026-22:00:13] [I] Export profile to JSON file: 
[09/20/2026-22:00:13] [I] 
[09/20/2026-22:00:13] [I] === Device Information ===
[09/20/2026-22:00:13] [I] Available Devices: 
[09/20/2026-22:00:13] [I]   Device 0: "Orin" UUID: GPU-5e79c5ba-a005-59b8-a6a3-d87e61f25d8b
[09/20/2026-22:00:13] [I] Selected Device: Orin
[09/20/2026-22:00:13] [I] Selected Device ID: 0
[09/20/2026-22:00:13] [I] Selected Device UUID: GPU-5e79c5ba-a005-59b8-a6a3-d87e61f25d8b
[09/20/2026-22:00:13] [I] Compute Capability: 8.7
[09/20/2026-22:00:13] [I] SMs: 8
[09/20/2026-22:00:13] [I] Device Global Memory: 7485 MiB
[09/20/2026-22:00:13] [I] Shared Memory per SM: 164 KiB
[09/20/2026-22:00:13] [I] Memory Bus Width: 128 bits (ECC disabled)
[09/20/2026-22:00:13] [I] Application Compute Clock Rate: 1.02 GHz
[09/20/2026-22:00:13] [I] Application Memory Clock Rate: 1.02 GHz
[09/20/2026-22:00:13] [I] 
[09/20/2026-22:00:13] [I] Note: The application clock rates do not reflect the actual clock rates that the GPU is currently running at.
[09/20/2026-22:00:13] [I] 
[09/20/2026-22:00:13] [I] TensorRT version: 10.16.2
[09/20/2026-22:00:13] [I] Loading standard plugins
[09/20/2026-22:00:13] [I] [TRT] Loaded engine size: 5 MiB
[09/20/2026-22:00:13] [I] Engine deserialized in 0.0505069 sec.
[09/20/2026-22:00:13] [I] [TRT] [MemUsageChange] TensorRT-managed allocation in IExecutionContext creation: CPU +0, GPU +2, now: CPU 0, GPU 6 (MiB)
[09/20/2026-22:00:13] [I] Setting persistentCacheLimit to 0 bytes.
[09/20/2026-22:00:13] [I] Created execution context with device memory size: 1.74658 MiB
[09/20/2026-22:00:13] [I] Using random values for input input
[09/20/2026-22:00:13] [I] Input binding for input with dimensions 1x3x224x224 and type fp32 is created.
[09/20/2026-22:00:13] [I] Output binding for output with dimensions 1x1000 and type fp32 is created.
[09/20/2026-22:00:13] [I] Starting inference
[09/20/2026-22:00:13] [I] Capturing CUDA graph for the current execution context
[09/20/2026-22:00:13] [I] Successfully captured CUDA graph for the current execution context
[09/20/2026-22:02:15] [I] Warmup completed 3305 queries over 2000 ms
[09/20/2026-22:02:15] [I] Timing trace has 199541 queries over 120.002 s
[09/20/2026-22:02:15] [I] 
[09/20/2026-22:02:15] [I] === Trace details ===
[09/20/2026-22:02:15] [I] Trace averages of 10 runs:
[09/20/2026-22:02:15] [I] Average on 10 runs - GPU latency: 0.593445 ms - Host latency: 0.653528 ms (enqueue 0.01604 ms)
[09/20/2026-22:02:15] [I] Average on 10 runs - GPU latency: 0.594226 ms - Host latency: 0.653931 ms (enqueue 0.0159302 ms)
[09/20/2026-22:02:15] [I] Average on 10 runs - GPU latency: 0.593445 ms - Host latency: 0.652869 ms (enqueue 0.0155029 ms)
[09/20/2026-22:02:15] [I] Average on 10 runs - GPU latency: 0.593921 ms - Host latency: 0.653625 ms (enqueue 0.0160278 ms)
[09/20/2026-22:02:15] [I] Average on 10 runs - GPU latency: 0.593396 ms - Host latency: 0.652075 ms (enqueue 0.0162109 ms)
[09/20/2026-22:02:15] [I] Average on 10 runs - GPU latency: 0.593884 ms - Host latency: 0.653015 ms (enqueue 0.0156616 ms)
[09/20/2026-22:02:15] [I] Average on 10 runs - GPU latency: 0.59303 ms - Host latency: 0.652747 ms (enqueue 0.0157349 ms)
[09/20/2026-22:02:15] [I] Average on 10 runs - GPU latency: 0.593445 ms - Host latency: 0.651917 ms (enqueue 0.0159302 ms)
[09/20/2026-22:02:15] [I] Average on 10 runs - GPU latency: 0.593127 ms - Host latency: 0.652246 ms (enqueue 0.0162598 ms)
[09/20/2026-22:02:15] [I] Average on 10 runs - GPU latency: 0.594141 ms - Host latency: 0.653174 ms (enqueue 0.0163086 ms)
[09/20/2026-22:02:15] [I] Average on 10 runs - GPU latency: 0.593945 ms - Host latency: 0.65459 ms (enqueue 0.0158936 ms)
[09/20/2026-22:02:15] [I] Average on 10 runs - GPU latency: 0.593262 ms - Host latency: 0.652051 ms (enqueue 0.0157471 ms)
[09/20/2026-22:02:15] [I] Average on 10 runs - GPU latency: 0.593311 ms - Host latency: 0.653174 ms (enqueue 0.0158447 ms)
[09/20/2026-22:02:15] [I] Average on 10 runs - GPU latency: 0.59397 ms - Host latency: 0.652441 ms (enqueue 0.0161377 ms)
[09/20/2026-22:02:15] [I] Average on 10 runs - GPU latency: 0.593677 ms - Host latency: 0.654541 ms (enqueue 0.0161621 ms)
[09/20/2026-22:02:15] [I] Average on 10 runs - GPU latency: 0.593237 ms - Host latency: 0.652954 ms (enqueue 0.015918 ms)
[09/20/2026-22:02:15] [I] Average on 10 runs - GPU latency: 0.593823 ms - Host latency: 0.653271 ms (enqueue 0.0156494 ms)
[09/20/2026-22:02:15] [I] Average on 10 runs - GPU latency: 0.593652 ms - Host latency: 0.653711 ms (enqueue 0.0160156 ms)
[09/20/2026-22:02:15] [I] Average on 10 runs - GPU latency: 0.59375 ms - Host latency: 0.651587 ms (enqueue 0.0164307 ms)
[09/20/2026-22:02:15] [I] Average on 10 runs - GPU latency: 0.594458 ms - Host latency: 0.653955 ms (enqueue 0.0160645 ms)
[09/20/2026-22:02:15] [I] Average on 10 runs - GPU latency: 0.593701 ms - Host latency: 0.652246 ms (enqueue 0.0161133 ms)
[09/20/2026-22:02:15] [I] Average on 10 runs - GPU latency: 0.594092 ms - Host latency: 0.652759 ms (enqueue 0.01604 ms)
[09/20/2026-22:02:15] [I] Average on 10 runs - GPU latency: 0.594678 ms - Host latency: 0.657812 ms (enqueue 0.0186035 ms)
[09/20/2026-22:02:15] [I] Average on 10 runs - GPU latency: 0.594434 ms - Host latency: 0.653516 ms (enqueue 0.0151611 ms)
[09/20/2026-22:02:15] [I] Average on 10 runs - GPU latency: 0.593359 ms - Host latency: 0.652808 ms (enqueue 0.0160889 ms)
[09/20/2026-22:02:15] [I] Average on 10 runs - GPU latency: 0.593897 ms - Host latency: 0.652783 ms (enqueue 0.0154785 ms)
[09/20/2026-22:02:15] [I] Average on 10 runs - GPU latency: 0.593579 ms - Host latency: 0.658496 ms (enqueue 0.0195801 ms)
[09/20/2026-22:02:15] [I] Average on 10 runs - GPU latency: 0.593335 ms - Host latency: 0.653931 ms (enqueue 0.014917 ms)
[09/20/2026-22:02:15] [I] Average on 10 runs - GPU latency: 0.593799 ms - Host latency: 0.654639 ms (enqueue 0.0160645 ms)
[09/20/2026-22:02:15] [I] Average on 10 runs - GPU latency: 0.594165 ms - Host latency: 0.651733 ms (enqueue 0.0140625 ms)
[09/20/2026-22:02:15] [I] Average on 10 runs - GPU latency: 0.59375 ms - Host latency: 0.654712 ms (enqueue 0.0146484 ms)
[09/20/2026-22:02:15] [I] Average on 10 runs - GPU latency: 0.593652 ms - Host latency: 0.651172 ms (enqueue 0.0134766 ms)
[09/20/2026-22:02:15] [I] Average on 10 runs - GPU latency: 0.593677 ms - Host latency: 0.651099 ms (enqueue 0.0124268 ms)
[09/20/2026-22:02:15] [I] Average on 10 runs - GPU latency: 0.593994 ms - Host latency: 0.650586 ms (enqueue 0.0131104 ms)
[09/20/2026-22:02:15] [I] Average on 10 runs - GPU latency: 0.593726 ms - Host latency: 0.650757 ms (enqueue 0.013208 ms)
[09/20/2026-22:02:15] [I] Average on 10 runs - GPU latency: 0.594067 ms - Host latency: 0.650146 ms (enqueue 0.0129395 ms)
[09/20/2026-22:02:15] [I] Average on 10 runs - GPU latency: 0.593823 ms - Host latency: 0.64978 ms (enqueue 0.0126953 ms)
[09/20/2026-22:02:15] [I] Average on 10 runs - GPU latency: 0.593945 ms - Host latency: 0.6521 ms (enqueue 0.0129395 ms)
[09/20/2026-22:02:15] [I] Average on 10 runs - GPU latency: 0.593164 ms - Host latency: 0.651123 ms (enqueue 0.0136963 ms)
[09/20/2026-22:02:15] [I] Average on 10 runs - GPU latency: 0.593506 ms - Host latency: 0.652417 ms (enqueue 0.013501 ms)
[09/20/2026-22:02:15] [I] Average on 10 runs - GPU latency: 0.593897 ms - Host latency: 0.653247 ms (enqueue 0.0153564 ms)
[09/20/2026-22:02:15] [I] Average on 10 runs - GPU latency: 0.593408 ms - Host latency: 0.651416 ms (enqueue 0.0143311 ms)
[09/20/2026-22:02:15] [I] Average on 10 runs - GPU latency: 0.593384 ms - Host latency: 0.651587 ms (enqueue 0.0134766 ms)
[09/20/2026-22:02:15] [I] Average on 10 runs - GPU latency: 0.593774 ms - Host latency: 0.653369 ms (enqueue 0.0141602 ms)
[09/20/2026-22:02:15] [I] Average on 10 runs - GPU latency: 0.593628 ms - Host latency: 0.652344 ms (enqueue 0.0131348 ms)
[09/20/2026-22:02:15] [I] Average on 10 runs - GPU latency: 0.594775 ms - Host latency: 0.65227 ms (enqueue 0.0136475 ms)
[09/20/2026-22:02:15] [I] Average on 10 runs - GPU latency: 0.594263 ms - Host latency: 0.65188 ms (enqueue 0.0140137 ms)
[09/20/2026-22:02:15] [I] Average on 10 runs - GPU latency: 0.59375 ms - Host latency: 0.651978 ms (enqueue 0.0139893 ms)
[09/20/2026-22:02:15] [I] Average on 10 runs - GPU latency: 0.593872 ms - Host latency: 0.652612 ms (enqueue 0.0133301 ms)
[09/20/2026-22:02:15] [I] Average on 10 runs - GPU latency: 0.593164 ms - Host latency: 0.651587 ms (enqueue 0.0138672 ms)
[09/20/2026-22:02:15] [I] Average on 10 runs - GPU latency: 0.594019 ms - Host latency: 0.652954 ms (enqueue 0.0165039 ms)
[09/20/2026-22:02:15] [I] Average on 10 runs - GPU latency: 0.593335 ms - Host latency: 0.652686 ms (enqueue 0.015332 ms)
[09/20/2026-22:02:15] [I] Average on 10 runs - GPU latency: 0.593774 ms - Host latency: 0.65105 ms (enqueue 0.0155273 ms)
[09/20/2026-22:02:15] [I] Average on 10 runs - GPU latency: 0.593384 ms - Host latency: 0.652808 ms (enqueue 0.0134521 ms)
[09/20/2026-22:02:15] [I] Average on 10 runs - GPU latency: 0.593652 ms - Host latency: 0.652734 ms (enqueue 0.0134521 ms)
[09/20/2026-22:02:15] [I] Average on 10 runs - GPU latency: 0.593774 ms - Host latency: 0.651318 ms (enqueue 0.0136963 ms)
[09/20/2026-22:02:15] [I] Average on 10 runs - GPU latency: 0.593945 ms - Host latency: 0.652393 ms (enqueue 0.0152344 ms)
[09/20/2026-22:02:15] [I] Average on 10 runs - GPU latency: 0.593603 ms - Host latency: 0.652393 ms (enqueue 0.0154541 ms)
[09/20/2026-22:02:15] [I] Average on 10 runs - GPU latency: 0.593164 ms - Host latency: 0.652881 ms (enqueue 0.0151855 ms)
[09/20/2026-22:02:15] [I] Average on 10 runs - GPU latency: 0.59397 ms - Host latency: 0.652686 ms (enqueue 0.0155762 ms)
[09/20/2026-22:02:15] [I] Average on 10 runs - GPU latency: 0.593457 ms - Host latency: 0.652173 ms (enqueue 0.0155518 ms)
[09/20/2026-22:02:15] [I] Average on 10 runs - GPU latency: 0.593164 ms - Host latency: 0.651147 ms (enqueue 0.015332 ms)
[09/20/2026-22:02:15] [I] Average on 10 runs - GPU latency: 0.593921 ms - Host latency: 0.652979 ms (enqueue 0.0153564 ms)
[09/20/2026-22:02:15] [I] Average on 10 runs - GPU latency: 0.59353 ms - Host latency: 0.653369 ms (enqueue 0.0152344 ms)
[09/20/2026-22:02:15] [I] Average on 10 runs - GPU latency: 0.593506 ms - Host latency: 0.653003 ms (enqueue 0.0157715 ms)
[09/20/2026-22:02:15] [I] Average on 10 runs - GPU latency: 0.594067 ms - Host latency: 0.653784 ms (enqueue 0.0151855 ms)
[09/20/2026-22:02:15] [I] Average on 10 runs - GPU latency: 0.593555 ms - Host latency: 0.652808 ms (enqueue 0.0147461 ms)
[09/20/2026-22:02:15] [I] Average on 10 runs - GPU latency: 0.59397 ms - Host latency: 0.651953 ms (enqueue 0.0135986 ms)
[09/20/2026-22:02:15] [I] Average on 10 runs - GPU latency: 0.594141 ms - Host latency: 0.65376 ms (enqueue 0.0140137 ms)
[09/20/2026-22:02:15] [I] Average on 10 runs - GPU latency: 0.593897 ms - Host latency: 0.652295 ms (enqueue 0.0145508 ms)
[09/20/2026-22:02:15] [I] Average on 10 runs - GPU latency: 0.593677 ms - Host latency: 0.651611 ms (enqueue 0.0135498 ms)
[09/20/2026-22:02:15] [I] Average on 10 runs - GPU latency: 0.593652 ms - Host latency: 0.650854 ms (enqueue 0.0141113 ms)
[09/20/2026-22:02:15] [I] Average on 10 runs - GPU latency: 0.593188 ms - Host latency: 0.65227 ms (enqueue 0.0145508 ms)
[09/20/2026-22:02:15] [I] Average on 10 runs - GPU latency: 0.59375 ms - Host latency: 0.653711 ms (enqueue 0.0148926 ms)
[09/20/2026-22:02:15] [I] Average on 10 runs - GPU latency: 0.593823 ms - Host latency: 0.65127 ms (enqueue 0.0145996 ms)
[09/20/2026-22:02:15] [I] Average on 10 runs - GPU latency: 0.594238 ms - Host latency: 0.651367 ms (enqueue 0.0150146 ms)
[09/20/2026-22:02:15] [I] Average on 10 runs - GPU latency: 0.593408 ms - Host latency: 0.652222 ms (enqueue 0.0147705 ms)
[09/20/2026-22:02:15] [I] Average on 10 runs - GPU latency: 0.593872 ms - Host latency: 0.651978 ms (enqueue 0.0143066 ms)
[09/20/2026-22:02:15] [I] Average on 10 runs - GPU latency: 0.593945 ms - Host latency: 0.655103 ms (enqueue 0.014209 ms)
[09/20/2026-22:02:15] [I] Average on 10 runs - GPU latency: 0.59375 ms - Host latency: 0.651685 ms (enqueue 0.0138184 ms)
[09/20/2026-22:02:15] [I] Average on 10 runs - GPU latency: 0.593506 ms - Host latency: 0.652222 ms (enqueue 0.0141602 ms)
[09/20/2026-22:02:15] [I] Average on 10 runs - GPU latency: 0.594385 ms - Host latency: 0.653345 ms (enqueue 0.0144287 ms)
[09/20/2026-22:02:15] [I] Average on 10 runs - GPU latency: 0.593823 ms - Host latency: 0.652612 ms (enqueue 0.0143066 ms)
[09/20/2026-22:02:15] [I] Average on 10 runs - GPU latency: 0.852466 ms - Host latency: 0.915649 ms (enqueue 0.0207275 ms)
[09/20/2026-22:02:15] [I] Average on 10 runs - GPU latency: 0.593066 ms - Host latency: 0.653003 ms (enqueue 0.0160889 ms)
[09/20/2026-22:02:15] [I] Average on 10 runs - GPU latency: 0.644214 ms - Host latency: 0.704565 ms (enqueue 0.0161865 ms)
[09/20/2026-22:02:15] [I] Average on 10 runs - GPU latency: 0.593774 ms - Host latency: 0.652393 ms (enqueue 0.0164551 ms)
[09/20/2026-22:02:15] [I] Average on 10 runs - GPU latency: 0.593579 ms - Host latency: 0.652075 ms (enqueue 0.0156982 ms)
[09/20/2026-22:02:15] [I] Average on 10 runs - GPU latency: 0.593506 ms - Host latency: 0.651489 ms (enqueue 0.0155762 ms)
[09/20/2026-22:02:15] [I] Average on 10 runs - GPU latency: 0.593457 ms - Host latency: 0.654077 ms (enqueue 0.0153809 ms)
[09/20/2026-22:02:15] [I] Average on 10 runs - GPU latency: 0.593994 ms - Host latency: 0.653735 ms (enqueue 0.0156494 ms)
[09/20/2026-22:02:15] [I] Average on 10 runs - GPU latency: 0.593164 ms - Host latency: 0.653613 ms (enqueue 0.0158691 ms)
[09/20/2026-22:02:15] [I] Average on 10 runs - GPU latency: 0.593945 ms - Host latency: 0.652051 ms (enqueue 0.0160156 ms)
[09/20/2026-22:02:15] [I] Average on 10 runs - GPU latency: 0.593359 ms - Host latency: 0.652051 ms (enqueue 0.0138428 ms)
[09/20/2026-22:02:15] [I] Average on 10 runs - GPU latency: 0.59375 ms - Host latency: 0.651392 ms (enqueue 0.0147705 ms)
[09/20/2026-22:02:15] [I] Average on 10 runs - GPU latency: 0.593311 ms - Host latency: 0.652368 ms (enqueue 0.0158203 ms)
[09/20/2026-22:02:15] [I] Average on 10 runs - GPU latency: 0.593481 ms - Host latency: 0.651807 ms (enqueue 0.0140381 ms)
[09/20/2026-22:02:15] [I] Average on 10 runs - GPU latency: 0.593823 ms - Host latency: 0.650366 ms (enqueue 0.0138916 ms)
[09/20/2026-22:02:15] [I] Average on 10 runs - GPU latency: 0.593457 ms - Host latency: 0.653247 ms (enqueue 0.0135986 ms)
[09/20/2026-22:02:15] [I] Average on 10 runs - GPU latency: 0.593262 ms - Host latency: 0.651099 ms (enqueue 0.0146973 ms)
[09/20/2026-22:02:15] [I] Average on 10 runs - GPU latency: 0.593823 ms - Host latency: 0.652881 ms (enqueue 0.0161377 ms)
[09/20/2026-22:02:15] [I] Average on 10 runs - GPU latency: 0.59353 ms - Host latency: 0.654297 ms (enqueue 0.0169189 ms)
[09/20/2026-22:02:15] [I] Average on 10 runs - GPU latency: 0.592969 ms - Host latency: 0.652002 ms (enqueue 0.0158447 ms)
[09/20/2026-22:02:15] [I] Average on 10 runs - GPU latency: 0.59314 ms - Host latency: 0.654395 ms (enqueue 0.0215576 ms)
[09/20/2026-22:02:15] [I] Average on 10 runs - GPU latency: 0.593335 ms - Host latency: 0.652466 ms (enqueue 0.0161621 ms)
[09/20/2026-22:02:15] [I] Average on 10 runs - GPU latency: 0.593237 ms - Host latency: 0.653418 ms (enqueue 0.0163818 ms)
[09/20/2026-22:02:15] [I] Average on 10 runs - GPU latency: 0.593433 ms - Host latency: 0.651953 ms (enqueue 0.0158691 ms)
[09/20/2026-22:02:15] [I] Average on 10 runs - GPU latency: 0.59397 ms - Host latency: 0.654565 ms (enqueue 0.0161133 ms)
[09/20/2026-22:02:15] [I] Average on 10 runs - GPU latency: 0.593237 ms - Host latency: 0.652783 ms (enqueue 0.0149414 ms)
[09/20/2026-22:02:15] [I] Average on 10 runs - GPU latency: 0.593628 ms - Host latency: 0.651367 ms (enqueue 0.0149658 ms)
[09/20/2026-22:02:15] [I] Average on 10 runs - GPU latency: 0.59375 ms - Host latency: 0.65144 ms (enqueue 0.0162598 ms)
[09/20/2026-22:02:15] [I] Average on 10 runs - GPU latency: 0.593603 ms - Host latency: 0.651685 ms (enqueue 0.0148682 ms)
[09/20/2026-22:02:15] [I] Average on 10 runs - GPU latency: 0.594019 ms - Host latency: 0.653931 ms (enqueue 0.0175781 ms)
[09/20/2026-22:02:15] [I] Average on 10 runs - GPU latency: 0.593603 ms - Host latency: 0.653857 ms (enqueue 0.0155518 ms)
[09/20/2026-22:02:15] [I] Average on 10 runs - GPU latency: 0.59375 ms - Host latency: 0.651855 ms (enqueue 0.0148193 ms)
[09/20/2026-22:02:15] [I] Average on 10 runs - GPU latency: 0.593384 ms - Host latency: 0.652344 ms (enqueue 0.0147949 ms)
[09/20/2026-22:02:15] [I] Average on 10 runs - GPU latency: 0.593579 ms - Host latency: 0.651831 ms (enqueue 0.015332 ms)
[09/20/2026-22:02:15] [I] Average on 10 runs - GPU latency: 0.594238 ms - Host latency: 0.654834 ms (enqueue 0.0141602 ms)
[09/20/2026-22:02:15] [I] Average on 10 runs - GPU latency: 0.593384 ms - Host latency: 0.652515 ms (enqueue 0.0143066 ms)
[09/20/2026-22:02:15] [I] Average on 10 runs - GPU latency: 0.594409 ms - Host latency: 0.654688 ms (enqueue 0.0149658 ms)
[09/20/2026-22:02:15] [I] Average on 10 runs - GPU latency: 0.593042 ms - Host latency: 0.653467 ms (enqueue 0.0157471 ms)
[09/20/2026-22:02:15] [I] Average on 10 runs - GPU latency: 0.593726 ms - Host latency: 0.653125 ms (enqueue 0.0160156 ms)
[09/20/2026-22:02:15] [I] Average on 10 runs - GPU latency: 0.593701 ms - Host latency: 0.651709 ms (enqueue 0.0153809 ms)
[09/20/2026-22:02:15] [I] Average on 10 runs - GPU latency: 0.59375 ms - Host latency: 0.652563 ms (enqueue 0.0161377 ms)
[09/20/2026-22:02:15] [I] Average on 10 runs - GPU latency: 0.593897 ms - Host latency: 0.652441 ms (enqueue 0.0145996 ms)
[09/20/2026-22:02:15] [I] Average on 10 runs - GPU latency: 0.593677 ms - Host latency: 0.652808 ms (enqueue 0.0145264 ms)
[09/20/2026-22:02:15] [I] Average on 10 runs - GPU latency: 0.594043 ms - Host latency: 0.652734 ms (enqueue 0.0150391 ms)
[09/20/2026-22:02:15] [I] Average on 10 runs - GPU latency: 0.59375 ms - Host latency: 0.652368 ms (enqueue 0.0155029 ms)
[09/20/2026-22:02:15] [I] Average on 10 runs - GPU latency: 0.594092 ms - Host latency: 0.65271 ms (enqueue 0.0162842 ms)
[09/20/2026-22:02:15] [I] Average on 10 runs - GPU latency: 0.593799 ms - Host latency: 0.653101 ms (enqueue 0.0145508 ms)
[09/20/2026-22:02:15] [I] Average on 10 runs - GPU latency: 0.593652 ms - Host latency: 0.651685 ms (enqueue 0.0142578 ms)
[09/20/2026-22:02:15] [I] Average on 10 runs - GPU latency: 0.593579 ms - Host latency: 0.652905 ms (enqueue 0.014917 ms)
[09/20/2026-22:02:15] [I] Average on 10 runs - GPU latency: 0.593311 ms - Host latency: 0.651733 ms (enqueue 0.0162842 ms)
[09/20/2026-22:02:15] [I] Average on 10 runs - GPU latency: 0.593237 ms - Host latency: 0.652686 ms (enqueue 0.0161377 ms)
[09/20/2026-22:02:15] [I] Average on 10 runs - GPU latency: 0.593457 ms - Host latency: 0.652026 ms (enqueue 0.0144531 ms)
[09/20/2026-22:02:15] [I] Average on 10 runs - GPU latency: 0.593603 ms - Host latency: 0.652393 ms (enqueue 0.0146484 ms)
[09/20/2026-22:02:15] [I] Average on 10 runs - GPU latency: 0.592798 ms - Host latency: 0.652295 ms (enqueue 0.0165527 ms)
[09/20/2026-22:02:15] [I] Average on 10 runs - GPU latency: 0.593457 ms - Host latency: 0.652832 ms (enqueue 0.0161621 ms)
[09/20/2026-22:02:15] [I] Average on 10 runs - GPU latency: 0.593701 ms - Host latency: 0.65249 ms (enqueue 0.0158691 ms)
[09/20/2026-22:02:15] [I] Average on 10 runs - GPU latency: 0.594116 ms - Host latency: 0.657373 ms (enqueue 0.0152832 ms)
[09/20/2026-22:02:15] [I] Average on 10 runs - GPU latency: 0.593701 ms - Host latency: 0.653613 ms (enqueue 0.0146729 ms)
[09/20/2026-22:02:15] [I] Average on 10 runs - GPU latency: 0.59375 ms - Host latency: 0.653638 ms (enqueue 0.0149902 ms)
[09/20/2026-22:02:15] [I] Average on 10 runs - GPU latency: 0.592847 ms - Host latency: 0.65376 ms (enqueue 0.015625 ms)
[09/20/2026-22:02:15] [I] Average on 10 runs - GPU latency: 0.593384 ms - Host latency: 0.654614 ms (enqueue 0.0156982 ms)
[09/20/2026-22:02:15] [I] Average on 10 runs - GPU latency: 0.593213 ms - Host latency: 0.653882 ms (enqueue 0.0156006 ms)
[09/20/2026-22:02:15] [I] Average on 10 runs - GPU latency: 0.593628 ms - Host latency: 0.654199 ms (enqueue 0.0157227 ms)
[09/20/2026-22:02:15] [I] Average on 10 runs - GPU latency: 0.594287 ms - Host latency: 0.653662 ms (enqueue 0.0148682 ms)
[09/20/2026-22:02:15] [I] Average on 10 runs - GPU latency: 0.593921 ms - Host latency: 0.652954 ms (enqueue 0.014209 ms)
[09/20/2026-22:02:15] [I] Average on 10 runs - GPU latency: 0.593237 ms - Host latency: 0.652417 ms (enqueue 0.0146973 ms)
[09/20/2026-22:02:15] [I] Average on 10 runs - GPU latency: 0.593262 ms - Host latency: 0.652661 ms (enqueue 0.015625 ms)
[09/20/2026-22:02:15] [I] Average on 10 runs - GPU latency: 0.594116 ms - Host latency: 0.654004 ms (enqueue 0.0155273 ms)
[09/20/2026-22:02:15] [I] Average on 10 runs - GPU latency: 0.59375 ms - Host latency: 0.653491 ms (enqueue 0.0147217 ms)
[09/20/2026-22:02:15] [I] Average on 10 runs - GPU latency: 0.593872 ms - Host latency: 0.651953 ms (enqueue 0.0146973 ms)
[09/20/2026-22:02:15] [I] Average on 10 runs - GPU latency: 0.593433 ms - Host latency: 0.654004 ms (enqueue 0.014917 ms)
[09/20/2026-22:02:15] [I] Average on 10 runs - GPU latency: 0.593555 ms - Host latency: 0.652441 ms (enqueue 0.014502 ms)
[09/20/2026-22:02:15] [I] Average on 10 runs - GPU latency: 0.594141 ms - Host latency: 0.651294 ms (enqueue 0.0146973 ms)
[09/20/2026-22:02:15] [I] Average on 10 runs - GPU latency: 0.594214 ms - Host latency: 0.652344 ms (enqueue 0.0131836 ms)
[09/20/2026-22:02:15] [I] Average on 10 runs - GPU latency: 0.593701 ms - Host latency: 0.65498 ms (enqueue 0.0132813 ms)
[09/20/2026-22:02:15] [I] Average on 10 runs - GPU latency: 0.593555 ms - Host latency: 0.651025 ms (enqueue 0.0132568 ms)
[09/20/2026-22:02:15] [I] Average on 10 runs - GPU latency: 0.594043 ms - Host latency: 0.651685 ms (enqueue 0.0133301 ms)
[09/20/2026-22:02:15] [I] Average on 10 runs - GPU latency: 0.593579 ms - Host latency: 0.651587 ms (enqueue 0.0135254 ms)
[09/20/2026-22:02:15] [I] Average on 10 runs - GPU latency: 0.593897 ms - Host latency: 0.652539 ms (enqueue 0.0141357 ms)
[09/20/2026-22:02:15] [I] Average on 10 runs - GPU latency: 0.594287 ms - Host latency: 0.655103 ms (enqueue 0.0140869 ms)
[09/20/2026-22:02:15] [I] Average on 10 runs - GPU latency: 0.593579 ms - Host latency: 0.651855 ms (enqueue 0.0136963 ms)
[09/20/2026-22:02:15] [I] Average on 10 runs - GPU latency: 0.594287 ms - Host latency: 0.653223 ms (enqueue 0.0136475 ms)
[09/20/2026-22:02:15] [I] Average on 10 runs - GPU latency: 0.592993 ms - Host latency: 0.650903 ms (enqueue 0.013916 ms)
[09/20/2026-22:02:15] [I] Average on 10 runs - GPU latency: 0.593945 ms - Host latency: 0.652002 ms (enqueue 0.0136963 ms)
[09/20/2026-22:02:15] [I] Average on 10 runs - GPU latency: 0.593701 ms - Host latency: 0.653784 ms (enqueue 0.0138672 ms)
[09/20/2026-22:02:15] [I] Average on 10 runs - GPU latency: 0.593359 ms - Host latency: 0.652197 ms (enqueue 0.0156494 ms)
[09/20/2026-22:02:15] [I] Average on 10 runs - GPU latency: 0.593872 ms - Host latency: 0.652808 ms (enqueue 0.0155273 ms)
[09/20/2026-22:02:15] [I] Average on 10 runs - GPU latency: 0.593628 ms - Host latency: 0.651929 ms (enqueue 0.0154053 ms)
[09/20/2026-22:02:15] [I] Average on 10 runs - GPU latency: 0.593311 ms - Host latency: 0.653174 ms (enqueue 0.0179687 ms)
[09/20/2026-22:02:15] [I] Average on 10 runs - GPU latency: 0.593311 ms - Host latency: 0.652881 ms (enqueue 0.0154541 ms)
[09/20/2026-22:02:15] [I] Average on 10 runs - GPU latency: 0.593945 ms - Host latency: 0.653345 ms (enqueue 0.0136963 ms)
[09/20/2026-22:02:15] [I] Average on 10 runs - GPU latency: 0.593726 ms - Host latency: 0.651587 ms (enqueue 0.0151855 ms)
[09/20/2026-22:02:15] [I] Average on 10 runs - GPU latency: 0.593726 ms - Host latency: 0.651343 ms (enqueue 0.0135254 ms)
[09/20/2026-22:02:15] [I] Average on 10 runs - GPU latency: 0.593481 ms - Host latency: 0.65188 ms (enqueue 0.0172852 ms)
[09/20/2026-22:02:15] [I] Average on 10 runs - GPU latency: 0.593945 ms - Host latency: 0.651733 ms (enqueue 0.0137207 ms)
[09/20/2026-22:02:15] [I] Average on 10 runs - GPU latency: 0.593091 ms - Host latency: 0.651563 ms (enqueue 0.0142822 ms)
[09/20/2026-22:02:15] [I] Average on 10 runs - GPU latency: 0.593384 ms - Host latency: 0.650293 ms (enqueue 0.0139648 ms)
[09/20/2026-22:02:15] [I] Average on 10 runs - GPU latency: 0.594092 ms - Host latency: 0.653906 ms (enqueue 0.0151367 ms)
[09/20/2026-22:02:15] [I] Average on 10 runs - GPU latency: 0.593286 ms - Host latency: 0.652808 ms (enqueue 0.0165039 ms)
[09/20/2026-22:02:15] [I] Average on 10 runs - GPU latency: 0.593603 ms - Host latency: 0.654248 ms (enqueue 0.0157959 ms)
[09/20/2026-22:02:15] [I] Average on 10 runs - GPU latency: 0.812573 ms - Host latency: 0.87251 ms (enqueue 0.0164795 ms)
[09/20/2026-22:02:15] [I] Average on 10 runs - GPU latency: 0.631494 ms - Host latency: 0.693018 ms (enqueue 0.0194824 ms)
[09/20/2026-22:02:15] [I] Average on 10 runs - GPU latency: 0.593359 ms - Host latency: 0.652441 ms (enqueue 0.0155762 ms)
[09/20/2026-22:02:15] [I] Average on 10 runs - GPU latency: 0.631152 ms - Host latency: 0.689038 ms (enqueue 0.0155762 ms)
[09/20/2026-22:02:15] [I] Average on 10 runs - GPU latency: 0.593188 ms - Host latency: 0.652588 ms (enqueue 0.0155273 ms)
[09/20/2026-22:02:15] [I] Average on 10 runs - GPU latency: 0.593774 ms - Host latency: 0.652197 ms (enqueue 0.0152588 ms)
[09/20/2026-22:02:15] [I] Average on 10 runs - GPU latency: 0.593237 ms - Host latency: 0.652222 ms (enqueue 0.0133545 ms)
[09/20/2026-22:02:15] [I] Average on 10 runs - GPU latency: 0.593872 ms - Host latency: 0.651123 ms (enqueue 0.0127197 ms)
[09/20/2026-22:02:15] [I] Average on 10 runs - GPU latency: 0.593799 ms - Host latency: 0.650415 ms (enqueue 0.0127197 ms)
[09/20/2026-22:02:15] [I] Average on 10 runs - GPU latency: 0.594482 ms - Host latency: 0.65459 ms (enqueue 0.0160645 ms)
[09/20/2026-22:02:15] [I] Average on 10 runs - GPU latency: 0.59375 ms - Host latency: 0.655688 ms (enqueue 0.0170166 ms)
[09/20/2026-22:02:15] [I] Average on 10 runs - GPU latency: 0.594189 ms - Host latency: 0.652197 ms (enqueue 0.0141357 ms)
[09/20/2026-22:02:15] [I] Average on 10 runs - GPU latency: 0.593921 ms - Host latency: 0.651416 ms (enqueue 0.0148193 ms)
[09/20/2026-22:02:15] [I] Average on 10 runs - GPU latency: 0.594067 ms - Host latency: 0.651465 ms (enqueue 0.0144043 ms)
[09/20/2026-22:02:15] [I] Average on 10 runs - GPU latency: 0.594141 ms - Host latency: 0.650635 ms (enqueue 0.0147949 ms)
[09/20/2026-22:02:15] [I] Average on 10 runs - GPU latency: 0.593799 ms - Host latency: 0.652588 ms (enqueue 0.0140137 ms)
[09/20/2026-22:02:15] [I] Average on 10 runs - GPU latency: 0.594067 ms - Host latency: 0.651904 ms (enqueue 0.0147461 ms)
[09/20/2026-22:02:15] [I] ... Omitting 195541 lines
[09/20/2026-22:02:15] [I] Average on 10 runs - GPU latency: 0.595312 ms - Host latency: 0.652344 ms (enqueue 0.0148437 ms)
[09/20/2026-22:02:15] [I] Average on 10 runs - GPU latency: 0.59375 ms - Host latency: 0.649219 ms (enqueue 0.0148437 ms)
[09/20/2026-22:02:15] [I] Average on 10 runs - GPU latency: 0.594531 ms - Host latency: 0.653125 ms (enqueue 0.015625 ms)
[09/20/2026-22:02:15] [I] Average on 10 runs - GPU latency: 0.594531 ms - Host latency: 0.650781 ms (enqueue 0.015625 ms)
[09/20/2026-22:02:15] [I] Average on 10 runs - GPU latency: 0.596094 ms - Host latency: 0.650781 ms (enqueue 0.0148437 ms)
[09/20/2026-22:02:15] [I] Average on 10 runs - GPU latency: 0.594531 ms - Host latency: 0.651563 ms (enqueue 0.0164062 ms)
[09/20/2026-22:02:15] [I] Average on 10 runs - GPU latency: 0.59375 ms - Host latency: 0.65 ms (enqueue 0.0164062 ms)
[09/20/2026-22:02:15] [I] Average on 10 runs - GPU latency: 0.596094 ms - Host latency: 0.653906 ms (enqueue 0.0164062 ms)
[09/20/2026-22:02:15] [I] Average on 10 runs - GPU latency: 0.595312 ms - Host latency: 0.654688 ms (enqueue 0.0148437 ms)
[09/20/2026-22:02:15] [I] Average on 10 runs - GPU latency: 0.595312 ms - Host latency: 0.648438 ms (enqueue 0.0164062 ms)
[09/20/2026-22:02:15] [I] Average on 10 runs - GPU latency: 0.595312 ms - Host latency: 0.651563 ms (enqueue 0.0148437 ms)
[09/20/2026-22:02:15] [I] Average on 10 runs - GPU latency: 0.592188 ms - Host latency: 0.648438 ms (enqueue 0.0171875 ms)
[09/20/2026-22:02:15] [I] Average on 10 runs - GPU latency: 0.596094 ms - Host latency: 0.653906 ms (enqueue 0.0171875 ms)
[09/20/2026-22:02:15] [I] Average on 10 runs - GPU latency: 0.594531 ms - Host latency: 0.651563 ms (enqueue 0.0148437 ms)
[09/20/2026-22:02:15] [I] Average on 10 runs - GPU latency: 0.594531 ms - Host latency: 0.646094 ms (enqueue 0.0148437 ms)
[09/20/2026-22:02:15] [I] Average on 10 runs - GPU latency: 0.596094 ms - Host latency: 0.655469 ms (enqueue 0.0132813 ms)
[09/20/2026-22:02:15] [I] Average on 10 runs - GPU latency: 0.594531 ms - Host latency: 0.651563 ms (enqueue 0.015625 ms)
[09/20/2026-22:02:15] [I] Average on 10 runs - GPU latency: 0.594531 ms - Host latency: 0.653125 ms (enqueue 0.015625 ms)
[09/20/2026-22:02:15] [I] Average on 10 runs - GPU latency: 0.59375 ms - Host latency: 0.650781 ms (enqueue 0.015625 ms)
[09/20/2026-22:02:15] [I] Average on 10 runs - GPU latency: 0.595312 ms - Host latency: 0.651563 ms (enqueue 0.0148437 ms)
[09/20/2026-22:02:15] [I] Average on 10 runs - GPU latency: 0.594531 ms - Host latency: 0.650781 ms (enqueue 0.0148437 ms)
[09/20/2026-22:02:15] [I] Average on 10 runs - GPU latency: 0.59375 ms - Host latency: 0.65 ms (enqueue 0.0164062 ms)
[09/20/2026-22:02:15] [I] Average on 10 runs - GPU latency: 0.594531 ms - Host latency: 0.651563 ms (enqueue 0.0148437 ms)
[09/20/2026-22:02:15] [I] Average on 10 runs - GPU latency: 0.59375 ms - Host latency: 0.65 ms (enqueue 0.015625 ms)
[09/20/2026-22:02:15] [I] Average on 10 runs - GPU latency: 0.596094 ms - Host latency: 0.653906 ms (enqueue 0.0179687 ms)
[09/20/2026-22:02:15] [I] Average on 10 runs - GPU latency: 0.594531 ms - Host latency: 0.65 ms (enqueue 0.015625 ms)
[09/20/2026-22:02:15] [I] Average on 10 runs - GPU latency: 0.594531 ms - Host latency: 0.650781 ms (enqueue 0.0148437 ms)
[09/20/2026-22:02:15] [I] Average on 10 runs - GPU latency: 0.595312 ms - Host latency: 0.652344 ms (enqueue 0.0148437 ms)
[09/20/2026-22:02:15] [I] Average on 10 runs - GPU latency: 0.594531 ms - Host latency: 0.65 ms (enqueue 0.0148437 ms)
[09/20/2026-22:02:15] [I] Average on 10 runs - GPU latency: 0.594531 ms - Host latency: 0.651563 ms (enqueue 0.0148437 ms)
[09/20/2026-22:02:15] [I] Average on 10 runs - GPU latency: 0.595312 ms - Host latency: 0.654688 ms (enqueue 0.015625 ms)
[09/20/2026-22:02:15] [I] Average on 10 runs - GPU latency: 0.594531 ms - Host latency: 0.651563 ms (enqueue 0.0164062 ms)
[09/20/2026-22:02:15] [I] Average on 10 runs - GPU latency: 0.59375 ms - Host latency: 0.648438 ms (enqueue 0.0164062 ms)
[09/20/2026-22:02:15] [I] Average on 10 runs - GPU latency: 0.595312 ms - Host latency: 0.652344 ms (enqueue 0.015625 ms)
[09/20/2026-22:02:15] [I] Average on 10 runs - GPU latency: 0.594531 ms - Host latency: 0.653125 ms (enqueue 0.0132813 ms)
[09/20/2026-22:02:15] [I] Average on 10 runs - GPU latency: 0.595312 ms - Host latency: 0.655469 ms (enqueue 0.0148437 ms)
[09/20/2026-22:02:15] [I] Average on 10 runs - GPU latency: 0.595312 ms - Host latency: 0.65 ms (enqueue 0.0132813 ms)
[09/20/2026-22:02:15] [I] Average on 10 runs - GPU latency: 0.595312 ms - Host latency: 0.650781 ms (enqueue 0.0164062 ms)
[09/20/2026-22:02:15] [I] Average on 10 runs - GPU latency: 0.594531 ms - Host latency: 0.65 ms (enqueue 0.0164062 ms)
[09/20/2026-22:02:15] [I] Average on 10 runs - GPU latency: 0.594531 ms - Host latency: 0.650781 ms (enqueue 0.0164062 ms)
[09/20/2026-22:02:15] [I] Average on 10 runs - GPU latency: 0.595312 ms - Host latency: 0.651563 ms (enqueue 0.0171875 ms)
[09/20/2026-22:02:15] [I] Average on 10 runs - GPU latency: 0.594531 ms - Host latency: 0.651563 ms (enqueue 0.0140625 ms)
[09/20/2026-22:02:15] [I] Average on 10 runs - GPU latency: 0.594531 ms - Host latency: 0.650781 ms (enqueue 0.0171875 ms)
[09/20/2026-22:02:15] [I] Average on 10 runs - GPU latency: 0.595312 ms - Host latency: 0.649219 ms (enqueue 0.0148437 ms)
[09/20/2026-22:02:15] [I] Average on 10 runs - GPU latency: 0.59375 ms - Host latency: 0.650781 ms (enqueue 0.0148437 ms)
[09/20/2026-22:02:15] [I] Average on 10 runs - GPU latency: 0.595312 ms - Host latency: 0.653125 ms (enqueue 0.015625 ms)
[09/20/2026-22:02:15] [I] Average on 10 runs - GPU latency: 0.594531 ms - Host latency: 0.650781 ms (enqueue 0.0148437 ms)
[09/20/2026-22:02:15] [I] Average on 10 runs - GPU latency: 0.595312 ms - Host latency: 0.652344 ms (enqueue 0.015625 ms)
[09/20/2026-22:02:15] [I] Average on 10 runs - GPU latency: 0.595312 ms - Host latency: 0.651563 ms (enqueue 0.0164062 ms)
[09/20/2026-22:02:15] [I] Average on 10 runs - GPU latency: 0.596875 ms - Host latency: 0.653125 ms (enqueue 0.0164062 ms)
[09/20/2026-22:02:15] [I] Average on 10 runs - GPU latency: 0.59375 ms - Host latency: 0.649219 ms (enqueue 0.015625 ms)
[09/20/2026-22:02:15] [I] Average on 10 runs - GPU latency: 0.595312 ms - Host latency: 0.651563 ms (enqueue 0.015625 ms)
[09/20/2026-22:02:15] [I] Average on 10 runs - GPU latency: 0.59375 ms - Host latency: 0.651563 ms (enqueue 0.0164062 ms)
[09/20/2026-22:02:15] [I] Average on 10 runs - GPU latency: 0.594531 ms - Host latency: 0.652344 ms (enqueue 0.0164062 ms)
[09/20/2026-22:02:15] [I] Average on 10 runs - GPU latency: 0.59375 ms - Host latency: 0.649219 ms (enqueue 0.0164062 ms)
[09/20/2026-22:02:15] [I] Average on 10 runs - GPU latency: 0.59375 ms - Host latency: 0.649219 ms (enqueue 0.015625 ms)
[09/20/2026-22:02:15] [I] Average on 10 runs - GPU latency: 0.595312 ms - Host latency: 0.653906 ms (enqueue 0.0171875 ms)
[09/20/2026-22:02:15] [I] Average on 10 runs - GPU latency: 0.595312 ms - Host latency: 0.648438 ms (enqueue 0.0148437 ms)
[09/20/2026-22:02:15] [I] Average on 10 runs - GPU latency: 0.595312 ms - Host latency: 0.652344 ms (enqueue 0.0171875 ms)
[09/20/2026-22:02:15] [I] Average on 10 runs - GPU latency: 0.594531 ms - Host latency: 0.65 ms (enqueue 0.0164062 ms)
[09/20/2026-22:02:15] [I] Average on 10 runs - GPU latency: 0.595312 ms - Host latency: 0.653906 ms (enqueue 0.015625 ms)
[09/20/2026-22:02:15] [I] Average on 10 runs - GPU latency: 0.59375 ms - Host latency: 0.648438 ms (enqueue 0.0164062 ms)
[09/20/2026-22:02:15] [I] Average on 10 runs - GPU latency: 0.59375 ms - Host latency: 0.65 ms (enqueue 0.0164062 ms)
[09/20/2026-22:02:15] [I] Average on 10 runs - GPU latency: 0.595312 ms - Host latency: 0.653125 ms (enqueue 0.0164062 ms)
[09/20/2026-22:02:15] [I] Average on 10 runs - GPU latency: 0.594531 ms - Host latency: 0.650781 ms (enqueue 0.015625 ms)
[09/20/2026-22:02:15] [I] Average on 10 runs - GPU latency: 0.594531 ms - Host latency: 0.650781 ms (enqueue 0.0164062 ms)
[09/20/2026-22:02:15] [I] Average on 10 runs - GPU latency: 0.594531 ms - Host latency: 0.65 ms (enqueue 0.0164062 ms)
[09/20/2026-22:02:15] [I] Average on 10 runs - GPU latency: 0.596094 ms - Host latency: 0.65 ms (enqueue 0.0171875 ms)
[09/20/2026-22:02:15] [I] Average on 10 runs - GPU latency: 0.594531 ms - Host latency: 0.653125 ms (enqueue 0.0171875 ms)
[09/20/2026-22:02:15] [I] Average on 10 runs - GPU latency: 0.594531 ms - Host latency: 0.651563 ms (enqueue 0.0171875 ms)
[09/20/2026-22:02:15] [I] Average on 10 runs - GPU latency: 0.59375 ms - Host latency: 0.650781 ms (enqueue 0.0171875 ms)
[09/20/2026-22:02:15] [I] Average on 10 runs - GPU latency: 0.594531 ms - Host latency: 0.653125 ms (enqueue 0.0171875 ms)
[09/20/2026-22:02:15] [I] Average on 10 runs - GPU latency: 0.594531 ms - Host latency: 0.65 ms (enqueue 0.0164062 ms)
[09/20/2026-22:02:15] [I] Average on 10 runs - GPU latency: 0.59375 ms - Host latency: 0.650781 ms (enqueue 0.015625 ms)
[09/20/2026-22:02:15] [I] Average on 10 runs - GPU latency: 0.595312 ms - Host latency: 0.651563 ms (enqueue 0.0140625 ms)
[09/20/2026-22:02:15] [I] Average on 10 runs - GPU latency: 0.594531 ms - Host latency: 0.654688 ms (enqueue 0.0140625 ms)
[09/20/2026-22:02:15] [I] Average on 10 runs - GPU latency: 0.59375 ms - Host latency: 0.653125 ms (enqueue 0.0140625 ms)
[09/20/2026-22:02:15] [I] Average on 10 runs - GPU latency: 0.596094 ms - Host latency: 0.650781 ms (enqueue 0.0164062 ms)
[09/20/2026-22:02:15] [I] Average on 10 runs - GPU latency: 0.596875 ms - Host latency: 0.652344 ms (enqueue 0.015625 ms)
[09/20/2026-22:02:15] [I] Average on 10 runs - GPU latency: 0.594531 ms - Host latency: 0.649219 ms (enqueue 0.015625 ms)
[09/20/2026-22:02:15] [I] Average on 10 runs - GPU latency: 0.594531 ms - Host latency: 0.650781 ms (enqueue 0.0132813 ms)
[09/20/2026-22:02:15] [I] Average on 10 runs - GPU latency: 0.592969 ms - Host latency: 0.649219 ms (enqueue 0.0164062 ms)
[09/20/2026-22:02:15] [I] Average on 10 runs - GPU latency: 0.59375 ms - Host latency: 0.649219 ms (enqueue 0.0148437 ms)
[09/20/2026-22:02:15] [I] Average on 10 runs - GPU latency: 0.596094 ms - Host latency: 0.652344 ms (enqueue 0.015625 ms)
[09/20/2026-22:02:15] [I] Average on 10 runs - GPU latency: 0.595312 ms - Host latency: 0.652344 ms (enqueue 0.0164062 ms)
[09/20/2026-22:02:15] [I] Average on 10 runs - GPU latency: 0.596875 ms - Host latency: 0.654688 ms (enqueue 0.0140625 ms)
[09/20/2026-22:02:15] [I] Average on 10 runs - GPU latency: 0.594531 ms - Host latency: 0.652344 ms (enqueue 0.0140625 ms)
[09/20/2026-22:02:15] [I] Average on 10 runs - GPU latency: 0.596094 ms - Host latency: 0.653906 ms (enqueue 0.0140625 ms)
[09/20/2026-22:02:15] [I] Average on 10 runs - GPU latency: 0.594531 ms - Host latency: 0.649219 ms (enqueue 0.0140625 ms)
[09/20/2026-22:02:15] [I] Average on 10 runs - GPU latency: 0.594531 ms - Host latency: 0.650781 ms (enqueue 0.0179687 ms)
[09/20/2026-22:02:15] [I] Average on 10 runs - GPU latency: 0.594531 ms - Host latency: 0.653125 ms (enqueue 0.0164062 ms)
[09/20/2026-22:02:15] [I] Average on 10 runs - GPU latency: 0.594531 ms - Host latency: 0.649219 ms (enqueue 0.015625 ms)
[09/20/2026-22:02:15] [I] Average on 10 runs - GPU latency: 0.595312 ms - Host latency: 0.649219 ms (enqueue 0.0148437 ms)
[09/20/2026-22:02:15] [I] Average on 10 runs - GPU latency: 0.591406 ms - Host latency: 0.647656 ms (enqueue 0.0171875 ms)
[09/20/2026-22:02:15] [I] Average on 10 runs - GPU latency: 0.595312 ms - Host latency: 0.649219 ms (enqueue 0.015625 ms)
[09/20/2026-22:02:15] [I] Average on 10 runs - GPU latency: 0.595312 ms - Host latency: 0.650781 ms (enqueue 0.0164062 ms)
[09/20/2026-22:02:15] [I] Average on 10 runs - GPU latency: 0.594531 ms - Host latency: 0.651563 ms (enqueue 0.015625 ms)
[09/20/2026-22:02:15] [I] Average on 10 runs - GPU latency: 0.594531 ms - Host latency: 0.651563 ms (enqueue 0.0171875 ms)
[09/20/2026-22:02:15] [I] Average on 10 runs - GPU latency: 0.594531 ms - Host latency: 0.650781 ms (enqueue 0.0179687 ms)
[09/20/2026-22:02:15] [I] Average on 10 runs - GPU latency: 0.594531 ms - Host latency: 0.648438 ms (enqueue 0.0140625 ms)
[09/20/2026-22:02:15] [I] Average on 10 runs - GPU latency: 0.59375 ms - Host latency: 0.651563 ms (enqueue 0.015625 ms)
[09/20/2026-22:02:15] [I] Average on 10 runs - GPU latency: 0.596094 ms - Host latency: 0.652344 ms (enqueue 0.0148437 ms)
[09/20/2026-22:02:15] [I] Average on 10 runs - GPU latency: 0.596094 ms - Host latency: 0.653125 ms (enqueue 0.0148437 ms)
[09/20/2026-22:02:15] [I] Average on 10 runs - GPU latency: 0.594531 ms - Host latency: 0.651563 ms (enqueue 0.0164062 ms)
[09/20/2026-22:02:15] [I] Average on 10 runs - GPU latency: 0.594531 ms - Host latency: 0.65 ms (enqueue 0.0148437 ms)
[09/20/2026-22:02:15] [I] Average on 10 runs - GPU latency: 0.59375 ms - Host latency: 0.649219 ms (enqueue 0.0164062 ms)
[09/20/2026-22:02:15] [I] Average on 10 runs - GPU latency: 0.594531 ms - Host latency: 0.65 ms (enqueue 0.0164062 ms)
[09/20/2026-22:02:15] [I] Average on 10 runs - GPU latency: 0.59375 ms - Host latency: 0.646094 ms (enqueue 0.0148437 ms)
[09/20/2026-22:02:15] [I] Average on 10 runs - GPU latency: 0.592969 ms - Host latency: 0.649219 ms (enqueue 0.0148437 ms)
[09/20/2026-22:02:15] [I] Average on 10 runs - GPU latency: 0.592969 ms - Host latency: 0.649219 ms (enqueue 0.0179687 ms)
[09/20/2026-22:02:15] [I] Average on 10 runs - GPU latency: 0.595312 ms - Host latency: 0.653125 ms (enqueue 0.015625 ms)
[09/20/2026-22:02:15] [I] Average on 10 runs - GPU latency: 0.594531 ms - Host latency: 0.651563 ms (enqueue 0.0164062 ms)
[09/20/2026-22:02:15] [I] Average on 10 runs - GPU latency: 0.59375 ms - Host latency: 0.650781 ms (enqueue 0.015625 ms)
[09/20/2026-22:02:15] [I] Average on 10 runs - GPU latency: 0.594531 ms - Host latency: 0.650781 ms (enqueue 0.0148437 ms)
[09/20/2026-22:02:15] [I] Average on 10 runs - GPU latency: 0.594531 ms - Host latency: 0.649219 ms (enqueue 0.015625 ms)
[09/20/2026-22:02:15] [I] Average on 10 runs - GPU latency: 0.596094 ms - Host latency: 0.652344 ms (enqueue 0.0171875 ms)
[09/20/2026-22:02:15] [I] Average on 10 runs - GPU latency: 0.595312 ms - Host latency: 0.653125 ms (enqueue 0.0164062 ms)
[09/20/2026-22:02:15] [I] Average on 10 runs - GPU latency: 0.595312 ms - Host latency: 0.653125 ms (enqueue 0.015625 ms)
[09/20/2026-22:02:15] [I] Average on 10 runs - GPU latency: 0.59375 ms - Host latency: 0.651563 ms (enqueue 0.0171875 ms)
[09/20/2026-22:02:15] [I] Average on 10 runs - GPU latency: 0.594531 ms - Host latency: 0.648438 ms (enqueue 0.0164062 ms)
[09/20/2026-22:02:15] [I] Average on 10 runs - GPU latency: 0.594531 ms - Host latency: 0.65 ms (enqueue 0.0164062 ms)
[09/20/2026-22:02:15] [I] Average on 10 runs - GPU latency: 0.594531 ms - Host latency: 0.650781 ms (enqueue 0.015625 ms)
[09/20/2026-22:02:15] [I] Average on 10 runs - GPU latency: 0.59375 ms - Host latency: 0.651563 ms (enqueue 0.0164062 ms)
[09/20/2026-22:02:15] [I] Average on 10 runs - GPU latency: 0.59375 ms - Host latency: 0.650781 ms (enqueue 0.015625 ms)
[09/20/2026-22:02:15] [I] Average on 10 runs - GPU latency: 0.595312 ms - Host latency: 0.652344 ms (enqueue 0.0164062 ms)
[09/20/2026-22:02:15] [I] Average on 10 runs - GPU latency: 0.594531 ms - Host latency: 0.652344 ms (enqueue 0.015625 ms)
[09/20/2026-22:02:15] [I] Average on 10 runs - GPU latency: 0.595312 ms - Host latency: 0.653906 ms (enqueue 0.0148437 ms)
[09/20/2026-22:02:15] [I] Average on 10 runs - GPU latency: 0.59375 ms - Host latency: 0.651563 ms (enqueue 0.0164062 ms)
[09/20/2026-22:02:15] [I] Average on 10 runs - GPU latency: 0.59375 ms - Host latency: 0.651563 ms (enqueue 0.015625 ms)
[09/20/2026-22:02:15] [I] Average on 10 runs - GPU latency: 0.594531 ms - Host latency: 0.651563 ms (enqueue 0.0171875 ms)
[09/20/2026-22:02:15] [I] Average on 10 runs - GPU latency: 0.594531 ms - Host latency: 0.651563 ms (enqueue 0.015625 ms)
[09/20/2026-22:02:15] [I] Average on 10 runs - GPU latency: 0.59375 ms - Host latency: 0.650781 ms (enqueue 0.0164062 ms)
[09/20/2026-22:02:15] [I] Average on 10 runs - GPU latency: 0.595312 ms - Host latency: 0.652344 ms (enqueue 0.015625 ms)
[09/20/2026-22:02:15] [I] Average on 10 runs - GPU latency: 0.594531 ms - Host latency: 0.650781 ms (enqueue 0.0148437 ms)
[09/20/2026-22:02:15] [I] Average on 10 runs - GPU latency: 0.595312 ms - Host latency: 0.653906 ms (enqueue 0.0164062 ms)
[09/20/2026-22:02:15] [I] Average on 10 runs - GPU latency: 0.594531 ms - Host latency: 0.652344 ms (enqueue 0.015625 ms)
[09/20/2026-22:02:15] [I] Average on 10 runs - GPU latency: 0.595312 ms - Host latency: 0.648438 ms (enqueue 0.015625 ms)
[09/20/2026-22:02:15] [I] Average on 10 runs - GPU latency: 0.596875 ms - Host latency: 0.653906 ms (enqueue 0.0164062 ms)
[09/20/2026-22:02:15] [I] Average on 10 runs - GPU latency: 0.594531 ms - Host latency: 0.654688 ms (enqueue 0.015625 ms)
[09/20/2026-22:02:15] [I] Average on 10 runs - GPU latency: 0.596875 ms - Host latency: 0.657031 ms (enqueue 0.0179687 ms)
[09/20/2026-22:02:15] [I] Average on 10 runs - GPU latency: 0.592969 ms - Host latency: 0.646875 ms (enqueue 0.0164062 ms)
[09/20/2026-22:02:15] [I] Average on 10 runs - GPU latency: 0.594531 ms - Host latency: 0.653125 ms (enqueue 0.015625 ms)
[09/20/2026-22:02:15] [I] Average on 10 runs - GPU latency: 0.59375 ms - Host latency: 0.650781 ms (enqueue 0.0171875 ms)
[09/20/2026-22:02:15] [I] Average on 10 runs - GPU latency: 0.596875 ms - Host latency: 0.65625 ms (enqueue 0.015625 ms)
[09/20/2026-22:02:15] [I] Average on 10 runs - GPU latency: 0.594531 ms - Host latency: 0.649219 ms (enqueue 0.0164062 ms)
[09/20/2026-22:02:15] [I] Average on 10 runs - GPU latency: 0.59375 ms - Host latency: 0.650781 ms (enqueue 0.015625 ms)
[09/20/2026-22:02:15] [I] Average on 10 runs - GPU latency: 0.596094 ms - Host latency: 0.652344 ms (enqueue 0.015625 ms)
[09/20/2026-22:02:15] [I] Average on 10 runs - GPU latency: 0.595312 ms - Host latency: 0.655469 ms (enqueue 0.015625 ms)
[09/20/2026-22:02:15] [I] Average on 10 runs - GPU latency: 0.596094 ms - Host latency: 0.653125 ms (enqueue 0.015625 ms)
[09/20/2026-22:02:15] [I] Average on 10 runs - GPU latency: 0.592969 ms - Host latency: 0.648438 ms (enqueue 0.0140625 ms)
[09/20/2026-22:02:15] [I] Average on 10 runs - GPU latency: 0.596875 ms - Host latency: 0.653906 ms (enqueue 0.015625 ms)
[09/20/2026-22:02:15] [I] Average on 10 runs - GPU latency: 0.595312 ms - Host latency: 0.650781 ms (enqueue 0.0164062 ms)
[09/20/2026-22:02:15] [I] Average on 10 runs - GPU latency: 0.596094 ms - Host latency: 0.652344 ms (enqueue 0.0148437 ms)
[09/20/2026-22:02:15] [I] Average on 10 runs - GPU latency: 0.592969 ms - Host latency: 0.649219 ms (enqueue 0.0171875 ms)
[09/20/2026-22:02:15] [I] Average on 10 runs - GPU latency: 0.59375 ms - Host latency: 0.65 ms (enqueue 0.0148437 ms)
[09/20/2026-22:02:15] [I] Average on 10 runs - GPU latency: 0.594531 ms - Host latency: 0.649219 ms (enqueue 0.015625 ms)
[09/20/2026-22:02:15] [I] Average on 10 runs - GPU latency: 0.59375 ms - Host latency: 0.65 ms (enqueue 0.015625 ms)
[09/20/2026-22:02:15] [I] Average on 10 runs - GPU latency: 0.595312 ms - Host latency: 0.650781 ms (enqueue 0.0164062 ms)
[09/20/2026-22:02:15] [I] Average on 10 runs - GPU latency: 0.595312 ms - Host latency: 0.650781 ms (enqueue 0.0171875 ms)
[09/20/2026-22:02:15] [I] Average on 10 runs - GPU latency: 0.59375 ms - Host latency: 0.653125 ms (enqueue 0.015625 ms)
[09/20/2026-22:02:15] [I] Average on 10 runs - GPU latency: 0.592188 ms - Host latency: 0.647656 ms (enqueue 0.015625 ms)
[09/20/2026-22:02:15] [I] Average on 10 runs - GPU latency: 0.59375 ms - Host latency: 0.653125 ms (enqueue 0.015625 ms)
[09/20/2026-22:02:15] [I] Average on 10 runs - GPU latency: 0.59375 ms - Host latency: 0.649219 ms (enqueue 0.0148437 ms)
[09/20/2026-22:02:15] [I] Average on 10 runs - GPU latency: 0.59375 ms - Host latency: 0.65 ms (enqueue 0.0164062 ms)
[09/20/2026-22:02:15] [I] Average on 10 runs - GPU latency: 0.595312 ms - Host latency: 0.655469 ms (enqueue 0.0195312 ms)
[09/20/2026-22:02:15] [I] Average on 10 runs - GPU latency: 0.596094 ms - Host latency: 0.651563 ms (enqueue 0.0164062 ms)
[09/20/2026-22:02:15] [I] Average on 10 runs - GPU latency: 0.594531 ms - Host latency: 0.649219 ms (enqueue 0.0148437 ms)
[09/20/2026-22:02:15] [I] Average on 10 runs - GPU latency: 0.595312 ms - Host latency: 0.650781 ms (enqueue 0.0148437 ms)
[09/20/2026-22:02:15] [I] Average on 10 runs - GPU latency: 0.595312 ms - Host latency: 0.650781 ms (enqueue 0.0148437 ms)
[09/20/2026-22:02:15] [I] Average on 10 runs - GPU latency: 0.594531 ms - Host latency: 0.651563 ms (enqueue 0.015625 ms)
[09/20/2026-22:02:15] [I] Average on 10 runs - GPU latency: 0.596094 ms - Host latency: 0.653906 ms (enqueue 0.015625 ms)
[09/20/2026-22:02:15] [I] Average on 10 runs - GPU latency: 0.594531 ms - Host latency: 0.65 ms (enqueue 0.0164062 ms)
[09/20/2026-22:02:15] [I] Average on 10 runs - GPU latency: 0.59375 ms - Host latency: 0.653906 ms (enqueue 0.015625 ms)
[09/20/2026-22:02:15] [I] Average on 10 runs - GPU latency: 0.59375 ms - Host latency: 0.650781 ms (enqueue 0.0164062 ms)
[09/20/2026-22:02:15] [I] Average on 10 runs - GPU latency: 0.594531 ms - Host latency: 0.651563 ms (enqueue 0.015625 ms)
[09/20/2026-22:02:15] [I] Average on 10 runs - GPU latency: 0.595312 ms - Host latency: 0.648438 ms (enqueue 0.0164062 ms)
[09/20/2026-22:02:15] [I] Average on 10 runs - GPU latency: 0.594531 ms - Host latency: 0.65 ms (enqueue 0.0164062 ms)
[09/20/2026-22:02:15] [I] Average on 10 runs - GPU latency: 0.594531 ms - Host latency: 0.651563 ms (enqueue 0.015625 ms)
[09/20/2026-22:02:15] [I] Average on 10 runs - GPU latency: 0.594531 ms - Host latency: 0.647656 ms (enqueue 0.015625 ms)
[09/20/2026-22:02:15] [I] Average on 10 runs - GPU latency: 0.594531 ms - Host latency: 0.651563 ms (enqueue 0.0171875 ms)
[09/20/2026-22:02:15] [I] Average on 10 runs - GPU latency: 0.594531 ms - Host latency: 0.65 ms (enqueue 0.0164062 ms)
[09/20/2026-22:02:15] [I] Average on 10 runs - GPU latency: 0.595312 ms - Host latency: 0.652344 ms (enqueue 0.0164062 ms)
[09/20/2026-22:02:15] [I] Average on 10 runs - GPU latency: 0.594531 ms - Host latency: 0.651563 ms (enqueue 0.0171875 ms)
[09/20/2026-22:02:15] [I] Average on 10 runs - GPU latency: 0.596094 ms - Host latency: 0.651563 ms (enqueue 0.015625 ms)
[09/20/2026-22:02:15] [I] Average on 10 runs - GPU latency: 0.592969 ms - Host latency: 0.648438 ms (enqueue 0.0148437 ms)
[09/20/2026-22:02:15] [I] Average on 10 runs - GPU latency: 0.595312 ms - Host latency: 0.655469 ms (enqueue 0.0140625 ms)
[09/20/2026-22:02:15] [I] Average on 10 runs - GPU latency: 0.594531 ms - Host latency: 0.648438 ms (enqueue 0.015625 ms)
[09/20/2026-22:02:15] [I] Average on 10 runs - GPU latency: 0.592969 ms - Host latency: 0.648438 ms (enqueue 0.0164062 ms)
[09/20/2026-22:02:15] [I] Average on 10 runs - GPU latency: 0.596094 ms - Host latency: 0.651563 ms (enqueue 0.0148437 ms)
[09/20/2026-22:02:15] [I] Average on 10 runs - GPU latency: 0.594531 ms - Host latency: 0.651563 ms (enqueue 0.0148437 ms)
[09/20/2026-22:02:15] [I] Average on 10 runs - GPU latency: 0.596875 ms - Host latency: 0.653906 ms (enqueue 0.015625 ms)
[09/20/2026-22:02:15] [I] Average on 10 runs - GPU latency: 0.595312 ms - Host latency: 0.652344 ms (enqueue 0.0132813 ms)
[09/20/2026-22:02:15] [I] Average on 10 runs - GPU latency: 0.596875 ms - Host latency: 0.652344 ms (enqueue 0.015625 ms)
[09/20/2026-22:02:15] [I] Average on 10 runs - GPU latency: 0.59375 ms - Host latency: 0.649219 ms (enqueue 0.0171875 ms)
[09/20/2026-22:02:15] [I] Average on 10 runs - GPU latency: 0.59375 ms - Host latency: 0.652344 ms (enqueue 0.0140625 ms)
[09/20/2026-22:02:15] [I] Average on 10 runs - GPU latency: 0.596094 ms - Host latency: 0.650781 ms (enqueue 0.0140625 ms)
[09/20/2026-22:02:15] [I] Average on 10 runs - GPU latency: 0.59375 ms - Host latency: 0.649219 ms (enqueue 0.015625 ms)
[09/20/2026-22:02:15] [I] Average on 10 runs - GPU latency: 0.595312 ms - Host latency: 0.653906 ms (enqueue 0.0164062 ms)
[09/20/2026-22:02:15] [I] Average on 10 runs - GPU latency: 0.594531 ms - Host latency: 0.652344 ms (enqueue 0.015625 ms)
[09/20/2026-22:02:15] [I] Average on 10 runs - GPU latency: 0.594531 ms - Host latency: 0.651563 ms (enqueue 0.0140625 ms)
[09/20/2026-22:02:15] [I] 
[09/20/2026-22:02:15] [I] === Performance summary ===
[09/20/2026-22:02:15] [I] Throughput: 1662.82 qps
[09/20/2026-22:02:15] [I] Latency: min = 0.632812 ms, max = 3.22656 ms, mean = 0.658189 ms, median = 0.652344 ms, percentile(90%) = 0.658203 ms, percentile(95%) = 0.664062 ms, percentile(99%) = 0.671875 ms
[09/20/2026-22:02:15] [I] Enqueue Time: min = 0.0078125 ms, max = 0.203125 ms, mean = 0.0149754 ms, median = 0.015625 ms, percentile(90%) = 0.0175781 ms, percentile(95%) = 0.0234375 ms, percentile(99%) = 0.0234375 ms
[09/20/2026-22:02:15] [I] H2D Latency: min = 0.03125 ms, max = 0.171875 ms, mean = 0.0480105 ms, median = 0.046875 ms, percentile(90%) = 0.0546875 ms, percentile(95%) = 0.0546875 ms, percentile(99%) = 0.059082 ms
[09/20/2026-22:02:15] [I] GPU Compute Time: min = 0.585938 ms, max = 3.16406 ms, mean = 0.599016 ms, median = 0.59375 ms, percentile(90%) = 0.597656 ms, percentile(95%) = 0.601562 ms, percentile(99%) = 0.601562 ms
[09/20/2026-22:02:15] [I] D2H Latency: min = 0 ms, max = 0.015625 ms, mean = 0.010652 ms, median = 0.00976562 ms, percentile(90%) = 0.015625 ms, percentile(95%) = 0.015625 ms, percentile(99%) = 0.015625 ms
[09/20/2026-22:02:15] [I] Total Host Walltime: 120.002 s
[09/20/2026-22:02:15] [I] Total GPU Compute Time: 119.528 s
[09/20/2026-22:02:15] [I] Explanations of the performance metrics are printed in the verbose logs.
[09/20/2026-22:02:15] [I] 
&&&& PASSED TensorRT.trtexec [TensorRT v101602] [b10] # /usr/src/tensorrt/bin/trtexec --loadEngine=models/mobilenetv2_int8.plan --shapes=input:1x3x224x224 --warmUp=2000 --duration=120 --useCudaGraph
[09/20/2026-22:00:13] [W] [TRT] Using an engine plan file across different models of devices is not supported and is likely to affect performance or even cause errors or deadlock.
[09/20/2026-22:02:15] [W] * GPU compute time is unstable, with coefficient of variance = 14.67%.
[09/20/2026-22:02:15] [W]   If not already in use, locking GPU clock frequency or adding --useSpinWait may improve the stability.
