&&&& RUNNING TensorRT.trtexec [TensorRT v101602] [b10] # /usr/src/tensorrt/bin/trtexec --onnx=/home/vdavid21/edge-inference-benchmark-lab/results/peak_gemm/onnx/matmul_2048_tf32.onnx --noDataTransfers --useCudaGraph --useSpinWait --warmUp=2000 --duration=15 --memPoolSize=workspace:1024M --profilingVerbosity=detailed --exportLayerInfo=/home/vdavid21/edge-inference-benchmark-lab/results/peak_gemm/20260926T111728Z_N2048-4096_25W_pinned_a74615cea83b/layers_2048_tf32.json
[09/26/2026-13:18:05] [I] TF32 is enabled by default. Add --noTF32 flag to further improve accuracy with some performance cost.
[09/26/2026-13:18:05] [I] === Model Options ===
[09/26/2026-13:18:05] [I] Format: ONNX
[09/26/2026-13:18:05] [I] Model: /home/vdavid21/edge-inference-benchmark-lab/results/peak_gemm/onnx/matmul_2048_tf32.onnx
[09/26/2026-13:18:05] [I] Output:
[09/26/2026-13:18:05] [I] === Build Options ===
[09/26/2026-13:18:05] [I] Memory Pools: workspace: 1024 MiB, dlaSRAM: default, dlaLocalDRAM: default, dlaGlobalDRAM: default, tacticSharedMem: default
[09/26/2026-13:18:05] [I] avgTiming: 8
[09/26/2026-13:18:05] [I] Precision: FP32
[09/26/2026-13:18:05] [I] LayerPrecisions: 
[09/26/2026-13:18:05] [I] Layer Device Types: 
[09/26/2026-13:18:05] [I] Decomposable Attentions: 
[09/26/2026-13:18:05] [I] Calibration: 
[09/26/2026-13:18:05] [I] Refit: Disabled
[09/26/2026-13:18:05] [I] Strip weights: Disabled
[09/26/2026-13:18:05] [I] Version Compatible: Disabled
[09/26/2026-13:18:05] [I] ONNX Plugin InstanceNorm: Disabled
[09/26/2026-13:18:05] [I] ONNX kENABLE_UINT8_AND_ASYMMETRIC_QUANTIZATION_DLA flag: Disabled
[09/26/2026-13:18:05] [I] ONNX kREPORT_CAPABILITY_DLA flag: Disabled
[09/26/2026-13:18:05] [I] ONNX kADJUST_FOR_DLA flag: Disabled
[09/26/2026-13:18:05] [I] ONNX kENABLE_PLUGIN_OVERRIDE flag: Disabled
[09/26/2026-13:18:05] [I] TensorRT runtime: full
[09/26/2026-13:18:05] [I] Lean DLL Path: 
[09/26/2026-13:18:05] [I] Tempfile Controls: { in_memory: allow, temporary: allow }
[09/26/2026-13:18:05] [I] Exclude Lean Runtime: Disabled
[09/26/2026-13:18:05] [I] Sparsity: Disabled
[09/26/2026-13:18:05] [I] Safe mode: Disabled
[09/26/2026-13:18:05] [I] Build DLA standalone loadable: Disabled
[09/26/2026-13:18:05] [I] Allow GPU fallback for DLA: Disabled
[09/26/2026-13:18:05] [I] DirectIO mode: Disabled
[09/26/2026-13:18:05] [I] Restricted mode: Disabled
[09/26/2026-13:18:05] [I] Skip inference: Disabled
[09/26/2026-13:18:05] [I] Save engine: 
[09/26/2026-13:18:05] [I] Load engine: 
[09/26/2026-13:18:05] [I] Profiling verbosity: 2
[09/26/2026-13:18:05] [I] Tactic sources: Using default tactic sources
[09/26/2026-13:18:05] [I] timingCacheMode: local
[09/26/2026-13:18:05] [I] timingCacheFile: 
[09/26/2026-13:18:05] [I] Enable Compilation Cache: Enabled
[09/26/2026-13:18:05] [I] Enable Monitor Memory: Disabled
[09/26/2026-13:18:05] [I] CPU Only Mode: Disabled
[09/26/2026-13:18:05] [I] errorOnTimingCacheMiss: Disabled
[09/26/2026-13:18:05] [I] Preview Features: Use default preview flags.
[09/26/2026-13:18:05] [I] MaxAuxStreams: -1
[09/26/2026-13:18:05] [I] BuilderOptimizationLevel: -1
[09/26/2026-13:18:05] [I] MaxTactics: -1
[09/26/2026-13:18:05] [I] Calibration Profile Index: 0
[09/26/2026-13:18:05] [I] Weight Streaming: Disabled
[09/26/2026-13:18:05] [I] Runtime Platform: Same As Build
[09/26/2026-13:18:05] [I] Debug Tensors: 
[09/26/2026-13:18:05] [I] Distributive Independence: Disabled
[09/26/2026-13:18:05] [I] Mark Unfused Tensors As Debug Tensors: Disabled
[09/26/2026-13:18:05] [I] Input(s)s format: fp32:CHW
[09/26/2026-13:18:05] [I] Output(s)s format: fp32:CHW
[09/26/2026-13:18:05] [I] Input build shapes: model
[09/26/2026-13:18:05] [I] Input calibration shapes: model
[09/26/2026-13:18:05] [I] === System Options ===
[09/26/2026-13:18:05] [I] Device: 0
[09/26/2026-13:18:05] [I] DLACore: 
[09/26/2026-13:18:05] [I] Loaded static plugins:
[09/26/2026-13:18:05] [I] setPluginsToSerialize:
[09/26/2026-13:18:05] [I] dynamicPlugins:
[09/26/2026-13:18:05] [I] ignoreParsedPluginLibs: 0
[09/26/2026-13:18:05] [I] 
[09/26/2026-13:18:05] [I] === Inference Options ===
[09/26/2026-13:18:05] [I] Batch: Explicit
[09/26/2026-13:18:05] [I] Input inference shapes: model
[09/26/2026-13:18:05] [I] Iterations: 10
[09/26/2026-13:18:05] [I] Duration: 15s (+ 2000ms warm up)
[09/26/2026-13:18:05] [I] Sleep time: 0ms
[09/26/2026-13:18:05] [I] Idle time: 0ms
[09/26/2026-13:18:05] [I] Inference Streams: 1
[09/26/2026-13:18:05] [I] ExposeDMA: Disabled
[09/26/2026-13:18:05] [I] Data transfers: Disabled
[09/26/2026-13:18:05] [I] Spin-wait: Enabled
[09/26/2026-13:18:05] [I] Multithreading: Disabled
[09/26/2026-13:18:05] [I] CUDA Graph: Enabled
[09/26/2026-13:18:05] [I] Separate profiling: Disabled
[09/26/2026-13:18:05] [I] Time Deserialize: Disabled
[09/26/2026-13:18:05] [I] Time Refit: Disabled
[09/26/2026-13:18:05] [I] NVTX verbosity: 2
[09/26/2026-13:18:05] [I] Persistent Cache Ratio: 0
[09/26/2026-13:18:05] [I] Optimization Profile Index: 0
[09/26/2026-13:18:05] [I] Weight Streaming Budget: 100.000000%
[09/26/2026-13:18:05] [I] Inputs:
[09/26/2026-13:18:05] [I] Debug Tensor Save Destinations:
[09/26/2026-13:18:05] [I] Dump All Debug Tensor in Formats: 
[09/26/2026-13:18:05] [I] === Reporting Options ===
[09/26/2026-13:18:05] [I] Verbose: Disabled
[09/26/2026-13:18:05] [I] Averages: 10 inferences
[09/26/2026-13:18:05] [I] Percentiles: 90,95,99
[09/26/2026-13:18:05] [I] Dump refittable layers:Disabled
[09/26/2026-13:18:05] [I] Dump output: Disabled
[09/26/2026-13:18:05] [I] Profile: Disabled
[09/26/2026-13:18:05] [I] Export timing to JSON file: 
[09/26/2026-13:18:05] [I] Export output to JSON file: 
[09/26/2026-13:18:05] [I] Export profile to JSON file: 
[09/26/2026-13:18:05] [I] 
[09/26/2026-13:18:05] [I] === Device Information ===
[09/26/2026-13:18:05] [I] Available Devices: 
[09/26/2026-13:18:05] [I]   Device 0: "Orin" UUID: GPU-5e79c5ba-a005-59b8-a6a3-d87e61f25d8b
[09/26/2026-13:18:05] [I] Selected Device: Orin
[09/26/2026-13:18:05] [I] Selected Device ID: 0
[09/26/2026-13:18:05] [I] Selected Device UUID: GPU-5e79c5ba-a005-59b8-a6a3-d87e61f25d8b
[09/26/2026-13:18:05] [I] Compute Capability: 8.7
[09/26/2026-13:18:05] [I] SMs: 8
[09/26/2026-13:18:05] [I] Device Global Memory: 7485 MiB
[09/26/2026-13:18:05] [I] Shared Memory per SM: 164 KiB
[09/26/2026-13:18:05] [I] Memory Bus Width: 128 bits (ECC disabled)
[09/26/2026-13:18:05] [I] Application Compute Clock Rate: 1.02 GHz
[09/26/2026-13:18:05] [I] Application Memory Clock Rate: 0.918 GHz
[09/26/2026-13:18:05] [I] 
[09/26/2026-13:18:05] [I] Note: The application clock rates do not reflect the actual clock rates that the GPU is currently running at.
[09/26/2026-13:18:05] [I] 
[09/26/2026-13:18:05] [I] TensorRT version: 10.16.2
[09/26/2026-13:18:05] [I] Loading standard plugins
[09/26/2026-13:18:05] [I] [TRT] [MemUsageChange] Init CUDA: CPU +1, GPU +0, now: CPU 24, GPU 3912 (MiB)
[09/26/2026-13:18:06] [I] Start parsing network model.
[09/26/2026-13:18:06] [I] [TRT] ----------------------------------------------------------------
[09/26/2026-13:18:06] [I] [TRT] Input filename:   /home/vdavid21/edge-inference-benchmark-lab/results/peak_gemm/onnx/matmul_2048_tf32.onnx
[09/26/2026-13:18:06] [I] [TRT] ONNX IR version:  0.0.13
[09/26/2026-13:18:06] [I] [TRT] Opset version:    17
[09/26/2026-13:18:06] [I] [TRT] Producer name:    
[09/26/2026-13:18:06] [I] [TRT] Producer version: 
[09/26/2026-13:18:06] [I] [TRT] Domain:           
[09/26/2026-13:18:06] [I] [TRT] Model version:    0
[09/26/2026-13:18:06] [I] [TRT] Doc string:       
[09/26/2026-13:18:06] [I] [TRT] ----------------------------------------------------------------
[09/26/2026-13:18:06] [I] Finished parsing network model. Parse time: 0.0162019
[09/26/2026-13:18:06] [I] [TRT] [MemUsageChange] Init builder kernel library: CPU +200, GPU +196, now: CPU 441, GPU 4324 (MiB)
[09/26/2026-13:18:06] [I] [TRT] Local timing cache in use. Profiling results in this builder pass will not be stored.
[09/26/2026-13:18:06] [I] [TRT] Compiler backend is used during engine build.
[09/26/2026-13:18:13] [I] [TRT] Detected 1 inputs and 1 output network tensors.
[09/26/2026-13:18:13] [I] [TRT] Total Host Persistent Memory: 80 bytes
[09/26/2026-13:18:13] [I] [TRT] Total Device Persistent Memory: 0 bytes
[09/26/2026-13:18:13] [I] [TRT] Max Scratch Memory: 0 bytes
[09/26/2026-13:18:13] [I] [TRT] Total Activation Memory: 0 bytes
[09/26/2026-13:18:13] [I] [TRT] Total Weights Memory: 16777472 bytes
[09/26/2026-13:18:13] [I] [TRT] Compiler backend is used during engine execution.
[09/26/2026-13:18:13] [I] [TRT] Engine generation completed in 6.30844 seconds.
[09/26/2026-13:18:13] [I] [TRT] [MemUsageStats] Peak memory usage of TRT CPU/GPU memory allocators: CPU 0 MiB, GPU 48 MiB
[09/26/2026-13:18:13] [I] Created engine with size: 16.0272 MiB
[09/26/2026-13:18:13] [I] Engine built in 7.07012 sec.
[09/26/2026-13:18:13] [I] [TRT] Loaded engine size: 16 MiB
[09/26/2026-13:18:13] [I] Engine deserialized in 0.00757903 sec.
[09/26/2026-13:18:13] [I] [TRT] [MemUsageChange] TensorRT-managed allocation in IExecutionContext creation: CPU +0, GPU +0, now: CPU 0, GPU 16 (MiB)
[09/26/2026-13:18:13] [I] Setting persistentCacheLimit to 0 bytes.
[09/26/2026-13:18:13] [I] Created execution context with device memory size: 0 MiB
[09/26/2026-13:18:13] [I] Using random values for input A
[09/26/2026-13:18:13] [I] Input binding for A with dimensions 2048x2048 and type fp32 is created.
[09/26/2026-13:18:13] [I] Output binding for Y with dimensions 2048x2048 and type fp32 is created.
[09/26/2026-13:18:13] [I] Starting inference
[09/26/2026-13:18:13] [I] Capturing CUDA graph for the current execution context
[09/26/2026-13:18:13] [I] Successfully captured CUDA graph for the current execution context
[09/26/2026-13:18:30] [I] Warmup completed 472 queries over 2000 ms
[09/26/2026-13:18:30] [I] Timing trace has 3459 queries over 15.0068 s
[09/26/2026-13:18:30] [I] 
[09/26/2026-13:18:30] [I] === Trace details ===
[09/26/2026-13:18:30] [I] Trace averages of 10 runs:
[09/26/2026-13:18:30] [I] Average on 10 runs - GPU latency: 4.27168 ms - Host latency: 4.27168 ms (enqueue 0.00847168 ms)
[09/26/2026-13:18:30] [I] Average on 10 runs - GPU latency: 4.24956 ms - Host latency: 4.24956 ms (enqueue 0.00841064 ms)
[09/26/2026-13:18:30] [I] Average on 10 runs - GPU latency: 4.22212 ms - Host latency: 4.22212 ms (enqueue 0.00822754 ms)
[09/26/2026-13:18:30] [I] Average on 10 runs - GPU latency: 4.26895 ms - Host latency: 4.26895 ms (enqueue 0.00849609 ms)
[09/26/2026-13:18:30] [I] Average on 10 runs - GPU latency: 4.33101 ms - Host latency: 4.33101 ms (enqueue 0.00981445 ms)
[09/26/2026-13:18:30] [I] Average on 10 runs - GPU latency: 4.27065 ms - Host latency: 4.27065 ms (enqueue 0.00998535 ms)
[09/26/2026-13:18:30] [I] Average on 10 runs - GPU latency: 4.26091 ms - Host latency: 4.26091 ms (enqueue 0.00820312 ms)
[09/26/2026-13:18:30] [I] Average on 10 runs - GPU latency: 4.33984 ms - Host latency: 4.33984 ms (enqueue 0.00922852 ms)
[09/26/2026-13:18:30] [I] Average on 10 runs - GPU latency: 4.31138 ms - Host latency: 4.31138 ms (enqueue 0.00847168 ms)
[09/26/2026-13:18:30] [I] Average on 10 runs - GPU latency: 4.3397 ms - Host latency: 4.3397 ms (enqueue 0.00883789 ms)
[09/26/2026-13:18:30] [I] Average on 10 runs - GPU latency: 4.34097 ms - Host latency: 4.34097 ms (enqueue 0.00930176 ms)
[09/26/2026-13:18:30] [I] Average on 10 runs - GPU latency: 4.33826 ms - Host latency: 4.33826 ms (enqueue 0.00922852 ms)
[09/26/2026-13:18:30] [I] Average on 10 runs - GPU latency: 4.29788 ms - Host latency: 4.29788 ms (enqueue 0.00830078 ms)
[09/26/2026-13:18:30] [I] Average on 10 runs - GPU latency: 4.36021 ms - Host latency: 4.36021 ms (enqueue 0.0097168 ms)
[09/26/2026-13:18:30] [I] Average on 10 runs - GPU latency: 4.13909 ms - Host latency: 4.13909 ms (enqueue 0.00825195 ms)
[09/26/2026-13:18:30] [I] Average on 10 runs - GPU latency: 4.06199 ms - Host latency: 4.06199 ms (enqueue 0.00812988 ms)
[09/26/2026-13:18:30] [I] Average on 10 runs - GPU latency: 4.06294 ms - Host latency: 4.06294 ms (enqueue 0.00703125 ms)
[09/26/2026-13:18:30] [I] Average on 10 runs - GPU latency: 4.05969 ms - Host latency: 4.05969 ms (enqueue 0.00688477 ms)
[09/26/2026-13:18:30] [I] Average on 10 runs - GPU latency: 4.0616 ms - Host latency: 4.0616 ms (enqueue 0.00671387 ms)
[09/26/2026-13:18:30] [I] Average on 10 runs - GPU latency: 4.2616 ms - Host latency: 4.2616 ms (enqueue 0.0078125 ms)
[09/26/2026-13:18:30] [I] Average on 10 runs - GPU latency: 4.33096 ms - Host latency: 4.33096 ms (enqueue 0.0081543 ms)
[09/26/2026-13:18:30] [I] Average on 10 runs - GPU latency: 4.30125 ms - Host latency: 4.30125 ms (enqueue 0.0090332 ms)
[09/26/2026-13:18:30] [I] Average on 10 runs - GPU latency: 4.30269 ms - Host latency: 4.30269 ms (enqueue 0.00878906 ms)
[09/26/2026-13:18:30] [I] Average on 10 runs - GPU latency: 4.30967 ms - Host latency: 4.30967 ms (enqueue 0.00817871 ms)
[09/26/2026-13:18:30] [I] Average on 10 runs - GPU latency: 4.3 ms - Host latency: 4.3 ms (enqueue 0.00766602 ms)
[09/26/2026-13:18:30] [I] Average on 10 runs - GPU latency: 4.29126 ms - Host latency: 4.29126 ms (enqueue 0.00861816 ms)
[09/26/2026-13:18:30] [I] Average on 10 runs - GPU latency: 4.30056 ms - Host latency: 4.30056 ms (enqueue 0.00891113 ms)
[09/26/2026-13:18:30] [I] Average on 10 runs - GPU latency: 4.29976 ms - Host latency: 4.29976 ms (enqueue 0.00866699 ms)
[09/26/2026-13:18:30] [I] Average on 10 runs - GPU latency: 4.30974 ms - Host latency: 4.30974 ms (enqueue 0.00825195 ms)
[09/26/2026-13:18:30] [I] Average on 10 runs - GPU latency: 4.29292 ms - Host latency: 4.29292 ms (enqueue 0.00891113 ms)
[09/26/2026-13:18:30] [I] Average on 10 runs - GPU latency: 4.31006 ms - Host latency: 4.31006 ms (enqueue 0.009375 ms)
[09/26/2026-13:18:30] [I] Average on 10 runs - GPU latency: 4.2928 ms - Host latency: 4.2928 ms (enqueue 0.00983887 ms)
[09/26/2026-13:18:30] [I] Average on 10 runs - GPU latency: 4.29954 ms - Host latency: 4.29954 ms (enqueue 0.0103271 ms)
[09/26/2026-13:18:30] [I] Average on 10 runs - GPU latency: 4.06001 ms - Host latency: 4.06001 ms (enqueue 0.00778809 ms)
[09/26/2026-13:18:30] [I] Average on 10 runs - GPU latency: 4.05815 ms - Host latency: 4.05815 ms (enqueue 0.00742187 ms)
[09/26/2026-13:18:30] [I] Average on 10 runs - GPU latency: 4.0574 ms - Host latency: 4.0574 ms (enqueue 0.00732422 ms)
[09/26/2026-13:18:30] [I] Average on 10 runs - GPU latency: 4.05864 ms - Host latency: 4.05864 ms (enqueue 0.0076416 ms)
[09/26/2026-13:18:30] [I] Average on 10 runs - GPU latency: 4.20403 ms - Host latency: 4.20403 ms (enqueue 0.00795898 ms)
[09/26/2026-13:18:30] [I] Average on 10 runs - GPU latency: 4.0605 ms - Host latency: 4.0605 ms (enqueue 0.00761719 ms)
[09/26/2026-13:18:30] [I] Average on 10 runs - GPU latency: 4.06008 ms - Host latency: 4.06008 ms (enqueue 0.00715332 ms)
[09/26/2026-13:18:30] [I] Average on 10 runs - GPU latency: 4.06304 ms - Host latency: 4.06304 ms (enqueue 0.00832519 ms)
[09/26/2026-13:18:30] [I] Average on 10 runs - GPU latency: 4.05967 ms - Host latency: 4.05967 ms (enqueue 0.00722656 ms)
[09/26/2026-13:18:30] [I] Average on 10 runs - GPU latency: 4.05725 ms - Host latency: 4.05725 ms (enqueue 0.00734863 ms)
[09/26/2026-13:18:30] [I] Average on 10 runs - GPU latency: 4.05986 ms - Host latency: 4.05986 ms (enqueue 0.00703125 ms)
[09/26/2026-13:18:30] [I] Average on 10 runs - GPU latency: 4.13772 ms - Host latency: 4.13772 ms (enqueue 0.00783691 ms)
[09/26/2026-13:18:30] [I] Average on 10 runs - GPU latency: 4.14006 ms - Host latency: 4.14006 ms (enqueue 0.00773926 ms)
[09/26/2026-13:18:30] [I] Average on 10 runs - GPU latency: 4.22397 ms - Host latency: 4.22397 ms (enqueue 0.00844727 ms)
[09/26/2026-13:18:30] [I] Average on 10 runs - GPU latency: 4.34009 ms - Host latency: 4.34009 ms (enqueue 0.00861816 ms)
[09/26/2026-13:18:30] [I] Average on 10 runs - GPU latency: 4.30098 ms - Host latency: 4.30098 ms (enqueue 0.00935059 ms)
[09/26/2026-13:18:30] [I] Average on 10 runs - GPU latency: 4.33196 ms - Host latency: 4.33196 ms (enqueue 0.00981445 ms)
[09/26/2026-13:18:30] [I] Average on 10 runs - GPU latency: 4.30996 ms - Host latency: 4.30996 ms (enqueue 0.00908203 ms)
[09/26/2026-13:18:30] [I] Average on 10 runs - GPU latency: 4.22158 ms - Host latency: 4.22158 ms (enqueue 0.00957031 ms)
[09/26/2026-13:18:30] [I] Average on 10 runs - GPU latency: 4.34043 ms - Host latency: 4.34043 ms (enqueue 0.00947266 ms)
[09/26/2026-13:18:30] [I] Average on 10 runs - GPU latency: 4.26025 ms - Host latency: 4.26025 ms (enqueue 0.00849609 ms)
[09/26/2026-13:18:30] [I] Average on 10 runs - GPU latency: 4.30083 ms - Host latency: 4.30083 ms (enqueue 0.00898437 ms)
[09/26/2026-13:18:30] [I] Average on 10 runs - GPU latency: 4.30083 ms - Host latency: 4.30083 ms (enqueue 0.00991211 ms)
[09/26/2026-13:18:30] [I] Average on 10 runs - GPU latency: 4.28945 ms - Host latency: 4.28945 ms (enqueue 0.00927734 ms)
[09/26/2026-13:18:30] [I] Average on 10 runs - GPU latency: 4.05957 ms - Host latency: 4.05957 ms (enqueue 0.00634766 ms)
[09/26/2026-13:18:30] [I] Average on 10 runs - GPU latency: 4.05889 ms - Host latency: 4.05889 ms (enqueue 0.0065918 ms)
[09/26/2026-13:18:30] [I] Average on 10 runs - GPU latency: 4.05742 ms - Host latency: 4.05742 ms (enqueue 0.00708008 ms)
[09/26/2026-13:18:30] [I] Average on 10 runs - GPU latency: 4.13862 ms - Host latency: 4.13862 ms (enqueue 0.00703125 ms)
[09/26/2026-13:18:30] [I] Average on 10 runs - GPU latency: 4.28037 ms - Host latency: 4.28037 ms (enqueue 0.00761719 ms)
[09/26/2026-13:18:30] [I] Average on 10 runs - GPU latency: 4.23843 ms - Host latency: 4.23843 ms (enqueue 0.00732422 ms)
[09/26/2026-13:18:30] [I] Average on 10 runs - GPU latency: 4.13696 ms - Host latency: 4.13696 ms (enqueue 0.00786133 ms)
[09/26/2026-13:18:30] [I] Average on 10 runs - GPU latency: 4.16772 ms - Host latency: 4.16772 ms (enqueue 0.00712891 ms)
[09/26/2026-13:18:30] [I] Average on 10 runs - GPU latency: 4.28281 ms - Host latency: 4.28281 ms (enqueue 0.00800781 ms)
[09/26/2026-13:18:30] [I] Average on 10 runs - GPU latency: 4.21143 ms - Host latency: 4.21143 ms (enqueue 0.00825195 ms)
[09/26/2026-13:18:30] [I] Average on 10 runs - GPU latency: 4.04922 ms - Host latency: 4.04922 ms (enqueue 0.00668945 ms)
[09/26/2026-13:18:30] [I] Average on 10 runs - GPU latency: 4.17021 ms - Host latency: 4.17021 ms (enqueue 0.00688477 ms)
[09/26/2026-13:18:30] [I] Average on 10 runs - GPU latency: 4.3188 ms - Host latency: 4.3188 ms (enqueue 0.00825195 ms)
[09/26/2026-13:18:30] [I] Average on 10 runs - GPU latency: 4.16704 ms - Host latency: 4.16704 ms (enqueue 0.00766602 ms)
[09/26/2026-13:18:30] [I] Average on 10 runs - GPU latency: 4.2854 ms - Host latency: 4.2854 ms (enqueue 0.00825195 ms)
[09/26/2026-13:18:30] [I] Average on 10 runs - GPU latency: 4.24487 ms - Host latency: 4.24487 ms (enqueue 0.00830078 ms)
[09/26/2026-13:18:30] [I] Average on 10 runs - GPU latency: 4.16655 ms - Host latency: 4.16655 ms (enqueue 0.00678711 ms)
[09/26/2026-13:18:30] [I] Average on 10 runs - GPU latency: 4.24644 ms - Host latency: 4.24644 ms (enqueue 0.00830078 ms)
[09/26/2026-13:18:30] [I] Average on 10 runs - GPU latency: 4.30435 ms - Host latency: 4.30435 ms (enqueue 0.00893555 ms)
[09/26/2026-13:18:30] [I] Average on 10 runs - GPU latency: 4.30337 ms - Host latency: 4.30337 ms (enqueue 0.00834961 ms)
[09/26/2026-13:18:30] [I] Average on 10 runs - GPU latency: 4.30889 ms - Host latency: 4.30889 ms (enqueue 0.00913086 ms)
[09/26/2026-13:18:30] [I] Average on 10 runs - GPU latency: 4.19189 ms - Host latency: 4.19189 ms (enqueue 0.0081543 ms)
[09/26/2026-13:18:30] [I] Average on 10 runs - GPU latency: 4.19512 ms - Host latency: 4.19512 ms (enqueue 0.00737305 ms)
[09/26/2026-13:18:30] [I] Average on 10 runs - GPU latency: 4.39004 ms - Host latency: 4.39004 ms (enqueue 0.00805664 ms)
[09/26/2026-13:18:30] [I] Average on 10 runs - GPU latency: 4.32358 ms - Host latency: 4.32358 ms (enqueue 0.00839844 ms)
[09/26/2026-13:18:30] [I] Average on 10 runs - GPU latency: 4.08843 ms - Host latency: 4.08843 ms (enqueue 0.00732422 ms)
[09/26/2026-13:18:30] [I] Average on 10 runs - GPU latency: 4.12798 ms - Host latency: 4.12798 ms (enqueue 0.00698242 ms)
[09/26/2026-13:18:30] [I] Average on 10 runs - GPU latency: 4.33994 ms - Host latency: 4.33994 ms (enqueue 0.00805664 ms)
[09/26/2026-13:18:30] [I] Average on 10 runs - GPU latency: 4.32505 ms - Host latency: 4.32505 ms (enqueue 0.0081543 ms)
[09/26/2026-13:18:30] [I] Average on 10 runs - GPU latency: 4.16826 ms - Host latency: 4.16826 ms (enqueue 0.00751953 ms)
[09/26/2026-13:18:30] [I] Average on 10 runs - GPU latency: 4.09839 ms - Host latency: 4.09839 ms (enqueue 0.00688477 ms)
[09/26/2026-13:18:30] [I] Average on 10 runs - GPU latency: 4.26714 ms - Host latency: 4.26714 ms (enqueue 0.00830078 ms)
[09/26/2026-13:18:30] [I] Average on 10 runs - GPU latency: 4.21313 ms - Host latency: 4.21313 ms (enqueue 0.00771484 ms)
[09/26/2026-13:18:30] [I] Average on 10 runs - GPU latency: 4.09956 ms - Host latency: 4.09956 ms (enqueue 0.00698242 ms)
[09/26/2026-13:18:30] [I] Average on 10 runs - GPU latency: 4.31226 ms - Host latency: 4.31226 ms (enqueue 0.00874023 ms)
[09/26/2026-13:18:30] [I] Average on 10 runs - GPU latency: 4.28506 ms - Host latency: 4.28506 ms (enqueue 0.00805664 ms)
[09/26/2026-13:18:30] [I] Average on 10 runs - GPU latency: 4.24482 ms - Host latency: 4.24482 ms (enqueue 0.00825195 ms)
[09/26/2026-13:18:30] [I] Average on 10 runs - GPU latency: 4.30752 ms - Host latency: 4.30752 ms (enqueue 0.00854492 ms)
[09/26/2026-13:18:30] [I] Average on 10 runs - GPU latency: 4.06484 ms - Host latency: 4.06484 ms (enqueue 0.00712891 ms)
[09/26/2026-13:18:30] [I] Average on 10 runs - GPU latency: 4.24634 ms - Host latency: 4.24634 ms (enqueue 0.00751953 ms)
[09/26/2026-13:18:30] [I] Average on 10 runs - GPU latency: 4.28364 ms - Host latency: 4.28364 ms (enqueue 0.00849609 ms)
[09/26/2026-13:18:30] [I] Average on 10 runs - GPU latency: 4.16538 ms - Host latency: 4.16538 ms (enqueue 0.00771484 ms)
[09/26/2026-13:18:30] [I] Average on 10 runs - GPU latency: 4.28608 ms - Host latency: 4.28608 ms (enqueue 0.00913086 ms)
[09/26/2026-13:18:30] [I] Average on 10 runs - GPU latency: 4.32539 ms - Host latency: 4.32539 ms (enqueue 0.00854492 ms)
[09/26/2026-13:18:30] [I] Average on 10 runs - GPU latency: 4.24653 ms - Host latency: 4.24653 ms (enqueue 0.00776367 ms)
[09/26/2026-13:18:30] [I] Average on 10 runs - GPU latency: 4.31401 ms - Host latency: 4.31401 ms (enqueue 0.00839844 ms)
[09/26/2026-13:18:30] [I] Average on 10 runs - GPU latency: 4.32583 ms - Host latency: 4.32583 ms (enqueue 0.00834961 ms)
[09/26/2026-13:18:30] [I] Average on 10 runs - GPU latency: 4.28604 ms - Host latency: 4.28604 ms (enqueue 0.00771484 ms)
[09/26/2026-13:18:30] [I] Average on 10 runs - GPU latency: 4.12822 ms - Host latency: 4.12822 ms (enqueue 0.0074707 ms)
[09/26/2026-13:18:30] [I] Average on 10 runs - GPU latency: 4.28433 ms - Host latency: 4.28433 ms (enqueue 0.00810547 ms)
[09/26/2026-13:18:30] [I] Average on 10 runs - GPU latency: 4.3124 ms - Host latency: 4.3124 ms (enqueue 0.00893555 ms)
[09/26/2026-13:18:30] [I] Average on 10 runs - GPU latency: 4.27852 ms - Host latency: 4.27852 ms (enqueue 0.0078125 ms)
[09/26/2026-13:18:30] [I] Average on 10 runs - GPU latency: 4.30269 ms - Host latency: 4.30269 ms (enqueue 0.00854492 ms)
[09/26/2026-13:18:30] [I] Average on 10 runs - GPU latency: 4.2667 ms - Host latency: 4.2667 ms (enqueue 0.00839844 ms)
[09/26/2026-13:18:30] [I] Average on 10 runs - GPU latency: 4.2833 ms - Host latency: 4.2833 ms (enqueue 0.00786133 ms)
[09/26/2026-13:18:30] [I] Average on 10 runs - GPU latency: 4.32397 ms - Host latency: 4.32397 ms (enqueue 0.00869141 ms)
[09/26/2026-13:18:30] [I] Average on 10 runs - GPU latency: 4.28442 ms - Host latency: 4.28442 ms (enqueue 0.00834961 ms)
[09/26/2026-13:18:30] [I] Average on 10 runs - GPU latency: 4.12734 ms - Host latency: 4.12734 ms (enqueue 0.00771484 ms)
[09/26/2026-13:18:30] [I] Average on 10 runs - GPU latency: 4.20396 ms - Host latency: 4.20396 ms (enqueue 0.00756836 ms)
[09/26/2026-13:18:30] [I] Average on 10 runs - GPU latency: 4.3105 ms - Host latency: 4.3105 ms (enqueue 0.00839844 ms)
[09/26/2026-13:18:30] [I] Average on 10 runs - GPU latency: 4.14082 ms - Host latency: 4.14082 ms (enqueue 0.00712891 ms)
[09/26/2026-13:18:30] [I] Average on 10 runs - GPU latency: 4.28452 ms - Host latency: 4.28452 ms (enqueue 0.00854492 ms)
[09/26/2026-13:18:30] [I] Average on 10 runs - GPU latency: 4.24419 ms - Host latency: 4.24419 ms (enqueue 0.00854492 ms)
[09/26/2026-13:18:30] [I] Average on 10 runs - GPU latency: 4.17554 ms - Host latency: 4.17554 ms (enqueue 0.00703125 ms)
[09/26/2026-13:18:30] [I] Average on 10 runs - GPU latency: 4.3147 ms - Host latency: 4.3147 ms (enqueue 0.00874023 ms)
[09/26/2026-13:18:30] [I] Average on 10 runs - GPU latency: 4.16782 ms - Host latency: 4.16782 ms (enqueue 0.00820312 ms)
[09/26/2026-13:18:30] [I] Average on 10 runs - GPU latency: 4.12837 ms - Host latency: 4.12837 ms (enqueue 0.00688477 ms)
[09/26/2026-13:18:30] [I] Average on 10 runs - GPU latency: 4.24482 ms - Host latency: 4.24482 ms (enqueue 0.0078125 ms)
[09/26/2026-13:18:30] [I] Average on 10 runs - GPU latency: 4.20581 ms - Host latency: 4.20581 ms (enqueue 0.00859375 ms)
[09/26/2026-13:18:30] [I] Average on 10 runs - GPU latency: 4.28516 ms - Host latency: 4.28516 ms (enqueue 0.00771484 ms)
[09/26/2026-13:18:30] [I] Average on 10 runs - GPU latency: 4.39561 ms - Host latency: 4.39561 ms (enqueue 0.00805664 ms)
[09/26/2026-13:18:30] [I] Average on 10 runs - GPU latency: 4.12876 ms - Host latency: 4.12876 ms (enqueue 0.00756836 ms)
[09/26/2026-13:18:30] [I] Average on 10 runs - GPU latency: 4.3168 ms - Host latency: 4.3168 ms (enqueue 0.00854492 ms)
[09/26/2026-13:18:30] [I] Average on 10 runs - GPU latency: 4.25386 ms - Host latency: 4.25386 ms (enqueue 0.0081543 ms)
[09/26/2026-13:18:30] [I] Average on 10 runs - GPU latency: 4.24575 ms - Host latency: 4.24575 ms (enqueue 0.00761719 ms)
[09/26/2026-13:18:30] [I] Average on 10 runs - GPU latency: 4.34468 ms - Host latency: 4.34468 ms (enqueue 0.00869141 ms)
[09/26/2026-13:18:30] [I] Average on 10 runs - GPU latency: 4.28467 ms - Host latency: 4.28467 ms (enqueue 0.00834961 ms)
[09/26/2026-13:18:30] [I] Average on 10 runs - GPU latency: 4.12749 ms - Host latency: 4.12749 ms (enqueue 0.00756836 ms)
[09/26/2026-13:18:30] [I] Average on 10 runs - GPU latency: 4.24683 ms - Host latency: 4.24683 ms (enqueue 0.00766602 ms)
[09/26/2026-13:18:30] [I] Average on 10 runs - GPU latency: 4.28618 ms - Host latency: 4.28618 ms (enqueue 0.00844727 ms)
[09/26/2026-13:18:30] [I] Average on 10 runs - GPU latency: 4.20708 ms - Host latency: 4.20708 ms (enqueue 0.00844727 ms)
[09/26/2026-13:18:30] [I] Average on 10 runs - GPU latency: 4.32412 ms - Host latency: 4.32412 ms (enqueue 0.00834961 ms)
[09/26/2026-13:18:30] [I] Average on 10 runs - GPU latency: 4.28584 ms - Host latency: 4.28584 ms (enqueue 0.0074707 ms)
[09/26/2026-13:18:30] [I] Average on 10 runs - GPU latency: 4.16543 ms - Host latency: 4.16543 ms (enqueue 0.00834961 ms)
[09/26/2026-13:18:30] [I] Average on 10 runs - GPU latency: 4.28687 ms - Host latency: 4.28687 ms (enqueue 0.0081543 ms)
[09/26/2026-13:18:30] [I] Average on 10 runs - GPU latency: 4.32397 ms - Host latency: 4.32397 ms (enqueue 0.00844727 ms)
[09/26/2026-13:18:30] [I] Average on 10 runs - GPU latency: 4.29448 ms - Host latency: 4.29448 ms (enqueue 0.00800781 ms)
[09/26/2026-13:18:30] [I] Average on 10 runs - GPU latency: 4.31699 ms - Host latency: 4.31699 ms (enqueue 0.00888672 ms)
[09/26/2026-13:18:30] [I] Average on 10 runs - GPU latency: 4.28452 ms - Host latency: 4.28452 ms (enqueue 0.00844727 ms)
[09/26/2026-13:18:30] [I] Average on 10 runs - GPU latency: 4.28564 ms - Host latency: 4.28564 ms (enqueue 0.00795898 ms)
[09/26/2026-13:18:30] [I] Average on 10 runs - GPU latency: 4.28613 ms - Host latency: 4.28613 ms (enqueue 0.00878906 ms)
[09/26/2026-13:18:30] [I] Average on 10 runs - GPU latency: 4.28555 ms - Host latency: 4.28555 ms (enqueue 0.0078125 ms)
[09/26/2026-13:18:30] [I] Average on 10 runs - GPU latency: 4.31895 ms - Host latency: 4.31895 ms (enqueue 0.00908203 ms)
[09/26/2026-13:18:30] [I] Average on 10 runs - GPU latency: 4.25332 ms - Host latency: 4.25332 ms (enqueue 0.00791016 ms)
[09/26/2026-13:18:30] [I] Average on 10 runs - GPU latency: 4.40947 ms - Host latency: 4.40947 ms (enqueue 0.00947266 ms)
[09/26/2026-13:18:30] [I] Average on 10 runs - GPU latency: 4.22412 ms - Host latency: 4.22412 ms (enqueue 0.00800781 ms)
[09/26/2026-13:18:30] [I] Average on 10 runs - GPU latency: 4.31758 ms - Host latency: 4.31758 ms (enqueue 0.00839844 ms)
[09/26/2026-13:18:30] [I] Average on 10 runs - GPU latency: 4.21338 ms - Host latency: 4.21338 ms (enqueue 0.00771484 ms)
[09/26/2026-13:18:30] [I] Average on 10 runs - GPU latency: 4.24551 ms - Host latency: 4.24551 ms (enqueue 0.00742187 ms)
[09/26/2026-13:18:30] [I] Average on 10 runs - GPU latency: 4.271 ms - Host latency: 4.271 ms (enqueue 0.00830078 ms)
[09/26/2026-13:18:30] [I] Average on 10 runs - GPU latency: 4.28457 ms - Host latency: 4.28457 ms (enqueue 0.00800781 ms)
[09/26/2026-13:18:30] [I] Average on 10 runs - GPU latency: 4.31133 ms - Host latency: 4.31133 ms (enqueue 0.00878906 ms)
[09/26/2026-13:18:30] [I] Average on 10 runs - GPU latency: 4.26211 ms - Host latency: 4.26211 ms (enqueue 0.00830078 ms)
[09/26/2026-13:18:30] [I] Average on 10 runs - GPU latency: 4.28682 ms - Host latency: 4.28682 ms (enqueue 0.00859375 ms)
[09/26/2026-13:18:30] [I] Average on 10 runs - GPU latency: 4.28447 ms - Host latency: 4.28447 ms (enqueue 0.00898437 ms)
[09/26/2026-13:18:30] [I] Average on 10 runs - GPU latency: 4.28525 ms - Host latency: 4.28525 ms (enqueue 0.00732422 ms)
[09/26/2026-13:18:30] [I] Average on 10 runs - GPU latency: 4.31104 ms - Host latency: 4.31104 ms (enqueue 0.00908203 ms)
[09/26/2026-13:18:30] [I] Average on 10 runs - GPU latency: 4.25615 ms - Host latency: 4.25615 ms (enqueue 0.00869141 ms)
[09/26/2026-13:18:30] [I] Average on 10 runs - GPU latency: 4.28535 ms - Host latency: 4.28535 ms (enqueue 0.00820312 ms)
[09/26/2026-13:18:30] [I] Average on 10 runs - GPU latency: 4.28564 ms - Host latency: 4.28564 ms (enqueue 0.00908203 ms)
[09/26/2026-13:18:30] [I] Average on 10 runs - GPU latency: 4.28574 ms - Host latency: 4.28574 ms (enqueue 0.00830078 ms)
[09/26/2026-13:18:30] [I] Average on 10 runs - GPU latency: 4.31396 ms - Host latency: 4.31396 ms (enqueue 0.00966797 ms)
[09/26/2026-13:18:30] [I] Average on 10 runs - GPU latency: 4.72471 ms - Host latency: 4.72471 ms (enqueue 0.00927734 ms)
[09/26/2026-13:18:30] [I] Average on 10 runs - GPU latency: 6.51045 ms - Host latency: 6.51045 ms (enqueue 0.0110352 ms)
[09/26/2026-13:18:30] [I] Average on 10 runs - GPU latency: 6.49687 ms - Host latency: 6.49687 ms (enqueue 0.0106445 ms)
[09/26/2026-13:18:30] [I] Average on 10 runs - GPU latency: 6.46309 ms - Host latency: 6.46309 ms (enqueue 0.0114258 ms)
[09/26/2026-13:18:30] [I] Average on 10 runs - GPU latency: 6.57832 ms - Host latency: 6.57832 ms (enqueue 0.0117188 ms)
[09/26/2026-13:18:30] [I] Average on 10 runs - GPU latency: 6.15352 ms - Host latency: 6.15352 ms (enqueue 0.0101562 ms)
[09/26/2026-13:18:30] [I] Average on 10 runs - GPU latency: 4.45117 ms - Host latency: 4.45117 ms (enqueue 0.00839844 ms)
[09/26/2026-13:18:30] [I] Average on 10 runs - GPU latency: 4.31201 ms - Host latency: 4.31201 ms (enqueue 0.00869141 ms)
[09/26/2026-13:18:30] [I] Average on 10 runs - GPU latency: 4.70918 ms - Host latency: 4.70918 ms (enqueue 0.00898437 ms)
[09/26/2026-13:18:30] [I] Average on 10 runs - GPU latency: 4.5124 ms - Host latency: 4.5124 ms (enqueue 0.00751953 ms)
[09/26/2026-13:18:30] [I] Average on 10 runs - GPU latency: 4.68486 ms - Host latency: 4.68486 ms (enqueue 0.00927734 ms)
[09/26/2026-13:18:30] [I] Average on 10 runs - GPU latency: 4.19512 ms - Host latency: 4.19512 ms (enqueue 0.00830078 ms)
[09/26/2026-13:18:30] [I] Average on 10 runs - GPU latency: 4.16728 ms - Host latency: 4.16728 ms (enqueue 0.00722656 ms)
[09/26/2026-13:18:30] [I] Average on 10 runs - GPU latency: 4.35215 ms - Host latency: 4.35215 ms (enqueue 0.0078125 ms)
[09/26/2026-13:18:30] [I] Average on 10 runs - GPU latency: 4.32344 ms - Host latency: 4.32344 ms (enqueue 0.00947266 ms)
[09/26/2026-13:18:30] [I] Average on 10 runs - GPU latency: 4.41074 ms - Host latency: 4.41074 ms (enqueue 0.00791016 ms)
[09/26/2026-13:18:30] [I] Average on 10 runs - GPU latency: 5.07568 ms - Host latency: 5.07568 ms (enqueue 0.0132813 ms)
[09/26/2026-13:18:30] [I] Average on 10 runs - GPU latency: 5.97646 ms - Host latency: 5.97646 ms (enqueue 0.009375 ms)
[09/26/2026-13:18:30] [I] Average on 10 runs - GPU latency: 6.14385 ms - Host latency: 6.14385 ms (enqueue 0.00957031 ms)
[09/26/2026-13:18:30] [I] Average on 10 runs - GPU latency: 6.61279 ms - Host latency: 6.61279 ms (enqueue 0.0128906 ms)
[09/26/2026-13:18:30] [I] Average on 10 runs - GPU latency: 6.25889 ms - Host latency: 6.25889 ms (enqueue 0.00800781 ms)
[09/26/2026-13:18:30] [I] Average on 10 runs - GPU latency: 6.04375 ms - Host latency: 6.04375 ms (enqueue 0.0102539 ms)
[09/26/2026-13:18:30] [I] Average on 10 runs - GPU latency: 5.4249 ms - Host latency: 5.4249 ms (enqueue 0.00986328 ms)
[09/26/2026-13:18:30] [I] Average on 10 runs - GPU latency: 4.96533 ms - Host latency: 4.96533 ms (enqueue 0.00957031 ms)
[09/26/2026-13:18:30] [I] Average on 10 runs - GPU latency: 4.58242 ms - Host latency: 4.58242 ms (enqueue 0.00888672 ms)
[09/26/2026-13:18:30] [I] Average on 10 runs - GPU latency: 4.20645 ms - Host latency: 4.20645 ms (enqueue 0.00800781 ms)
[09/26/2026-13:18:30] [I] Average on 10 runs - GPU latency: 4.31445 ms - Host latency: 4.31445 ms (enqueue 0.00869141 ms)
[09/26/2026-13:18:30] [I] Average on 10 runs - GPU latency: 4.58154 ms - Host latency: 4.58154 ms (enqueue 0.00771484 ms)
[09/26/2026-13:18:30] [I] Average on 10 runs - GPU latency: 4.29355 ms - Host latency: 4.29355 ms (enqueue 0.00791016 ms)
[09/26/2026-13:18:30] [I] Average on 10 runs - GPU latency: 4.28291 ms - Host latency: 4.28291 ms (enqueue 0.00830078 ms)
[09/26/2026-13:18:30] [I] Average on 10 runs - GPU latency: 4.28867 ms - Host latency: 4.28867 ms (enqueue 0.0078125 ms)
[09/26/2026-13:18:30] [I] Average on 10 runs - GPU latency: 4.25225 ms - Host latency: 4.25225 ms (enqueue 0.0078125 ms)
[09/26/2026-13:18:30] [I] Average on 10 runs - GPU latency: 4.31797 ms - Host latency: 4.31797 ms (enqueue 0.00888672 ms)
[09/26/2026-13:18:30] [I] Average on 10 runs - GPU latency: 4.24561 ms - Host latency: 4.24561 ms (enqueue 0.00830078 ms)
[09/26/2026-13:18:30] [I] Average on 10 runs - GPU latency: 4.24814 ms - Host latency: 4.24814 ms (enqueue 0.00810547 ms)
[09/26/2026-13:18:30] [I] Average on 10 runs - GPU latency: 4.32305 ms - Host latency: 4.32305 ms (enqueue 0.00791016 ms)
[09/26/2026-13:18:30] [I] Average on 10 runs - GPU latency: 4.20693 ms - Host latency: 4.20693 ms (enqueue 0.00761719 ms)
[09/26/2026-13:18:30] [I] Average on 10 runs - GPU latency: 4.24844 ms - Host latency: 4.24844 ms (enqueue 0.0078125 ms)
[09/26/2026-13:18:30] [I] Average on 10 runs - GPU latency: 4.30732 ms - Host latency: 4.30732 ms (enqueue 0.00800781 ms)
[09/26/2026-13:18:30] [I] Average on 10 runs - GPU latency: 4.27187 ms - Host latency: 4.27187 ms (enqueue 0.00771484 ms)
[09/26/2026-13:18:30] [I] Average on 10 runs - GPU latency: 4.31514 ms - Host latency: 4.31514 ms (enqueue 0.00869141 ms)
[09/26/2026-13:18:30] [I] Average on 10 runs - GPU latency: 4.59287 ms - Host latency: 4.59287 ms (enqueue 0.00771484 ms)
[09/26/2026-13:18:30] [I] Average on 10 runs - GPU latency: 4.28633 ms - Host latency: 4.28633 ms (enqueue 0.0078125 ms)
[09/26/2026-13:18:30] [I] Average on 10 runs - GPU latency: 4.20645 ms - Host latency: 4.20645 ms (enqueue 0.00830078 ms)
[09/26/2026-13:18:30] [I] Average on 10 runs - GPU latency: 4.28486 ms - Host latency: 4.28486 ms (enqueue 0.00859375 ms)
[09/26/2026-13:18:30] [I] Average on 10 runs - GPU latency: 4.16641 ms - Host latency: 4.16641 ms (enqueue 0.00693359 ms)
[09/26/2026-13:18:30] [I] Average on 10 runs - GPU latency: 4.32236 ms - Host latency: 4.32236 ms (enqueue 0.00800781 ms)
[09/26/2026-13:18:30] [I] Average on 10 runs - GPU latency: 4.39248 ms - Host latency: 4.39248 ms (enqueue 0.00898437 ms)
[09/26/2026-13:18:30] [I] Average on 10 runs - GPU latency: 4.20859 ms - Host latency: 4.20859 ms (enqueue 0.00761719 ms)
[09/26/2026-13:18:30] [I] Average on 10 runs - GPU latency: 4.28359 ms - Host latency: 4.28359 ms (enqueue 0.00839844 ms)
[09/26/2026-13:18:30] [I] Average on 10 runs - GPU latency: 4.17725 ms - Host latency: 4.17725 ms (enqueue 0.00673828 ms)
[09/26/2026-13:18:30] [I] Average on 10 runs - GPU latency: 4.4082 ms - Host latency: 4.4082 ms (enqueue 0.00888672 ms)
[09/26/2026-13:18:30] [I] Average on 10 runs - GPU latency: 4.18369 ms - Host latency: 4.18369 ms (enqueue 0.00791016 ms)
[09/26/2026-13:18:30] [I] Average on 10 runs - GPU latency: 4.28525 ms - Host latency: 4.28525 ms (enqueue 0.00800781 ms)
[09/26/2026-13:18:30] [I] Average on 10 runs - GPU latency: 4.20527 ms - Host latency: 4.20527 ms (enqueue 0.00791016 ms)
[09/26/2026-13:18:30] [I] Average on 10 runs - GPU latency: 4.50742 ms - Host latency: 4.50742 ms (enqueue 0.00761719 ms)
[09/26/2026-13:18:30] [I] Average on 10 runs - GPU latency: 4.31055 ms - Host latency: 4.31055 ms (enqueue 0.00800781 ms)
[09/26/2026-13:18:30] [I] Average on 10 runs - GPU latency: 4.29951 ms - Host latency: 4.29951 ms (enqueue 0.00820312 ms)
[09/26/2026-13:18:30] [I] Average on 10 runs - GPU latency: 4.30869 ms - Host latency: 4.30869 ms (enqueue 0.00820312 ms)
[09/26/2026-13:18:30] [I] Average on 10 runs - GPU latency: 4.24619 ms - Host latency: 4.24619 ms (enqueue 0.00791016 ms)
[09/26/2026-13:18:30] [I] Average on 10 runs - GPU latency: 4.24463 ms - Host latency: 4.24463 ms (enqueue 0.0078125 ms)
[09/26/2026-13:18:30] [I] Average on 10 runs - GPU latency: 4.28418 ms - Host latency: 4.28418 ms (enqueue 0.00898437 ms)
[09/26/2026-13:18:30] [I] Average on 10 runs - GPU latency: 4.12744 ms - Host latency: 4.12744 ms (enqueue 0.00878906 ms)
[09/26/2026-13:18:30] [I] Average on 10 runs - GPU latency: 4.25371 ms - Host latency: 4.25371 ms (enqueue 0.00761719 ms)
[09/26/2026-13:18:30] [I] Average on 10 runs - GPU latency: 4.31787 ms - Host latency: 4.31787 ms (enqueue 0.00947266 ms)
[09/26/2026-13:18:30] [I] Average on 10 runs - GPU latency: 4.16875 ms - Host latency: 4.16875 ms (enqueue 0.00703125 ms)
[09/26/2026-13:18:30] [I] Average on 10 runs - GPU latency: 4.17764 ms - Host latency: 4.17764 ms (enqueue 0.00673828 ms)
[09/26/2026-13:18:30] [I] Average on 10 runs - GPU latency: 4.3165 ms - Host latency: 4.3165 ms (enqueue 0.00869141 ms)
[09/26/2026-13:18:30] [I] Average on 10 runs - GPU latency: 4.24873 ms - Host latency: 4.24873 ms (enqueue 0.00771484 ms)
[09/26/2026-13:18:30] [I] Average on 10 runs - GPU latency: 4.45527 ms - Host latency: 4.45527 ms (enqueue 0.00732422 ms)
[09/26/2026-13:18:30] [I] Average on 10 runs - GPU latency: 4.35664 ms - Host latency: 4.35664 ms (enqueue 0.00898437 ms)
[09/26/2026-13:18:30] [I] Average on 10 runs - GPU latency: 4.21777 ms - Host latency: 4.21777 ms (enqueue 0.00791016 ms)
[09/26/2026-13:18:30] [I] Average on 10 runs - GPU latency: 4.31328 ms - Host latency: 4.31328 ms (enqueue 0.00839844 ms)
[09/26/2026-13:18:30] [I] Average on 10 runs - GPU latency: 4.24707 ms - Host latency: 4.24707 ms (enqueue 0.00869141 ms)
[09/26/2026-13:18:30] [I] Average on 10 runs - GPU latency: 4.34834 ms - Host latency: 4.34834 ms (enqueue 0.00830078 ms)
[09/26/2026-13:18:30] [I] Average on 10 runs - GPU latency: 4.31699 ms - Host latency: 4.31699 ms (enqueue 0.00791016 ms)
[09/26/2026-13:18:30] [I] Average on 10 runs - GPU latency: 4.06758 ms - Host latency: 4.06758 ms (enqueue 0.00693359 ms)
[09/26/2026-13:18:30] [I] Average on 10 runs - GPU latency: 4.32568 ms - Host latency: 4.32568 ms (enqueue 0.00800781 ms)
[09/26/2026-13:18:30] [I] Average on 10 runs - GPU latency: 4.2873 ms - Host latency: 4.2873 ms (enqueue 0.00791016 ms)
[09/26/2026-13:18:30] [I] Average on 10 runs - GPU latency: 4.28506 ms - Host latency: 4.28506 ms (enqueue 0.00800781 ms)
[09/26/2026-13:18:30] [I] Average on 10 runs - GPU latency: 4.28496 ms - Host latency: 4.28496 ms (enqueue 0.00859375 ms)
[09/26/2026-13:18:30] [I] Average on 10 runs - GPU latency: 4.30488 ms - Host latency: 4.30488 ms (enqueue 0.00800781 ms)
[09/26/2026-13:18:30] [I] Average on 10 runs - GPU latency: 4.26777 ms - Host latency: 4.26777 ms (enqueue 0.00810547 ms)
[09/26/2026-13:18:30] [I] Average on 10 runs - GPU latency: 4.51162 ms - Host latency: 4.51162 ms (enqueue 0.00810547 ms)
[09/26/2026-13:18:30] [I] Average on 10 runs - GPU latency: 4.32256 ms - Host latency: 4.32256 ms (enqueue 0.00820312 ms)
[09/26/2026-13:18:30] [I] Average on 10 runs - GPU latency: 4.28965 ms - Host latency: 4.28965 ms (enqueue 0.00800781 ms)
[09/26/2026-13:18:30] [I] Average on 10 runs - GPU latency: 4.25508 ms - Host latency: 4.25508 ms (enqueue 0.00791016 ms)
[09/26/2026-13:18:30] [I] Average on 10 runs - GPU latency: 4.31582 ms - Host latency: 4.31582 ms (enqueue 0.00859375 ms)
[09/26/2026-13:18:30] [I] Average on 10 runs - GPU latency: 4.16836 ms - Host latency: 4.16836 ms (enqueue 0.00722656 ms)
[09/26/2026-13:18:30] [I] Average on 10 runs - GPU latency: 4.09912 ms - Host latency: 4.09912 ms (enqueue 0.00644531 ms)
[09/26/2026-13:18:30] [I] Average on 10 runs - GPU latency: 4.27568 ms - Host latency: 4.27568 ms (enqueue 0.00751953 ms)
[09/26/2026-13:18:30] [I] Average on 10 runs - GPU latency: 4.20723 ms - Host latency: 4.20723 ms (enqueue 0.00800781 ms)
[09/26/2026-13:18:30] [I] Average on 10 runs - GPU latency: 4.28662 ms - Host latency: 4.28662 ms (enqueue 0.00761719 ms)
[09/26/2026-13:18:30] [I] Average on 10 runs - GPU latency: 4.31641 ms - Host latency: 4.31641 ms (enqueue 0.00849609 ms)
[09/26/2026-13:18:30] [I] Average on 10 runs - GPU latency: 4.33135 ms - Host latency: 4.33135 ms (enqueue 0.00927734 ms)
[09/26/2026-13:18:30] [I] Average on 10 runs - GPU latency: 4.24766 ms - Host latency: 4.24766 ms (enqueue 0.00810547 ms)
[09/26/2026-13:18:30] [I] Average on 10 runs - GPU latency: 4.30586 ms - Host latency: 4.30586 ms (enqueue 0.00869141 ms)
[09/26/2026-13:18:30] [I] Average on 10 runs - GPU latency: 4.59688 ms - Host latency: 4.59688 ms (enqueue 0.00957031 ms)
[09/26/2026-13:18:30] [I] Average on 10 runs - GPU latency: 4.31045 ms - Host latency: 4.31045 ms (enqueue 0.00888672 ms)
[09/26/2026-13:18:30] [I] Average on 10 runs - GPU latency: 4.16816 ms - Host latency: 4.16816 ms (enqueue 0.00732422 ms)
[09/26/2026-13:18:30] [I] Average on 10 runs - GPU latency: 4.17275 ms - Host latency: 4.17275 ms (enqueue 0.00800781 ms)
[09/26/2026-13:18:30] [I] Average on 10 runs - GPU latency: 4.28574 ms - Host latency: 4.28574 ms (enqueue 0.0078125 ms)
[09/26/2026-13:18:30] [I] Average on 10 runs - GPU latency: 4.20576 ms - Host latency: 4.20576 ms (enqueue 0.00732422 ms)
[09/26/2026-13:18:30] [I] Average on 10 runs - GPU latency: 4.32432 ms - Host latency: 4.32432 ms (enqueue 0.00908203 ms)
[09/26/2026-13:18:30] [I] Average on 10 runs - GPU latency: 4.28672 ms - Host latency: 4.28672 ms (enqueue 0.00791016 ms)
[09/26/2026-13:18:30] [I] Average on 10 runs - GPU latency: 4.25615 ms - Host latency: 4.25615 ms (enqueue 0.00898437 ms)
[09/26/2026-13:18:30] [I] Average on 10 runs - GPU latency: 4.31436 ms - Host latency: 4.31436 ms (enqueue 0.00820312 ms)
[09/26/2026-13:18:30] [I] Average on 10 runs - GPU latency: 4.24648 ms - Host latency: 4.24648 ms (enqueue 0.00800781 ms)
[09/26/2026-13:18:30] [I] Average on 10 runs - GPU latency: 4.24756 ms - Host latency: 4.24756 ms (enqueue 0.00742187 ms)
[09/26/2026-13:18:30] [I] Average on 10 runs - GPU latency: 4.28477 ms - Host latency: 4.28477 ms (enqueue 0.00849609 ms)
[09/26/2026-13:18:30] [I] Average on 10 runs - GPU latency: 4.12793 ms - Host latency: 4.12793 ms (enqueue 0.00849609 ms)
[09/26/2026-13:18:30] [I] Average on 10 runs - GPU latency: 4.51338 ms - Host latency: 4.51338 ms (enqueue 0.00732422 ms)
[09/26/2026-13:18:30] [I] Average on 10 runs - GPU latency: 4.24473 ms - Host latency: 4.24473 ms (enqueue 0.00751953 ms)
[09/26/2026-13:18:30] [I] Average on 10 runs - GPU latency: 4.32324 ms - Host latency: 4.32324 ms (enqueue 0.00820312 ms)
[09/26/2026-13:18:30] [I] Average on 10 runs - GPU latency: 4.28789 ms - Host latency: 4.28789 ms (enqueue 0.00810547 ms)
[09/26/2026-13:18:30] [I] Average on 10 runs - GPU latency: 4.25459 ms - Host latency: 4.25459 ms (enqueue 0.00898437 ms)
[09/26/2026-13:18:30] [I] Average on 10 runs - GPU latency: 4.31553 ms - Host latency: 4.31553 ms (enqueue 0.00839844 ms)
[09/26/2026-13:18:30] [I] Average on 10 runs - GPU latency: 4.38438 ms - Host latency: 4.38438 ms (enqueue 0.00761719 ms)
[09/26/2026-13:18:30] [I] Average on 10 runs - GPU latency: 4.16787 ms - Host latency: 4.16787 ms (enqueue 0.0078125 ms)
[09/26/2026-13:18:30] [I] Average on 10 runs - GPU latency: 4.20889 ms - Host latency: 4.20889 ms (enqueue 0.00722656 ms)
[09/26/2026-13:18:30] [I] Average on 10 runs - GPU latency: 4.31289 ms - Host latency: 4.31289 ms (enqueue 0.00820312 ms)
[09/26/2026-13:18:30] [I] Average on 10 runs - GPU latency: 4.19443 ms - Host latency: 4.19443 ms (enqueue 0.00751953 ms)
[09/26/2026-13:18:30] [I] Average on 10 runs - GPU latency: 4.40254 ms - Host latency: 4.40254 ms (enqueue 0.00810547 ms)
[09/26/2026-13:18:30] [I] Average on 10 runs - GPU latency: 4.0623 ms - Host latency: 4.0623 ms (enqueue 0.00712891 ms)
[09/26/2026-13:18:30] [I] Average on 10 runs - GPU latency: 4.28545 ms - Host latency: 4.28545 ms (enqueue 0.00761719 ms)
[09/26/2026-13:18:30] [I] Average on 10 runs - GPU latency: 4.55244 ms - Host latency: 4.55244 ms (enqueue 0.00800781 ms)
[09/26/2026-13:18:30] [I] Average on 10 runs - GPU latency: 4.32236 ms - Host latency: 4.32236 ms (enqueue 0.00839844 ms)
[09/26/2026-13:18:30] [I] Average on 10 runs - GPU latency: 4.28945 ms - Host latency: 4.28945 ms (enqueue 0.00849609 ms)
[09/26/2026-13:18:30] [I] Average on 10 runs - GPU latency: 4.24756 ms - Host latency: 4.24756 ms (enqueue 0.00839844 ms)
[09/26/2026-13:18:30] [I] Average on 10 runs - GPU latency: 4.28613 ms - Host latency: 4.28613 ms (enqueue 0.00810547 ms)
[09/26/2026-13:18:30] [I] Average on 10 runs - GPU latency: 4.24717 ms - Host latency: 4.24717 ms (enqueue 0.00869141 ms)
[09/26/2026-13:18:30] [I] Average on 10 runs - GPU latency: 4.2874 ms - Host latency: 4.2874 ms (enqueue 0.00810547 ms)
[09/26/2026-13:18:30] [I] Average on 10 runs - GPU latency: 4.32422 ms - Host latency: 4.32422 ms (enqueue 0.00878906 ms)
[09/26/2026-13:18:30] [I] Average on 10 runs - GPU latency: 4.14541 ms - Host latency: 4.14541 ms (enqueue 0.00703125 ms)
[09/26/2026-13:18:30] [I] Average on 10 runs - GPU latency: 4.26895 ms - Host latency: 4.26895 ms (enqueue 0.0078125 ms)
[09/26/2026-13:18:30] [I] Average on 10 runs - GPU latency: 4.28672 ms - Host latency: 4.28672 ms (enqueue 0.00751953 ms)
[09/26/2026-13:18:30] [I] Average on 10 runs - GPU latency: 4.12822 ms - Host latency: 4.12822 ms (enqueue 0.00751953 ms)
[09/26/2026-13:18:30] [I] Average on 10 runs - GPU latency: 4.28516 ms - Host latency: 4.28516 ms (enqueue 0.00712891 ms)
[09/26/2026-13:18:30] [I] Average on 10 runs - GPU latency: 4.30576 ms - Host latency: 4.30576 ms (enqueue 0.00859375 ms)
[09/26/2026-13:18:30] [I] Average on 10 runs - GPU latency: 4.50537 ms - Host latency: 4.50537 ms (enqueue 0.00830078 ms)
[09/26/2026-13:18:30] [I] Average on 10 runs - GPU latency: 4.3208 ms - Host latency: 4.3208 ms (enqueue 0.00810547 ms)
[09/26/2026-13:18:30] [I] Average on 10 runs - GPU latency: 4.38818 ms - Host latency: 4.38818 ms (enqueue 0.00820312 ms)
[09/26/2026-13:18:30] [I] Average on 10 runs - GPU latency: 4.28584 ms - Host latency: 4.28584 ms (enqueue 0.00849609 ms)
[09/26/2026-13:18:30] [I] Average on 10 runs - GPU latency: 4.28574 ms - Host latency: 4.28574 ms (enqueue 0.00771484 ms)
[09/26/2026-13:18:30] [I] Average on 10 runs - GPU latency: 4.28359 ms - Host latency: 4.28359 ms (enqueue 0.00791016 ms)
[09/26/2026-13:18:30] [I] Average on 10 runs - GPU latency: 4.27529 ms - Host latency: 4.27529 ms (enqueue 0.00683594 ms)
[09/26/2026-13:18:30] [I] Average on 10 runs - GPU latency: 4.3082 ms - Host latency: 4.3082 ms (enqueue 0.00839844 ms)
[09/26/2026-13:18:30] [I] Average on 10 runs - GPU latency: 4.30312 ms - Host latency: 4.30312 ms (enqueue 0.00869141 ms)
[09/26/2026-13:18:30] [I] Average on 10 runs - GPU latency: 4.31484 ms - Host latency: 4.31484 ms (enqueue 0.00898437 ms)
[09/26/2026-13:18:30] [I] Average on 10 runs - GPU latency: 4.14072 ms - Host latency: 4.14072 ms (enqueue 0.00771484 ms)
[09/26/2026-13:18:30] [I] Average on 10 runs - GPU latency: 4.25313 ms - Host latency: 4.25313 ms (enqueue 0.00810547 ms)
[09/26/2026-13:18:30] [I] Average on 10 runs - GPU latency: 4.31787 ms - Host latency: 4.31787 ms (enqueue 0.00849609 ms)
[09/26/2026-13:18:30] [I] Average on 10 runs - GPU latency: 4.08809 ms - Host latency: 4.08809 ms (enqueue 0.00654297 ms)
[09/26/2026-13:18:30] [I] Average on 10 runs - GPU latency: 4.52432 ms - Host latency: 4.52432 ms (enqueue 0.00693359 ms)
[09/26/2026-13:18:30] [I] Average on 10 runs - GPU latency: 4.30986 ms - Host latency: 4.30986 ms (enqueue 0.00869141 ms)
[09/26/2026-13:18:30] [I] Average on 10 runs - GPU latency: 4.18379 ms - Host latency: 4.18379 ms (enqueue 0.00771484 ms)
[09/26/2026-13:18:30] [I] Average on 10 runs - GPU latency: 4.2875 ms - Host latency: 4.2875 ms (enqueue 0.00830078 ms)
[09/26/2026-13:18:30] [I] Average on 10 runs - GPU latency: 4.32539 ms - Host latency: 4.32539 ms (enqueue 0.00810547 ms)
[09/26/2026-13:18:30] [I] Average on 10 runs - GPU latency: 4.29375 ms - Host latency: 4.29375 ms (enqueue 0.00830078 ms)
[09/26/2026-13:18:30] [I] Average on 10 runs - GPU latency: 4.31973 ms - Host latency: 4.31973 ms (enqueue 0.00869141 ms)
[09/26/2026-13:18:30] [I] Average on 10 runs - GPU latency: 4.20684 ms - Host latency: 4.20684 ms (enqueue 0.00751953 ms)
[09/26/2026-13:18:30] [I] Average on 10 runs - GPU latency: 4.28848 ms - Host latency: 4.28848 ms (enqueue 0.0078125 ms)
[09/26/2026-13:18:30] [I] Average on 10 runs - GPU latency: 4.32305 ms - Host latency: 4.32305 ms (enqueue 0.00820312 ms)
[09/26/2026-13:18:30] [I] Average on 10 runs - GPU latency: 4.16719 ms - Host latency: 4.16719 ms (enqueue 0.00742187 ms)
[09/26/2026-13:18:30] [I] Average on 10 runs - GPU latency: 4.37969 ms - Host latency: 4.37969 ms (enqueue 0.00839844 ms)
[09/26/2026-13:18:30] [I] Average on 10 runs - GPU latency: 4.26074 ms - Host latency: 4.26074 ms (enqueue 0.00878906 ms)
[09/26/2026-13:18:30] [I] Average on 10 runs - GPU latency: 4.2877 ms - Host latency: 4.2877 ms (enqueue 0.00800781 ms)
[09/26/2026-13:18:30] [I] Average on 10 runs - GPU latency: 4.52598 ms - Host latency: 4.52598 ms (enqueue 0.00917969 ms)
[09/26/2026-13:18:30] [I] Average on 10 runs - GPU latency: 4.26973 ms - Host latency: 4.26973 ms (enqueue 0.00761719 ms)
[09/26/2026-13:18:30] [I] Average on 10 runs - GPU latency: 4.40547 ms - Host latency: 4.40547 ms (enqueue 0.00957031 ms)
[09/26/2026-13:18:30] [I] Average on 10 runs - GPU latency: 4.27227 ms - Host latency: 4.27227 ms (enqueue 0.00878906 ms)
[09/26/2026-13:18:30] [I] Average on 10 runs - GPU latency: 4.31426 ms - Host latency: 4.31426 ms (enqueue 0.00898437 ms)
[09/26/2026-13:18:30] [I] Average on 10 runs - GPU latency: 4.28555 ms - Host latency: 4.28555 ms (enqueue 0.00800781 ms)
[09/26/2026-13:18:30] [I] Average on 10 runs - GPU latency: 4.28594 ms - Host latency: 4.28594 ms (enqueue 0.0078125 ms)
[09/26/2026-13:18:30] [I] Average on 10 runs - GPU latency: 4.2877 ms - Host latency: 4.2877 ms (enqueue 0.00761719 ms)
[09/26/2026-13:18:30] [I] Average on 10 runs - GPU latency: 4.3252 ms - Host latency: 4.3252 ms (enqueue 0.00859375 ms)
[09/26/2026-13:18:30] [I] 
[09/26/2026-13:18:30] [I] === Performance summary ===
[09/26/2026-13:18:30] [I] Throughput: 230.495 qps
[09/26/2026-13:18:30] [I] Latency: min = 4.04102 ms, max = 8.84863 ms, mean = 4.33737 ms, median = 4.27441 ms, percentile(90%) = 4.44727 ms, percentile(95%) = 4.6709 ms, percentile(99%) = 7.23926 ms
[09/26/2026-13:18:30] [I] Enqueue Time: min = 0.00390625 ms, max = 0.0290527 ms, mean = 0.00824033 ms, median = 0.00683594 ms, percentile(90%) = 0.012207 ms, percentile(95%) = 0.0126953 ms, percentile(99%) = 0.0146484 ms
[09/26/2026-13:18:30] [I] H2D Latency: min = 0 ms, max = 0 ms, mean = 0 ms, median = 0 ms, percentile(90%) = 0 ms, percentile(95%) = 0 ms, percentile(99%) = 0 ms
[09/26/2026-13:18:30] [I] GPU Compute Time: min = 4.04102 ms, max = 8.84863 ms, mean = 4.33737 ms, median = 4.27441 ms, percentile(90%) = 4.44727 ms, percentile(95%) = 4.6709 ms, percentile(99%) = 7.23926 ms
[09/26/2026-13:18:30] [I] D2H Latency: min = 0 ms, max = 0 ms, mean = 0 ms, median = 0 ms, percentile(90%) = 0 ms, percentile(95%) = 0 ms, percentile(99%) = 0 ms
[09/26/2026-13:18:30] [I] Total Host Walltime: 15.0068 s
[09/26/2026-13:18:30] [I] Total GPU Compute Time: 15.0029 s
[09/26/2026-13:18:30] [I] Explanations of the performance metrics are printed in the verbose logs.
[09/26/2026-13:18:30] [I] 
&&&& PASSED TensorRT.trtexec [TensorRT v101602] [b10] # /usr/src/tensorrt/bin/trtexec --onnx=/home/vdavid21/edge-inference-benchmark-lab/results/peak_gemm/onnx/matmul_2048_tf32.onnx --noDataTransfers --useCudaGraph --useSpinWait --warmUp=2000 --duration=15 --memPoolSize=workspace:1024M --profilingVerbosity=detailed --exportLayerInfo=/home/vdavid21/edge-inference-benchmark-lab/results/peak_gemm/20260926T111728Z_N2048-4096_25W_pinned_a74615cea83b/layers_2048_tf32.json
[09/26/2026-13:18:30] [W] * GPU compute time is unstable, with coefficient of variance = 11.2819%.
[09/26/2026-13:18:30] [W]   If not already in use, locking GPU clock frequency or adding --useSpinWait may improve the stability.
