&&&& RUNNING TensorRT.trtexec [TensorRT v101602] [b10] # /usr/src/tensorrt/bin/trtexec --onnx=/home/vdavid21/edge-inference-benchmark-lab/results/peak_gemm/onnx/matmul_2048_fp32.onnx --noDataTransfers --useCudaGraph --useSpinWait --warmUp=2000 --duration=15 --memPoolSize=workspace:1024M --profilingVerbosity=detailed --exportLayerInfo=/home/vdavid21/edge-inference-benchmark-lab/results/peak_gemm/20260926T111728Z_N2048-4096_25W_pinned_a74615cea83b/layers_2048_fp32.json --noTF32
[09/26/2026-13:17:29] [I] TF32 is enabled by default. Add --noTF32 flag to further improve accuracy with some performance cost.
[09/26/2026-13:17:29] [I] === Model Options ===
[09/26/2026-13:17:29] [I] Format: ONNX
[09/26/2026-13:17:29] [I] Model: /home/vdavid21/edge-inference-benchmark-lab/results/peak_gemm/onnx/matmul_2048_fp32.onnx
[09/26/2026-13:17:29] [I] Output:
[09/26/2026-13:17:29] [I] === Build Options ===
[09/26/2026-13:17:29] [I] Memory Pools: workspace: 1024 MiB, dlaSRAM: default, dlaLocalDRAM: default, dlaGlobalDRAM: default, tacticSharedMem: default
[09/26/2026-13:17:29] [I] avgTiming: 8
[09/26/2026-13:17:29] [I] Precision: FP32
[09/26/2026-13:17:29] [I] LayerPrecisions: 
[09/26/2026-13:17:29] [I] Layer Device Types: 
[09/26/2026-13:17:29] [I] Decomposable Attentions: 
[09/26/2026-13:17:29] [I] Calibration: 
[09/26/2026-13:17:29] [I] Refit: Disabled
[09/26/2026-13:17:29] [I] Strip weights: Disabled
[09/26/2026-13:17:29] [I] Version Compatible: Disabled
[09/26/2026-13:17:29] [I] ONNX Plugin InstanceNorm: Disabled
[09/26/2026-13:17:29] [I] ONNX kENABLE_UINT8_AND_ASYMMETRIC_QUANTIZATION_DLA flag: Disabled
[09/26/2026-13:17:29] [I] ONNX kREPORT_CAPABILITY_DLA flag: Disabled
[09/26/2026-13:17:29] [I] ONNX kADJUST_FOR_DLA flag: Disabled
[09/26/2026-13:17:29] [I] ONNX kENABLE_PLUGIN_OVERRIDE flag: Disabled
[09/26/2026-13:17:29] [I] TensorRT runtime: full
[09/26/2026-13:17:29] [I] Lean DLL Path: 
[09/26/2026-13:17:29] [I] Tempfile Controls: { in_memory: allow, temporary: allow }
[09/26/2026-13:17:29] [I] Exclude Lean Runtime: Disabled
[09/26/2026-13:17:29] [I] Sparsity: Disabled
[09/26/2026-13:17:29] [I] Safe mode: Disabled
[09/26/2026-13:17:29] [I] Build DLA standalone loadable: Disabled
[09/26/2026-13:17:29] [I] Allow GPU fallback for DLA: Disabled
[09/26/2026-13:17:29] [I] DirectIO mode: Disabled
[09/26/2026-13:17:29] [I] Restricted mode: Disabled
[09/26/2026-13:17:29] [I] Skip inference: Disabled
[09/26/2026-13:17:29] [I] Save engine: 
[09/26/2026-13:17:29] [I] Load engine: 
[09/26/2026-13:17:29] [I] Profiling verbosity: 2
[09/26/2026-13:17:29] [I] Tactic sources: Using default tactic sources
[09/26/2026-13:17:29] [I] timingCacheMode: local
[09/26/2026-13:17:29] [I] timingCacheFile: 
[09/26/2026-13:17:29] [I] Enable Compilation Cache: Enabled
[09/26/2026-13:17:29] [I] Enable Monitor Memory: Disabled
[09/26/2026-13:17:29] [I] CPU Only Mode: Disabled
[09/26/2026-13:17:29] [I] errorOnTimingCacheMiss: Disabled
[09/26/2026-13:17:29] [I] Preview Features: Use default preview flags.
[09/26/2026-13:17:29] [I] MaxAuxStreams: -1
[09/26/2026-13:17:29] [I] BuilderOptimizationLevel: -1
[09/26/2026-13:17:29] [I] MaxTactics: -1
[09/26/2026-13:17:29] [I] Calibration Profile Index: 0
[09/26/2026-13:17:29] [I] Weight Streaming: Disabled
[09/26/2026-13:17:29] [I] Runtime Platform: Same As Build
[09/26/2026-13:17:29] [I] Debug Tensors: 
[09/26/2026-13:17:29] [I] Distributive Independence: Disabled
[09/26/2026-13:17:29] [I] Mark Unfused Tensors As Debug Tensors: Disabled
[09/26/2026-13:17:29] [I] Input(s)s format: fp32:CHW
[09/26/2026-13:17:29] [I] Output(s)s format: fp32:CHW
[09/26/2026-13:17:29] [I] Input build shapes: model
[09/26/2026-13:17:29] [I] Input calibration shapes: model
[09/26/2026-13:17:29] [I] === System Options ===
[09/26/2026-13:17:29] [I] Device: 0
[09/26/2026-13:17:29] [I] DLACore: 
[09/26/2026-13:17:29] [I] Loaded static plugins:
[09/26/2026-13:17:29] [I] setPluginsToSerialize:
[09/26/2026-13:17:29] [I] dynamicPlugins:
[09/26/2026-13:17:29] [I] ignoreParsedPluginLibs: 0
[09/26/2026-13:17:29] [I] 
[09/26/2026-13:17:29] [I] === Inference Options ===
[09/26/2026-13:17:29] [I] Batch: Explicit
[09/26/2026-13:17:29] [I] Input inference shapes: model
[09/26/2026-13:17:29] [I] Iterations: 10
[09/26/2026-13:17:29] [I] Duration: 15s (+ 2000ms warm up)
[09/26/2026-13:17:29] [I] Sleep time: 0ms
[09/26/2026-13:17:29] [I] Idle time: 0ms
[09/26/2026-13:17:29] [I] Inference Streams: 1
[09/26/2026-13:17:29] [I] ExposeDMA: Disabled
[09/26/2026-13:17:29] [I] Data transfers: Disabled
[09/26/2026-13:17:29] [I] Spin-wait: Enabled
[09/26/2026-13:17:29] [I] Multithreading: Disabled
[09/26/2026-13:17:29] [I] CUDA Graph: Enabled
[09/26/2026-13:17:29] [I] Separate profiling: Disabled
[09/26/2026-13:17:29] [I] Time Deserialize: Disabled
[09/26/2026-13:17:29] [I] Time Refit: Disabled
[09/26/2026-13:17:29] [I] NVTX verbosity: 2
[09/26/2026-13:17:29] [I] Persistent Cache Ratio: 0
[09/26/2026-13:17:29] [I] Optimization Profile Index: 0
[09/26/2026-13:17:29] [I] Weight Streaming Budget: 100.000000%
[09/26/2026-13:17:29] [I] Inputs:
[09/26/2026-13:17:29] [I] Debug Tensor Save Destinations:
[09/26/2026-13:17:29] [I] Dump All Debug Tensor in Formats: 
[09/26/2026-13:17:29] [I] === Reporting Options ===
[09/26/2026-13:17:29] [I] Verbose: Disabled
[09/26/2026-13:17:29] [I] Averages: 10 inferences
[09/26/2026-13:17:29] [I] Percentiles: 90,95,99
[09/26/2026-13:17:29] [I] Dump refittable layers:Disabled
[09/26/2026-13:17:29] [I] Dump output: Disabled
[09/26/2026-13:17:29] [I] Profile: Disabled
[09/26/2026-13:17:29] [I] Export timing to JSON file: 
[09/26/2026-13:17:29] [I] Export output to JSON file: 
[09/26/2026-13:17:29] [I] Export profile to JSON file: 
[09/26/2026-13:17:29] [I] 
[09/26/2026-13:17:29] [I] === Device Information ===
[09/26/2026-13:17:29] [I] Available Devices: 
[09/26/2026-13:17:29] [I]   Device 0: "Orin" UUID: GPU-5e79c5ba-a005-59b8-a6a3-d87e61f25d8b
[09/26/2026-13:17:29] [I] Selected Device: Orin
[09/26/2026-13:17:29] [I] Selected Device ID: 0
[09/26/2026-13:17:29] [I] Selected Device UUID: GPU-5e79c5ba-a005-59b8-a6a3-d87e61f25d8b
[09/26/2026-13:17:29] [I] Compute Capability: 8.7
[09/26/2026-13:17:29] [I] SMs: 8
[09/26/2026-13:17:29] [I] Device Global Memory: 7485 MiB
[09/26/2026-13:17:29] [I] Shared Memory per SM: 164 KiB
[09/26/2026-13:17:29] [I] Memory Bus Width: 128 bits (ECC disabled)
[09/26/2026-13:17:29] [I] Application Compute Clock Rate: 1.02 GHz
[09/26/2026-13:17:29] [I] Application Memory Clock Rate: 0.918 GHz
[09/26/2026-13:17:29] [I] 
[09/26/2026-13:17:29] [I] Note: The application clock rates do not reflect the actual clock rates that the GPU is currently running at.
[09/26/2026-13:17:29] [I] 
[09/26/2026-13:17:29] [I] TensorRT version: 10.16.2
[09/26/2026-13:17:29] [I] Loading standard plugins
[09/26/2026-13:17:29] [I] [TRT] [MemUsageChange] Init CUDA: CPU +1, GPU +0, now: CPU 24, GPU 3696 (MiB)
[09/26/2026-13:17:29] [I] Start parsing network model.
[09/26/2026-13:17:29] [I] [TRT] ----------------------------------------------------------------
[09/26/2026-13:17:29] [I] [TRT] Input filename:   /home/vdavid21/edge-inference-benchmark-lab/results/peak_gemm/onnx/matmul_2048_fp32.onnx
[09/26/2026-13:17:29] [I] [TRT] ONNX IR version:  0.0.13
[09/26/2026-13:17:29] [I] [TRT] Opset version:    17
[09/26/2026-13:17:29] [I] [TRT] Producer name:    
[09/26/2026-13:17:29] [I] [TRT] Producer version: 
[09/26/2026-13:17:29] [I] [TRT] Domain:           
[09/26/2026-13:17:29] [I] [TRT] Model version:    0
[09/26/2026-13:17:29] [I] [TRT] Doc string:       
[09/26/2026-13:17:29] [I] [TRT] ----------------------------------------------------------------
[09/26/2026-13:17:29] [I] Finished parsing network model. Parse time: 0.0156555
[09/26/2026-13:17:32] [I] [TRT] [MemUsageChange] Init builder kernel library: CPU +200, GPU +187, now: CPU 441, GPU 4087 (MiB)
[09/26/2026-13:17:32] [I] [TRT] Local timing cache in use. Profiling results in this builder pass will not be stored.
[09/26/2026-13:17:32] [I] [TRT] Compiler backend is used during engine build.
[09/26/2026-13:17:46] [I] [TRT] Detected 1 inputs and 1 output network tensors.
[09/26/2026-13:17:46] [I] [TRT] Total Host Persistent Memory: 80 bytes
[09/26/2026-13:17:46] [I] [TRT] Total Device Persistent Memory: 0 bytes
[09/26/2026-13:17:46] [I] [TRT] Max Scratch Memory: 0 bytes
[09/26/2026-13:17:46] [I] [TRT] Total Activation Memory: 0 bytes
[09/26/2026-13:17:46] [I] [TRT] Total Weights Memory: 16777472 bytes
[09/26/2026-13:17:46] [I] [TRT] Compiler backend is used during engine execution.
[09/26/2026-13:17:46] [I] [TRT] Engine generation completed in 14.1374 seconds.
[09/26/2026-13:17:46] [I] [TRT] [MemUsageStats] Peak memory usage of TRT CPU/GPU memory allocators: CPU 0 MiB, GPU 48 MiB
[09/26/2026-13:17:46] [I] Created engine with size: 16.0437 MiB
[09/26/2026-13:17:46] [I] Engine built in 16.5184 sec.
[09/26/2026-13:17:47] [I] [TRT] Loaded engine size: 16 MiB
[09/26/2026-13:17:47] [I] Engine deserialized in 0.0104824 sec.
[09/26/2026-13:17:47] [I] [TRT] [MemUsageChange] TensorRT-managed allocation in IExecutionContext creation: CPU +0, GPU +0, now: CPU 0, GPU 16 (MiB)
[09/26/2026-13:17:47] [I] Setting persistentCacheLimit to 0 bytes.
[09/26/2026-13:17:47] [I] Created execution context with device memory size: 0 MiB
[09/26/2026-13:17:47] [I] Using random values for input A
[09/26/2026-13:17:47] [I] Input binding for A with dimensions 2048x2048 and type fp32 is created.
[09/26/2026-13:17:47] [I] Output binding for Y with dimensions 2048x2048 and type fp32 is created.
[09/26/2026-13:17:47] [I] Starting inference
[09/26/2026-13:17:47] [I] Capturing CUDA graph for the current execution context
[09/26/2026-13:17:47] [I] Successfully captured CUDA graph for the current execution context
[09/26/2026-13:18:04] [I] Warmup completed 174 queries over 2000 ms
[09/26/2026-13:18:04] [I] Timing trace has 1309 queries over 15.0166 s
[09/26/2026-13:18:04] [I] 
[09/26/2026-13:18:04] [I] === Trace details ===
[09/26/2026-13:18:04] [I] Trace averages of 10 runs:
[09/26/2026-13:18:04] [I] Average on 10 runs - GPU latency: 11.4546 ms - Host latency: 11.4546 ms (enqueue 0.0072998 ms)
[09/26/2026-13:18:04] [I] Average on 10 runs - GPU latency: 11.4742 ms - Host latency: 11.4742 ms (enqueue 0.00754395 ms)
[09/26/2026-13:18:04] [I] Average on 10 runs - GPU latency: 11.4639 ms - Host latency: 11.4639 ms (enqueue 0.00776367 ms)
[09/26/2026-13:18:04] [I] Average on 10 runs - GPU latency: 11.4832 ms - Host latency: 11.4832 ms (enqueue 0.00822754 ms)
[09/26/2026-13:18:04] [I] Average on 10 runs - GPU latency: 11.4815 ms - Host latency: 11.4815 ms (enqueue 0.00795898 ms)
[09/26/2026-13:18:04] [I] Average on 10 runs - GPU latency: 11.4694 ms - Host latency: 11.4694 ms (enqueue 0.00778809 ms)
[09/26/2026-13:18:04] [I] Average on 10 runs - GPU latency: 11.4662 ms - Host latency: 11.4662 ms (enqueue 0.00773926 ms)
[09/26/2026-13:18:04] [I] Average on 10 runs - GPU latency: 11.4734 ms - Host latency: 11.4734 ms (enqueue 0.0078125 ms)
[09/26/2026-13:18:04] [I] Average on 10 runs - GPU latency: 11.4564 ms - Host latency: 11.4564 ms (enqueue 0.00739746 ms)
[09/26/2026-13:18:04] [I] Average on 10 runs - GPU latency: 11.4568 ms - Host latency: 11.4568 ms (enqueue 0.00759277 ms)
[09/26/2026-13:18:04] [I] Average on 10 runs - GPU latency: 11.4665 ms - Host latency: 11.4665 ms (enqueue 0.0078125 ms)
[09/26/2026-13:18:04] [I] Average on 10 runs - GPU latency: 11.4607 ms - Host latency: 11.4607 ms (enqueue 0.00822754 ms)
[09/26/2026-13:18:04] [I] Average on 10 runs - GPU latency: 11.4486 ms - Host latency: 11.4486 ms (enqueue 0.00927734 ms)
[09/26/2026-13:18:04] [I] Average on 10 runs - GPU latency: 11.4663 ms - Host latency: 11.4663 ms (enqueue 0.00744629 ms)
[09/26/2026-13:18:04] [I] Average on 10 runs - GPU latency: 11.4785 ms - Host latency: 11.4785 ms (enqueue 0.00727539 ms)
[09/26/2026-13:18:04] [I] Average on 10 runs - GPU latency: 11.4673 ms - Host latency: 11.4673 ms (enqueue 0.00778809 ms)
[09/26/2026-13:18:04] [I] Average on 10 runs - GPU latency: 11.4632 ms - Host latency: 11.4632 ms (enqueue 0.0076416 ms)
[09/26/2026-13:18:04] [I] Average on 10 runs - GPU latency: 11.4589 ms - Host latency: 11.4589 ms (enqueue 0.00727539 ms)
[09/26/2026-13:18:04] [I] Average on 10 runs - GPU latency: 11.4835 ms - Host latency: 11.4835 ms (enqueue 0.00761719 ms)
[09/26/2026-13:18:04] [I] Average on 10 runs - GPU latency: 11.4694 ms - Host latency: 11.4694 ms (enqueue 0.00717773 ms)
[09/26/2026-13:18:04] [I] Average on 10 runs - GPU latency: 11.4641 ms - Host latency: 11.4641 ms (enqueue 0.00708008 ms)
[09/26/2026-13:18:04] [I] Average on 10 runs - GPU latency: 11.4617 ms - Host latency: 11.4617 ms (enqueue 0.00737305 ms)
[09/26/2026-13:18:04] [I] Average on 10 runs - GPU latency: 11.4856 ms - Host latency: 11.4856 ms (enqueue 0.00693359 ms)
[09/26/2026-13:18:04] [I] Average on 10 runs - GPU latency: 11.4719 ms - Host latency: 11.4719 ms (enqueue 0.00727539 ms)
[09/26/2026-13:18:04] [I] Average on 10 runs - GPU latency: 11.4617 ms - Host latency: 11.4617 ms (enqueue 0.00693359 ms)
[09/26/2026-13:18:04] [I] Average on 10 runs - GPU latency: 11.4674 ms - Host latency: 11.4674 ms (enqueue 0.00703125 ms)
[09/26/2026-13:18:04] [I] Average on 10 runs - GPU latency: 11.4822 ms - Host latency: 11.4822 ms (enqueue 0.00688477 ms)
[09/26/2026-13:18:04] [I] Average on 10 runs - GPU latency: 11.4625 ms - Host latency: 11.4625 ms (enqueue 0.00678711 ms)
[09/26/2026-13:18:04] [I] Average on 10 runs - GPU latency: 11.4845 ms - Host latency: 11.4845 ms (enqueue 0.00673828 ms)
[09/26/2026-13:18:04] [I] Average on 10 runs - GPU latency: 11.4819 ms - Host latency: 11.4819 ms (enqueue 0.00668945 ms)
[09/26/2026-13:18:04] [I] Average on 10 runs - GPU latency: 11.476 ms - Host latency: 11.476 ms (enqueue 0.00756836 ms)
[09/26/2026-13:18:04] [I] Average on 10 runs - GPU latency: 11.4673 ms - Host latency: 11.4673 ms (enqueue 0.00761719 ms)
[09/26/2026-13:18:04] [I] Average on 10 runs - GPU latency: 11.4608 ms - Host latency: 11.4608 ms (enqueue 0.00761719 ms)
[09/26/2026-13:18:04] [I] Average on 10 runs - GPU latency: 11.4741 ms - Host latency: 11.4741 ms (enqueue 0.00776367 ms)
[09/26/2026-13:18:04] [I] Average on 10 runs - GPU latency: 11.4708 ms - Host latency: 11.4708 ms (enqueue 0.00751953 ms)
[09/26/2026-13:18:04] [I] Average on 10 runs - GPU latency: 11.4789 ms - Host latency: 11.4789 ms (enqueue 0.00727539 ms)
[09/26/2026-13:18:04] [I] Average on 10 runs - GPU latency: 11.4699 ms - Host latency: 11.4699 ms (enqueue 0.0074707 ms)
[09/26/2026-13:18:04] [I] Average on 10 runs - GPU latency: 11.4713 ms - Host latency: 11.4713 ms (enqueue 0.00766602 ms)
[09/26/2026-13:18:04] [I] Average on 10 runs - GPU latency: 11.47 ms - Host latency: 11.47 ms (enqueue 0.00864258 ms)
[09/26/2026-13:18:04] [I] Average on 10 runs - GPU latency: 11.4568 ms - Host latency: 11.4568 ms (enqueue 0.00737305 ms)
[09/26/2026-13:18:04] [I] Average on 10 runs - GPU latency: 11.4832 ms - Host latency: 11.4832 ms (enqueue 0.00756836 ms)
[09/26/2026-13:18:04] [I] Average on 10 runs - GPU latency: 11.4624 ms - Host latency: 11.4624 ms (enqueue 0.0074707 ms)
[09/26/2026-13:18:04] [I] Average on 10 runs - GPU latency: 11.4511 ms - Host latency: 11.4511 ms (enqueue 0.00986328 ms)
[09/26/2026-13:18:04] [I] Average on 10 runs - GPU latency: 11.4595 ms - Host latency: 11.4595 ms (enqueue 0.0081543 ms)
[09/26/2026-13:18:04] [I] Average on 10 runs - GPU latency: 11.4651 ms - Host latency: 11.4651 ms (enqueue 0.00849609 ms)
[09/26/2026-13:18:04] [I] Average on 10 runs - GPU latency: 11.4708 ms - Host latency: 11.4708 ms (enqueue 0.00810547 ms)
[09/26/2026-13:18:04] [I] Average on 10 runs - GPU latency: 11.4792 ms - Host latency: 11.4792 ms (enqueue 0.0074707 ms)
[09/26/2026-13:18:04] [I] Average on 10 runs - GPU latency: 11.4755 ms - Host latency: 11.4755 ms (enqueue 0.00825195 ms)
[09/26/2026-13:18:04] [I] Average on 10 runs - GPU latency: 11.4874 ms - Host latency: 11.4874 ms (enqueue 0.00771484 ms)
[09/26/2026-13:18:04] [I] Average on 10 runs - GPU latency: 11.4626 ms - Host latency: 11.4626 ms (enqueue 0.00722656 ms)
[09/26/2026-13:18:04] [I] Average on 10 runs - GPU latency: 11.4734 ms - Host latency: 11.4734 ms (enqueue 0.00717773 ms)
[09/26/2026-13:18:04] [I] Average on 10 runs - GPU latency: 11.467 ms - Host latency: 11.467 ms (enqueue 0.00727539 ms)
[09/26/2026-13:18:04] [I] Average on 10 runs - GPU latency: 11.4633 ms - Host latency: 11.4633 ms (enqueue 0.00708008 ms)
[09/26/2026-13:18:04] [I] Average on 10 runs - GPU latency: 11.4861 ms - Host latency: 11.4861 ms (enqueue 0.00771484 ms)
[09/26/2026-13:18:04] [I] Average on 10 runs - GPU latency: 11.4707 ms - Host latency: 11.4707 ms (enqueue 0.00732422 ms)
[09/26/2026-13:18:04] [I] Average on 10 runs - GPU latency: 11.4768 ms - Host latency: 11.4768 ms (enqueue 0.00751953 ms)
[09/26/2026-13:18:04] [I] Average on 10 runs - GPU latency: 11.4812 ms - Host latency: 11.4812 ms (enqueue 0.00888672 ms)
[09/26/2026-13:18:04] [I] Average on 10 runs - GPU latency: 11.4644 ms - Host latency: 11.4644 ms (enqueue 0.0078125 ms)
[09/26/2026-13:18:04] [I] Average on 10 runs - GPU latency: 11.4794 ms - Host latency: 11.4794 ms (enqueue 0.00791016 ms)
[09/26/2026-13:18:04] [I] Average on 10 runs - GPU latency: 11.4846 ms - Host latency: 11.4846 ms (enqueue 0.00742187 ms)
[09/26/2026-13:18:04] [I] Average on 10 runs - GPU latency: 11.476 ms - Host latency: 11.476 ms (enqueue 0.00761719 ms)
[09/26/2026-13:18:04] [I] Average on 10 runs - GPU latency: 11.4624 ms - Host latency: 11.4624 ms (enqueue 0.00761719 ms)
[09/26/2026-13:18:04] [I] Average on 10 runs - GPU latency: 11.4646 ms - Host latency: 11.4646 ms (enqueue 0.00742187 ms)
[09/26/2026-13:18:04] [I] Average on 10 runs - GPU latency: 11.4675 ms - Host latency: 11.4675 ms (enqueue 0.00703125 ms)
[09/26/2026-13:18:04] [I] Average on 10 runs - GPU latency: 11.4723 ms - Host latency: 11.4723 ms (enqueue 0.00742187 ms)
[09/26/2026-13:18:04] [I] Average on 10 runs - GPU latency: 11.4779 ms - Host latency: 11.4779 ms (enqueue 0.00878906 ms)
[09/26/2026-13:18:04] [I] Average on 10 runs - GPU latency: 11.4597 ms - Host latency: 11.4597 ms (enqueue 0.00791016 ms)
[09/26/2026-13:18:04] [I] Average on 10 runs - GPU latency: 11.4612 ms - Host latency: 11.4612 ms (enqueue 0.00771484 ms)
[09/26/2026-13:18:04] [I] Average on 10 runs - GPU latency: 11.462 ms - Host latency: 11.462 ms (enqueue 0.00712891 ms)
[09/26/2026-13:18:04] [I] Average on 10 runs - GPU latency: 11.4705 ms - Host latency: 11.4705 ms (enqueue 0.00820312 ms)
[09/26/2026-13:18:04] [I] Average on 10 runs - GPU latency: 11.4695 ms - Host latency: 11.4695 ms (enqueue 0.00751953 ms)
[09/26/2026-13:18:04] [I] Average on 10 runs - GPU latency: 11.4563 ms - Host latency: 11.4563 ms (enqueue 0.00693359 ms)
[09/26/2026-13:18:04] [I] Average on 10 runs - GPU latency: 11.4691 ms - Host latency: 11.4691 ms (enqueue 0.00742187 ms)
[09/26/2026-13:18:04] [I] Average on 10 runs - GPU latency: 11.4741 ms - Host latency: 11.4741 ms (enqueue 0.00751953 ms)
[09/26/2026-13:18:04] [I] Average on 10 runs - GPU latency: 11.4656 ms - Host latency: 11.4656 ms (enqueue 0.00751953 ms)
[09/26/2026-13:18:04] [I] Average on 10 runs - GPU latency: 11.4723 ms - Host latency: 11.4723 ms (enqueue 0.00673828 ms)
[09/26/2026-13:18:04] [I] Average on 10 runs - GPU latency: 11.4687 ms - Host latency: 11.4687 ms (enqueue 0.00712891 ms)
[09/26/2026-13:18:04] [I] Average on 10 runs - GPU latency: 11.4658 ms - Host latency: 11.4658 ms (enqueue 0.00742187 ms)
[09/26/2026-13:18:04] [I] Average on 10 runs - GPU latency: 11.4729 ms - Host latency: 11.4729 ms (enqueue 0.00722656 ms)
[09/26/2026-13:18:04] [I] Average on 10 runs - GPU latency: 11.4798 ms - Host latency: 11.4798 ms (enqueue 0.00732422 ms)
[09/26/2026-13:18:04] [I] Average on 10 runs - GPU latency: 11.4612 ms - Host latency: 11.4612 ms (enqueue 0.00703125 ms)
[09/26/2026-13:18:04] [I] Average on 10 runs - GPU latency: 11.4678 ms - Host latency: 11.4678 ms (enqueue 0.00712891 ms)
[09/26/2026-13:18:04] [I] Average on 10 runs - GPU latency: 11.4625 ms - Host latency: 11.4625 ms (enqueue 0.00742187 ms)
[09/26/2026-13:18:04] [I] Average on 10 runs - GPU latency: 11.4718 ms - Host latency: 11.4718 ms (enqueue 0.00791016 ms)
[09/26/2026-13:18:04] [I] Average on 10 runs - GPU latency: 11.4558 ms - Host latency: 11.4558 ms (enqueue 0.00703125 ms)
[09/26/2026-13:18:04] [I] Average on 10 runs - GPU latency: 11.4488 ms - Host latency: 11.4488 ms (enqueue 0.00712891 ms)
[09/26/2026-13:18:04] [I] Average on 10 runs - GPU latency: 11.484 ms - Host latency: 11.484 ms (enqueue 0.00644531 ms)
[09/26/2026-13:18:04] [I] Average on 10 runs - GPU latency: 11.4768 ms - Host latency: 11.4768 ms (enqueue 0.00673828 ms)
[09/26/2026-13:18:04] [I] Average on 10 runs - GPU latency: 11.4629 ms - Host latency: 11.4629 ms (enqueue 0.00712891 ms)
[09/26/2026-13:18:04] [I] Average on 10 runs - GPU latency: 11.4711 ms - Host latency: 11.4711 ms (enqueue 0.00673828 ms)
[09/26/2026-13:18:04] [I] Average on 10 runs - GPU latency: 11.4658 ms - Host latency: 11.4658 ms (enqueue 0.00693359 ms)
[09/26/2026-13:18:04] [I] Average on 10 runs - GPU latency: 11.479 ms - Host latency: 11.479 ms (enqueue 0.00761719 ms)
[09/26/2026-13:18:04] [I] Average on 10 runs - GPU latency: 11.4805 ms - Host latency: 11.4805 ms (enqueue 0.00693359 ms)
[09/26/2026-13:18:04] [I] Average on 10 runs - GPU latency: 11.4807 ms - Host latency: 11.4807 ms (enqueue 0.00703125 ms)
[09/26/2026-13:18:04] [I] Average on 10 runs - GPU latency: 11.6021 ms - Host latency: 11.6021 ms (enqueue 0.00761719 ms)
[09/26/2026-13:18:04] [I] Average on 10 runs - GPU latency: 11.4582 ms - Host latency: 11.4582 ms (enqueue 0.00703125 ms)
[09/26/2026-13:18:04] [I] Average on 10 runs - GPU latency: 11.4645 ms - Host latency: 11.4645 ms (enqueue 0.00722656 ms)
[09/26/2026-13:18:04] [I] Average on 10 runs - GPU latency: 11.4682 ms - Host latency: 11.4682 ms (enqueue 0.00683594 ms)
[09/26/2026-13:18:04] [I] Average on 10 runs - GPU latency: 11.4927 ms - Host latency: 11.4927 ms (enqueue 0.00693359 ms)
[09/26/2026-13:18:04] [I] Average on 10 runs - GPU latency: 11.4864 ms - Host latency: 11.4864 ms (enqueue 0.00751953 ms)
[09/26/2026-13:18:04] [I] Average on 10 runs - GPU latency: 11.4717 ms - Host latency: 11.4717 ms (enqueue 0.00712891 ms)
[09/26/2026-13:18:04] [I] Average on 10 runs - GPU latency: 11.4684 ms - Host latency: 11.4684 ms (enqueue 0.00712891 ms)
[09/26/2026-13:18:04] [I] Average on 10 runs - GPU latency: 11.4829 ms - Host latency: 11.4829 ms (enqueue 0.00751953 ms)
[09/26/2026-13:18:04] [I] Average on 10 runs - GPU latency: 11.4564 ms - Host latency: 11.4564 ms (enqueue 0.00732422 ms)
[09/26/2026-13:18:04] [I] Average on 10 runs - GPU latency: 11.4562 ms - Host latency: 11.4562 ms (enqueue 0.00703125 ms)
[09/26/2026-13:18:04] [I] Average on 10 runs - GPU latency: 11.4744 ms - Host latency: 11.4744 ms (enqueue 0.00712891 ms)
[09/26/2026-13:18:04] [I] Average on 10 runs - GPU latency: 11.4828 ms - Host latency: 11.4828 ms (enqueue 0.00732422 ms)
[09/26/2026-13:18:04] [I] Average on 10 runs - GPU latency: 11.4787 ms - Host latency: 11.4787 ms (enqueue 0.00712891 ms)
[09/26/2026-13:18:04] [I] Average on 10 runs - GPU latency: 11.47 ms - Host latency: 11.47 ms (enqueue 0.00722656 ms)
[09/26/2026-13:18:04] [I] Average on 10 runs - GPU latency: 11.4813 ms - Host latency: 11.4813 ms (enqueue 0.00703125 ms)
[09/26/2026-13:18:04] [I] Average on 10 runs - GPU latency: 11.4708 ms - Host latency: 11.4708 ms (enqueue 0.00703125 ms)
[09/26/2026-13:18:04] [I] Average on 10 runs - GPU latency: 11.4648 ms - Host latency: 11.4648 ms (enqueue 0.00742187 ms)
[09/26/2026-13:18:04] [I] Average on 10 runs - GPU latency: 11.4669 ms - Host latency: 11.4669 ms (enqueue 0.00722656 ms)
[09/26/2026-13:18:04] [I] Average on 10 runs - GPU latency: 11.463 ms - Host latency: 11.463 ms (enqueue 0.00683594 ms)
[09/26/2026-13:18:04] [I] Average on 10 runs - GPU latency: 11.4621 ms - Host latency: 11.4621 ms (enqueue 0.00751953 ms)
[09/26/2026-13:18:04] [I] Average on 10 runs - GPU latency: 11.4693 ms - Host latency: 11.4693 ms (enqueue 0.00712891 ms)
[09/26/2026-13:18:04] [I] Average on 10 runs - GPU latency: 11.4675 ms - Host latency: 11.4675 ms (enqueue 0.00683594 ms)
[09/26/2026-13:18:04] [I] Average on 10 runs - GPU latency: 11.4781 ms - Host latency: 11.4781 ms (enqueue 0.00693359 ms)
[09/26/2026-13:18:04] [I] Average on 10 runs - GPU latency: 11.4689 ms - Host latency: 11.4689 ms (enqueue 0.00673828 ms)
[09/26/2026-13:18:04] [I] Average on 10 runs - GPU latency: 11.4788 ms - Host latency: 11.4788 ms (enqueue 0.00644531 ms)
[09/26/2026-13:18:04] [I] Average on 10 runs - GPU latency: 11.4533 ms - Host latency: 11.4533 ms (enqueue 0.00673828 ms)
[09/26/2026-13:18:04] [I] Average on 10 runs - GPU latency: 11.4784 ms - Host latency: 11.4784 ms (enqueue 0.00683594 ms)
[09/26/2026-13:18:04] [I] Average on 10 runs - GPU latency: 11.4702 ms - Host latency: 11.4702 ms (enqueue 0.00751953 ms)
[09/26/2026-13:18:04] [I] Average on 10 runs - GPU latency: 11.4684 ms - Host latency: 11.4684 ms (enqueue 0.00742187 ms)
[09/26/2026-13:18:04] [I] Average on 10 runs - GPU latency: 11.4741 ms - Host latency: 11.4741 ms (enqueue 0.00683594 ms)
[09/26/2026-13:18:04] [I] Average on 10 runs - GPU latency: 11.4527 ms - Host latency: 11.4527 ms (enqueue 0.00703125 ms)
[09/26/2026-13:18:04] [I] Average on 10 runs - GPU latency: 11.46 ms - Host latency: 11.46 ms (enqueue 0.00683594 ms)
[09/26/2026-13:18:04] [I] Average on 10 runs - GPU latency: 11.4885 ms - Host latency: 11.4885 ms (enqueue 0.00761719 ms)
[09/26/2026-13:18:04] [I] Average on 10 runs - GPU latency: 11.473 ms - Host latency: 11.473 ms (enqueue 0.00664063 ms)
[09/26/2026-13:18:04] [I] Average on 10 runs - GPU latency: 11.458 ms - Host latency: 11.458 ms (enqueue 0.0078125 ms)
[09/26/2026-13:18:04] [I] 
[09/26/2026-13:18:04] [I] === Performance summary ===
[09/26/2026-13:18:04] [I] Throughput: 87.1702 qps
[09/26/2026-13:18:04] [I] Latency: min = 11.3877 ms, max = 12.4219 ms, mean = 11.4707 ms, median = 11.4678 ms, percentile(90%) = 11.5117 ms, percentile(95%) = 11.5269 ms, percentile(99%) = 11.5513 ms
[09/26/2026-13:18:04] [I] Enqueue Time: min = 0.00585938 ms, max = 0.0214844 ms, mean = 0.00740087 ms, median = 0.00683594 ms, percentile(90%) = 0.00805664 ms, percentile(95%) = 0.0112305 ms, percentile(99%) = 0.0141602 ms
[09/26/2026-13:18:04] [I] H2D Latency: min = 0 ms, max = 0 ms, mean = 0 ms, median = 0 ms, percentile(90%) = 0 ms, percentile(95%) = 0 ms, percentile(99%) = 0 ms
[09/26/2026-13:18:04] [I] GPU Compute Time: min = 11.3877 ms, max = 12.4219 ms, mean = 11.4707 ms, median = 11.4678 ms, percentile(90%) = 11.5117 ms, percentile(95%) = 11.5269 ms, percentile(99%) = 11.5513 ms
[09/26/2026-13:18:04] [I] D2H Latency: min = 0 ms, max = 0 ms, mean = 0 ms, median = 0 ms, percentile(90%) = 0 ms, percentile(95%) = 0 ms, percentile(99%) = 0 ms
[09/26/2026-13:18:04] [I] Total Host Walltime: 15.0166 s
[09/26/2026-13:18:04] [I] Total GPU Compute Time: 15.0151 s
[09/26/2026-13:18:04] [I] Explanations of the performance metrics are printed in the verbose logs.
[09/26/2026-13:18:04] [I] 
&&&& PASSED TensorRT.trtexec [TensorRT v101602] [b10] # /usr/src/tensorrt/bin/trtexec --onnx=/home/vdavid21/edge-inference-benchmark-lab/results/peak_gemm/onnx/matmul_2048_fp32.onnx --noDataTransfers --useCudaGraph --useSpinWait --warmUp=2000 --duration=15 --memPoolSize=workspace:1024M --profilingVerbosity=detailed --exportLayerInfo=/home/vdavid21/edge-inference-benchmark-lab/results/peak_gemm/20260926T111728Z_N2048-4096_25W_pinned_a74615cea83b/layers_2048_fp32.json --noTF32
