&&&& RUNNING TensorRT.trtexec [TensorRT v101602] [b10] # trtexec --loadEngine=mobilenetv2_tf32.plan --shapes=input:1x3x224x224 --warmUp=2000 --duration=30 --useCudaGraph --exportTimes=times_tf32_graph.json
[09/19/2026-22:33:42] [I] TF32 is enabled by default. Add --noTF32 flag to further improve accuracy with some performance cost.
[09/19/2026-22:33:42] [I] === Model Options ===
[09/19/2026-22:33:42] [I] Format: *
[09/19/2026-22:33:42] [I] Model: 
[09/19/2026-22:33:42] [I] Output:
[09/19/2026-22:33:42] [I] 
[09/19/2026-22:33:42] [I] === System Options ===
[09/19/2026-22:33:42] [I] Device: 0
[09/19/2026-22:33:42] [I] DLACore: 
[09/19/2026-22:33:42] [I] Loaded static plugins:
[09/19/2026-22:33:42] [I] setPluginsToSerialize:
[09/19/2026-22:33:42] [I] dynamicPlugins:
[09/19/2026-22:33:42] [I] ignoreParsedPluginLibs: 0
[09/19/2026-22:33:42] [I] 
[09/19/2026-22:33:42] [I] === Inference Options ===
[09/19/2026-22:33:42] [I] Batch: Explicit
[09/19/2026-22:33:42] [I] Input inference shape : input=1x3x224x224
[09/19/2026-22:33:42] [I] Iterations: 10
[09/19/2026-22:33:42] [I] Duration: 30s (+ 2000ms warm up)
[09/19/2026-22:33:42] [I] Sleep time: 0ms
[09/19/2026-22:33:42] [I] Idle time: 0ms
[09/19/2026-22:33:42] [I] Inference Streams: 1
[09/19/2026-22:33:42] [I] ExposeDMA: Disabled
[09/19/2026-22:33:42] [I] Data transfers: Enabled
[09/19/2026-22:33:42] [I] Spin-wait: Disabled
[09/19/2026-22:33:42] [I] Multithreading: Disabled
[09/19/2026-22:33:42] [I] CUDA Graph: Enabled
[09/19/2026-22:33:42] [I] Separate profiling: Disabled
[09/19/2026-22:33:42] [I] Time Deserialize: Disabled
[09/19/2026-22:33:42] [I] Time Refit: Disabled
[09/19/2026-22:33:42] [I] NVTX verbosity: 0
[09/19/2026-22:33:42] [I] Persistent Cache Ratio: 0
[09/19/2026-22:33:42] [I] Optimization Profile Index: 0
[09/19/2026-22:33:42] [I] Weight Streaming Budget: 100.000000%
[09/19/2026-22:33:42] [I] Inputs:
[09/19/2026-22:33:42] [I] Debug Tensor Save Destinations:
[09/19/2026-22:33:42] [I] Dump All Debug Tensor in Formats: 
[09/19/2026-22:33:42] [I] === Reporting Options ===
[09/19/2026-22:33:42] [I] Verbose: Disabled
[09/19/2026-22:33:42] [I] Averages: 10 inferences
[09/19/2026-22:33:42] [I] Percentiles: 90,95,99
[09/19/2026-22:33:42] [I] Dump refittable layers:Disabled
[09/19/2026-22:33:42] [I] Dump output: Disabled
[09/19/2026-22:33:42] [I] Profile: Disabled
[09/19/2026-22:33:42] [I] Export timing to JSON file: times_tf32_graph.json
[09/19/2026-22:33:42] [I] Export output to JSON file: 
[09/19/2026-22:33:42] [I] Export profile to JSON file: 
[09/19/2026-22:33:42] [I] 
[09/19/2026-22:33:42] [I] === Device Information ===
[09/19/2026-22:33:42] [I] Available Devices: 
[09/19/2026-22:33:42] [I]   Device 0: "Orin" UUID: GPU-5e79c5ba-a005-59b8-a6a3-d87e61f25d8b
[09/19/2026-22:33:42] [I] Selected Device: Orin
[09/19/2026-22:33:42] [I] Selected Device ID: 0
[09/19/2026-22:33:42] [I] Selected Device UUID: GPU-5e79c5ba-a005-59b8-a6a3-d87e61f25d8b
[09/19/2026-22:33:42] [I] Compute Capability: 8.7
[09/19/2026-22:33:42] [I] SMs: 8
[09/19/2026-22:33:42] [I] Device Global Memory: 7485 MiB
[09/19/2026-22:33:42] [I] Shared Memory per SM: 164 KiB
[09/19/2026-22:33:42] [I] Memory Bus Width: 128 bits (ECC disabled)
[09/19/2026-22:33:42] [I] Application Compute Clock Rate: 1.02 GHz
[09/19/2026-22:33:42] [I] Application Memory Clock Rate: 0.918 GHz
[09/19/2026-22:33:42] [I] 
[09/19/2026-22:33:42] [I] Note: The application clock rates do not reflect the actual clock rates that the GPU is currently running at.
[09/19/2026-22:33:42] [I] 
[09/19/2026-22:33:42] [I] TensorRT version: 10.16.2
[09/19/2026-22:33:42] [I] Loading standard plugins
[09/19/2026-22:33:42] [I] [TRT] Loaded engine size: 13 MiB
[09/19/2026-22:33:42] [I] Engine deserialized in 0.0493615 sec.
[09/19/2026-22:33:42] [I] [TRT] [MemUsageChange] TensorRT-managed allocation in IExecutionContext creation: CPU +0, GPU +7, now: CPU 0, GPU 20 (MiB)
[09/19/2026-22:33:42] [I] Setting persistentCacheLimit to 0 bytes.
[09/19/2026-22:33:42] [I] Created execution context with device memory size: 6.69922 MiB
[09/19/2026-22:33:42] [I] Using random values for input input
[09/19/2026-22:33:42] [I] Input binding for input with dimensions 1x3x224x224 and type fp32 is created.
[09/19/2026-22:33:42] [I] Output binding for output with dimensions 1x1000 and type fp32 is created.
[09/19/2026-22:33:42] [I] Starting inference
[09/19/2026-22:33:42] [I] Capturing CUDA graph for the current execution context
[09/19/2026-22:33:42] [I] Successfully captured CUDA graph for the current execution context
[09/19/2026-22:34:14] [I] Warmup completed 1533 queries over 2000 ms
[09/19/2026-22:34:14] [I] Timing trace has 23317 queries over 30.0043 s
[09/19/2026-22:34:14] [I] 
[09/19/2026-22:34:14] [I] === Trace details ===
[09/19/2026-22:34:14] [I] Trace averages of 10 runs:
[09/19/2026-22:34:14] [I] Average on 10 runs - GPU latency: 1.28384 ms - Host latency: 1.33142 ms (enqueue 0.00948486 ms)
[09/19/2026-22:34:14] [I] Average on 10 runs - GPU latency: 1.28302 ms - Host latency: 1.33147 ms (enqueue 0.00992432 ms)
[09/19/2026-22:34:14] [I] Average on 10 runs - GPU latency: 1.28287 ms - Host latency: 1.3314 ms (enqueue 0.00958252 ms)
[09/19/2026-22:34:14] [I] Average on 10 runs - GPU latency: 1.28457 ms - Host latency: 1.33236 ms (enqueue 0.0101196 ms)
[09/19/2026-22:34:14] [I] Average on 10 runs - GPU latency: 1.28381 ms - Host latency: 1.33188 ms (enqueue 0.00969238 ms)
[09/19/2026-22:34:14] [I] Average on 10 runs - GPU latency: 1.28418 ms - Host latency: 1.33159 ms (enqueue 0.00981445 ms)
[09/19/2026-22:34:14] [I] Average on 10 runs - GPU latency: 1.28328 ms - Host latency: 1.33232 ms (enqueue 0.00966797 ms)
[09/19/2026-22:34:14] [I] Average on 10 runs - GPU latency: 1.28345 ms - Host latency: 1.33164 ms (enqueue 0.00959473 ms)
[09/19/2026-22:34:14] [I] Average on 10 runs - GPU latency: 1.28491 ms - Host latency: 1.3325 ms (enqueue 0.00979004 ms)
[09/19/2026-22:34:14] [I] Average on 10 runs - GPU latency: 1.2832 ms - Host latency: 1.33169 ms (enqueue 0.00981445 ms)
[09/19/2026-22:34:14] [I] Average on 10 runs - GPU latency: 1.28374 ms - Host latency: 1.33157 ms (enqueue 0.0097168 ms)
[09/19/2026-22:34:14] [I] Average on 10 runs - GPU latency: 1.28301 ms - Host latency: 1.33132 ms (enqueue 0.00961914 ms)
[09/19/2026-22:34:14] [I] Average on 10 runs - GPU latency: 1.28352 ms - Host latency: 1.33196 ms (enqueue 0.00976562 ms)
[09/19/2026-22:34:14] [I] Average on 10 runs - GPU latency: 1.28428 ms - Host latency: 1.33286 ms (enqueue 0.0101318 ms)
[09/19/2026-22:34:14] [I] Average on 10 runs - GPU latency: 1.28306 ms - Host latency: 1.3322 ms (enqueue 0.0100098 ms)
[09/19/2026-22:34:14] [I] Average on 10 runs - GPU latency: 1.51458 ms - Host latency: 1.56572 ms (enqueue 0.0112061 ms)
[09/19/2026-22:34:14] [I] Average on 10 runs - GPU latency: 1.32712 ms - Host latency: 1.37446 ms (enqueue 0.00947266 ms)
[09/19/2026-22:34:14] [I] Average on 10 runs - GPU latency: 1.28311 ms - Host latency: 1.33054 ms (enqueue 0.009375 ms)
[09/19/2026-22:34:14] [I] Average on 10 runs - GPU latency: 1.28323 ms - Host latency: 1.33032 ms (enqueue 0.00939941 ms)
[09/19/2026-22:34:14] [I] Average on 10 runs - GPU latency: 1.2833 ms - Host latency: 1.33159 ms (enqueue 0.00944824 ms)
[09/19/2026-22:34:14] [I] Average on 10 runs - GPU latency: 1.28318 ms - Host latency: 1.33066 ms (enqueue 0.00893555 ms)
[09/19/2026-22:34:14] [I] Average on 10 runs - GPU latency: 1.28328 ms - Host latency: 1.32993 ms (enqueue 0.00908203 ms)
[09/19/2026-22:34:14] [I] Average on 10 runs - GPU latency: 1.28296 ms - Host latency: 1.32998 ms (enqueue 0.00930176 ms)
[09/19/2026-22:34:14] [I] Average on 10 runs - GPU latency: 1.28323 ms - Host latency: 1.33269 ms (enqueue 0.00927734 ms)
[09/19/2026-22:34:14] [I] Average on 10 runs - GPU latency: 1.28301 ms - Host latency: 1.33186 ms (enqueue 0.0097168 ms)
[09/19/2026-22:34:14] [I] Average on 10 runs - GPU latency: 1.28467 ms - Host latency: 1.33208 ms (enqueue 0.0097168 ms)
[09/19/2026-22:34:14] [I] Average on 10 runs - GPU latency: 1.28333 ms - Host latency: 1.33196 ms (enqueue 0.0107666 ms)
[09/19/2026-22:34:14] [I] Average on 10 runs - GPU latency: 1.28374 ms - Host latency: 1.33169 ms (enqueue 0.00939941 ms)
[09/19/2026-22:34:14] [I] Average on 10 runs - GPU latency: 1.28374 ms - Host latency: 1.33171 ms (enqueue 0.00947266 ms)
[09/19/2026-22:34:14] [I] Average on 10 runs - GPU latency: 1.28406 ms - Host latency: 1.33228 ms (enqueue 0.00961914 ms)
[09/19/2026-22:34:14] [I] Average on 10 runs - GPU latency: 1.28235 ms - Host latency: 1.33013 ms (enqueue 0.00930176 ms)
[09/19/2026-22:34:14] [I] Average on 10 runs - GPU latency: 1.28254 ms - Host latency: 1.33098 ms (enqueue 0.00964355 ms)
[09/19/2026-22:34:14] [I] Average on 10 runs - GPU latency: 1.28491 ms - Host latency: 1.33198 ms (enqueue 0.00966797 ms)
[09/19/2026-22:34:14] [I] Average on 10 runs - GPU latency: 1.28364 ms - Host latency: 1.33206 ms (enqueue 0.00986328 ms)
[09/19/2026-22:34:14] [I] Average on 10 runs - GPU latency: 1.2832 ms - Host latency: 1.33149 ms (enqueue 0.00949707 ms)
[09/19/2026-22:34:14] [I] Average on 10 runs - GPU latency: 1.28303 ms - Host latency: 1.33145 ms (enqueue 0.00959473 ms)
[09/19/2026-22:34:14] [I] Average on 10 runs - GPU latency: 1.28364 ms - Host latency: 1.33225 ms (enqueue 0.00959473 ms)
[09/19/2026-22:34:14] [I] Average on 10 runs - GPU latency: 1.28313 ms - Host latency: 1.33118 ms (enqueue 0.00957031 ms)
[09/19/2026-22:34:14] [I] Average on 10 runs - GPU latency: 1.28315 ms - Host latency: 1.33135 ms (enqueue 0.00959473 ms)
[09/19/2026-22:34:14] [I] Average on 10 runs - GPU latency: 1.2842 ms - Host latency: 1.33274 ms (enqueue 0.00966797 ms)
[09/19/2026-22:34:14] [I] Average on 10 runs - GPU latency: 1.28284 ms - Host latency: 1.33245 ms (enqueue 0.00983887 ms)
[09/19/2026-22:34:14] [I] Average on 10 runs - GPU latency: 1.28364 ms - Host latency: 1.3334 ms (enqueue 0.0105225 ms)
[09/19/2026-22:34:14] [I] Average on 10 runs - GPU latency: 1.28345 ms - Host latency: 1.33398 ms (enqueue 0.0103271 ms)
[09/19/2026-22:34:14] [I] Average on 10 runs - GPU latency: 1.28416 ms - Host latency: 1.33398 ms (enqueue 0.0103027 ms)
[09/19/2026-22:34:14] [I] Average on 10 runs - GPU latency: 1.28442 ms - Host latency: 1.33137 ms (enqueue 0.00895996 ms)
[09/19/2026-22:34:14] [I] Average on 10 runs - GPU latency: 1.28425 ms - Host latency: 1.33179 ms (enqueue 0.00905762 ms)
[09/19/2026-22:34:14] [I] Average on 10 runs - GPU latency: 1.28447 ms - Host latency: 1.33425 ms (enqueue 0.0102539 ms)
[09/19/2026-22:34:14] [I] Average on 10 runs - GPU latency: 1.28403 ms - Host latency: 1.33352 ms (enqueue 0.00986328 ms)
[09/19/2026-22:34:14] [I] Average on 10 runs - GPU latency: 1.2834 ms - Host latency: 1.33213 ms (enqueue 0.00979004 ms)
[09/19/2026-22:34:14] [I] Average on 10 runs - GPU latency: 1.28508 ms - Host latency: 1.33396 ms (enqueue 0.00979004 ms)
[09/19/2026-22:34:14] [I] Average on 10 runs - GPU latency: 1.28359 ms - Host latency: 1.33267 ms (enqueue 0.010083 ms)
[09/19/2026-22:34:14] [I] Average on 10 runs - GPU latency: 1.28369 ms - Host latency: 1.33367 ms (enqueue 0.00991211 ms)
[09/19/2026-22:34:14] [I] Average on 10 runs - GPU latency: 1.28376 ms - Host latency: 1.32986 ms (enqueue 0.0090332 ms)
[09/19/2026-22:34:14] [I] Average on 10 runs - GPU latency: 1.28379 ms - Host latency: 1.33308 ms (enqueue 0.00952148 ms)
[09/19/2026-22:34:14] [I] Average on 10 runs - GPU latency: 1.28267 ms - Host latency: 1.32937 ms (enqueue 0.00905762 ms)
[09/19/2026-22:34:14] [I] Average on 10 runs - GPU latency: 1.28328 ms - Host latency: 1.33027 ms (enqueue 0.00908203 ms)
[09/19/2026-22:34:14] [I] Average on 10 runs - GPU latency: 1.2856 ms - Host latency: 1.33354 ms (enqueue 0.010498 ms)
[09/19/2026-22:34:14] [I] Average on 10 runs - GPU latency: 1.28274 ms - Host latency: 1.33035 ms (enqueue 0.0095459 ms)
[09/19/2026-22:34:14] [I] Average on 10 runs - GPU latency: 1.28381 ms - Host latency: 1.33035 ms (enqueue 0.00913086 ms)
[09/19/2026-22:34:14] [I] Average on 10 runs - GPU latency: 1.28274 ms - Host latency: 1.32817 ms (enqueue 0.00810547 ms)
[09/19/2026-22:34:14] [I] Average on 10 runs - GPU latency: 1.28398 ms - Host latency: 1.33101 ms (enqueue 0.00847168 ms)
[09/19/2026-22:34:14] [I] Average on 10 runs - GPU latency: 1.53098 ms - Host latency: 1.58018 ms (enqueue 0.0105225 ms)
[09/19/2026-22:34:14] [I] Average on 10 runs - GPU latency: 1.33215 ms - Host latency: 1.38127 ms (enqueue 0.00932617 ms)
[09/19/2026-22:34:14] [I] Average on 10 runs - GPU latency: 1.28389 ms - Host latency: 1.33188 ms (enqueue 0.00876465 ms)
[09/19/2026-22:34:14] [I] Average on 10 runs - GPU latency: 1.28462 ms - Host latency: 1.3325 ms (enqueue 0.00942383 ms)
[09/19/2026-22:34:14] [I] Average on 10 runs - GPU latency: 1.28254 ms - Host latency: 1.33108 ms (enqueue 0.00895996 ms)
[09/19/2026-22:34:14] [I] Average on 10 runs - GPU latency: 1.28354 ms - Host latency: 1.33157 ms (enqueue 0.00893555 ms)
[09/19/2026-22:34:14] [I] Average on 10 runs - GPU latency: 1.28293 ms - Host latency: 1.33171 ms (enqueue 0.00905762 ms)
[09/19/2026-22:34:14] [I] Average on 10 runs - GPU latency: 1.28289 ms - Host latency: 1.33013 ms (enqueue 0.00910645 ms)
[09/19/2026-22:34:14] [I] Average on 10 runs - GPU latency: 1.2835 ms - Host latency: 1.33252 ms (enqueue 0.00949707 ms)
[09/19/2026-22:34:14] [I] Average on 10 runs - GPU latency: 1.28423 ms - Host latency: 1.33364 ms (enqueue 0.00949707 ms)
[09/19/2026-22:34:14] [I] Average on 10 runs - GPU latency: 1.28284 ms - Host latency: 1.3312 ms (enqueue 0.00981445 ms)
[09/19/2026-22:34:14] [I] Average on 10 runs - GPU latency: 1.28286 ms - Host latency: 1.33079 ms (enqueue 0.00991211 ms)
[09/19/2026-22:34:14] [I] Average on 10 runs - GPU latency: 1.28289 ms - Host latency: 1.3314 ms (enqueue 0.010083 ms)
[09/19/2026-22:34:14] [I] Average on 10 runs - GPU latency: 1.28281 ms - Host latency: 1.33115 ms (enqueue 0.0097168 ms)
[09/19/2026-22:34:14] [I] Average on 10 runs - GPU latency: 1.28376 ms - Host latency: 1.33127 ms (enqueue 0.00961914 ms)
[09/19/2026-22:34:14] [I] Average on 10 runs - GPU latency: 1.28303 ms - Host latency: 1.3312 ms (enqueue 0.00979004 ms)
[09/19/2026-22:34:14] [I] Average on 10 runs - GPU latency: 1.28284 ms - Host latency: 1.33203 ms (enqueue 0.00983887 ms)
[09/19/2026-22:34:14] [I] Average on 10 runs - GPU latency: 1.28367 ms - Host latency: 1.33127 ms (enqueue 0.0101318 ms)
[09/19/2026-22:34:14] [I] Average on 10 runs - GPU latency: 1.28347 ms - Host latency: 1.33452 ms (enqueue 0.0103516 ms)
[09/19/2026-22:34:14] [I] Average on 10 runs - GPU latency: 1.28276 ms - Host latency: 1.3313 ms (enqueue 0.0097168 ms)
[09/19/2026-22:34:14] [I] Average on 10 runs - GPU latency: 1.28337 ms - Host latency: 1.33293 ms (enqueue 0.00983887 ms)
[09/19/2026-22:34:14] [I] Average on 10 runs - GPU latency: 1.28198 ms - Host latency: 1.3311 ms (enqueue 0.0100098 ms)
[09/19/2026-22:34:14] [I] Average on 10 runs - GPU latency: 1.28308 ms - Host latency: 1.33281 ms (enqueue 0.00964355 ms)
[09/19/2026-22:34:14] [I] Average on 10 runs - GPU latency: 1.28267 ms - Host latency: 1.33337 ms (enqueue 0.00998535 ms)
[09/19/2026-22:34:14] [I] Average on 10 runs - GPU latency: 1.28394 ms - Host latency: 1.33318 ms (enqueue 0.0100098 ms)
[09/19/2026-22:34:14] [I] Average on 10 runs - GPU latency: 1.28347 ms - Host latency: 1.33311 ms (enqueue 0.0100342 ms)
[09/19/2026-22:34:14] [I] Average on 10 runs - GPU latency: 1.28311 ms - Host latency: 1.3333 ms (enqueue 0.0115723 ms)
[09/19/2026-22:34:14] [I] Average on 10 runs - GPU latency: 1.28291 ms - Host latency: 1.33362 ms (enqueue 0.0101562 ms)
[09/19/2026-22:34:14] [I] Average on 10 runs - GPU latency: 1.28325 ms - Host latency: 1.33306 ms (enqueue 0.0098877 ms)
[09/19/2026-22:34:14] [I] Average on 10 runs - GPU latency: 1.28284 ms - Host latency: 1.33359 ms (enqueue 0.00969238 ms)
[09/19/2026-22:34:14] [I] Average on 10 runs - GPU latency: 1.28279 ms - Host latency: 1.33374 ms (enqueue 0.0101074 ms)
[09/19/2026-22:34:14] [I] Average on 10 runs - GPU latency: 1.2844 ms - Host latency: 1.33301 ms (enqueue 0.00991211 ms)
[09/19/2026-22:34:14] [I] Average on 10 runs - GPU latency: 1.28359 ms - Host latency: 1.33237 ms (enqueue 0.00993652 ms)
[09/19/2026-22:34:14] [I] Average on 10 runs - GPU latency: 1.28257 ms - Host latency: 1.33296 ms (enqueue 0.0101318 ms)
[09/19/2026-22:34:14] [I] Average on 10 runs - GPU latency: 1.28367 ms - Host latency: 1.33367 ms (enqueue 0.010083 ms)
[09/19/2026-22:34:14] [I] Average on 10 runs - GPU latency: 1.28362 ms - Host latency: 1.33164 ms (enqueue 0.00996094 ms)
[09/19/2026-22:34:14] [I] Average on 10 runs - GPU latency: 1.28242 ms - Host latency: 1.33037 ms (enqueue 0.00949707 ms)
[09/19/2026-22:34:14] [I] Average on 10 runs - GPU latency: 1.28386 ms - Host latency: 1.33174 ms (enqueue 0.00966797 ms)
[09/19/2026-22:34:14] [I] Average on 10 runs - GPU latency: 1.28296 ms - Host latency: 1.33186 ms (enqueue 0.00991211 ms)
[09/19/2026-22:34:14] [I] Average on 10 runs - GPU latency: 1.28318 ms - Host latency: 1.33289 ms (enqueue 0.0101318 ms)
[09/19/2026-22:34:14] [I] Average on 10 runs - GPU latency: 1.28347 ms - Host latency: 1.33386 ms (enqueue 0.0102295 ms)
[09/19/2026-22:34:14] [I] Average on 10 runs - GPU latency: 1.2822 ms - Host latency: 1.33154 ms (enqueue 0.0102539 ms)
[09/19/2026-22:34:14] [I] Average on 10 runs - GPU latency: 1.28274 ms - Host latency: 1.33481 ms (enqueue 0.0103271 ms)
[09/19/2026-22:34:14] [I] Average on 10 runs - GPU latency: 1.28352 ms - Host latency: 1.3302 ms (enqueue 0.0095459 ms)
[09/19/2026-22:34:14] [I] Average on 10 runs - GPU latency: 1.28252 ms - Host latency: 1.33181 ms (enqueue 0.0100098 ms)
[09/19/2026-22:34:14] [I] Average on 10 runs - GPU latency: 1.28335 ms - Host latency: 1.33135 ms (enqueue 0.0095459 ms)
[09/19/2026-22:34:14] [I] Average on 10 runs - GPU latency: 1.28379 ms - Host latency: 1.33215 ms (enqueue 0.00964355 ms)
[09/19/2026-22:34:14] [I] Average on 10 runs - GPU latency: 1.5262 ms - Host latency: 1.57581 ms (enqueue 0.0106445 ms)
[09/19/2026-22:34:14] [I] Average on 10 runs - GPU latency: 1.32688 ms - Host latency: 1.37771 ms (enqueue 0.0100342 ms)
[09/19/2026-22:34:14] [I] Average on 10 runs - GPU latency: 1.28389 ms - Host latency: 1.33269 ms (enqueue 0.00974121 ms)
[09/19/2026-22:34:14] [I] Average on 10 runs - GPU latency: 1.28274 ms - Host latency: 1.33218 ms (enqueue 0.0102295 ms)
[09/19/2026-22:34:14] [I] Average on 10 runs - GPU latency: 1.28279 ms - Host latency: 1.33142 ms (enqueue 0.0100586 ms)
[09/19/2026-22:34:14] [I] Average on 10 runs - GPU latency: 1.28279 ms - Host latency: 1.33254 ms (enqueue 0.0101807 ms)
[09/19/2026-22:34:14] [I] Average on 10 runs - GPU latency: 1.2821 ms - Host latency: 1.33125 ms (enqueue 0.00998535 ms)
[09/19/2026-22:34:14] [I] Average on 10 runs - GPU latency: 1.28323 ms - Host latency: 1.33276 ms (enqueue 0.0101562 ms)
[09/19/2026-22:34:14] [I] Average on 10 runs - GPU latency: 1.28286 ms - Host latency: 1.33257 ms (enqueue 0.0098877 ms)
[09/19/2026-22:34:14] [I] Average on 10 runs - GPU latency: 1.28279 ms - Host latency: 1.33242 ms (enqueue 0.0098877 ms)
[09/19/2026-22:34:14] [I] Average on 10 runs - GPU latency: 1.28298 ms - Host latency: 1.3332 ms (enqueue 0.0101074 ms)
[09/19/2026-22:34:14] [I] Average on 10 runs - GPU latency: 1.28379 ms - Host latency: 1.3335 ms (enqueue 0.0100342 ms)
[09/19/2026-22:34:14] [I] Average on 10 runs - GPU latency: 1.2823 ms - Host latency: 1.3301 ms (enqueue 0.00998535 ms)
[09/19/2026-22:34:14] [I] Average on 10 runs - GPU latency: 1.2833 ms - Host latency: 1.33428 ms (enqueue 0.0102783 ms)
[09/19/2026-22:34:14] [I] Average on 10 runs - GPU latency: 1.28362 ms - Host latency: 1.33389 ms (enqueue 0.00993652 ms)
[09/19/2026-22:34:14] [I] Average on 10 runs - GPU latency: 1.28152 ms - Host latency: 1.33193 ms (enqueue 0.0105225 ms)
[09/19/2026-22:34:14] [I] Average on 10 runs - GPU latency: 1.28201 ms - Host latency: 1.32883 ms (enqueue 0.00935059 ms)
[09/19/2026-22:34:14] [I] Average on 10 runs - GPU latency: 1.28296 ms - Host latency: 1.3313 ms (enqueue 0.00976562 ms)
[09/19/2026-22:34:14] [I] Average on 10 runs - GPU latency: 1.28435 ms - Host latency: 1.33103 ms (enqueue 0.00930176 ms)
[09/19/2026-22:34:14] [I] Average on 10 runs - GPU latency: 1.28252 ms - Host latency: 1.33218 ms (enqueue 0.0100342 ms)
[09/19/2026-22:34:14] [I] Average on 10 runs - GPU latency: 1.28354 ms - Host latency: 1.33318 ms (enqueue 0.0115967 ms)
[09/19/2026-22:34:14] [I] Average on 10 runs - GPU latency: 1.28245 ms - Host latency: 1.33191 ms (enqueue 0.00979004 ms)
[09/19/2026-22:34:14] [I] Average on 10 runs - GPU latency: 1.28271 ms - Host latency: 1.33215 ms (enqueue 0.0097168 ms)
[09/19/2026-22:34:14] [I] Average on 10 runs - GPU latency: 1.28271 ms - Host latency: 1.33279 ms (enqueue 0.00976562 ms)
[09/19/2026-22:34:14] [I] Average on 10 runs - GPU latency: 1.28242 ms - Host latency: 1.3314 ms (enqueue 0.0097168 ms)
[09/19/2026-22:34:14] [I] Average on 10 runs - GPU latency: 1.28262 ms - Host latency: 1.33225 ms (enqueue 0.00966797 ms)
[09/19/2026-22:34:14] [I] Average on 10 runs - GPU latency: 1.28254 ms - Host latency: 1.33191 ms (enqueue 0.00966797 ms)
[09/19/2026-22:34:14] [I] Average on 10 runs - GPU latency: 1.28354 ms - Host latency: 1.33259 ms (enqueue 0.00969238 ms)
[09/19/2026-22:34:14] [I] Average on 10 runs - GPU latency: 1.28286 ms - Host latency: 1.33135 ms (enqueue 0.00952148 ms)
[09/19/2026-22:34:14] [I] Average on 10 runs - GPU latency: 1.28279 ms - Host latency: 1.33181 ms (enqueue 0.0092041 ms)
[09/19/2026-22:34:14] [I] Average on 10 runs - GPU latency: 1.28374 ms - Host latency: 1.33289 ms (enqueue 0.00964355 ms)
[09/19/2026-22:34:14] [I] Average on 10 runs - GPU latency: 1.28362 ms - Host latency: 1.33237 ms (enqueue 0.00930176 ms)
[09/19/2026-22:34:14] [I] Average on 10 runs - GPU latency: 1.28284 ms - Host latency: 1.33091 ms (enqueue 0.00974121 ms)
[09/19/2026-22:34:14] [I] Average on 10 runs - GPU latency: 1.28413 ms - Host latency: 1.33254 ms (enqueue 0.00964355 ms)
[09/19/2026-22:34:14] [I] Average on 10 runs - GPU latency: 1.28259 ms - Host latency: 1.33218 ms (enqueue 0.0098877 ms)
[09/19/2026-22:34:14] [I] Average on 10 runs - GPU latency: 1.28328 ms - Host latency: 1.33159 ms (enqueue 0.0098877 ms)
[09/19/2026-22:34:14] [I] Average on 10 runs - GPU latency: 1.28306 ms - Host latency: 1.33257 ms (enqueue 0.00981445 ms)
[09/19/2026-22:34:14] [I] Average on 10 runs - GPU latency: 1.28298 ms - Host latency: 1.33252 ms (enqueue 0.0097168 ms)
[09/19/2026-22:34:14] [I] Average on 10 runs - GPU latency: 1.28396 ms - Host latency: 1.33335 ms (enqueue 0.0100342 ms)
[09/19/2026-22:34:14] [I] Average on 10 runs - GPU latency: 1.28247 ms - Host latency: 1.33186 ms (enqueue 0.00998535 ms)
[09/19/2026-22:34:14] [I] Average on 10 runs - GPU latency: 1.28347 ms - Host latency: 1.3325 ms (enqueue 0.00964355 ms)
[09/19/2026-22:34:14] [I] Average on 10 runs - GPU latency: 1.28386 ms - Host latency: 1.33259 ms (enqueue 0.00969238 ms)
[09/19/2026-22:34:14] [I] Average on 10 runs - GPU latency: 1.28298 ms - Host latency: 1.33235 ms (enqueue 0.00957031 ms)
[09/19/2026-22:34:14] [I] Average on 10 runs - GPU latency: 1.28237 ms - Host latency: 1.3322 ms (enqueue 0.00961914 ms)
[09/19/2026-22:34:14] [I] Average on 10 runs - GPU latency: 1.28301 ms - Host latency: 1.33108 ms (enqueue 0.00998535 ms)
[09/19/2026-22:34:14] [I] Average on 10 runs - GPU latency: 1.28406 ms - Host latency: 1.33381 ms (enqueue 0.011084 ms)
[09/19/2026-22:34:14] [I] Average on 10 runs - GPU latency: 1.48569 ms - Host latency: 1.53496 ms (enqueue 0.00998535 ms)
[09/19/2026-22:34:14] [I] Average on 10 runs - GPU latency: 1.36834 ms - Host latency: 1.42273 ms (enqueue 0.0112549 ms)
[09/19/2026-22:34:14] [I] Average on 10 runs - GPU latency: 1.2825 ms - Host latency: 1.33076 ms (enqueue 0.0097168 ms)
[09/19/2026-22:34:14] [I] Average on 10 runs - GPU latency: 1.28296 ms - Host latency: 1.33447 ms (enqueue 0.0100586 ms)
[09/19/2026-22:34:14] [I] Average on 10 runs - GPU latency: 1.28335 ms - Host latency: 1.33206 ms (enqueue 0.00983887 ms)
[09/19/2026-22:34:14] [I] Average on 10 runs - GPU latency: 1.28245 ms - Host latency: 1.33091 ms (enqueue 0.0097168 ms)
[09/19/2026-22:34:14] [I] Average on 10 runs - GPU latency: 1.28289 ms - Host latency: 1.33049 ms (enqueue 0.0095459 ms)
[09/19/2026-22:34:14] [I] Average on 10 runs - GPU latency: 1.28223 ms - Host latency: 1.33113 ms (enqueue 0.00986328 ms)
[09/19/2026-22:34:14] [I] Average on 10 runs - GPU latency: 1.28169 ms - Host latency: 1.32871 ms (enqueue 0.00925293 ms)
[09/19/2026-22:34:14] [I] Average on 10 runs - GPU latency: 1.2833 ms - Host latency: 1.33188 ms (enqueue 0.00976562 ms)
[09/19/2026-22:34:14] [I] Average on 10 runs - GPU latency: 1.28188 ms - Host latency: 1.33369 ms (enqueue 0.0105957 ms)
[09/19/2026-22:34:14] [I] Average on 10 runs - GPU latency: 1.28198 ms - Host latency: 1.3311 ms (enqueue 0.0103027 ms)
[09/19/2026-22:34:14] [I] Average on 10 runs - GPU latency: 1.28257 ms - Host latency: 1.33286 ms (enqueue 0.0103027 ms)
[09/19/2026-22:34:14] [I] Average on 10 runs - GPU latency: 1.28301 ms - Host latency: 1.33232 ms (enqueue 0.0103027 ms)
[09/19/2026-22:34:14] [I] Average on 10 runs - GPU latency: 1.28325 ms - Host latency: 1.33198 ms (enqueue 0.00996094 ms)
[09/19/2026-22:34:14] [I] Average on 10 runs - GPU latency: 1.28389 ms - Host latency: 1.33325 ms (enqueue 0.0100586 ms)
[09/19/2026-22:34:14] [I] Average on 10 runs - GPU latency: 1.28398 ms - Host latency: 1.33218 ms (enqueue 0.0102051 ms)
[09/19/2026-22:34:14] [I] Average on 10 runs - GPU latency: 1.28354 ms - Host latency: 1.33306 ms (enqueue 0.0108887 ms)
[09/19/2026-22:34:14] [I] Average on 10 runs - GPU latency: 1.28208 ms - Host latency: 1.33218 ms (enqueue 0.0103516 ms)
[09/19/2026-22:34:14] [I] Average on 10 runs - GPU latency: 1.28408 ms - Host latency: 1.33418 ms (enqueue 0.0101562 ms)
[09/19/2026-22:34:14] [I] Average on 10 runs - GPU latency: 1.28198 ms - Host latency: 1.33291 ms (enqueue 0.0102539 ms)
[09/19/2026-22:34:14] [I] Average on 10 runs - GPU latency: 1.28237 ms - Host latency: 1.33203 ms (enqueue 0.0104004 ms)
[09/19/2026-22:34:14] [I] Average on 10 runs - GPU latency: 1.28188 ms - Host latency: 1.33335 ms (enqueue 0.0102051 ms)
[09/19/2026-22:34:14] [I] Average on 10 runs - GPU latency: 1.28218 ms - Host latency: 1.33267 ms (enqueue 0.0103516 ms)
[09/19/2026-22:34:14] [I] Average on 10 runs - GPU latency: 1.28428 ms - Host latency: 1.33428 ms (enqueue 0.0103027 ms)
[09/19/2026-22:34:14] [I] Average on 10 runs - GPU latency: 1.2835 ms - Host latency: 1.33433 ms (enqueue 0.0103027 ms)
[09/19/2026-22:34:14] [I] Average on 10 runs - GPU latency: 1.2834 ms - Host latency: 1.33306 ms (enqueue 0.0100098 ms)
[09/19/2026-22:34:14] [I] Average on 10 runs - GPU latency: 1.28301 ms - Host latency: 1.33398 ms (enqueue 0.0100586 ms)
[09/19/2026-22:34:14] [I] Average on 10 runs - GPU latency: 1.28315 ms - Host latency: 1.3335 ms (enqueue 0.0100586 ms)
[09/19/2026-22:34:14] [I] Average on 10 runs - GPU latency: 1.28198 ms - Host latency: 1.33228 ms (enqueue 0.0101074 ms)
[09/19/2026-22:34:14] [I] Average on 10 runs - GPU latency: 1.28379 ms - Host latency: 1.33232 ms (enqueue 0.0106445 ms)
[09/19/2026-22:34:14] [I] Average on 10 runs - GPU latency: 1.28325 ms - Host latency: 1.33281 ms (enqueue 0.00966797 ms)
[09/19/2026-22:34:14] [I] Average on 10 runs - GPU latency: 1.28242 ms - Host latency: 1.33115 ms (enqueue 0.00878906 ms)
[09/19/2026-22:34:14] [I] Average on 10 runs - GPU latency: 1.28354 ms - Host latency: 1.33018 ms (enqueue 0.00874023 ms)
[09/19/2026-22:34:14] [I] Average on 10 runs - GPU latency: 1.28281 ms - Host latency: 1.33159 ms (enqueue 0.00961914 ms)
[09/19/2026-22:34:14] [I] Average on 10 runs - GPU latency: 1.28369 ms - Host latency: 1.33159 ms (enqueue 0.0106445 ms)
[09/19/2026-22:34:14] [I] Average on 10 runs - GPU latency: 1.28247 ms - Host latency: 1.32886 ms (enqueue 0.00908203 ms)
[09/19/2026-22:34:14] [I] Average on 10 runs - GPU latency: 1.28301 ms - Host latency: 1.33149 ms (enqueue 0.009375 ms)
[09/19/2026-22:34:14] [I] Average on 10 runs - GPU latency: 1.28174 ms - Host latency: 1.32925 ms (enqueue 0.00888672 ms)
[09/19/2026-22:34:14] [I] Average on 10 runs - GPU latency: 1.28286 ms - Host latency: 1.33096 ms (enqueue 0.00927734 ms)
[09/19/2026-22:34:14] [I] Average on 10 runs - GPU latency: 1.28359 ms - Host latency: 1.33125 ms (enqueue 0.00913086 ms)
[09/19/2026-22:34:14] [I] Average on 10 runs - GPU latency: 1.28296 ms - Host latency: 1.3311 ms (enqueue 0.00922852 ms)
[09/19/2026-22:34:14] [I] Average on 10 runs - GPU latency: 1.28052 ms - Host latency: 1.32739 ms (enqueue 0.00922852 ms)
[09/19/2026-22:34:14] [I] Average on 10 runs - GPU latency: 1.2832 ms - Host latency: 1.33193 ms (enqueue 0.00957031 ms)
[09/19/2026-22:34:14] [I] Average on 10 runs - GPU latency: 1.2834 ms - Host latency: 1.33096 ms (enqueue 0.00942383 ms)
[09/19/2026-22:34:14] [I] Average on 10 runs - GPU latency: 1.28374 ms - Host latency: 1.3313 ms (enqueue 0.00898437 ms)
[09/19/2026-22:34:14] [I] ... Omitting 19317 lines
[09/19/2026-22:34:14] [I] Average on 10 runs - GPU latency: 1.28477 ms - Host latency: 1.33203 ms (enqueue 0.00976562 ms)
[09/19/2026-22:34:14] [I] Average on 10 runs - GPU latency: 1.28359 ms - Host latency: 1.33164 ms (enqueue 0.009375 ms)
[09/19/2026-22:34:14] [I] Average on 10 runs - GPU latency: 1.2832 ms - Host latency: 1.32949 ms (enqueue 0.00957031 ms)
[09/19/2026-22:34:14] [I] Average on 10 runs - GPU latency: 1.28535 ms - Host latency: 1.33242 ms (enqueue 0.00957031 ms)
[09/19/2026-22:34:14] [I] Average on 10 runs - GPU latency: 1.2834 ms - Host latency: 1.33223 ms (enqueue 0.00996094 ms)
[09/19/2026-22:34:14] [I] Average on 10 runs - GPU latency: 1.28398 ms - Host latency: 1.33203 ms (enqueue 0.0101562 ms)
[09/19/2026-22:34:14] [I] Average on 10 runs - GPU latency: 1.28223 ms - Host latency: 1.33164 ms (enqueue 0.00976562 ms)
[09/19/2026-22:34:14] [I] Average on 10 runs - GPU latency: 1.28281 ms - Host latency: 1.33184 ms (enqueue 0.00957031 ms)
[09/19/2026-22:34:14] [I] Average on 10 runs - GPU latency: 1.28535 ms - Host latency: 1.33398 ms (enqueue 0.00976562 ms)
[09/19/2026-22:34:14] [I] Average on 10 runs - GPU latency: 1.28379 ms - Host latency: 1.33047 ms (enqueue 0.00976562 ms)
[09/19/2026-22:34:14] [I] Average on 10 runs - GPU latency: 1.28301 ms - Host latency: 1.32891 ms (enqueue 0.00996094 ms)
[09/19/2026-22:34:14] [I] Average on 10 runs - GPU latency: 1.28242 ms - Host latency: 1.32969 ms (enqueue 0.0103516 ms)
[09/19/2026-22:34:14] [I] Average on 10 runs - GPU latency: 1.28281 ms - Host latency: 1.33027 ms (enqueue 0.0105469 ms)
[09/19/2026-22:34:14] [I] Average on 10 runs - GPU latency: 1.28359 ms - Host latency: 1.33184 ms (enqueue 0.009375 ms)
[09/19/2026-22:34:14] [I] Average on 10 runs - GPU latency: 1.28379 ms - Host latency: 1.3334 ms (enqueue 0.009375 ms)
[09/19/2026-22:34:14] [I] Average on 10 runs - GPU latency: 1.28359 ms - Host latency: 1.33164 ms (enqueue 0.00957031 ms)
[09/19/2026-22:34:14] [I] Average on 10 runs - GPU latency: 1.28359 ms - Host latency: 1.33281 ms (enqueue 0.00976562 ms)
[09/19/2026-22:34:14] [I] Average on 10 runs - GPU latency: 1.28418 ms - Host latency: 1.33281 ms (enqueue 0.00976562 ms)
[09/19/2026-22:34:14] [I] Average on 10 runs - GPU latency: 1.28398 ms - Host latency: 1.33223 ms (enqueue 0.009375 ms)
[09/19/2026-22:34:14] [I] Average on 10 runs - GPU latency: 1.28379 ms - Host latency: 1.33184 ms (enqueue 0.00996094 ms)
[09/19/2026-22:34:14] [I] Average on 10 runs - GPU latency: 1.2832 ms - Host latency: 1.33066 ms (enqueue 0.009375 ms)
[09/19/2026-22:34:14] [I] Average on 10 runs - GPU latency: 1.2834 ms - Host latency: 1.33184 ms (enqueue 0.00976562 ms)
[09/19/2026-22:34:14] [I] Average on 10 runs - GPU latency: 1.28301 ms - Host latency: 1.33125 ms (enqueue 0.0101562 ms)
[09/19/2026-22:34:14] [I] Average on 10 runs - GPU latency: 1.28379 ms - Host latency: 1.33223 ms (enqueue 0.00996094 ms)
[09/19/2026-22:34:14] [I] Average on 10 runs - GPU latency: 1.28437 ms - Host latency: 1.33184 ms (enqueue 0.0103516 ms)
[09/19/2026-22:34:14] [I] Average on 10 runs - GPU latency: 1.28359 ms - Host latency: 1.33242 ms (enqueue 0.0101562 ms)
[09/19/2026-22:34:14] [I] Average on 10 runs - GPU latency: 1.2834 ms - Host latency: 1.3334 ms (enqueue 0.0103516 ms)
[09/19/2026-22:34:14] [I] Average on 10 runs - GPU latency: 1.28242 ms - Host latency: 1.33262 ms (enqueue 0.0103516 ms)
[09/19/2026-22:34:14] [I] Average on 10 runs - GPU latency: 1.2834 ms - Host latency: 1.3332 ms (enqueue 0.0113281 ms)
[09/19/2026-22:34:14] [I] Average on 10 runs - GPU latency: 1.28262 ms - Host latency: 1.33145 ms (enqueue 0.00976562 ms)
[09/19/2026-22:34:14] [I] Average on 10 runs - GPU latency: 1.28262 ms - Host latency: 1.33164 ms (enqueue 0.00976562 ms)
[09/19/2026-22:34:14] [I] Average on 10 runs - GPU latency: 1.28262 ms - Host latency: 1.33223 ms (enqueue 0.0105469 ms)
[09/19/2026-22:34:14] [I] Average on 10 runs - GPU latency: 1.28242 ms - Host latency: 1.33047 ms (enqueue 0.00996094 ms)
[09/19/2026-22:34:14] [I] Average on 10 runs - GPU latency: 1.28301 ms - Host latency: 1.33281 ms (enqueue 0.0111328 ms)
[09/19/2026-22:34:14] [I] Average on 10 runs - GPU latency: 1.2832 ms - Host latency: 1.3334 ms (enqueue 0.00996094 ms)
[09/19/2026-22:34:14] [I] Average on 10 runs - GPU latency: 1.2832 ms - Host latency: 1.33223 ms (enqueue 0.0101562 ms)
[09/19/2026-22:34:14] [I] Average on 10 runs - GPU latency: 1.28301 ms - Host latency: 1.3334 ms (enqueue 0.0109375 ms)
[09/19/2026-22:34:14] [I] Average on 10 runs - GPU latency: 1.28281 ms - Host latency: 1.33262 ms (enqueue 0.00996094 ms)
[09/19/2026-22:34:14] [I] Average on 10 runs - GPU latency: 1.28477 ms - Host latency: 1.3334 ms (enqueue 0.0101562 ms)
[09/19/2026-22:34:14] [I] Average on 10 runs - GPU latency: 1.28281 ms - Host latency: 1.3332 ms (enqueue 0.0107422 ms)
[09/19/2026-22:34:14] [I] Average on 10 runs - GPU latency: 1.28457 ms - Host latency: 1.33398 ms (enqueue 0.009375 ms)
[09/19/2026-22:34:14] [I] Average on 10 runs - GPU latency: 1.28359 ms - Host latency: 1.3332 ms (enqueue 0.00957031 ms)
[09/19/2026-22:34:14] [I] Average on 10 runs - GPU latency: 1.28262 ms - Host latency: 1.33086 ms (enqueue 0.0109375 ms)
[09/19/2026-22:34:14] [I] Average on 10 runs - GPU latency: 1.28437 ms - Host latency: 1.3334 ms (enqueue 0.00976562 ms)
[09/19/2026-22:34:14] [I] Average on 10 runs - GPU latency: 1.28242 ms - Host latency: 1.33008 ms (enqueue 0.00976562 ms)
[09/19/2026-22:34:14] [I] Average on 10 runs - GPU latency: 1.28398 ms - Host latency: 1.33184 ms (enqueue 0.00898437 ms)
[09/19/2026-22:34:14] [I] Average on 10 runs - GPU latency: 1.28301 ms - Host latency: 1.33027 ms (enqueue 0.00917969 ms)
[09/19/2026-22:34:14] [I] Average on 10 runs - GPU latency: 1.28301 ms - Host latency: 1.33066 ms (enqueue 0.00976562 ms)
[09/19/2026-22:34:14] [I] Average on 10 runs - GPU latency: 1.28496 ms - Host latency: 1.33301 ms (enqueue 0.00957031 ms)
[09/19/2026-22:34:14] [I] Average on 10 runs - GPU latency: 1.28398 ms - Host latency: 1.33379 ms (enqueue 0.00917969 ms)
[09/19/2026-22:34:14] [I] Average on 10 runs - GPU latency: 1.28301 ms - Host latency: 1.33223 ms (enqueue 0.0101562 ms)
[09/19/2026-22:34:14] [I] Average on 10 runs - GPU latency: 1.28281 ms - Host latency: 1.33125 ms (enqueue 0.0107422 ms)
[09/19/2026-22:34:14] [I] Average on 10 runs - GPU latency: 1.28359 ms - Host latency: 1.33223 ms (enqueue 0.00898437 ms)
[09/19/2026-22:34:14] [I] Average on 10 runs - GPU latency: 1.28496 ms - Host latency: 1.33379 ms (enqueue 0.00898437 ms)
[09/19/2026-22:34:14] [I] Average on 10 runs - GPU latency: 1.2832 ms - Host latency: 1.33105 ms (enqueue 0.009375 ms)
[09/19/2026-22:34:14] [I] Average on 10 runs - GPU latency: 1.28398 ms - Host latency: 1.33242 ms (enqueue 0.0101562 ms)
[09/19/2026-22:34:14] [I] Average on 10 runs - GPU latency: 1.28242 ms - Host latency: 1.32988 ms (enqueue 0.00976562 ms)
[09/19/2026-22:34:14] [I] Average on 10 runs - GPU latency: 1.28223 ms - Host latency: 1.33008 ms (enqueue 0.0101562 ms)
[09/19/2026-22:34:14] [I] Average on 10 runs - GPU latency: 1.2834 ms - Host latency: 1.33125 ms (enqueue 0.00957031 ms)
[09/19/2026-22:34:14] [I] Average on 10 runs - GPU latency: 1.28359 ms - Host latency: 1.33223 ms (enqueue 0.00976562 ms)
[09/19/2026-22:34:14] [I] Average on 10 runs - GPU latency: 1.28437 ms - Host latency: 1.33477 ms (enqueue 0.0103516 ms)
[09/19/2026-22:34:14] [I] Average on 10 runs - GPU latency: 1.28281 ms - Host latency: 1.33105 ms (enqueue 0.00996094 ms)
[09/19/2026-22:34:14] [I] Average on 10 runs - GPU latency: 1.28437 ms - Host latency: 1.33262 ms (enqueue 0.0101562 ms)
[09/19/2026-22:34:14] [I] Average on 10 runs - GPU latency: 1.28457 ms - Host latency: 1.33164 ms (enqueue 0.00976562 ms)
[09/19/2026-22:34:14] [I] Average on 10 runs - GPU latency: 1.28301 ms - Host latency: 1.33066 ms (enqueue 0.00957031 ms)
[09/19/2026-22:34:14] [I] Average on 10 runs - GPU latency: 1.28379 ms - Host latency: 1.33301 ms (enqueue 0.00917969 ms)
[09/19/2026-22:34:14] [I] Average on 10 runs - GPU latency: 1.28535 ms - Host latency: 1.33379 ms (enqueue 0.00957031 ms)
[09/19/2026-22:34:14] [I] Average on 10 runs - GPU latency: 1.28437 ms - Host latency: 1.3332 ms (enqueue 0.00976562 ms)
[09/19/2026-22:34:14] [I] Average on 10 runs - GPU latency: 1.28398 ms - Host latency: 1.33203 ms (enqueue 0.00996094 ms)
[09/19/2026-22:34:14] [I] Average on 10 runs - GPU latency: 1.2832 ms - Host latency: 1.33145 ms (enqueue 0.0103516 ms)
[09/19/2026-22:34:14] [I] Average on 10 runs - GPU latency: 1.28457 ms - Host latency: 1.33301 ms (enqueue 0.00996094 ms)
[09/19/2026-22:34:14] [I] Average on 10 runs - GPU latency: 1.28418 ms - Host latency: 1.33203 ms (enqueue 0.00996094 ms)
[09/19/2026-22:34:14] [I] Average on 10 runs - GPU latency: 1.2834 ms - Host latency: 1.33262 ms (enqueue 0.00996094 ms)
[09/19/2026-22:34:14] [I] Average on 10 runs - GPU latency: 1.28457 ms - Host latency: 1.33242 ms (enqueue 0.00917969 ms)
[09/19/2026-22:34:14] [I] Average on 10 runs - GPU latency: 1.28398 ms - Host latency: 1.33242 ms (enqueue 0.009375 ms)
[09/19/2026-22:34:14] [I] Average on 10 runs - GPU latency: 1.28496 ms - Host latency: 1.3334 ms (enqueue 0.0101562 ms)
[09/19/2026-22:34:14] [I] Average on 10 runs - GPU latency: 1.28359 ms - Host latency: 1.33184 ms (enqueue 0.00957031 ms)
[09/19/2026-22:34:14] [I] Average on 10 runs - GPU latency: 1.28242 ms - Host latency: 1.32988 ms (enqueue 0.00957031 ms)
[09/19/2026-22:34:14] [I] Average on 10 runs - GPU latency: 1.28262 ms - Host latency: 1.33066 ms (enqueue 0.0105469 ms)
[09/19/2026-22:34:14] [I] Average on 10 runs - GPU latency: 1.28359 ms - Host latency: 1.33164 ms (enqueue 0.00996094 ms)
[09/19/2026-22:34:14] [I] Average on 10 runs - GPU latency: 1.28359 ms - Host latency: 1.33203 ms (enqueue 0.0101562 ms)
[09/19/2026-22:34:14] [I] Average on 10 runs - GPU latency: 1.28496 ms - Host latency: 1.33379 ms (enqueue 0.0101562 ms)
[09/19/2026-22:34:14] [I] Average on 10 runs - GPU latency: 1.28437 ms - Host latency: 1.33203 ms (enqueue 0.0101562 ms)
[09/19/2026-22:34:14] [I] Average on 10 runs - GPU latency: 1.28437 ms - Host latency: 1.33301 ms (enqueue 0.0101562 ms)
[09/19/2026-22:34:14] [I] Average on 10 runs - GPU latency: 1.28398 ms - Host latency: 1.33359 ms (enqueue 0.0101562 ms)
[09/19/2026-22:34:14] [I] Average on 10 runs - GPU latency: 1.28359 ms - Host latency: 1.33203 ms (enqueue 0.0103516 ms)
[09/19/2026-22:34:14] [I] Average on 10 runs - GPU latency: 1.28457 ms - Host latency: 1.33418 ms (enqueue 0.0101562 ms)
[09/19/2026-22:34:14] [I] Average on 10 runs - GPU latency: 1.28379 ms - Host latency: 1.33223 ms (enqueue 0.00996094 ms)
[09/19/2026-22:34:14] [I] Average on 10 runs - GPU latency: 1.28223 ms - Host latency: 1.33086 ms (enqueue 0.0103516 ms)
[09/19/2026-22:34:14] [I] Average on 10 runs - GPU latency: 1.28281 ms - Host latency: 1.33223 ms (enqueue 0.009375 ms)
[09/19/2026-22:34:14] [I] Average on 10 runs - GPU latency: 1.2832 ms - Host latency: 1.33223 ms (enqueue 0.0105469 ms)
[09/19/2026-22:34:14] [I] Average on 10 runs - GPU latency: 1.28359 ms - Host latency: 1.33301 ms (enqueue 0.009375 ms)
[09/19/2026-22:34:14] [I] Average on 10 runs - GPU latency: 1.28379 ms - Host latency: 1.33184 ms (enqueue 0.00976562 ms)
[09/19/2026-22:34:14] [I] Average on 10 runs - GPU latency: 1.2834 ms - Host latency: 1.33262 ms (enqueue 0.00996094 ms)
[09/19/2026-22:34:14] [I] Average on 10 runs - GPU latency: 1.2834 ms - Host latency: 1.33262 ms (enqueue 0.0101562 ms)
[09/19/2026-22:34:14] [I] Average on 10 runs - GPU latency: 1.28398 ms - Host latency: 1.33164 ms (enqueue 0.00859375 ms)
[09/19/2026-22:34:14] [I] Average on 10 runs - GPU latency: 1.28262 ms - Host latency: 1.3293 ms (enqueue 0.00820312 ms)
[09/19/2026-22:34:14] [I] Average on 10 runs - GPU latency: 1.28437 ms - Host latency: 1.33027 ms (enqueue 0.00859375 ms)
[09/19/2026-22:34:14] [I] Average on 10 runs - GPU latency: 1.28516 ms - Host latency: 1.33125 ms (enqueue 0.00898437 ms)
[09/19/2026-22:34:14] [I] Average on 10 runs - GPU latency: 1.28281 ms - Host latency: 1.3291 ms (enqueue 0.00917969 ms)
[09/19/2026-22:34:14] [I] Average on 10 runs - GPU latency: 1.28262 ms - Host latency: 1.32891 ms (enqueue 0.0105469 ms)
[09/19/2026-22:34:14] [I] Average on 10 runs - GPU latency: 1.28496 ms - Host latency: 1.33301 ms (enqueue 0.00917969 ms)
[09/19/2026-22:34:14] [I] Average on 10 runs - GPU latency: 1.28477 ms - Host latency: 1.33184 ms (enqueue 0.00917969 ms)
[09/19/2026-22:34:14] [I] Average on 10 runs - GPU latency: 1.28301 ms - Host latency: 1.33027 ms (enqueue 0.0107422 ms)
[09/19/2026-22:34:14] [I] Average on 10 runs - GPU latency: 1.2834 ms - Host latency: 1.33027 ms (enqueue 0.00957031 ms)
[09/19/2026-22:34:14] [I] Average on 10 runs - GPU latency: 1.2834 ms - Host latency: 1.33047 ms (enqueue 0.00878906 ms)
[09/19/2026-22:34:14] [I] Average on 10 runs - GPU latency: 1.28359 ms - Host latency: 1.33047 ms (enqueue 0.00878906 ms)
[09/19/2026-22:34:14] [I] Average on 10 runs - GPU latency: 1.28437 ms - Host latency: 1.33066 ms (enqueue 0.00859375 ms)
[09/19/2026-22:34:14] [I] Average on 10 runs - GPU latency: 1.28379 ms - Host latency: 1.33027 ms (enqueue 0.00917969 ms)
[09/19/2026-22:34:14] [I] Average on 10 runs - GPU latency: 1.28398 ms - Host latency: 1.33105 ms (enqueue 0.00996094 ms)
[09/19/2026-22:34:14] [I] Average on 10 runs - GPU latency: 1.28398 ms - Host latency: 1.33164 ms (enqueue 0.00878906 ms)
[09/19/2026-22:34:14] [I] Average on 10 runs - GPU latency: 1.2832 ms - Host latency: 1.33008 ms (enqueue 0.0078125 ms)
[09/19/2026-22:34:14] [I] Average on 10 runs - GPU latency: 1.28359 ms - Host latency: 1.33008 ms (enqueue 0.00957031 ms)
[09/19/2026-22:34:14] [I] Average on 10 runs - GPU latency: 1.28437 ms - Host latency: 1.33223 ms (enqueue 0.00957031 ms)
[09/19/2026-22:34:14] [I] Average on 10 runs - GPU latency: 1.28437 ms - Host latency: 1.33027 ms (enqueue 0.00859375 ms)
[09/19/2026-22:34:14] [I] Average on 10 runs - GPU latency: 1.28555 ms - Host latency: 1.33125 ms (enqueue 0.00957031 ms)
[09/19/2026-22:34:14] [I] Average on 10 runs - GPU latency: 1.28437 ms - Host latency: 1.33066 ms (enqueue 0.00957031 ms)
[09/19/2026-22:34:14] [I] Average on 10 runs - GPU latency: 1.28398 ms - Host latency: 1.33145 ms (enqueue 0.009375 ms)
[09/19/2026-22:34:14] [I] Average on 10 runs - GPU latency: 1.2832 ms - Host latency: 1.33145 ms (enqueue 0.00859375 ms)
[09/19/2026-22:34:14] [I] Average on 10 runs - GPU latency: 1.28398 ms - Host latency: 1.33105 ms (enqueue 0.00722656 ms)
[09/19/2026-22:34:14] [I] Average on 10 runs - GPU latency: 1.28203 ms - Host latency: 1.33066 ms (enqueue 0.00898437 ms)
[09/19/2026-22:34:14] [I] Average on 10 runs - GPU latency: 1.28301 ms - Host latency: 1.33086 ms (enqueue 0.00859375 ms)
[09/19/2026-22:34:14] [I] Average on 10 runs - GPU latency: 1.2832 ms - Host latency: 1.33066 ms (enqueue 0.00898437 ms)
[09/19/2026-22:34:14] [I] Average on 10 runs - GPU latency: 1.28379 ms - Host latency: 1.33086 ms (enqueue 0.00859375 ms)
[09/19/2026-22:34:14] [I] Average on 10 runs - GPU latency: 1.28418 ms - Host latency: 1.33086 ms (enqueue 0.00898437 ms)
[09/19/2026-22:34:14] [I] Average on 10 runs - GPU latency: 1.28203 ms - Host latency: 1.32734 ms (enqueue 0.00898437 ms)
[09/19/2026-22:34:14] [I] Average on 10 runs - GPU latency: 1.28418 ms - Host latency: 1.33184 ms (enqueue 0.00996094 ms)
[09/19/2026-22:34:14] [I] Average on 10 runs - GPU latency: 1.2834 ms - Host latency: 1.33086 ms (enqueue 0.00957031 ms)
[09/19/2026-22:34:14] [I] Average on 10 runs - GPU latency: 1.2832 ms - Host latency: 1.33105 ms (enqueue 0.00878906 ms)
[09/19/2026-22:34:14] [I] Average on 10 runs - GPU latency: 1.28477 ms - Host latency: 1.33145 ms (enqueue 0.00898437 ms)
[09/19/2026-22:34:14] [I] Average on 10 runs - GPU latency: 1.28535 ms - Host latency: 1.33281 ms (enqueue 0.00917969 ms)
[09/19/2026-22:34:14] [I] Average on 10 runs - GPU latency: 1.2834 ms - Host latency: 1.33086 ms (enqueue 0.00996094 ms)
[09/19/2026-22:34:14] [I] Average on 10 runs - GPU latency: 1.28359 ms - Host latency: 1.33164 ms (enqueue 0.00839844 ms)
[09/19/2026-22:34:14] [I] Average on 10 runs - GPU latency: 1.2834 ms - Host latency: 1.33281 ms (enqueue 0.009375 ms)
[09/19/2026-22:34:14] [I] Average on 10 runs - GPU latency: 1.28418 ms - Host latency: 1.33301 ms (enqueue 0.009375 ms)
[09/19/2026-22:34:14] [I] Average on 10 runs - GPU latency: 1.2834 ms - Host latency: 1.33066 ms (enqueue 0.00957031 ms)
[09/19/2026-22:34:14] [I] Average on 10 runs - GPU latency: 1.2834 ms - Host latency: 1.33223 ms (enqueue 0.009375 ms)
[09/19/2026-22:34:14] [I] Average on 10 runs - GPU latency: 1.28437 ms - Host latency: 1.3332 ms (enqueue 0.009375 ms)
[09/19/2026-22:34:14] [I] Average on 10 runs - GPU latency: 1.28437 ms - Host latency: 1.33223 ms (enqueue 0.00957031 ms)
[09/19/2026-22:34:14] [I] Average on 10 runs - GPU latency: 1.28418 ms - Host latency: 1.33105 ms (enqueue 0.0103516 ms)
[09/19/2026-22:34:14] [I] Average on 10 runs - GPU latency: 1.28379 ms - Host latency: 1.3334 ms (enqueue 0.0105469 ms)
[09/19/2026-22:34:14] [I] Average on 10 runs - GPU latency: 1.2832 ms - Host latency: 1.33262 ms (enqueue 0.0107422 ms)
[09/19/2026-22:34:14] [I] Average on 10 runs - GPU latency: 1.28477 ms - Host latency: 1.33164 ms (enqueue 0.009375 ms)
[09/19/2026-22:34:14] [I] Average on 10 runs - GPU latency: 1.2832 ms - Host latency: 1.33086 ms (enqueue 0.009375 ms)
[09/19/2026-22:34:14] [I] Average on 10 runs - GPU latency: 1.28398 ms - Host latency: 1.33145 ms (enqueue 0.009375 ms)
[09/19/2026-22:34:14] [I] Average on 10 runs - GPU latency: 1.28437 ms - Host latency: 1.33281 ms (enqueue 0.00957031 ms)
[09/19/2026-22:34:14] [I] Average on 10 runs - GPU latency: 1.2834 ms - Host latency: 1.33145 ms (enqueue 0.00898437 ms)
[09/19/2026-22:34:14] [I] Average on 10 runs - GPU latency: 1.28301 ms - Host latency: 1.33027 ms (enqueue 0.00898437 ms)
[09/19/2026-22:34:14] [I] Average on 10 runs - GPU latency: 1.28379 ms - Host latency: 1.33027 ms (enqueue 0.00878906 ms)
[09/19/2026-22:34:14] [I] Average on 10 runs - GPU latency: 1.2832 ms - Host latency: 1.33086 ms (enqueue 0.009375 ms)
[09/19/2026-22:34:14] [I] Average on 10 runs - GPU latency: 1.28398 ms - Host latency: 1.33145 ms (enqueue 0.00957031 ms)
[09/19/2026-22:34:14] [I] Average on 10 runs - GPU latency: 1.2834 ms - Host latency: 1.32988 ms (enqueue 0.00917969 ms)
[09/19/2026-22:34:14] [I] Average on 10 runs - GPU latency: 1.28281 ms - Host latency: 1.33027 ms (enqueue 0.00898437 ms)
[09/19/2026-22:34:14] [I] Average on 10 runs - GPU latency: 1.28359 ms - Host latency: 1.33027 ms (enqueue 0.00976562 ms)
[09/19/2026-22:34:14] [I] Average on 10 runs - GPU latency: 1.2834 ms - Host latency: 1.33164 ms (enqueue 0.009375 ms)
[09/19/2026-22:34:14] [I] Average on 10 runs - GPU latency: 1.28262 ms - Host latency: 1.33125 ms (enqueue 0.00917969 ms)
[09/19/2026-22:34:14] [I] Average on 10 runs - GPU latency: 1.28379 ms - Host latency: 1.33066 ms (enqueue 0.009375 ms)
[09/19/2026-22:34:14] [I] Average on 10 runs - GPU latency: 1.28437 ms - Host latency: 1.33262 ms (enqueue 0.009375 ms)
[09/19/2026-22:34:14] [I] Average on 10 runs - GPU latency: 1.28379 ms - Host latency: 1.33125 ms (enqueue 0.00917969 ms)
[09/19/2026-22:34:14] [I] Average on 10 runs - GPU latency: 1.28203 ms - Host latency: 1.33086 ms (enqueue 0.00996094 ms)
[09/19/2026-22:34:14] [I] Average on 10 runs - GPU latency: 1.28418 ms - Host latency: 1.33203 ms (enqueue 0.00957031 ms)
[09/19/2026-22:34:14] [I] Average on 10 runs - GPU latency: 1.28281 ms - Host latency: 1.33125 ms (enqueue 0.0111328 ms)
[09/19/2026-22:34:14] [I] Average on 10 runs - GPU latency: 1.2834 ms - Host latency: 1.32891 ms (enqueue 0.009375 ms)
[09/19/2026-22:34:14] [I] Average on 10 runs - GPU latency: 1.28301 ms - Host latency: 1.33008 ms (enqueue 0.009375 ms)
[09/19/2026-22:34:14] [I] Average on 10 runs - GPU latency: 1.28359 ms - Host latency: 1.33105 ms (enqueue 0.00957031 ms)
[09/19/2026-22:34:14] [I] Average on 10 runs - GPU latency: 1.28418 ms - Host latency: 1.33008 ms (enqueue 0.00878906 ms)
[09/19/2026-22:34:14] [I] Average on 10 runs - GPU latency: 1.2834 ms - Host latency: 1.33066 ms (enqueue 0.00996094 ms)
[09/19/2026-22:34:14] [I] Average on 10 runs - GPU latency: 1.2832 ms - Host latency: 1.33105 ms (enqueue 0.00878906 ms)
[09/19/2026-22:34:14] [I] Average on 10 runs - GPU latency: 1.28359 ms - Host latency: 1.33027 ms (enqueue 0.00898437 ms)
[09/19/2026-22:34:14] [I] Average on 10 runs - GPU latency: 1.28281 ms - Host latency: 1.33086 ms (enqueue 0.00957031 ms)
[09/19/2026-22:34:14] [I] Average on 10 runs - GPU latency: 1.28555 ms - Host latency: 1.33242 ms (enqueue 0.00898437 ms)
[09/19/2026-22:34:14] [I] Average on 10 runs - GPU latency: 1.2834 ms - Host latency: 1.33027 ms (enqueue 0.00898437 ms)
[09/19/2026-22:34:14] [I] Average on 10 runs - GPU latency: 1.28262 ms - Host latency: 1.32988 ms (enqueue 0.00957031 ms)
[09/19/2026-22:34:14] [I] Average on 10 runs - GPU latency: 1.2834 ms - Host latency: 1.33027 ms (enqueue 0.00917969 ms)
[09/19/2026-22:34:14] [I] Average on 10 runs - GPU latency: 1.28301 ms - Host latency: 1.32949 ms (enqueue 0.00917969 ms)
[09/19/2026-22:34:14] [I] Average on 10 runs - GPU latency: 1.28418 ms - Host latency: 1.33359 ms (enqueue 0.00996094 ms)
[09/19/2026-22:34:14] [I] Average on 10 runs - GPU latency: 1.28262 ms - Host latency: 1.32891 ms (enqueue 0.00917969 ms)
[09/19/2026-22:34:14] [I] Average on 10 runs - GPU latency: 1.28281 ms - Host latency: 1.33008 ms (enqueue 0.00878906 ms)
[09/19/2026-22:34:14] [I] Average on 10 runs - GPU latency: 1.28359 ms - Host latency: 1.33086 ms (enqueue 0.00917969 ms)
[09/19/2026-22:34:14] [I] Average on 10 runs - GPU latency: 1.2832 ms - Host latency: 1.33086 ms (enqueue 0.009375 ms)
[09/19/2026-22:34:14] [I] Average on 10 runs - GPU latency: 1.28242 ms - Host latency: 1.33047 ms (enqueue 0.009375 ms)
[09/19/2026-22:34:14] [I] Average on 10 runs - GPU latency: 1.2832 ms - Host latency: 1.33086 ms (enqueue 0.00996094 ms)
[09/19/2026-22:34:14] [I] Average on 10 runs - GPU latency: 1.28301 ms - Host latency: 1.33066 ms (enqueue 0.00917969 ms)
[09/19/2026-22:34:14] [I] Average on 10 runs - GPU latency: 1.28164 ms - Host latency: 1.32969 ms (enqueue 0.00917969 ms)
[09/19/2026-22:34:14] [I] Average on 10 runs - GPU latency: 1.2834 ms - Host latency: 1.32988 ms (enqueue 0.00898437 ms)
[09/19/2026-22:34:14] [I] Average on 10 runs - GPU latency: 1.2834 ms - Host latency: 1.33086 ms (enqueue 0.0101562 ms)
[09/19/2026-22:34:14] [I] Average on 10 runs - GPU latency: 1.28242 ms - Host latency: 1.32988 ms (enqueue 0.00859375 ms)
[09/19/2026-22:34:14] [I] Average on 10 runs - GPU latency: 1.28379 ms - Host latency: 1.33066 ms (enqueue 0.00898437 ms)
[09/19/2026-22:34:14] [I] Average on 10 runs - GPU latency: 1.28457 ms - Host latency: 1.33164 ms (enqueue 0.0103516 ms)
[09/19/2026-22:34:14] [I] Average on 10 runs - GPU latency: 1.2832 ms - Host latency: 1.3291 ms (enqueue 0.00859375 ms)
[09/19/2026-22:34:14] [I] Average on 10 runs - GPU latency: 1.28398 ms - Host latency: 1.33184 ms (enqueue 0.00898437 ms)
[09/19/2026-22:34:14] [I] Average on 10 runs - GPU latency: 1.28301 ms - Host latency: 1.33145 ms (enqueue 0.00898437 ms)
[09/19/2026-22:34:14] [I] Average on 10 runs - GPU latency: 1.28301 ms - Host latency: 1.33086 ms (enqueue 0.00957031 ms)
[09/19/2026-22:34:14] [I] Average on 10 runs - GPU latency: 1.28301 ms - Host latency: 1.33125 ms (enqueue 0.00859375 ms)
[09/19/2026-22:34:14] [I] Average on 10 runs - GPU latency: 1.28164 ms - Host latency: 1.3293 ms (enqueue 0.00957031 ms)
[09/19/2026-22:34:14] [I] Average on 10 runs - GPU latency: 1.28379 ms - Host latency: 1.33125 ms (enqueue 0.009375 ms)
[09/19/2026-22:34:14] [I] Average on 10 runs - GPU latency: 1.28301 ms - Host latency: 1.33008 ms (enqueue 0.00859375 ms)
[09/19/2026-22:34:14] [I] Average on 10 runs - GPU latency: 1.28379 ms - Host latency: 1.33125 ms (enqueue 0.009375 ms)
[09/19/2026-22:34:14] [I] Average on 10 runs - GPU latency: 1.28301 ms - Host latency: 1.33066 ms (enqueue 0.00917969 ms)
[09/19/2026-22:34:14] [I] Average on 10 runs - GPU latency: 1.2832 ms - Host latency: 1.33105 ms (enqueue 0.00996094 ms)
[09/19/2026-22:34:14] [I] 
[09/19/2026-22:34:14] [I] === Performance summary ===
[09/19/2026-22:34:14] [I] Throughput: 777.122 qps
[09/19/2026-22:34:14] [I] Latency: min = 1.31836 ms, max = 3.5708 ms, mean = 1.33373 ms, median = 1.33203 ms, percentile(90%) = 1.33594 ms, percentile(95%) = 1.33789 ms, percentile(99%) = 1.34082 ms
[09/19/2026-22:34:14] [I] Enqueue Time: min = 0.00585938 ms, max = 0.0683594 ms, mean = 0.0097649 ms, median = 0.00976562 ms, percentile(90%) = 0.0117188 ms, percentile(95%) = 0.0117188 ms, percentile(99%) = 0.0136719 ms
[09/19/2026-22:34:14] [I] H2D Latency: min = 0.0366211 ms, max = 0.116211 ms, mean = 0.0435445 ms, median = 0.0429688 ms, percentile(90%) = 0.046875 ms, percentile(95%) = 0.0473633 ms, percentile(99%) = 0.0507812 ms
[09/19/2026-22:34:14] [I] GPU Compute Time: min = 1.27539 ms, max = 3.5127 ms, mean = 1.28524 ms, median = 1.2832 ms, percentile(90%) = 1.28613 ms, percentile(95%) = 1.28711 ms, percentile(99%) = 1.28906 ms
[09/19/2026-22:34:14] [I] D2H Latency: min = 0.00195312 ms, max = 0.0078125 ms, mean = 0.00499817 ms, median = 0.00488281 ms, percentile(90%) = 0.00585938 ms, percentile(95%) = 0.00585938 ms, percentile(99%) = 0.0078125 ms
[09/19/2026-22:34:14] [I] Total Host Walltime: 30.0043 s
[09/19/2026-22:34:14] [I] Total GPU Compute Time: 29.968 s
[09/19/2026-22:34:14] [W] * GPU compute time is unstable, with coefficient of variance = 4.24799%.
[09/19/2026-22:34:14] [W]   If not already in use, locking GPU clock frequency or adding --useSpinWait may improve the stability.
[09/19/2026-22:34:14] [I] Explanations of the performance metrics are printed in the verbose logs.
[09/19/2026-22:34:14] [I] 
&&&& PASSED TensorRT.trtexec [TensorRT v101602] [b10] # trtexec --loadEngine=mobilenetv2_tf32.plan --shapes=input:1x3x224x224 --warmUp=2000 --duration=30 --useCudaGraph --exportTimes=times_tf32_graph.json
