&&&& RUNNING TensorRT.trtexec [TensorRT v101602] [b10] # trtexec --loadEngine=mobilenetv2_fp32.plan --shapes=input:1x3x224x224 --warmUp=2000 --duration=30 --useCudaGraph --exportTimes=times_fp32_graph.json
[09/19/2026-22:38:27] [I] TF32 is enabled by default. Add --noTF32 flag to further improve accuracy with some performance cost.
[09/19/2026-22:38:27] [I] === Model Options ===
[09/19/2026-22:38:27] [I] Format: *
[09/19/2026-22:38:27] [I] Model: 
[09/19/2026-22:38:27] [I] Output:
[09/19/2026-22:38:27] [I] 
[09/19/2026-22:38:27] [I] === System Options ===
[09/19/2026-22:38:27] [I] Device: 0
[09/19/2026-22:38:27] [I] DLACore: 
[09/19/2026-22:38:27] [I] Loaded static plugins:
[09/19/2026-22:38:27] [I] setPluginsToSerialize:
[09/19/2026-22:38:27] [I] dynamicPlugins:
[09/19/2026-22:38:27] [I] ignoreParsedPluginLibs: 0
[09/19/2026-22:38:27] [I] 
[09/19/2026-22:38:27] [I] === Inference Options ===
[09/19/2026-22:38:27] [I] Batch: Explicit
[09/19/2026-22:38:27] [I] Input inference shape : input=1x3x224x224
[09/19/2026-22:38:27] [I] Iterations: 10
[09/19/2026-22:38:27] [I] Duration: 30s (+ 2000ms warm up)
[09/19/2026-22:38:27] [I] Sleep time: 0ms
[09/19/2026-22:38:27] [I] Idle time: 0ms
[09/19/2026-22:38:27] [I] Inference Streams: 1
[09/19/2026-22:38:27] [I] ExposeDMA: Disabled
[09/19/2026-22:38:27] [I] Data transfers: Enabled
[09/19/2026-22:38:27] [I] Spin-wait: Disabled
[09/19/2026-22:38:27] [I] Multithreading: Disabled
[09/19/2026-22:38:27] [I] CUDA Graph: Enabled
[09/19/2026-22:38:27] [I] Separate profiling: Disabled
[09/19/2026-22:38:27] [I] Time Deserialize: Disabled
[09/19/2026-22:38:27] [I] Time Refit: Disabled
[09/19/2026-22:38:27] [I] NVTX verbosity: 0
[09/19/2026-22:38:27] [I] Persistent Cache Ratio: 0
[09/19/2026-22:38:27] [I] Optimization Profile Index: 0
[09/19/2026-22:38:27] [I] Weight Streaming Budget: 100.000000%
[09/19/2026-22:38:27] [I] Inputs:
[09/19/2026-22:38:27] [I] Debug Tensor Save Destinations:
[09/19/2026-22:38:27] [I] Dump All Debug Tensor in Formats: 
[09/19/2026-22:38:27] [I] === Reporting Options ===
[09/19/2026-22:38:27] [I] Verbose: Disabled
[09/19/2026-22:38:27] [I] Averages: 10 inferences
[09/19/2026-22:38:27] [I] Percentiles: 90,95,99
[09/19/2026-22:38:27] [I] Dump refittable layers:Disabled
[09/19/2026-22:38:27] [I] Dump output: Disabled
[09/19/2026-22:38:27] [I] Profile: Disabled
[09/19/2026-22:38:27] [I] Export timing to JSON file: times_fp32_graph.json
[09/19/2026-22:38:27] [I] Export output to JSON file: 
[09/19/2026-22:38:27] [I] Export profile to JSON file: 
[09/19/2026-22:38:27] [I] 
[09/19/2026-22:38:27] [I] === Device Information ===
[09/19/2026-22:38:27] [I] Available Devices: 
[09/19/2026-22:38:27] [I]   Device 0: "Orin" UUID: GPU-5e79c5ba-a005-59b8-a6a3-d87e61f25d8b
[09/19/2026-22:38:27] [I] Selected Device: Orin
[09/19/2026-22:38:27] [I] Selected Device ID: 0
[09/19/2026-22:38:27] [I] Selected Device UUID: GPU-5e79c5ba-a005-59b8-a6a3-d87e61f25d8b
[09/19/2026-22:38:27] [I] Compute Capability: 8.7
[09/19/2026-22:38:27] [I] SMs: 8
[09/19/2026-22:38:27] [I] Device Global Memory: 7485 MiB
[09/19/2026-22:38:27] [I] Shared Memory per SM: 164 KiB
[09/19/2026-22:38:27] [I] Memory Bus Width: 128 bits (ECC disabled)
[09/19/2026-22:38:27] [I] Application Compute Clock Rate: 1.02 GHz
[09/19/2026-22:38:27] [I] Application Memory Clock Rate: 0.918 GHz
[09/19/2026-22:38:27] [I] 
[09/19/2026-22:38:27] [I] Note: The application clock rates do not reflect the actual clock rates that the GPU is currently running at.
[09/19/2026-22:38:27] [I] 
[09/19/2026-22:38:27] [I] TensorRT version: 10.16.2
[09/19/2026-22:38:27] [I] Loading standard plugins
[09/19/2026-22:38:27] [I] [TRT] Loaded engine size: 13 MiB
[09/19/2026-22:38:27] [I] Engine deserialized in 0.0529474 sec.
[09/19/2026-22:38:27] [I] [TRT] [MemUsageChange] TensorRT-managed allocation in IExecutionContext creation: CPU +0, GPU +7, now: CPU 0, GPU 20 (MiB)
[09/19/2026-22:38:27] [I] Setting persistentCacheLimit to 0 bytes.
[09/19/2026-22:38:27] [I] Created execution context with device memory size: 6.69922 MiB
[09/19/2026-22:38:27] [I] Using random values for input input
[09/19/2026-22:38:27] [I] Input binding for input with dimensions 1x3x224x224 and type fp32 is created.
[09/19/2026-22:38:27] [I] Output binding for output with dimensions 1x1000 and type fp32 is created.
[09/19/2026-22:38:27] [I] Starting inference
[09/19/2026-22:38:27] [I] Capturing CUDA graph for the current execution context
[09/19/2026-22:38:27] [I] Successfully captured CUDA graph for the current execution context
[09/19/2026-22:38:59] [I] Warmup completed 1112 queries over 2000 ms
[09/19/2026-22:38:59] [I] Timing trace has 17198 queries over 30.0047 s
[09/19/2026-22:38:59] [I] 
[09/19/2026-22:38:59] [I] === Trace details ===
[09/19/2026-22:38:59] [I] Trace averages of 10 runs:
[09/19/2026-22:38:59] [I] Average on 10 runs - GPU latency: 1.73887 ms - Host latency: 1.78824 ms (enqueue 0.0231079 ms)
[09/19/2026-22:38:59] [I] Average on 10 runs - GPU latency: 1.73848 ms - Host latency: 1.78931 ms (enqueue 0.022937 ms)
[09/19/2026-22:38:59] [I] Average on 10 runs - GPU latency: 1.73734 ms - Host latency: 1.78627 ms (enqueue 0.0229614 ms)
[09/19/2026-22:38:59] [I] Average on 10 runs - GPU latency: 1.73845 ms - Host latency: 1.78945 ms (enqueue 0.0234863 ms)
[09/19/2026-22:38:59] [I] Average on 10 runs - GPU latency: 1.73647 ms - Host latency: 1.78501 ms (enqueue 0.0233398 ms)
[09/19/2026-22:38:59] [I] Average on 10 runs - GPU latency: 1.73862 ms - Host latency: 1.78977 ms (enqueue 0.0235352 ms)
[09/19/2026-22:38:59] [I] Average on 10 runs - GPU latency: 1.73945 ms - Host latency: 1.78826 ms (enqueue 0.0230957 ms)
[09/19/2026-22:38:59] [I] Average on 10 runs - GPU latency: 1.73967 ms - Host latency: 1.79016 ms (enqueue 0.0236816 ms)
[09/19/2026-22:38:59] [I] Average on 10 runs - GPU latency: 1.73899 ms - Host latency: 1.78821 ms (enqueue 0.0243652 ms)
[09/19/2026-22:38:59] [I] Average on 10 runs - GPU latency: 1.73728 ms - Host latency: 1.78652 ms (enqueue 0.0232178 ms)
[09/19/2026-22:38:59] [I] Average on 10 runs - GPU latency: 1.98938 ms - Host latency: 2.04023 ms (enqueue 0.0242432 ms)
[09/19/2026-22:38:59] [I] Average on 10 runs - GPU latency: 1.7907 ms - Host latency: 1.84424 ms (enqueue 0.0256592 ms)
[09/19/2026-22:38:59] [I] Average on 10 runs - GPU latency: 1.73916 ms - Host latency: 1.79221 ms (enqueue 0.0247803 ms)
[09/19/2026-22:38:59] [I] Average on 10 runs - GPU latency: 1.73867 ms - Host latency: 1.79092 ms (enqueue 0.0249268 ms)
[09/19/2026-22:38:59] [I] Average on 10 runs - GPU latency: 1.74055 ms - Host latency: 1.79189 ms (enqueue 0.0240479 ms)
[09/19/2026-22:38:59] [I] Average on 10 runs - GPU latency: 1.74192 ms - Host latency: 1.79353 ms (enqueue 0.0245605 ms)
[09/19/2026-22:38:59] [I] Average on 10 runs - GPU latency: 1.73916 ms - Host latency: 1.78987 ms (enqueue 0.023877 ms)
[09/19/2026-22:38:59] [I] Average on 10 runs - GPU latency: 1.7397 ms - Host latency: 1.79194 ms (enqueue 0.0243164 ms)
[09/19/2026-22:38:59] [I] Average on 10 runs - GPU latency: 1.74036 ms - Host latency: 1.79241 ms (enqueue 0.023999 ms)
[09/19/2026-22:38:59] [I] Average on 10 runs - GPU latency: 1.74009 ms - Host latency: 1.79211 ms (enqueue 0.0244385 ms)
[09/19/2026-22:38:59] [I] Average on 10 runs - GPU latency: 1.74084 ms - Host latency: 1.7926 ms (enqueue 0.0252686 ms)
[09/19/2026-22:38:59] [I] Average on 10 runs - GPU latency: 1.74058 ms - Host latency: 1.79353 ms (enqueue 0.0240967 ms)
[09/19/2026-22:38:59] [I] Average on 10 runs - GPU latency: 1.73992 ms - Host latency: 1.79294 ms (enqueue 0.0246582 ms)
[09/19/2026-22:38:59] [I] Average on 10 runs - GPU latency: 1.73889 ms - Host latency: 1.78999 ms (enqueue 0.0235596 ms)
[09/19/2026-22:38:59] [I] Average on 10 runs - GPU latency: 1.73806 ms - Host latency: 1.78877 ms (enqueue 0.0236816 ms)
[09/19/2026-22:38:59] [I] Average on 10 runs - GPU latency: 1.74009 ms - Host latency: 1.79158 ms (enqueue 0.0232422 ms)
[09/19/2026-22:38:59] [I] Average on 10 runs - GPU latency: 1.74045 ms - Host latency: 1.79268 ms (enqueue 0.0244141 ms)
[09/19/2026-22:38:59] [I] Average on 10 runs - GPU latency: 1.73911 ms - Host latency: 1.78936 ms (enqueue 0.0234131 ms)
[09/19/2026-22:38:59] [I] Average on 10 runs - GPU latency: 1.73923 ms - Host latency: 1.79014 ms (enqueue 0.0235107 ms)
[09/19/2026-22:38:59] [I] Average on 10 runs - GPU latency: 1.7397 ms - Host latency: 1.79111 ms (enqueue 0.0233887 ms)
[09/19/2026-22:38:59] [I] Average on 10 runs - GPU latency: 1.7385 ms - Host latency: 1.78911 ms (enqueue 0.0231445 ms)
[09/19/2026-22:38:59] [I] Average on 10 runs - GPU latency: 1.73928 ms - Host latency: 1.79138 ms (enqueue 0.0251465 ms)
[09/19/2026-22:38:59] [I] Average on 10 runs - GPU latency: 1.73857 ms - Host latency: 1.79041 ms (enqueue 0.0236572 ms)
[09/19/2026-22:38:59] [I] Average on 10 runs - GPU latency: 1.73916 ms - Host latency: 1.78909 ms (enqueue 0.0231689 ms)
[09/19/2026-22:38:59] [I] Average on 10 runs - GPU latency: 1.73899 ms - Host latency: 1.79087 ms (enqueue 0.0236816 ms)
[09/19/2026-22:38:59] [I] Average on 10 runs - GPU latency: 1.74004 ms - Host latency: 1.79067 ms (enqueue 0.0238525 ms)
[09/19/2026-22:38:59] [I] Average on 10 runs - GPU latency: 1.73774 ms - Host latency: 1.78992 ms (enqueue 0.0240479 ms)
[09/19/2026-22:38:59] [I] Average on 10 runs - GPU latency: 1.74072 ms - Host latency: 1.79226 ms (enqueue 0.024707 ms)
[09/19/2026-22:38:59] [I] Average on 10 runs - GPU latency: 1.73914 ms - Host latency: 1.78953 ms (enqueue 0.0241455 ms)
[09/19/2026-22:38:59] [I] Average on 10 runs - GPU latency: 1.74058 ms - Host latency: 1.79417 ms (enqueue 0.0249512 ms)
[09/19/2026-22:38:59] [I] Average on 10 runs - GPU latency: 1.74026 ms - Host latency: 1.78979 ms (enqueue 0.0230713 ms)
[09/19/2026-22:38:59] [I] Average on 10 runs - GPU latency: 1.7397 ms - Host latency: 1.79121 ms (enqueue 0.0235596 ms)
[09/19/2026-22:38:59] [I] Average on 10 runs - GPU latency: 1.73979 ms - Host latency: 1.79133 ms (enqueue 0.0239502 ms)
[09/19/2026-22:38:59] [I] Average on 10 runs - GPU latency: 1.74116 ms - Host latency: 1.79341 ms (enqueue 0.025415 ms)
[09/19/2026-22:38:59] [I] Average on 10 runs - GPU latency: 1.73855 ms - Host latency: 1.79329 ms (enqueue 0.0249023 ms)
[09/19/2026-22:38:59] [I] Average on 10 runs - GPU latency: 2.05393 ms - Host latency: 2.10698 ms (enqueue 0.0265137 ms)
[09/19/2026-22:38:59] [I] Average on 10 runs - GPU latency: 1.73938 ms - Host latency: 1.79011 ms (enqueue 0.0236816 ms)
[09/19/2026-22:38:59] [I] Average on 10 runs - GPU latency: 1.73801 ms - Host latency: 1.78918 ms (enqueue 0.0237061 ms)
[09/19/2026-22:38:59] [I] Average on 10 runs - GPU latency: 1.73853 ms - Host latency: 1.79067 ms (enqueue 0.0238525 ms)
[09/19/2026-22:38:59] [I] Average on 10 runs - GPU latency: 1.74058 ms - Host latency: 1.79407 ms (enqueue 0.0261719 ms)
[09/19/2026-22:38:59] [I] Average on 10 runs - GPU latency: 1.74065 ms - Host latency: 1.79482 ms (enqueue 0.025708 ms)
[09/19/2026-22:38:59] [I] Average on 10 runs - GPU latency: 1.73931 ms - Host latency: 1.79087 ms (enqueue 0.0243896 ms)
[09/19/2026-22:38:59] [I] Average on 10 runs - GPU latency: 1.74043 ms - Host latency: 1.79209 ms (enqueue 0.0246338 ms)
[09/19/2026-22:38:59] [I] Average on 10 runs - GPU latency: 1.74099 ms - Host latency: 1.79419 ms (enqueue 0.0252686 ms)
[09/19/2026-22:38:59] [I] Average on 10 runs - GPU latency: 1.74058 ms - Host latency: 1.79482 ms (enqueue 0.0255615 ms)
[09/19/2026-22:38:59] [I] Average on 10 runs - GPU latency: 1.73875 ms - Host latency: 1.79229 ms (enqueue 0.0245117 ms)
[09/19/2026-22:38:59] [I] Average on 10 runs - GPU latency: 1.74048 ms - Host latency: 1.7917 ms (enqueue 0.0241211 ms)
[09/19/2026-22:38:59] [I] Average on 10 runs - GPU latency: 1.74084 ms - Host latency: 1.79365 ms (enqueue 0.0239014 ms)
[09/19/2026-22:38:59] [I] Average on 10 runs - GPU latency: 1.74014 ms - Host latency: 1.79363 ms (enqueue 0.0247803 ms)
[09/19/2026-22:38:59] [I] Average on 10 runs - GPU latency: 1.73955 ms - Host latency: 1.79231 ms (enqueue 0.0243408 ms)
[09/19/2026-22:38:59] [I] Average on 10 runs - GPU latency: 1.74016 ms - Host latency: 1.79082 ms (enqueue 0.0231201 ms)
[09/19/2026-22:38:59] [I] Average on 10 runs - GPU latency: 1.74099 ms - Host latency: 1.79409 ms (enqueue 0.0265625 ms)
[09/19/2026-22:38:59] [I] Average on 10 runs - GPU latency: 1.73999 ms - Host latency: 1.79292 ms (enqueue 0.0246582 ms)
[09/19/2026-22:38:59] [I] Average on 10 runs - GPU latency: 1.74084 ms - Host latency: 1.79365 ms (enqueue 0.0258057 ms)
[09/19/2026-22:38:59] [I] Average on 10 runs - GPU latency: 1.74063 ms - Host latency: 1.79258 ms (enqueue 0.0245361 ms)
[09/19/2026-22:38:59] [I] Average on 10 runs - GPU latency: 1.74045 ms - Host latency: 1.7927 ms (enqueue 0.0248779 ms)
[09/19/2026-22:38:59] [I] Average on 10 runs - GPU latency: 1.74109 ms - Host latency: 1.79441 ms (enqueue 0.0246582 ms)
[09/19/2026-22:38:59] [I] Average on 10 runs - GPU latency: 1.74021 ms - Host latency: 1.79231 ms (enqueue 0.0246582 ms)
[09/19/2026-22:38:59] [I] Average on 10 runs - GPU latency: 1.74175 ms - Host latency: 1.79414 ms (enqueue 0.0246826 ms)
[09/19/2026-22:38:59] [I] Average on 10 runs - GPU latency: 1.74077 ms - Host latency: 1.79375 ms (enqueue 0.024707 ms)
[09/19/2026-22:38:59] [I] Average on 10 runs - GPU latency: 1.74001 ms - Host latency: 1.79312 ms (enqueue 0.0249023 ms)
[09/19/2026-22:38:59] [I] Average on 10 runs - GPU latency: 1.74106 ms - Host latency: 1.7939 ms (enqueue 0.0251953 ms)
[09/19/2026-22:38:59] [I] Average on 10 runs - GPU latency: 1.74077 ms - Host latency: 1.79304 ms (enqueue 0.0249756 ms)
[09/19/2026-22:38:59] [I] Average on 10 runs - GPU latency: 1.74099 ms - Host latency: 1.79333 ms (enqueue 0.0243652 ms)
[09/19/2026-22:38:59] [I] Average on 10 runs - GPU latency: 1.7408 ms - Host latency: 1.79263 ms (enqueue 0.0243652 ms)
[09/19/2026-22:38:59] [I] Average on 10 runs - GPU latency: 1.73882 ms - Host latency: 1.79219 ms (enqueue 0.0247803 ms)
[09/19/2026-22:38:59] [I] Average on 10 runs - GPU latency: 1.74041 ms - Host latency: 1.79314 ms (enqueue 0.0248779 ms)
[09/19/2026-22:38:59] [I] Average on 10 runs - GPU latency: 1.73896 ms - Host latency: 1.79243 ms (enqueue 0.0244629 ms)
[09/19/2026-22:38:59] [I] Average on 10 runs - GPU latency: 1.7406 ms - Host latency: 1.7929 ms (enqueue 0.0247559 ms)
[09/19/2026-22:38:59] [I] Average on 10 runs - GPU latency: 2.0196 ms - Host latency: 2.07297 ms (enqueue 0.0265625 ms)
[09/19/2026-22:38:59] [I] Average on 10 runs - GPU latency: 1.7387 ms - Host latency: 1.79141 ms (enqueue 0.0253418 ms)
[09/19/2026-22:38:59] [I] Average on 10 runs - GPU latency: 1.73914 ms - Host latency: 1.79207 ms (enqueue 0.0251953 ms)
[09/19/2026-22:38:59] [I] Average on 10 runs - GPU latency: 1.7408 ms - Host latency: 1.79336 ms (enqueue 0.0235107 ms)
[09/19/2026-22:38:59] [I] Average on 10 runs - GPU latency: 1.74021 ms - Host latency: 1.79199 ms (enqueue 0.0237305 ms)
[09/19/2026-22:38:59] [I] Average on 10 runs - GPU latency: 1.73774 ms - Host latency: 1.78989 ms (enqueue 0.0239502 ms)
[09/19/2026-22:38:59] [I] Average on 10 runs - GPU latency: 1.74019 ms - Host latency: 1.79197 ms (enqueue 0.024585 ms)
[09/19/2026-22:38:59] [I] Average on 10 runs - GPU latency: 1.73921 ms - Host latency: 1.79099 ms (enqueue 0.025 ms)
[09/19/2026-22:38:59] [I] Average on 10 runs - GPU latency: 1.74026 ms - Host latency: 1.79277 ms (enqueue 0.0241943 ms)
[09/19/2026-22:38:59] [I] Average on 10 runs - GPU latency: 1.73901 ms - Host latency: 1.7905 ms (enqueue 0.0237793 ms)
[09/19/2026-22:38:59] [I] Average on 10 runs - GPU latency: 1.73875 ms - Host latency: 1.79014 ms (enqueue 0.0237793 ms)
[09/19/2026-22:38:59] [I] Average on 10 runs - GPU latency: 1.73921 ms - Host latency: 1.79041 ms (enqueue 0.0239014 ms)
[09/19/2026-22:38:59] [I] Average on 10 runs - GPU latency: 1.74006 ms - Host latency: 1.79128 ms (enqueue 0.0241943 ms)
[09/19/2026-22:38:59] [I] Average on 10 runs - GPU latency: 1.73967 ms - Host latency: 1.78948 ms (enqueue 0.023291 ms)
[09/19/2026-22:38:59] [I] Average on 10 runs - GPU latency: 1.73901 ms - Host latency: 1.7905 ms (enqueue 0.0241211 ms)
[09/19/2026-22:38:59] [I] Average on 10 runs - GPU latency: 1.7394 ms - Host latency: 1.78984 ms (enqueue 0.0236328 ms)
[09/19/2026-22:38:59] [I] Average on 10 runs - GPU latency: 1.74043 ms - Host latency: 1.79319 ms (enqueue 0.0244385 ms)
[09/19/2026-22:38:59] [I] Average on 10 runs - GPU latency: 1.73882 ms - Host latency: 1.78994 ms (enqueue 0.024292 ms)
[09/19/2026-22:38:59] [I] Average on 10 runs - GPU latency: 1.74087 ms - Host latency: 1.7946 ms (enqueue 0.0261719 ms)
[09/19/2026-22:38:59] [I] Average on 10 runs - GPU latency: 1.73994 ms - Host latency: 1.79153 ms (enqueue 0.0251709 ms)
[09/19/2026-22:38:59] [I] Average on 10 runs - GPU latency: 1.73918 ms - Host latency: 1.79109 ms (enqueue 0.0240967 ms)
[09/19/2026-22:38:59] [I] Average on 10 runs - GPU latency: 1.74053 ms - Host latency: 1.79224 ms (enqueue 0.0236572 ms)
[09/19/2026-22:38:59] [I] Average on 10 runs - GPU latency: 1.73999 ms - Host latency: 1.79194 ms (enqueue 0.0244629 ms)
[09/19/2026-22:38:59] [I] Average on 10 runs - GPU latency: 1.7384 ms - Host latency: 1.7894 ms (enqueue 0.0240723 ms)
[09/19/2026-22:38:59] [I] Average on 10 runs - GPU latency: 1.73962 ms - Host latency: 1.79155 ms (enqueue 0.0237793 ms)
[09/19/2026-22:38:59] [I] Average on 10 runs - GPU latency: 1.73982 ms - Host latency: 1.79109 ms (enqueue 0.0244385 ms)
[09/19/2026-22:38:59] [I] Average on 10 runs - GPU latency: 1.74031 ms - Host latency: 1.79336 ms (enqueue 0.0243652 ms)
[09/19/2026-22:38:59] [I] Average on 10 runs - GPU latency: 1.73958 ms - Host latency: 1.79148 ms (enqueue 0.0249023 ms)
[09/19/2026-22:38:59] [I] Average on 10 runs - GPU latency: 1.73945 ms - Host latency: 1.79099 ms (enqueue 0.024707 ms)
[09/19/2026-22:38:59] [I] Average on 10 runs - GPU latency: 1.73906 ms - Host latency: 1.78921 ms (enqueue 0.0237061 ms)
[09/19/2026-22:38:59] [I] Average on 10 runs - GPU latency: 1.73857 ms - Host latency: 1.78904 ms (enqueue 0.0236816 ms)
[09/19/2026-22:38:59] [I] Average on 10 runs - GPU latency: 1.74075 ms - Host latency: 1.79158 ms (enqueue 0.0241211 ms)
[09/19/2026-22:38:59] [I] Average on 10 runs - GPU latency: 1.7396 ms - Host latency: 1.79141 ms (enqueue 0.0236572 ms)
[09/19/2026-22:38:59] [I] Average on 10 runs - GPU latency: 1.73884 ms - Host latency: 1.78901 ms (enqueue 0.0234131 ms)
[09/19/2026-22:38:59] [I] Average on 10 runs - GPU latency: 2.02295 ms - Host latency: 2.07271 ms (enqueue 0.0245117 ms)
[09/19/2026-22:38:59] [I] Average on 10 runs - GPU latency: 1.74202 ms - Host latency: 1.79656 ms (enqueue 0.0266846 ms)
[09/19/2026-22:38:59] [I] Average on 10 runs - GPU latency: 1.73931 ms - Host latency: 1.7918 ms (enqueue 0.0254883 ms)
[09/19/2026-22:38:59] [I] Average on 10 runs - GPU latency: 1.74063 ms - Host latency: 1.79414 ms (enqueue 0.0264648 ms)
[09/19/2026-22:38:59] [I] Average on 10 runs - GPU latency: 1.74106 ms - Host latency: 1.79465 ms (enqueue 0.0261963 ms)
[09/19/2026-22:38:59] [I] Average on 10 runs - GPU latency: 1.73967 ms - Host latency: 1.79199 ms (enqueue 0.0248047 ms)
[09/19/2026-22:38:59] [I] Average on 10 runs - GPU latency: 1.7405 ms - Host latency: 1.79407 ms (enqueue 0.0258057 ms)
[09/19/2026-22:38:59] [I] Average on 10 runs - GPU latency: 1.7397 ms - Host latency: 1.79277 ms (enqueue 0.0242187 ms)
[09/19/2026-22:38:59] [I] Average on 10 runs - GPU latency: 1.74077 ms - Host latency: 1.79321 ms (enqueue 0.0250977 ms)
[09/19/2026-22:38:59] [I] Average on 10 runs - GPU latency: 1.73975 ms - Host latency: 1.79316 ms (enqueue 0.0245605 ms)
[09/19/2026-22:38:59] [I] Average on 10 runs - GPU latency: 1.74058 ms - Host latency: 1.79404 ms (enqueue 0.0249023 ms)
[09/19/2026-22:38:59] [I] Average on 10 runs - GPU latency: 1.73979 ms - Host latency: 1.79268 ms (enqueue 0.0256348 ms)
[09/19/2026-22:38:59] [I] Average on 10 runs - GPU latency: 1.74063 ms - Host latency: 1.79355 ms (enqueue 0.0248047 ms)
[09/19/2026-22:38:59] [I] Average on 10 runs - GPU latency: 1.7396 ms - Host latency: 1.79165 ms (enqueue 0.0244141 ms)
[09/19/2026-22:38:59] [I] Average on 10 runs - GPU latency: 1.73906 ms - Host latency: 1.79307 ms (enqueue 0.0251465 ms)
[09/19/2026-22:38:59] [I] Average on 10 runs - GPU latency: 1.74097 ms - Host latency: 1.79448 ms (enqueue 0.0245117 ms)
[09/19/2026-22:38:59] [I] Average on 10 runs - GPU latency: 1.73945 ms - Host latency: 1.79199 ms (enqueue 0.0244141 ms)
[09/19/2026-22:38:59] [I] Average on 10 runs - GPU latency: 1.73979 ms - Host latency: 1.79111 ms (enqueue 0.0249512 ms)
[09/19/2026-22:38:59] [I] Average on 10 runs - GPU latency: 1.74106 ms - Host latency: 1.79531 ms (enqueue 0.0258301 ms)
[09/19/2026-22:38:59] [I] Average on 10 runs - GPU latency: 1.73896 ms - Host latency: 1.79131 ms (enqueue 0.0246582 ms)
[09/19/2026-22:38:59] [I] Average on 10 runs - GPU latency: 1.7396 ms - Host latency: 1.79229 ms (enqueue 0.0244141 ms)
[09/19/2026-22:38:59] [I] Average on 10 runs - GPU latency: 1.74019 ms - Host latency: 1.79199 ms (enqueue 0.0244629 ms)
[09/19/2026-22:38:59] [I] Average on 10 runs - GPU latency: 1.73984 ms - Host latency: 1.79287 ms (enqueue 0.0243652 ms)
[09/19/2026-22:38:59] [I] Average on 10 runs - GPU latency: 1.73975 ms - Host latency: 1.79038 ms (enqueue 0.0234863 ms)
[09/19/2026-22:38:59] [I] Average on 10 runs - GPU latency: 1.74009 ms - Host latency: 1.7915 ms (enqueue 0.0240234 ms)
[09/19/2026-22:38:59] [I] Average on 10 runs - GPU latency: 1.73945 ms - Host latency: 1.79185 ms (enqueue 0.0253906 ms)
[09/19/2026-22:38:59] [I] Average on 10 runs - GPU latency: 1.73955 ms - Host latency: 1.79458 ms (enqueue 0.0259277 ms)
[09/19/2026-22:38:59] [I] Average on 10 runs - GPU latency: 1.74072 ms - Host latency: 1.79448 ms (enqueue 0.0256836 ms)
[09/19/2026-22:38:59] [I] Average on 10 runs - GPU latency: 1.73882 ms - Host latency: 1.79199 ms (enqueue 0.0250977 ms)
[09/19/2026-22:38:59] [I] Average on 10 runs - GPU latency: 1.73965 ms - Host latency: 1.79248 ms (enqueue 0.0250488 ms)
[09/19/2026-22:38:59] [I] Average on 10 runs - GPU latency: 1.73979 ms - Host latency: 1.79229 ms (enqueue 0.0249512 ms)
[09/19/2026-22:38:59] [I] Average on 10 runs - GPU latency: 1.73989 ms - Host latency: 1.79209 ms (enqueue 0.0237305 ms)
[09/19/2026-22:38:59] [I] Average on 10 runs - GPU latency: 1.74004 ms - Host latency: 1.7917 ms (enqueue 0.0257812 ms)
[09/19/2026-22:38:59] [I] Average on 10 runs - GPU latency: 1.74058 ms - Host latency: 1.79204 ms (enqueue 0.0236816 ms)
[09/19/2026-22:38:59] [I] Average on 10 runs - GPU latency: 1.73877 ms - Host latency: 1.79102 ms (enqueue 0.0242187 ms)
[09/19/2026-22:38:59] [I] Average on 10 runs - GPU latency: 2.03057 ms - Host latency: 2.08437 ms (enqueue 0.0262207 ms)
[09/19/2026-22:38:59] [I] Average on 10 runs - GPU latency: 1.73857 ms - Host latency: 1.79053 ms (enqueue 0.0243652 ms)
[09/19/2026-22:38:59] [I] Average on 10 runs - GPU latency: 1.73926 ms - Host latency: 1.79214 ms (enqueue 0.0248047 ms)
[09/19/2026-22:38:59] [I] Average on 10 runs - GPU latency: 1.74028 ms - Host latency: 1.79263 ms (enqueue 0.025293 ms)
[09/19/2026-22:38:59] [I] Average on 10 runs - GPU latency: 1.7395 ms - Host latency: 1.78945 ms (enqueue 0.0246582 ms)
[09/19/2026-22:38:59] [I] Average on 10 runs - GPU latency: 1.73999 ms - Host latency: 1.79253 ms (enqueue 0.0249023 ms)
[09/19/2026-22:38:59] [I] Average on 10 runs - GPU latency: 1.73999 ms - Host latency: 1.79155 ms (enqueue 0.0253906 ms)
[09/19/2026-22:38:59] [I] Average on 10 runs - GPU latency: 1.74033 ms - Host latency: 1.79229 ms (enqueue 0.0239746 ms)
[09/19/2026-22:38:59] [I] Average on 10 runs - GPU latency: 1.73965 ms - Host latency: 1.79272 ms (enqueue 0.0259277 ms)
[09/19/2026-22:38:59] [I] Average on 10 runs - GPU latency: 1.73911 ms - Host latency: 1.79155 ms (enqueue 0.0262207 ms)
[09/19/2026-22:38:59] [I] Average on 10 runs - GPU latency: 1.7397 ms - Host latency: 1.79062 ms (enqueue 0.0248535 ms)
[09/19/2026-22:38:59] [I] Average on 10 runs - GPU latency: 1.74126 ms - Host latency: 1.79463 ms (enqueue 0.0249512 ms)
[09/19/2026-22:38:59] [I] Average on 10 runs - GPU latency: 1.74097 ms - Host latency: 1.79443 ms (enqueue 0.0261719 ms)
[09/19/2026-22:38:59] [I] Average on 10 runs - GPU latency: 1.74131 ms - Host latency: 1.79556 ms (enqueue 0.026416 ms)
[09/19/2026-22:38:59] [I] Average on 10 runs - GPU latency: 1.74043 ms - Host latency: 1.79438 ms (enqueue 0.027002 ms)
[09/19/2026-22:38:59] [I] Average on 10 runs - GPU latency: 1.74033 ms - Host latency: 1.79468 ms (enqueue 0.0257812 ms)
[09/19/2026-22:38:59] [I] Average on 10 runs - GPU latency: 1.74102 ms - Host latency: 1.79517 ms (enqueue 0.0251953 ms)
[09/19/2026-22:38:59] [I] Average on 10 runs - GPU latency: 1.73989 ms - Host latency: 1.7939 ms (enqueue 0.0264648 ms)
[09/19/2026-22:38:59] [I] Average on 10 runs - GPU latency: 1.7394 ms - Host latency: 1.79316 ms (enqueue 0.0256348 ms)
[09/19/2026-22:38:59] [I] Average on 10 runs - GPU latency: 1.73872 ms - Host latency: 1.79233 ms (enqueue 0.0255371 ms)
[09/19/2026-22:38:59] [I] Average on 10 runs - GPU latency: 1.73896 ms - Host latency: 1.79121 ms (enqueue 0.025293 ms)
[09/19/2026-22:38:59] [I] Average on 10 runs - GPU latency: 1.74102 ms - Host latency: 1.79424 ms (enqueue 0.0260742 ms)
[09/19/2026-22:38:59] [I] Average on 10 runs - GPU latency: 1.73975 ms - Host latency: 1.79395 ms (enqueue 0.0257324 ms)
[09/19/2026-22:38:59] [I] Average on 10 runs - GPU latency: 1.73965 ms - Host latency: 1.79263 ms (enqueue 0.0257324 ms)
[09/19/2026-22:38:59] [I] Average on 10 runs - GPU latency: 1.74121 ms - Host latency: 1.79448 ms (enqueue 0.0250488 ms)
[09/19/2026-22:38:59] [I] Average on 10 runs - GPU latency: 1.74082 ms - Host latency: 1.79292 ms (enqueue 0.0246582 ms)
[09/19/2026-22:38:59] [I] Average on 10 runs - GPU latency: 1.74009 ms - Host latency: 1.7915 ms (enqueue 0.0246582 ms)
[09/19/2026-22:38:59] [I] Average on 10 runs - GPU latency: 1.74136 ms - Host latency: 1.79395 ms (enqueue 0.0253906 ms)
[09/19/2026-22:38:59] [I] Average on 10 runs - GPU latency: 1.74072 ms - Host latency: 1.79282 ms (enqueue 0.0250977 ms)
[09/19/2026-22:38:59] [I] Average on 10 runs - GPU latency: 1.74009 ms - Host latency: 1.79146 ms (enqueue 0.0243164 ms)
[09/19/2026-22:38:59] [I] Average on 10 runs - GPU latency: 1.73833 ms - Host latency: 1.78892 ms (enqueue 0.0253906 ms)
[09/19/2026-22:38:59] [I] Average on 10 runs - GPU latency: 1.74023 ms - Host latency: 1.79365 ms (enqueue 0.0262207 ms)
[09/19/2026-22:38:59] [I] Average on 10 runs - GPU latency: 1.74077 ms - Host latency: 1.79277 ms (enqueue 0.0249023 ms)
[09/19/2026-22:38:59] [I] Average on 10 runs - GPU latency: 1.74019 ms - Host latency: 1.79321 ms (enqueue 0.0254883 ms)
[09/19/2026-22:38:59] [I] Average on 10 runs - GPU latency: 2.00825 ms - Host latency: 2.06343 ms (enqueue 0.0271484 ms)
[09/19/2026-22:38:59] [I] Average on 10 runs - GPU latency: 1.77896 ms - Host latency: 1.83354 ms (enqueue 0.0250977 ms)
[09/19/2026-22:38:59] [I] Average on 10 runs - GPU latency: 1.74048 ms - Host latency: 1.79448 ms (enqueue 0.0282715 ms)
[09/19/2026-22:38:59] [I] Average on 10 runs - GPU latency: 1.7394 ms - Host latency: 1.79316 ms (enqueue 0.0257324 ms)
[09/19/2026-22:38:59] [I] Average on 10 runs - GPU latency: 1.74097 ms - Host latency: 1.796 ms (enqueue 0.026416 ms)
[09/19/2026-22:38:59] [I] Average on 10 runs - GPU latency: 1.74058 ms - Host latency: 1.79482 ms (enqueue 0.0258789 ms)
[09/19/2026-22:38:59] [I] Average on 10 runs - GPU latency: 1.74077 ms - Host latency: 1.79526 ms (enqueue 0.0264648 ms)
[09/19/2026-22:38:59] [I] Average on 10 runs - GPU latency: 1.74043 ms - Host latency: 1.79448 ms (enqueue 0.0260254 ms)
[09/19/2026-22:38:59] [I] Average on 10 runs - GPU latency: 1.74111 ms - Host latency: 1.79326 ms (enqueue 0.0266113 ms)
[09/19/2026-22:38:59] [I] Average on 10 runs - GPU latency: 1.74111 ms - Host latency: 1.79331 ms (enqueue 0.0247559 ms)
[09/19/2026-22:38:59] [I] Average on 10 runs - GPU latency: 1.74033 ms - Host latency: 1.79429 ms (enqueue 0.0253906 ms)
[09/19/2026-22:38:59] [I] Average on 10 runs - GPU latency: 1.74072 ms - Host latency: 1.79336 ms (enqueue 0.0246094 ms)
[09/19/2026-22:38:59] [I] Average on 10 runs - GPU latency: 1.74009 ms - Host latency: 1.79312 ms (enqueue 0.0263184 ms)
[09/19/2026-22:38:59] [I] Average on 10 runs - GPU latency: 1.73936 ms - Host latency: 1.79253 ms (enqueue 0.026123 ms)
[09/19/2026-22:38:59] [I] Average on 10 runs - GPU latency: 1.74058 ms - Host latency: 1.79341 ms (enqueue 0.026123 ms)
[09/19/2026-22:38:59] [I] Average on 10 runs - GPU latency: 1.7397 ms - Host latency: 1.79214 ms (enqueue 0.025293 ms)
[09/19/2026-22:38:59] [I] Average on 10 runs - GPU latency: 1.74087 ms - Host latency: 1.7937 ms (enqueue 0.0252441 ms)
[09/19/2026-22:38:59] [I] Average on 10 runs - GPU latency: 1.7397 ms - Host latency: 1.7916 ms (enqueue 0.0250977 ms)
[09/19/2026-22:38:59] [I] ... Omitting 13198 lines
[09/19/2026-22:38:59] [I] Average on 10 runs - GPU latency: 1.73926 ms - Host latency: 1.7918 ms (enqueue 0.0257812 ms)
[09/19/2026-22:38:59] [I] Average on 10 runs - GPU latency: 1.74004 ms - Host latency: 1.79043 ms (enqueue 0.0261719 ms)
[09/19/2026-22:38:59] [I] Average on 10 runs - GPU latency: 1.74004 ms - Host latency: 1.79277 ms (enqueue 0.0259766 ms)
[09/19/2026-22:38:59] [I] Average on 10 runs - GPU latency: 1.74043 ms - Host latency: 1.79336 ms (enqueue 0.0259766 ms)
[09/19/2026-22:38:59] [I] Average on 10 runs - GPU latency: 1.73945 ms - Host latency: 1.7918 ms (enqueue 0.0261719 ms)
[09/19/2026-22:38:59] [I] Average on 10 runs - GPU latency: 1.73984 ms - Host latency: 1.79141 ms (enqueue 0.0255859 ms)
[09/19/2026-22:38:59] [I] Average on 10 runs - GPU latency: 1.73945 ms - Host latency: 1.79023 ms (enqueue 0.0246094 ms)
[09/19/2026-22:38:59] [I] Average on 10 runs - GPU latency: 1.73984 ms - Host latency: 1.79043 ms (enqueue 0.0232422 ms)
[09/19/2026-22:38:59] [I] Average on 10 runs - GPU latency: 1.74063 ms - Host latency: 1.79199 ms (enqueue 0.0242187 ms)
[09/19/2026-22:38:59] [I] Average on 10 runs - GPU latency: 1.74023 ms - Host latency: 1.78984 ms (enqueue 0.0238281 ms)
[09/19/2026-22:38:59] [I] Average on 10 runs - GPU latency: 1.74023 ms - Host latency: 1.79238 ms (enqueue 0.0240234 ms)
[09/19/2026-22:38:59] [I] Average on 10 runs - GPU latency: 1.73867 ms - Host latency: 1.78965 ms (enqueue 0.0244141 ms)
[09/19/2026-22:38:59] [I] Average on 10 runs - GPU latency: 1.74063 ms - Host latency: 1.79473 ms (enqueue 0.0253906 ms)
[09/19/2026-22:38:59] [I] Average on 10 runs - GPU latency: 1.73906 ms - Host latency: 1.79062 ms (enqueue 0.0251953 ms)
[09/19/2026-22:38:59] [I] Average on 10 runs - GPU latency: 1.74141 ms - Host latency: 1.79316 ms (enqueue 0.0251953 ms)
[09/19/2026-22:38:59] [I] Average on 10 runs - GPU latency: 1.7418 ms - Host latency: 1.79375 ms (enqueue 0.025 ms)
[09/19/2026-22:38:59] [I] Average on 10 runs - GPU latency: 1.74102 ms - Host latency: 1.79434 ms (enqueue 0.0253906 ms)
[09/19/2026-22:38:59] [I] Average on 10 runs - GPU latency: 1.74141 ms - Host latency: 1.79375 ms (enqueue 0.0253906 ms)
[09/19/2026-22:38:59] [I] Average on 10 runs - GPU latency: 1.74199 ms - Host latency: 1.79531 ms (enqueue 0.0257812 ms)
[09/19/2026-22:38:59] [I] Average on 10 runs - GPU latency: 1.74141 ms - Host latency: 1.79434 ms (enqueue 0.0253906 ms)
[09/19/2026-22:38:59] [I] Average on 10 runs - GPU latency: 1.74082 ms - Host latency: 1.79473 ms (enqueue 0.0263672 ms)
[09/19/2026-22:38:59] [I] Average on 10 runs - GPU latency: 1.74141 ms - Host latency: 1.79512 ms (enqueue 0.0261719 ms)
[09/19/2026-22:38:59] [I] Average on 10 runs - GPU latency: 1.74004 ms - Host latency: 1.79512 ms (enqueue 0.0267578 ms)
[09/19/2026-22:38:59] [I] Average on 10 runs - GPU latency: 1.74199 ms - Host latency: 1.79551 ms (enqueue 0.0275391 ms)
[09/19/2026-22:38:59] [I] Average on 10 runs - GPU latency: 1.74043 ms - Host latency: 1.79434 ms (enqueue 0.0263672 ms)
[09/19/2026-22:38:59] [I] Average on 10 runs - GPU latency: 1.7418 ms - Host latency: 1.79492 ms (enqueue 0.0259766 ms)
[09/19/2026-22:38:59] [I] Average on 10 runs - GPU latency: 1.74121 ms - Host latency: 1.79629 ms (enqueue 0.0257812 ms)
[09/19/2026-22:38:59] [I] Average on 10 runs - GPU latency: 1.74023 ms - Host latency: 1.79414 ms (enqueue 0.0259766 ms)
[09/19/2026-22:38:59] [I] Average on 10 runs - GPU latency: 1.74102 ms - Host latency: 1.79414 ms (enqueue 0.0257812 ms)
[09/19/2026-22:38:59] [I] Average on 10 runs - GPU latency: 1.7418 ms - Host latency: 1.7959 ms (enqueue 0.0251953 ms)
[09/19/2026-22:38:59] [I] Average on 10 runs - GPU latency: 1.73965 ms - Host latency: 1.79395 ms (enqueue 0.0263672 ms)
[09/19/2026-22:38:59] [I] Average on 10 runs - GPU latency: 1.74063 ms - Host latency: 1.79512 ms (enqueue 0.0273438 ms)
[09/19/2026-22:38:59] [I] Average on 10 runs - GPU latency: 1.74102 ms - Host latency: 1.79512 ms (enqueue 0.0269531 ms)
[09/19/2026-22:38:59] [I] Average on 10 runs - GPU latency: 1.74063 ms - Host latency: 1.79414 ms (enqueue 0.0263672 ms)
[09/19/2026-22:38:59] [I] Average on 10 runs - GPU latency: 1.73984 ms - Host latency: 1.79355 ms (enqueue 0.0271484 ms)
[09/19/2026-22:38:59] [I] Average on 10 runs - GPU latency: 1.74043 ms - Host latency: 1.79316 ms (enqueue 0.0253906 ms)
[09/19/2026-22:38:59] [I] Average on 10 runs - GPU latency: 1.74121 ms - Host latency: 1.79453 ms (enqueue 0.0248047 ms)
[09/19/2026-22:38:59] [I] Average on 10 runs - GPU latency: 1.74121 ms - Host latency: 1.79551 ms (enqueue 0.025 ms)
[09/19/2026-22:38:59] [I] Average on 10 runs - GPU latency: 1.73965 ms - Host latency: 1.79316 ms (enqueue 0.0255859 ms)
[09/19/2026-22:38:59] [I] Average on 10 runs - GPU latency: 1.74141 ms - Host latency: 1.79492 ms (enqueue 0.0259766 ms)
[09/19/2026-22:38:59] [I] Average on 10 runs - GPU latency: 1.74082 ms - Host latency: 1.79434 ms (enqueue 0.0279297 ms)
[09/19/2026-22:38:59] [I] Average on 10 runs - GPU latency: 1.74043 ms - Host latency: 1.79453 ms (enqueue 0.0263672 ms)
[09/19/2026-22:38:59] [I] Average on 10 runs - GPU latency: 1.74258 ms - Host latency: 1.79785 ms (enqueue 0.0265625 ms)
[09/19/2026-22:38:59] [I] Average on 10 runs - GPU latency: 1.74199 ms - Host latency: 1.7959 ms (enqueue 0.0267578 ms)
[09/19/2026-22:38:59] [I] Average on 10 runs - GPU latency: 1.74102 ms - Host latency: 1.79453 ms (enqueue 0.0263672 ms)
[09/19/2026-22:38:59] [I] Average on 10 runs - GPU latency: 1.74219 ms - Host latency: 1.79531 ms (enqueue 0.0267578 ms)
[09/19/2026-22:38:59] [I] Average on 10 runs - GPU latency: 1.74043 ms - Host latency: 1.79199 ms (enqueue 0.0246094 ms)
[09/19/2026-22:38:59] [I] Average on 10 runs - GPU latency: 1.74102 ms - Host latency: 1.79316 ms (enqueue 0.0244141 ms)
[09/19/2026-22:38:59] [I] Average on 10 runs - GPU latency: 1.73945 ms - Host latency: 1.7918 ms (enqueue 0.0244141 ms)
[09/19/2026-22:38:59] [I] Average on 10 runs - GPU latency: 1.7416 ms - Host latency: 1.79434 ms (enqueue 0.0255859 ms)
[09/19/2026-22:38:59] [I] Average on 10 runs - GPU latency: 1.74023 ms - Host latency: 1.79395 ms (enqueue 0.0275391 ms)
[09/19/2026-22:38:59] [I] Average on 10 runs - GPU latency: 1.7416 ms - Host latency: 1.79492 ms (enqueue 0.0263672 ms)
[09/19/2026-22:38:59] [I] Average on 10 runs - GPU latency: 1.74063 ms - Host latency: 1.79375 ms (enqueue 0.0259766 ms)
[09/19/2026-22:38:59] [I] Average on 10 runs - GPU latency: 1.74141 ms - Host latency: 1.79375 ms (enqueue 0.0265625 ms)
[09/19/2026-22:38:59] [I] Average on 10 runs - GPU latency: 1.73984 ms - Host latency: 1.79277 ms (enqueue 0.0261719 ms)
[09/19/2026-22:38:59] [I] Average on 10 runs - GPU latency: 1.74004 ms - Host latency: 1.79395 ms (enqueue 0.0267578 ms)
[09/19/2026-22:38:59] [I] Average on 10 runs - GPU latency: 1.73965 ms - Host latency: 1.79258 ms (enqueue 0.0275391 ms)
[09/19/2026-22:38:59] [I] Average on 10 runs - GPU latency: 1.74082 ms - Host latency: 1.79453 ms (enqueue 0.0255859 ms)
[09/19/2026-22:38:59] [I] Average on 10 runs - GPU latency: 1.74043 ms - Host latency: 1.79395 ms (enqueue 0.0263672 ms)
[09/19/2026-22:38:59] [I] Average on 10 runs - GPU latency: 1.74102 ms - Host latency: 1.79355 ms (enqueue 0.0253906 ms)
[09/19/2026-22:38:59] [I] Average on 10 runs - GPU latency: 1.73984 ms - Host latency: 1.79316 ms (enqueue 0.0259766 ms)
[09/19/2026-22:38:59] [I] Average on 10 runs - GPU latency: 1.73945 ms - Host latency: 1.79141 ms (enqueue 0.025 ms)
[09/19/2026-22:38:59] [I] Average on 10 runs - GPU latency: 1.74121 ms - Host latency: 1.79336 ms (enqueue 0.0246094 ms)
[09/19/2026-22:38:59] [I] Average on 10 runs - GPU latency: 1.74141 ms - Host latency: 1.79473 ms (enqueue 0.0259766 ms)
[09/19/2026-22:38:59] [I] Average on 10 runs - GPU latency: 1.74121 ms - Host latency: 1.79492 ms (enqueue 0.0257812 ms)
[09/19/2026-22:38:59] [I] Average on 10 runs - GPU latency: 1.7416 ms - Host latency: 1.79434 ms (enqueue 0.0251953 ms)
[09/19/2026-22:38:59] [I] Average on 10 runs - GPU latency: 1.74121 ms - Host latency: 1.79355 ms (enqueue 0.0271484 ms)
[09/19/2026-22:38:59] [I] Average on 10 runs - GPU latency: 1.7418 ms - Host latency: 1.79434 ms (enqueue 0.0265625 ms)
[09/19/2026-22:38:59] [I] Average on 10 runs - GPU latency: 1.74141 ms - Host latency: 1.79473 ms (enqueue 0.0263672 ms)
[09/19/2026-22:38:59] [I] Average on 10 runs - GPU latency: 1.74219 ms - Host latency: 1.79727 ms (enqueue 0.0267578 ms)
[09/19/2026-22:38:59] [I] Average on 10 runs - GPU latency: 1.74219 ms - Host latency: 1.79688 ms (enqueue 0.0261719 ms)
[09/19/2026-22:38:59] [I] Average on 10 runs - GPU latency: 1.74102 ms - Host latency: 1.79551 ms (enqueue 0.0269531 ms)
[09/19/2026-22:38:59] [I] Average on 10 runs - GPU latency: 1.74004 ms - Host latency: 1.79414 ms (enqueue 0.0273438 ms)
[09/19/2026-22:38:59] [I] Average on 10 runs - GPU latency: 1.74082 ms - Host latency: 1.79355 ms (enqueue 0.0261719 ms)
[09/19/2026-22:38:59] [I] Average on 10 runs - GPU latency: 1.74004 ms - Host latency: 1.79453 ms (enqueue 0.0255859 ms)
[09/19/2026-22:38:59] [I] Average on 10 runs - GPU latency: 1.74102 ms - Host latency: 1.79355 ms (enqueue 0.0263672 ms)
[09/19/2026-22:38:59] [I] Average on 10 runs - GPU latency: 1.7416 ms - Host latency: 1.79395 ms (enqueue 0.0279297 ms)
[09/19/2026-22:38:59] [I] Average on 10 runs - GPU latency: 1.7416 ms - Host latency: 1.79434 ms (enqueue 0.025 ms)
[09/19/2026-22:38:59] [I] Average on 10 runs - GPU latency: 1.74199 ms - Host latency: 1.79453 ms (enqueue 0.0253906 ms)
[09/19/2026-22:38:59] [I] Average on 10 runs - GPU latency: 1.74219 ms - Host latency: 1.79551 ms (enqueue 0.0255859 ms)
[09/19/2026-22:38:59] [I] Average on 10 runs - GPU latency: 1.74121 ms - Host latency: 1.79395 ms (enqueue 0.0271484 ms)
[09/19/2026-22:38:59] [I] Average on 10 runs - GPU latency: 1.7416 ms - Host latency: 1.79414 ms (enqueue 0.0253906 ms)
[09/19/2026-22:38:59] [I] Average on 10 runs - GPU latency: 1.74102 ms - Host latency: 1.79668 ms (enqueue 0.0251953 ms)
[09/19/2026-22:38:59] [I] Average on 10 runs - GPU latency: 1.7416 ms - Host latency: 1.79727 ms (enqueue 0.0261719 ms)
[09/19/2026-22:38:59] [I] Average on 10 runs - GPU latency: 1.7416 ms - Host latency: 1.79629 ms (enqueue 0.0267578 ms)
[09/19/2026-22:38:59] [I] Average on 10 runs - GPU latency: 1.74375 ms - Host latency: 1.79844 ms (enqueue 0.0269531 ms)
[09/19/2026-22:38:59] [I] Average on 10 runs - GPU latency: 1.74199 ms - Host latency: 1.79609 ms (enqueue 0.0265625 ms)
[09/19/2026-22:38:59] [I] Average on 10 runs - GPU latency: 1.74238 ms - Host latency: 1.79785 ms (enqueue 0.0263672 ms)
[09/19/2026-22:38:59] [I] Average on 10 runs - GPU latency: 1.74238 ms - Host latency: 1.79629 ms (enqueue 0.0285156 ms)
[09/19/2026-22:38:59] [I] Average on 10 runs - GPU latency: 1.7416 ms - Host latency: 1.79629 ms (enqueue 0.0261719 ms)
[09/19/2026-22:38:59] [I] Average on 10 runs - GPU latency: 1.74199 ms - Host latency: 1.79609 ms (enqueue 0.0263672 ms)
[09/19/2026-22:38:59] [I] Average on 10 runs - GPU latency: 1.74199 ms - Host latency: 1.79668 ms (enqueue 0.0265625 ms)
[09/19/2026-22:38:59] [I] Average on 10 runs - GPU latency: 1.74199 ms - Host latency: 1.79551 ms (enqueue 0.0271484 ms)
[09/19/2026-22:38:59] [I] Average on 10 runs - GPU latency: 1.74141 ms - Host latency: 1.79668 ms (enqueue 0.0265625 ms)
[09/19/2026-22:38:59] [I] Average on 10 runs - GPU latency: 1.74277 ms - Host latency: 1.79766 ms (enqueue 0.0257812 ms)
[09/19/2026-22:38:59] [I] Average on 10 runs - GPU latency: 1.74336 ms - Host latency: 1.79785 ms (enqueue 0.0253906 ms)
[09/19/2026-22:38:59] [I] Average on 10 runs - GPU latency: 1.74277 ms - Host latency: 1.79609 ms (enqueue 0.0275391 ms)
[09/19/2026-22:38:59] [I] Average on 10 runs - GPU latency: 1.74199 ms - Host latency: 1.79609 ms (enqueue 0.0255859 ms)
[09/19/2026-22:38:59] [I] Average on 10 runs - GPU latency: 1.74297 ms - Host latency: 1.79688 ms (enqueue 0.0263672 ms)
[09/19/2026-22:38:59] [I] Average on 10 runs - GPU latency: 1.74199 ms - Host latency: 1.79668 ms (enqueue 0.0273438 ms)
[09/19/2026-22:38:59] [I] Average on 10 runs - GPU latency: 1.74141 ms - Host latency: 1.79453 ms (enqueue 0.0257812 ms)
[09/19/2026-22:38:59] [I] Average on 10 runs - GPU latency: 1.74238 ms - Host latency: 1.79609 ms (enqueue 0.0261719 ms)
[09/19/2026-22:38:59] [I] Average on 10 runs - GPU latency: 1.7418 ms - Host latency: 1.79648 ms (enqueue 0.0265625 ms)
[09/19/2026-22:38:59] [I] Average on 10 runs - GPU latency: 1.74297 ms - Host latency: 1.79629 ms (enqueue 0.0271484 ms)
[09/19/2026-22:38:59] [I] Average on 10 runs - GPU latency: 1.74141 ms - Host latency: 1.79453 ms (enqueue 0.0265625 ms)
[09/19/2026-22:38:59] [I] Average on 10 runs - GPU latency: 1.74121 ms - Host latency: 1.79316 ms (enqueue 0.0251953 ms)
[09/19/2026-22:38:59] [I] Average on 10 runs - GPU latency: 1.74297 ms - Host latency: 1.79531 ms (enqueue 0.025 ms)
[09/19/2026-22:38:59] [I] Average on 10 runs - GPU latency: 1.7416 ms - Host latency: 1.79375 ms (enqueue 0.0253906 ms)
[09/19/2026-22:38:59] [I] Average on 10 runs - GPU latency: 1.74238 ms - Host latency: 1.79805 ms (enqueue 0.0269531 ms)
[09/19/2026-22:38:59] [I] Average on 10 runs - GPU latency: 1.74238 ms - Host latency: 1.79727 ms (enqueue 0.0275391 ms)
[09/19/2026-22:38:59] [I] Average on 10 runs - GPU latency: 1.74043 ms - Host latency: 1.79453 ms (enqueue 0.0267578 ms)
[09/19/2026-22:38:59] [I] Average on 10 runs - GPU latency: 1.74219 ms - Host latency: 1.79766 ms (enqueue 0.0263672 ms)
[09/19/2026-22:38:59] [I] Average on 10 runs - GPU latency: 1.74082 ms - Host latency: 1.79512 ms (enqueue 0.0261719 ms)
[09/19/2026-22:38:59] [I] Average on 10 runs - GPU latency: 1.74277 ms - Host latency: 1.79727 ms (enqueue 0.0259766 ms)
[09/19/2026-22:38:59] [I] Average on 10 runs - GPU latency: 1.74023 ms - Host latency: 1.7957 ms (enqueue 0.0273438 ms)
[09/19/2026-22:38:59] [I] Average on 10 runs - GPU latency: 1.74297 ms - Host latency: 1.79688 ms (enqueue 0.0294922 ms)
[09/19/2026-22:38:59] [I] Average on 10 runs - GPU latency: 1.74082 ms - Host latency: 1.79492 ms (enqueue 0.0257812 ms)
[09/19/2026-22:38:59] [I] Average on 10 runs - GPU latency: 1.74219 ms - Host latency: 1.79668 ms (enqueue 0.0269531 ms)
[09/19/2026-22:38:59] [I] Average on 10 runs - GPU latency: 1.74082 ms - Host latency: 1.79434 ms (enqueue 0.0251953 ms)
[09/19/2026-22:38:59] [I] Average on 10 runs - GPU latency: 1.74121 ms - Host latency: 1.79336 ms (enqueue 0.0244141 ms)
[09/19/2026-22:38:59] [I] Average on 10 runs - GPU latency: 1.74102 ms - Host latency: 1.79531 ms (enqueue 0.0253906 ms)
[09/19/2026-22:38:59] [I] Average on 10 runs - GPU latency: 1.74258 ms - Host latency: 1.7959 ms (enqueue 0.0253906 ms)
[09/19/2026-22:38:59] [I] Average on 10 runs - GPU latency: 1.73984 ms - Host latency: 1.79141 ms (enqueue 0.0255859 ms)
[09/19/2026-22:38:59] [I] Average on 10 runs - GPU latency: 1.74063 ms - Host latency: 1.7916 ms (enqueue 0.0251953 ms)
[09/19/2026-22:38:59] [I] Average on 10 runs - GPU latency: 1.74121 ms - Host latency: 1.79492 ms (enqueue 0.025 ms)
[09/19/2026-22:38:59] [I] Average on 10 runs - GPU latency: 1.74121 ms - Host latency: 1.79395 ms (enqueue 0.028125 ms)
[09/19/2026-22:38:59] [I] Average on 10 runs - GPU latency: 1.74043 ms - Host latency: 1.7916 ms (enqueue 0.0255859 ms)
[09/19/2026-22:38:59] [I] Average on 10 runs - GPU latency: 1.74141 ms - Host latency: 1.79355 ms (enqueue 0.0251953 ms)
[09/19/2026-22:38:59] [I] Average on 10 runs - GPU latency: 1.74219 ms - Host latency: 1.79492 ms (enqueue 0.0251953 ms)
[09/19/2026-22:38:59] [I] Average on 10 runs - GPU latency: 1.74023 ms - Host latency: 1.79375 ms (enqueue 0.0251953 ms)
[09/19/2026-22:38:59] [I] Average on 10 runs - GPU latency: 1.74121 ms - Host latency: 1.79355 ms (enqueue 0.0263672 ms)
[09/19/2026-22:38:59] [I] Average on 10 runs - GPU latency: 1.74063 ms - Host latency: 1.79199 ms (enqueue 0.0251953 ms)
[09/19/2026-22:38:59] [I] Average on 10 runs - GPU latency: 1.74082 ms - Host latency: 1.79355 ms (enqueue 0.025 ms)
[09/19/2026-22:38:59] [I] Average on 10 runs - GPU latency: 1.74082 ms - Host latency: 1.79336 ms (enqueue 0.0248047 ms)
[09/19/2026-22:38:59] [I] Average on 10 runs - GPU latency: 1.7416 ms - Host latency: 1.79375 ms (enqueue 0.0255859 ms)
[09/19/2026-22:38:59] [I] Average on 10 runs - GPU latency: 1.74141 ms - Host latency: 1.79512 ms (enqueue 0.0251953 ms)
[09/19/2026-22:38:59] [I] Average on 10 runs - GPU latency: 1.74121 ms - Host latency: 1.79434 ms (enqueue 0.0263672 ms)
[09/19/2026-22:38:59] [I] Average on 10 runs - GPU latency: 1.74102 ms - Host latency: 1.7959 ms (enqueue 0.0265625 ms)
[09/19/2026-22:38:59] [I] Average on 10 runs - GPU latency: 1.74102 ms - Host latency: 1.79531 ms (enqueue 0.0259766 ms)
[09/19/2026-22:38:59] [I] Average on 10 runs - GPU latency: 1.74121 ms - Host latency: 1.79316 ms (enqueue 0.0253906 ms)
[09/19/2026-22:38:59] [I] Average on 10 runs - GPU latency: 1.74102 ms - Host latency: 1.79277 ms (enqueue 0.0253906 ms)
[09/19/2026-22:38:59] [I] Average on 10 runs - GPU latency: 1.73926 ms - Host latency: 1.79199 ms (enqueue 0.0248047 ms)
[09/19/2026-22:38:59] [I] Average on 10 runs - GPU latency: 1.74121 ms - Host latency: 1.79512 ms (enqueue 0.0248047 ms)
[09/19/2026-22:38:59] [I] Average on 10 runs - GPU latency: 1.74023 ms - Host latency: 1.79395 ms (enqueue 0.0253906 ms)
[09/19/2026-22:38:59] [I] Average on 10 runs - GPU latency: 1.73984 ms - Host latency: 1.7918 ms (enqueue 0.025 ms)
[09/19/2026-22:38:59] [I] Average on 10 runs - GPU latency: 1.74063 ms - Host latency: 1.79512 ms (enqueue 0.0263672 ms)
[09/19/2026-22:38:59] [I] Average on 10 runs - GPU latency: 1.73984 ms - Host latency: 1.79297 ms (enqueue 0.0257812 ms)
[09/19/2026-22:38:59] [I] Average on 10 runs - GPU latency: 1.7416 ms - Host latency: 1.79395 ms (enqueue 0.0257812 ms)
[09/19/2026-22:38:59] [I] Average on 10 runs - GPU latency: 1.74063 ms - Host latency: 1.7918 ms (enqueue 0.0255859 ms)
[09/19/2026-22:38:59] [I] Average on 10 runs - GPU latency: 1.74102 ms - Host latency: 1.79297 ms (enqueue 0.0257812 ms)
[09/19/2026-22:38:59] [I] Average on 10 runs - GPU latency: 1.74141 ms - Host latency: 1.79492 ms (enqueue 0.0257812 ms)
[09/19/2026-22:38:59] [I] Average on 10 runs - GPU latency: 1.74102 ms - Host latency: 1.7957 ms (enqueue 0.0261719 ms)
[09/19/2026-22:38:59] [I] Average on 10 runs - GPU latency: 1.73965 ms - Host latency: 1.79277 ms (enqueue 0.0271484 ms)
[09/19/2026-22:38:59] [I] Average on 10 runs - GPU latency: 1.74121 ms - Host latency: 1.79355 ms (enqueue 0.0242187 ms)
[09/19/2026-22:38:59] [I] Average on 10 runs - GPU latency: 1.74063 ms - Host latency: 1.79277 ms (enqueue 0.0251953 ms)
[09/19/2026-22:38:59] [I] Average on 10 runs - GPU latency: 1.74063 ms - Host latency: 1.79277 ms (enqueue 0.0259766 ms)
[09/19/2026-22:38:59] [I] Average on 10 runs - GPU latency: 1.74023 ms - Host latency: 1.79238 ms (enqueue 0.0248047 ms)
[09/19/2026-22:38:59] [I] Average on 10 runs - GPU latency: 1.74063 ms - Host latency: 1.79258 ms (enqueue 0.0257812 ms)
[09/19/2026-22:38:59] [I] Average on 10 runs - GPU latency: 1.73984 ms - Host latency: 1.7918 ms (enqueue 0.0240234 ms)
[09/19/2026-22:38:59] [I] Average on 10 runs - GPU latency: 1.74004 ms - Host latency: 1.79277 ms (enqueue 0.0259766 ms)
[09/19/2026-22:38:59] [I] Average on 10 runs - GPU latency: 1.74082 ms - Host latency: 1.79473 ms (enqueue 0.0257812 ms)
[09/19/2026-22:38:59] [I] Average on 10 runs - GPU latency: 1.74043 ms - Host latency: 1.79336 ms (enqueue 0.025 ms)
[09/19/2026-22:38:59] [I] Average on 10 runs - GPU latency: 1.74063 ms - Host latency: 1.79434 ms (enqueue 0.0277344 ms)
[09/19/2026-22:38:59] [I] Average on 10 runs - GPU latency: 1.74063 ms - Host latency: 1.79355 ms (enqueue 0.0251953 ms)
[09/19/2026-22:38:59] [I] Average on 10 runs - GPU latency: 1.73965 ms - Host latency: 1.79336 ms (enqueue 0.0251953 ms)
[09/19/2026-22:38:59] [I] Average on 10 runs - GPU latency: 1.73945 ms - Host latency: 1.78945 ms (enqueue 0.0255859 ms)
[09/19/2026-22:38:59] [I] Average on 10 runs - GPU latency: 1.74063 ms - Host latency: 1.79336 ms (enqueue 0.0246094 ms)
[09/19/2026-22:38:59] [I] Average on 10 runs - GPU latency: 1.73926 ms - Host latency: 1.79043 ms (enqueue 0.0244141 ms)
[09/19/2026-22:38:59] [I] Average on 10 runs - GPU latency: 1.74102 ms - Host latency: 1.79238 ms (enqueue 0.0240234 ms)
[09/19/2026-22:38:59] [I] Average on 10 runs - GPU latency: 1.74121 ms - Host latency: 1.79336 ms (enqueue 0.0246094 ms)
[09/19/2026-22:38:59] [I] Average on 10 runs - GPU latency: 1.74121 ms - Host latency: 1.79316 ms (enqueue 0.0246094 ms)
[09/19/2026-22:38:59] [I] Average on 10 runs - GPU latency: 1.74082 ms - Host latency: 1.79316 ms (enqueue 0.0246094 ms)
[09/19/2026-22:38:59] [I] Average on 10 runs - GPU latency: 1.7418 ms - Host latency: 1.79297 ms (enqueue 0.0244141 ms)
[09/19/2026-22:38:59] [I] Average on 10 runs - GPU latency: 1.74121 ms - Host latency: 1.79395 ms (enqueue 0.0248047 ms)
[09/19/2026-22:38:59] [I] Average on 10 runs - GPU latency: 1.7416 ms - Host latency: 1.79316 ms (enqueue 0.0244141 ms)
[09/19/2026-22:38:59] [I] Average on 10 runs - GPU latency: 1.74043 ms - Host latency: 1.79238 ms (enqueue 0.0234375 ms)
[09/19/2026-22:38:59] [I] Average on 10 runs - GPU latency: 1.73984 ms - Host latency: 1.79141 ms (enqueue 0.0253906 ms)
[09/19/2026-22:38:59] [I] Average on 10 runs - GPU latency: 1.73965 ms - Host latency: 1.79316 ms (enqueue 0.0244141 ms)
[09/19/2026-22:38:59] [I] Average on 10 runs - GPU latency: 1.74063 ms - Host latency: 1.7918 ms (enqueue 0.0248047 ms)
[09/19/2026-22:38:59] [I] Average on 10 runs - GPU latency: 1.74121 ms - Host latency: 1.79297 ms (enqueue 0.0244141 ms)
[09/19/2026-22:38:59] [I] Average on 10 runs - GPU latency: 1.74102 ms - Host latency: 1.7918 ms (enqueue 0.0238281 ms)
[09/19/2026-22:38:59] [I] Average on 10 runs - GPU latency: 1.74277 ms - Host latency: 1.79629 ms (enqueue 0.0259766 ms)
[09/19/2026-22:38:59] [I] Average on 10 runs - GPU latency: 1.74004 ms - Host latency: 1.79082 ms (enqueue 0.0259766 ms)
[09/19/2026-22:38:59] [I] Average on 10 runs - GPU latency: 1.7416 ms - Host latency: 1.79375 ms (enqueue 0.0255859 ms)
[09/19/2026-22:38:59] [I] Average on 10 runs - GPU latency: 1.7416 ms - Host latency: 1.79375 ms (enqueue 0.0261719 ms)
[09/19/2026-22:38:59] [I] Average on 10 runs - GPU latency: 1.73984 ms - Host latency: 1.79102 ms (enqueue 0.0259766 ms)
[09/19/2026-22:38:59] [I] Average on 10 runs - GPU latency: 1.74082 ms - Host latency: 1.79336 ms (enqueue 0.0259766 ms)
[09/19/2026-22:38:59] [I] Average on 10 runs - GPU latency: 1.74121 ms - Host latency: 1.79336 ms (enqueue 0.0253906 ms)
[09/19/2026-22:38:59] [I] Average on 10 runs - GPU latency: 1.73965 ms - Host latency: 1.79023 ms (enqueue 0.0242187 ms)
[09/19/2026-22:38:59] [I] Average on 10 runs - GPU latency: 1.74063 ms - Host latency: 1.79375 ms (enqueue 0.0242187 ms)
[09/19/2026-22:38:59] [I] Average on 10 runs - GPU latency: 1.74043 ms - Host latency: 1.79219 ms (enqueue 0.0242187 ms)
[09/19/2026-22:38:59] [I] Average on 10 runs - GPU latency: 1.74121 ms - Host latency: 1.79238 ms (enqueue 0.0257812 ms)
[09/19/2026-22:38:59] [I] Average on 10 runs - GPU latency: 1.74102 ms - Host latency: 1.79258 ms (enqueue 0.0238281 ms)
[09/19/2026-22:38:59] [I] Average on 10 runs - GPU latency: 1.73887 ms - Host latency: 1.79062 ms (enqueue 0.0253906 ms)
[09/19/2026-22:38:59] [I] Average on 10 runs - GPU latency: 1.74121 ms - Host latency: 1.79512 ms (enqueue 0.0253906 ms)
[09/19/2026-22:38:59] [I] Average on 10 runs - GPU latency: 1.74063 ms - Host latency: 1.79375 ms (enqueue 0.0257812 ms)
[09/19/2026-22:38:59] [I] Average on 10 runs - GPU latency: 1.74082 ms - Host latency: 1.79316 ms (enqueue 0.0248047 ms)
[09/19/2026-22:38:59] [I] Average on 10 runs - GPU latency: 1.74043 ms - Host latency: 1.79316 ms (enqueue 0.0263672 ms)
[09/19/2026-22:38:59] [I] Average on 10 runs - GPU latency: 1.73984 ms - Host latency: 1.79121 ms (enqueue 0.0251953 ms)
[09/19/2026-22:38:59] [I] Average on 10 runs - GPU latency: 1.74082 ms - Host latency: 1.79297 ms (enqueue 0.0251953 ms)
[09/19/2026-22:38:59] [I] 
[09/19/2026-22:38:59] [I] === Performance summary ===
[09/19/2026-22:38:59] [I] Throughput: 573.177 qps
[09/19/2026-22:38:59] [I] Latency: min = 1.7793 ms, max = 4.05664 ms, mean = 1.79556 ms, median = 1.79297 ms, percentile(90%) = 1.79785 ms, percentile(95%) = 1.79883 ms, percentile(99%) = 1.80273 ms
[09/19/2026-22:38:59] [I] Enqueue Time: min = 0.0195312 ms, max = 0.0976562 ms, mean = 0.0252756 ms, median = 0.0253906 ms, percentile(90%) = 0.0273438 ms, percentile(95%) = 0.0283203 ms, percentile(99%) = 0.03125 ms
[09/19/2026-22:38:59] [I] H2D Latency: min = 0.0371094 ms, max = 0.0664062 ms, mean = 0.0468059 ms, median = 0.046875 ms, percentile(90%) = 0.0507812 ms, percentile(95%) = 0.0507812 ms, percentile(99%) = 0.0527344 ms
[09/19/2026-22:38:59] [I] GPU Compute Time: min = 1.73047 ms, max = 4.00879 ms, mean = 1.74303 ms, median = 1.74023 ms, percentile(90%) = 1.74316 ms, percentile(95%) = 1.74414 ms, percentile(99%) = 1.74609 ms
[09/19/2026-22:38:59] [I] D2H Latency: min = 0.00195312 ms, max = 0.00830078 ms, mean = 0.00577571 ms, median = 0.00585938 ms, percentile(90%) = 0.00683594 ms, percentile(95%) = 0.0078125 ms, percentile(99%) = 0.0078125 ms
[09/19/2026-22:38:59] [I] Total Host Walltime: 30.0047 s
[09/19/2026-22:38:59] [I] Total GPU Compute Time: 29.9766 s
[09/19/2026-22:38:59] [W] * GPU compute time is unstable, with coefficient of variance = 3.87071%.
[09/19/2026-22:38:59] [W]   If not already in use, locking GPU clock frequency or adding --useSpinWait may improve the stability.
[09/19/2026-22:38:59] [I] Explanations of the performance metrics are printed in the verbose logs.
[09/19/2026-22:38:59] [I] 
&&&& PASSED TensorRT.trtexec [TensorRT v101602] [b10] # trtexec --loadEngine=mobilenetv2_fp32.plan --shapes=input:1x3x224x224 --warmUp=2000 --duration=30 --useCudaGraph --exportTimes=times_fp32_graph.json
