&&&& RUNNING TensorRT.trtexec [TensorRT v101602] [b10] # trtexec --loadEngine=mobilenetv2_tf32.plan --shapes=input:1x3x224x224 --warmUp=2000 --duration=30 --useCudaGraph --useSpinWait --exportTimes=times_tf32_graph_spin.json
[09/19/2026-22:42:29] [I] TF32 is enabled by default. Add --noTF32 flag to further improve accuracy with some performance cost.
[09/19/2026-22:42:29] [I] === Model Options ===
[09/19/2026-22:42:29] [I] Format: *
[09/19/2026-22:42:29] [I] Model: 
[09/19/2026-22:42:29] [I] Output:
[09/19/2026-22:42:29] [I] 
[09/19/2026-22:42:29] [I] === System Options ===
[09/19/2026-22:42:29] [I] Device: 0
[09/19/2026-22:42:29] [I] DLACore: 
[09/19/2026-22:42:29] [I] Loaded static plugins:
[09/19/2026-22:42:29] [I] setPluginsToSerialize:
[09/19/2026-22:42:29] [I] dynamicPlugins:
[09/19/2026-22:42:29] [I] ignoreParsedPluginLibs: 0
[09/19/2026-22:42:29] [I] 
[09/19/2026-22:42:29] [I] === Inference Options ===
[09/19/2026-22:42:29] [I] Batch: Explicit
[09/19/2026-22:42:29] [I] Input inference shape : input=1x3x224x224
[09/19/2026-22:42:29] [I] Iterations: 10
[09/19/2026-22:42:29] [I] Duration: 30s (+ 2000ms warm up)
[09/19/2026-22:42:29] [I] Sleep time: 0ms
[09/19/2026-22:42:29] [I] Idle time: 0ms
[09/19/2026-22:42:29] [I] Inference Streams: 1
[09/19/2026-22:42:29] [I] ExposeDMA: Disabled
[09/19/2026-22:42:29] [I] Data transfers: Enabled
[09/19/2026-22:42:29] [I] Spin-wait: Enabled
[09/19/2026-22:42:29] [I] Multithreading: Disabled
[09/19/2026-22:42:29] [I] CUDA Graph: Enabled
[09/19/2026-22:42:29] [I] Separate profiling: Disabled
[09/19/2026-22:42:29] [I] Time Deserialize: Disabled
[09/19/2026-22:42:29] [I] Time Refit: Disabled
[09/19/2026-22:42:29] [I] NVTX verbosity: 0
[09/19/2026-22:42:29] [I] Persistent Cache Ratio: 0
[09/19/2026-22:42:29] [I] Optimization Profile Index: 0
[09/19/2026-22:42:29] [I] Weight Streaming Budget: 100.000000%
[09/19/2026-22:42:29] [I] Inputs:
[09/19/2026-22:42:29] [I] Debug Tensor Save Destinations:
[09/19/2026-22:42:29] [I] Dump All Debug Tensor in Formats: 
[09/19/2026-22:42:29] [I] === Reporting Options ===
[09/19/2026-22:42:29] [I] Verbose: Disabled
[09/19/2026-22:42:29] [I] Averages: 10 inferences
[09/19/2026-22:42:29] [I] Percentiles: 90,95,99
[09/19/2026-22:42:29] [I] Dump refittable layers:Disabled
[09/19/2026-22:42:29] [I] Dump output: Disabled
[09/19/2026-22:42:29] [I] Profile: Disabled
[09/19/2026-22:42:29] [I] Export timing to JSON file: times_tf32_graph_spin.json
[09/19/2026-22:42:29] [I] Export output to JSON file: 
[09/19/2026-22:42:29] [I] Export profile to JSON file: 
[09/19/2026-22:42:29] [I] 
[09/19/2026-22:42:29] [I] === Device Information ===
[09/19/2026-22:42:29] [I] Available Devices: 
[09/19/2026-22:42:29] [I]   Device 0: "Orin" UUID: GPU-5e79c5ba-a005-59b8-a6a3-d87e61f25d8b
[09/19/2026-22:42:29] [I] Selected Device: Orin
[09/19/2026-22:42:29] [I] Selected Device ID: 0
[09/19/2026-22:42:29] [I] Selected Device UUID: GPU-5e79c5ba-a005-59b8-a6a3-d87e61f25d8b
[09/19/2026-22:42:29] [I] Compute Capability: 8.7
[09/19/2026-22:42:29] [I] SMs: 8
[09/19/2026-22:42:29] [I] Device Global Memory: 7485 MiB
[09/19/2026-22:42:29] [I] Shared Memory per SM: 164 KiB
[09/19/2026-22:42:29] [I] Memory Bus Width: 128 bits (ECC disabled)
[09/19/2026-22:42:29] [I] Application Compute Clock Rate: 1.02 GHz
[09/19/2026-22:42:29] [I] Application Memory Clock Rate: 0.918 GHz
[09/19/2026-22:42:29] [I] 
[09/19/2026-22:42:29] [I] Note: The application clock rates do not reflect the actual clock rates that the GPU is currently running at.
[09/19/2026-22:42:29] [I] 
[09/19/2026-22:42:29] [I] TensorRT version: 10.16.2
[09/19/2026-22:42:29] [I] Loading standard plugins
[09/19/2026-22:42:30] [I] [TRT] Loaded engine size: 13 MiB
[09/19/2026-22:42:30] [I] Engine deserialized in 0.0502124 sec.
[09/19/2026-22:42:30] [I] [TRT] [MemUsageChange] TensorRT-managed allocation in IExecutionContext creation: CPU +0, GPU +7, now: CPU 0, GPU 20 (MiB)
[09/19/2026-22:42:30] [I] Setting persistentCacheLimit to 0 bytes.
[09/19/2026-22:42:30] [I] Created execution context with device memory size: 6.69922 MiB
[09/19/2026-22:42:30] [I] Using random values for input input
[09/19/2026-22:42:30] [I] Input binding for input with dimensions 1x3x224x224 and type fp32 is created.
[09/19/2026-22:42:30] [I] Output binding for output with dimensions 1x1000 and type fp32 is created.
[09/19/2026-22:42:30] [I] Starting inference
[09/19/2026-22:42:30] [I] Capturing CUDA graph for the current execution context
[09/19/2026-22:42:30] [I] Successfully captured CUDA graph for the current execution context
[09/19/2026-22:43:02] [I] Warmup completed 1533 queries over 2000 ms
[09/19/2026-22:43:02] [I] Timing trace has 23332 queries over 30.0041 s
[09/19/2026-22:43:02] [I] 
[09/19/2026-22:43:02] [I] === Trace details ===
[09/19/2026-22:43:02] [I] Trace averages of 10 runs:
[09/19/2026-22:43:02] [I] Average on 10 runs - GPU latency: 1.28289 ms - Host latency: 1.32615 ms (enqueue 0.0067749 ms)
[09/19/2026-22:43:02] [I] Average on 10 runs - GPU latency: 1.28264 ms - Host latency: 1.32452 ms (enqueue 0.00690918 ms)
[09/19/2026-22:43:02] [I] Average on 10 runs - GPU latency: 1.28384 ms - Host latency: 1.32585 ms (enqueue 0.00666504 ms)
[09/19/2026-22:43:02] [I] Average on 10 runs - GPU latency: 1.28314 ms - Host latency: 1.3259 ms (enqueue 0.00690918 ms)
[09/19/2026-22:43:02] [I] Average on 10 runs - GPU latency: 1.28437 ms - Host latency: 1.32705 ms (enqueue 0.00698242 ms)
[09/19/2026-22:43:02] [I] Average on 10 runs - GPU latency: 1.28398 ms - Host latency: 1.32588 ms (enqueue 0.00681152 ms)
[09/19/2026-22:43:02] [I] Average on 10 runs - GPU latency: 1.2835 ms - Host latency: 1.32656 ms (enqueue 0.00683594 ms)
[09/19/2026-22:43:02] [I] Average on 10 runs - GPU latency: 1.28232 ms - Host latency: 1.32444 ms (enqueue 0.00683594 ms)
[09/19/2026-22:43:02] [I] Average on 10 runs - GPU latency: 1.28315 ms - Host latency: 1.32534 ms (enqueue 0.00688477 ms)
[09/19/2026-22:43:02] [I] Average on 10 runs - GPU latency: 1.28169 ms - Host latency: 1.32437 ms (enqueue 0.00678711 ms)
[09/19/2026-22:43:02] [I] Average on 10 runs - GPU latency: 1.28389 ms - Host latency: 1.32629 ms (enqueue 0.00732422 ms)
[09/19/2026-22:43:02] [I] Average on 10 runs - GPU latency: 1.28315 ms - Host latency: 1.32566 ms (enqueue 0.00666504 ms)
[09/19/2026-22:43:02] [I] Average on 10 runs - GPU latency: 1.28367 ms - Host latency: 1.32681 ms (enqueue 0.00749512 ms)
[09/19/2026-22:43:02] [I] Average on 10 runs - GPU latency: 1.28376 ms - Host latency: 1.32749 ms (enqueue 0.00793457 ms)
[09/19/2026-22:43:02] [I] Average on 10 runs - GPU latency: 1.28291 ms - Host latency: 1.32651 ms (enqueue 0.00712891 ms)
[09/19/2026-22:43:02] [I] Average on 10 runs - GPU latency: 1.55378 ms - Host latency: 1.60176 ms (enqueue 0.0106445 ms)
[09/19/2026-22:43:02] [I] Average on 10 runs - GPU latency: 1.28369 ms - Host latency: 1.32825 ms (enqueue 0.00705566 ms)
[09/19/2026-22:43:02] [I] Average on 10 runs - GPU latency: 1.28218 ms - Host latency: 1.32632 ms (enqueue 0.00681152 ms)
[09/19/2026-22:43:02] [I] Average on 10 runs - GPU latency: 1.2832 ms - Host latency: 1.32517 ms (enqueue 0.00705566 ms)
[09/19/2026-22:43:02] [I] Average on 10 runs - GPU latency: 1.28281 ms - Host latency: 1.32561 ms (enqueue 0.00708008 ms)
[09/19/2026-22:43:02] [I] Average on 10 runs - GPU latency: 1.28208 ms - Host latency: 1.32373 ms (enqueue 0.00646973 ms)
[09/19/2026-22:43:02] [I] Average on 10 runs - GPU latency: 1.28245 ms - Host latency: 1.32532 ms (enqueue 0.00686035 ms)
[09/19/2026-22:43:02] [I] Average on 10 runs - GPU latency: 1.28245 ms - Host latency: 1.32571 ms (enqueue 0.00708008 ms)
[09/19/2026-22:43:02] [I] Average on 10 runs - GPU latency: 1.28188 ms - Host latency: 1.32534 ms (enqueue 0.00686035 ms)
[09/19/2026-22:43:02] [I] Average on 10 runs - GPU latency: 1.28201 ms - Host latency: 1.32517 ms (enqueue 0.00678711 ms)
[09/19/2026-22:43:02] [I] Average on 10 runs - GPU latency: 1.28269 ms - Host latency: 1.32488 ms (enqueue 0.00673828 ms)
[09/19/2026-22:43:02] [I] Average on 10 runs - GPU latency: 1.28259 ms - Host latency: 1.3249 ms (enqueue 0.00695801 ms)
[09/19/2026-22:43:02] [I] Average on 10 runs - GPU latency: 1.28296 ms - Host latency: 1.32583 ms (enqueue 0.00664063 ms)
[09/19/2026-22:43:02] [I] Average on 10 runs - GPU latency: 1.28284 ms - Host latency: 1.32451 ms (enqueue 0.00654297 ms)
[09/19/2026-22:43:02] [I] Average on 10 runs - GPU latency: 1.28337 ms - Host latency: 1.32522 ms (enqueue 0.00686035 ms)
[09/19/2026-22:43:02] [I] Average on 10 runs - GPU latency: 1.28176 ms - Host latency: 1.32449 ms (enqueue 0.00668945 ms)
[09/19/2026-22:43:02] [I] Average on 10 runs - GPU latency: 1.28254 ms - Host latency: 1.32451 ms (enqueue 0.00688477 ms)
[09/19/2026-22:43:02] [I] Average on 10 runs - GPU latency: 1.28174 ms - Host latency: 1.32412 ms (enqueue 0.00683594 ms)
[09/19/2026-22:43:02] [I] Average on 10 runs - GPU latency: 1.28276 ms - Host latency: 1.32583 ms (enqueue 0.00678711 ms)
[09/19/2026-22:43:02] [I] Average on 10 runs - GPU latency: 1.28176 ms - Host latency: 1.32478 ms (enqueue 0.00681152 ms)
[09/19/2026-22:43:02] [I] Average on 10 runs - GPU latency: 1.28242 ms - Host latency: 1.32563 ms (enqueue 0.0067627 ms)
[09/19/2026-22:43:02] [I] Average on 10 runs - GPU latency: 1.28264 ms - Host latency: 1.32495 ms (enqueue 0.00661621 ms)
[09/19/2026-22:43:02] [I] Average on 10 runs - GPU latency: 1.28264 ms - Host latency: 1.32556 ms (enqueue 0.00705566 ms)
[09/19/2026-22:43:02] [I] Average on 10 runs - GPU latency: 1.28289 ms - Host latency: 1.32783 ms (enqueue 0.00717773 ms)
[09/19/2026-22:43:02] [I] Average on 10 runs - GPU latency: 1.28218 ms - Host latency: 1.32529 ms (enqueue 0.00686035 ms)
[09/19/2026-22:43:02] [I] Average on 10 runs - GPU latency: 1.28325 ms - Host latency: 1.32678 ms (enqueue 0.00681152 ms)
[09/19/2026-22:43:02] [I] Average on 10 runs - GPU latency: 1.28203 ms - Host latency: 1.32468 ms (enqueue 0.00656738 ms)
[09/19/2026-22:43:02] [I] Average on 10 runs - GPU latency: 1.28323 ms - Host latency: 1.32568 ms (enqueue 0.00666504 ms)
[09/19/2026-22:43:02] [I] Average on 10 runs - GPU latency: 1.28308 ms - Host latency: 1.32532 ms (enqueue 0.0067627 ms)
[09/19/2026-22:43:02] [I] Average on 10 runs - GPU latency: 1.28223 ms - Host latency: 1.32407 ms (enqueue 0.00671387 ms)
[09/19/2026-22:43:02] [I] Average on 10 runs - GPU latency: 1.28286 ms - Host latency: 1.32493 ms (enqueue 0.0065918 ms)
[09/19/2026-22:43:02] [I] Average on 10 runs - GPU latency: 1.28271 ms - Host latency: 1.32573 ms (enqueue 0.00710449 ms)
[09/19/2026-22:43:02] [I] Average on 10 runs - GPU latency: 1.28206 ms - Host latency: 1.32493 ms (enqueue 0.00712891 ms)
[09/19/2026-22:43:02] [I] Average on 10 runs - GPU latency: 1.28428 ms - Host latency: 1.32664 ms (enqueue 0.00683594 ms)
[09/19/2026-22:43:02] [I] Average on 10 runs - GPU latency: 1.28335 ms - Host latency: 1.32551 ms (enqueue 0.00656738 ms)
[09/19/2026-22:43:02] [I] Average on 10 runs - GPU latency: 1.28132 ms - Host latency: 1.3252 ms (enqueue 0.00690918 ms)
[09/19/2026-22:43:02] [I] Average on 10 runs - GPU latency: 1.28254 ms - Host latency: 1.3261 ms (enqueue 0.00717773 ms)
[09/19/2026-22:43:02] [I] Average on 10 runs - GPU latency: 1.28201 ms - Host latency: 1.32429 ms (enqueue 0.00681152 ms)
[09/19/2026-22:43:02] [I] Average on 10 runs - GPU latency: 1.28223 ms - Host latency: 1.32451 ms (enqueue 0.00690918 ms)
[09/19/2026-22:43:02] [I] Average on 10 runs - GPU latency: 1.28296 ms - Host latency: 1.32664 ms (enqueue 0.00688477 ms)
[09/19/2026-22:43:02] [I] Average on 10 runs - GPU latency: 1.28284 ms - Host latency: 1.32529 ms (enqueue 0.00644531 ms)
[09/19/2026-22:43:02] [I] Average on 10 runs - GPU latency: 1.28162 ms - Host latency: 1.32434 ms (enqueue 0.00700684 ms)
[09/19/2026-22:43:02] [I] Average on 10 runs - GPU latency: 1.28403 ms - Host latency: 1.32625 ms (enqueue 0.00668945 ms)
[09/19/2026-22:43:02] [I] Average on 10 runs - GPU latency: 1.28323 ms - Host latency: 1.32534 ms (enqueue 0.00673828 ms)
[09/19/2026-22:43:02] [I] Average on 10 runs - GPU latency: 1.28279 ms - Host latency: 1.325 ms (enqueue 0.00690918 ms)
[09/19/2026-22:43:02] [I] Average on 10 runs - GPU latency: 1.2825 ms - Host latency: 1.32407 ms (enqueue 0.00686035 ms)
[09/19/2026-22:43:02] [I] Average on 10 runs - GPU latency: 1.48279 ms - Host latency: 1.52532 ms (enqueue 0.00703125 ms)
[09/19/2026-22:43:02] [I] Average on 10 runs - GPU latency: 1.36563 ms - Host latency: 1.41182 ms (enqueue 0.009375 ms)
[09/19/2026-22:43:02] [I] Average on 10 runs - GPU latency: 1.28298 ms - Host latency: 1.32673 ms (enqueue 0.0072998 ms)
[09/19/2026-22:43:02] [I] Average on 10 runs - GPU latency: 1.28398 ms - Host latency: 1.32688 ms (enqueue 0.0065918 ms)
[09/19/2026-22:43:02] [I] Average on 10 runs - GPU latency: 1.28254 ms - Host latency: 1.32534 ms (enqueue 0.00668945 ms)
[09/19/2026-22:43:02] [I] Average on 10 runs - GPU latency: 1.28213 ms - Host latency: 1.32456 ms (enqueue 0.00644531 ms)
[09/19/2026-22:43:02] [I] Average on 10 runs - GPU latency: 1.28296 ms - Host latency: 1.32593 ms (enqueue 0.00710449 ms)
[09/19/2026-22:43:02] [I] Average on 10 runs - GPU latency: 1.28198 ms - Host latency: 1.32417 ms (enqueue 0.00664063 ms)
[09/19/2026-22:43:02] [I] Average on 10 runs - GPU latency: 1.28218 ms - Host latency: 1.32458 ms (enqueue 0.00664063 ms)
[09/19/2026-22:43:02] [I] Average on 10 runs - GPU latency: 1.28342 ms - Host latency: 1.32576 ms (enqueue 0.00710449 ms)
[09/19/2026-22:43:02] [I] Average on 10 runs - GPU latency: 1.28367 ms - Host latency: 1.32627 ms (enqueue 0.00664063 ms)
[09/19/2026-22:43:02] [I] Average on 10 runs - GPU latency: 1.28247 ms - Host latency: 1.32527 ms (enqueue 0.00673828 ms)
[09/19/2026-22:43:02] [I] Average on 10 runs - GPU latency: 1.28201 ms - Host latency: 1.32493 ms (enqueue 0.00664063 ms)
[09/19/2026-22:43:02] [I] Average on 10 runs - GPU latency: 1.28333 ms - Host latency: 1.32573 ms (enqueue 0.00749512 ms)
[09/19/2026-22:43:02] [I] Average on 10 runs - GPU latency: 1.28381 ms - Host latency: 1.32759 ms (enqueue 0.00693359 ms)
[09/19/2026-22:43:02] [I] Average on 10 runs - GPU latency: 1.2814 ms - Host latency: 1.32334 ms (enqueue 0.00651855 ms)
[09/19/2026-22:43:02] [I] Average on 10 runs - GPU latency: 1.28289 ms - Host latency: 1.32566 ms (enqueue 0.00683594 ms)
[09/19/2026-22:43:02] [I] Average on 10 runs - GPU latency: 1.28301 ms - Host latency: 1.3262 ms (enqueue 0.00703125 ms)
[09/19/2026-22:43:02] [I] Average on 10 runs - GPU latency: 1.2825 ms - Host latency: 1.32434 ms (enqueue 0.00664063 ms)
[09/19/2026-22:43:02] [I] Average on 10 runs - GPU latency: 1.28403 ms - Host latency: 1.32576 ms (enqueue 0.00681152 ms)
[09/19/2026-22:43:02] [I] Average on 10 runs - GPU latency: 1.28262 ms - Host latency: 1.32461 ms (enqueue 0.00712891 ms)
[09/19/2026-22:43:02] [I] Average on 10 runs - GPU latency: 1.28372 ms - Host latency: 1.32505 ms (enqueue 0.00737305 ms)
[09/19/2026-22:43:02] [I] Average on 10 runs - GPU latency: 1.28237 ms - Host latency: 1.32542 ms (enqueue 0.00686035 ms)
[09/19/2026-22:43:02] [I] Average on 10 runs - GPU latency: 1.28271 ms - Host latency: 1.32544 ms (enqueue 0.00695801 ms)
[09/19/2026-22:43:02] [I] Average on 10 runs - GPU latency: 1.28281 ms - Host latency: 1.32507 ms (enqueue 0.00690918 ms)
[09/19/2026-22:43:02] [I] Average on 10 runs - GPU latency: 1.28206 ms - Host latency: 1.32563 ms (enqueue 0.0067627 ms)
[09/19/2026-22:43:02] [I] Average on 10 runs - GPU latency: 1.28274 ms - Host latency: 1.32449 ms (enqueue 0.00664063 ms)
[09/19/2026-22:43:02] [I] Average on 10 runs - GPU latency: 1.28267 ms - Host latency: 1.32593 ms (enqueue 0.00683594 ms)
[09/19/2026-22:43:02] [I] Average on 10 runs - GPU latency: 1.28223 ms - Host latency: 1.32708 ms (enqueue 0.00825195 ms)
[09/19/2026-22:43:02] [I] Average on 10 runs - GPU latency: 1.28359 ms - Host latency: 1.32673 ms (enqueue 0.00688477 ms)
[09/19/2026-22:43:02] [I] Average on 10 runs - GPU latency: 1.28247 ms - Host latency: 1.32556 ms (enqueue 0.00644531 ms)
[09/19/2026-22:43:02] [I] Average on 10 runs - GPU latency: 1.28352 ms - Host latency: 1.32573 ms (enqueue 0.00632324 ms)
[09/19/2026-22:43:02] [I] Average on 10 runs - GPU latency: 1.28359 ms - Host latency: 1.32615 ms (enqueue 0.00649414 ms)
[09/19/2026-22:43:02] [I] Average on 10 runs - GPU latency: 1.28469 ms - Host latency: 1.32747 ms (enqueue 0.00666504 ms)
[09/19/2026-22:43:02] [I] Average on 10 runs - GPU latency: 1.28352 ms - Host latency: 1.32456 ms (enqueue 0.00637207 ms)
[09/19/2026-22:43:02] [I] Average on 10 runs - GPU latency: 1.28235 ms - Host latency: 1.32546 ms (enqueue 0.0065918 ms)
[09/19/2026-22:43:02] [I] Average on 10 runs - GPU latency: 1.28284 ms - Host latency: 1.32529 ms (enqueue 0.00651855 ms)
[09/19/2026-22:43:02] [I] Average on 10 runs - GPU latency: 1.2822 ms - Host latency: 1.32485 ms (enqueue 0.00625 ms)
[09/19/2026-22:43:02] [I] Average on 10 runs - GPU latency: 1.28269 ms - Host latency: 1.32485 ms (enqueue 0.00664063 ms)
[09/19/2026-22:43:02] [I] Average on 10 runs - GPU latency: 1.28357 ms - Host latency: 1.32544 ms (enqueue 0.00634766 ms)
[09/19/2026-22:43:02] [I] Average on 10 runs - GPU latency: 1.28408 ms - Host latency: 1.32781 ms (enqueue 0.00849609 ms)
[09/19/2026-22:43:02] [I] Average on 10 runs - GPU latency: 1.28367 ms - Host latency: 1.32695 ms (enqueue 0.00734863 ms)
[09/19/2026-22:43:02] [I] Average on 10 runs - GPU latency: 1.28435 ms - Host latency: 1.32681 ms (enqueue 0.00683594 ms)
[09/19/2026-22:43:02] [I] Average on 10 runs - GPU latency: 1.28245 ms - Host latency: 1.32441 ms (enqueue 0.00671387 ms)
[09/19/2026-22:43:02] [I] Average on 10 runs - GPU latency: 1.2825 ms - Host latency: 1.32432 ms (enqueue 0.00654297 ms)
[09/19/2026-22:43:02] [I] Average on 10 runs - GPU latency: 1.28296 ms - Host latency: 1.32612 ms (enqueue 0.00698242 ms)
[09/19/2026-22:43:02] [I] Average on 10 runs - GPU latency: 1.28223 ms - Host latency: 1.32454 ms (enqueue 0.00686035 ms)
[09/19/2026-22:43:02] [I] Average on 10 runs - GPU latency: 1.52581 ms - Host latency: 1.57117 ms (enqueue 0.0103271 ms)
[09/19/2026-22:43:02] [I] Average on 10 runs - GPU latency: 1.32671 ms - Host latency: 1.3708 ms (enqueue 0.00732422 ms)
[09/19/2026-22:43:02] [I] Average on 10 runs - GPU latency: 1.28196 ms - Host latency: 1.32454 ms (enqueue 0.00708008 ms)
[09/19/2026-22:43:02] [I] Average on 10 runs - GPU latency: 1.28262 ms - Host latency: 1.32612 ms (enqueue 0.00698242 ms)
[09/19/2026-22:43:02] [I] Average on 10 runs - GPU latency: 1.28335 ms - Host latency: 1.32556 ms (enqueue 0.00710449 ms)
[09/19/2026-22:43:02] [I] Average on 10 runs - GPU latency: 1.28362 ms - Host latency: 1.32507 ms (enqueue 0.00678711 ms)
[09/19/2026-22:43:02] [I] Average on 10 runs - GPU latency: 1.28206 ms - Host latency: 1.32458 ms (enqueue 0.00683594 ms)
[09/19/2026-22:43:02] [I] Average on 10 runs - GPU latency: 1.28252 ms - Host latency: 1.32483 ms (enqueue 0.00681152 ms)
[09/19/2026-22:43:02] [I] Average on 10 runs - GPU latency: 1.28123 ms - Host latency: 1.32322 ms (enqueue 0.00666504 ms)
[09/19/2026-22:43:02] [I] Average on 10 runs - GPU latency: 1.28303 ms - Host latency: 1.32644 ms (enqueue 0.00681152 ms)
[09/19/2026-22:43:02] [I] Average on 10 runs - GPU latency: 1.28411 ms - Host latency: 1.32725 ms (enqueue 0.00671387 ms)
[09/19/2026-22:43:02] [I] Average on 10 runs - GPU latency: 1.28318 ms - Host latency: 1.32649 ms (enqueue 0.00700684 ms)
[09/19/2026-22:43:02] [I] Average on 10 runs - GPU latency: 1.28252 ms - Host latency: 1.32563 ms (enqueue 0.00681152 ms)
[09/19/2026-22:43:02] [I] Average on 10 runs - GPU latency: 1.28267 ms - Host latency: 1.3259 ms (enqueue 0.00678711 ms)
[09/19/2026-22:43:02] [I] Average on 10 runs - GPU latency: 1.28281 ms - Host latency: 1.32522 ms (enqueue 0.00668945 ms)
[09/19/2026-22:43:02] [I] Average on 10 runs - GPU latency: 1.28325 ms - Host latency: 1.32515 ms (enqueue 0.00649414 ms)
[09/19/2026-22:43:02] [I] Average on 10 runs - GPU latency: 1.28369 ms - Host latency: 1.3261 ms (enqueue 0.00683594 ms)
[09/19/2026-22:43:02] [I] Average on 10 runs - GPU latency: 1.28247 ms - Host latency: 1.32615 ms (enqueue 0.00688477 ms)
[09/19/2026-22:43:02] [I] Average on 10 runs - GPU latency: 1.28206 ms - Host latency: 1.324 ms (enqueue 0.00671387 ms)
[09/19/2026-22:43:02] [I] Average on 10 runs - GPU latency: 1.28333 ms - Host latency: 1.32598 ms (enqueue 0.00661621 ms)
[09/19/2026-22:43:02] [I] Average on 10 runs - GPU latency: 1.28333 ms - Host latency: 1.32607 ms (enqueue 0.00671387 ms)
[09/19/2026-22:43:02] [I] Average on 10 runs - GPU latency: 1.2834 ms - Host latency: 1.32593 ms (enqueue 0.00666504 ms)
[09/19/2026-22:43:02] [I] Average on 10 runs - GPU latency: 1.28186 ms - Host latency: 1.32568 ms (enqueue 0.0065918 ms)
[09/19/2026-22:43:02] [I] Average on 10 runs - GPU latency: 1.28303 ms - Host latency: 1.32502 ms (enqueue 0.00673828 ms)
[09/19/2026-22:43:02] [I] Average on 10 runs - GPU latency: 1.28303 ms - Host latency: 1.32478 ms (enqueue 0.00654297 ms)
[09/19/2026-22:43:02] [I] Average on 10 runs - GPU latency: 1.28269 ms - Host latency: 1.32546 ms (enqueue 0.00690918 ms)
[09/19/2026-22:43:02] [I] Average on 10 runs - GPU latency: 1.28367 ms - Host latency: 1.32632 ms (enqueue 0.00695801 ms)
[09/19/2026-22:43:02] [I] Average on 10 runs - GPU latency: 1.28228 ms - Host latency: 1.32463 ms (enqueue 0.00688477 ms)
[09/19/2026-22:43:02] [I] Average on 10 runs - GPU latency: 1.28306 ms - Host latency: 1.32559 ms (enqueue 0.00678711 ms)
[09/19/2026-22:43:02] [I] Average on 10 runs - GPU latency: 1.28325 ms - Host latency: 1.32581 ms (enqueue 0.0065918 ms)
[09/19/2026-22:43:02] [I] Average on 10 runs - GPU latency: 1.28176 ms - Host latency: 1.3248 ms (enqueue 0.00664063 ms)
[09/19/2026-22:43:02] [I] Average on 10 runs - GPU latency: 1.28235 ms - Host latency: 1.32634 ms (enqueue 0.00681152 ms)
[09/19/2026-22:43:02] [I] Average on 10 runs - GPU latency: 1.28162 ms - Host latency: 1.3248 ms (enqueue 0.00671387 ms)
[09/19/2026-22:43:02] [I] Average on 10 runs - GPU latency: 1.2824 ms - Host latency: 1.32476 ms (enqueue 0.00673828 ms)
[09/19/2026-22:43:02] [I] Average on 10 runs - GPU latency: 1.28198 ms - Host latency: 1.3238 ms (enqueue 0.00661621 ms)
[09/19/2026-22:43:02] [I] Average on 10 runs - GPU latency: 1.28257 ms - Host latency: 1.3252 ms (enqueue 0.00671387 ms)
[09/19/2026-22:43:02] [I] Average on 10 runs - GPU latency: 1.28154 ms - Host latency: 1.32358 ms (enqueue 0.00661621 ms)
[09/19/2026-22:43:02] [I] Average on 10 runs - GPU latency: 1.2823 ms - Host latency: 1.32478 ms (enqueue 0.00661621 ms)
[09/19/2026-22:43:02] [I] Average on 10 runs - GPU latency: 1.28318 ms - Host latency: 1.32561 ms (enqueue 0.00661621 ms)
[09/19/2026-22:43:02] [I] Average on 10 runs - GPU latency: 1.28284 ms - Host latency: 1.32576 ms (enqueue 0.00656738 ms)
[09/19/2026-22:43:02] [I] Average on 10 runs - GPU latency: 1.28162 ms - Host latency: 1.32473 ms (enqueue 0.00686035 ms)
[09/19/2026-22:43:02] [I] Average on 10 runs - GPU latency: 1.28203 ms - Host latency: 1.32634 ms (enqueue 0.00705566 ms)
[09/19/2026-22:43:02] [I] Average on 10 runs - GPU latency: 1.2822 ms - Host latency: 1.3248 ms (enqueue 0.00673828 ms)
[09/19/2026-22:43:02] [I] Average on 10 runs - GPU latency: 1.28145 ms - Host latency: 1.32397 ms (enqueue 0.00693359 ms)
[09/19/2026-22:43:02] [I] Average on 10 runs - GPU latency: 1.28328 ms - Host latency: 1.32654 ms (enqueue 0.00708008 ms)
[09/19/2026-22:43:02] [I] Average on 10 runs - GPU latency: 1.28252 ms - Host latency: 1.3248 ms (enqueue 0.00688477 ms)
[09/19/2026-22:43:02] [I] Average on 10 runs - GPU latency: 1.47905 ms - Host latency: 1.5209 ms (enqueue 0.00688477 ms)
[09/19/2026-22:43:02] [I] Average on 10 runs - GPU latency: 1.3657 ms - Host latency: 1.41001 ms (enqueue 0.00849609 ms)
[09/19/2026-22:43:02] [I] Average on 10 runs - GPU latency: 1.28174 ms - Host latency: 1.32568 ms (enqueue 0.00754395 ms)
[09/19/2026-22:43:02] [I] Average on 10 runs - GPU latency: 1.28354 ms - Host latency: 1.32803 ms (enqueue 0.00708008 ms)
[09/19/2026-22:43:02] [I] Average on 10 runs - GPU latency: 1.28289 ms - Host latency: 1.32566 ms (enqueue 0.00678711 ms)
[09/19/2026-22:43:02] [I] Average on 10 runs - GPU latency: 1.28391 ms - Host latency: 1.32678 ms (enqueue 0.00690918 ms)
[09/19/2026-22:43:02] [I] Average on 10 runs - GPU latency: 1.28235 ms - Host latency: 1.32542 ms (enqueue 0.0067627 ms)
[09/19/2026-22:43:02] [I] Average on 10 runs - GPU latency: 1.28323 ms - Host latency: 1.32551 ms (enqueue 0.0067627 ms)
[09/19/2026-22:43:02] [I] Average on 10 runs - GPU latency: 1.28228 ms - Host latency: 1.32488 ms (enqueue 0.00690918 ms)
[09/19/2026-22:43:02] [I] Average on 10 runs - GPU latency: 1.28291 ms - Host latency: 1.32598 ms (enqueue 0.00756836 ms)
[09/19/2026-22:43:02] [I] Average on 10 runs - GPU latency: 1.28247 ms - Host latency: 1.32476 ms (enqueue 0.0065918 ms)
[09/19/2026-22:43:02] [I] Average on 10 runs - GPU latency: 1.28296 ms - Host latency: 1.32563 ms (enqueue 0.00722656 ms)
[09/19/2026-22:43:02] [I] Average on 10 runs - GPU latency: 1.28218 ms - Host latency: 1.32402 ms (enqueue 0.00654297 ms)
[09/19/2026-22:43:02] [I] Average on 10 runs - GPU latency: 1.2835 ms - Host latency: 1.3269 ms (enqueue 0.00693359 ms)
[09/19/2026-22:43:02] [I] Average on 10 runs - GPU latency: 1.28237 ms - Host latency: 1.32632 ms (enqueue 0.00673828 ms)
[09/19/2026-22:43:02] [I] Average on 10 runs - GPU latency: 1.28232 ms - Host latency: 1.32559 ms (enqueue 0.00688477 ms)
[09/19/2026-22:43:02] [I] Average on 10 runs - GPU latency: 1.28232 ms - Host latency: 1.32446 ms (enqueue 0.00683594 ms)
[09/19/2026-22:43:02] [I] Average on 10 runs - GPU latency: 1.28291 ms - Host latency: 1.32686 ms (enqueue 0.00737305 ms)
[09/19/2026-22:43:02] [I] Average on 10 runs - GPU latency: 1.28228 ms - Host latency: 1.3251 ms (enqueue 0.00717773 ms)
[09/19/2026-22:43:02] [I] Average on 10 runs - GPU latency: 1.28145 ms - Host latency: 1.3251 ms (enqueue 0.00742187 ms)
[09/19/2026-22:43:02] [I] Average on 10 runs - GPU latency: 1.28213 ms - Host latency: 1.32446 ms (enqueue 0.00678711 ms)
[09/19/2026-22:43:02] [I] Average on 10 runs - GPU latency: 1.28071 ms - Host latency: 1.32256 ms (enqueue 0.00673828 ms)
[09/19/2026-22:43:02] [I] Average on 10 runs - GPU latency: 1.28281 ms - Host latency: 1.3251 ms (enqueue 0.00708008 ms)
[09/19/2026-22:43:02] [I] Average on 10 runs - GPU latency: 1.2814 ms - Host latency: 1.32373 ms (enqueue 0.00678711 ms)
[09/19/2026-22:43:02] [I] Average on 10 runs - GPU latency: 1.28169 ms - Host latency: 1.3252 ms (enqueue 0.00698242 ms)
[09/19/2026-22:43:02] [I] Average on 10 runs - GPU latency: 1.28208 ms - Host latency: 1.32446 ms (enqueue 0.00688477 ms)
[09/19/2026-22:43:02] [I] Average on 10 runs - GPU latency: 1.28232 ms - Host latency: 1.32529 ms (enqueue 0.00693359 ms)
[09/19/2026-22:43:02] [I] Average on 10 runs - GPU latency: 1.28203 ms - Host latency: 1.32471 ms (enqueue 0.00703125 ms)
[09/19/2026-22:43:02] [I] Average on 10 runs - GPU latency: 1.28198 ms - Host latency: 1.32471 ms (enqueue 0.00693359 ms)
[09/19/2026-22:43:02] [I] Average on 10 runs - GPU latency: 1.28301 ms - Host latency: 1.32573 ms (enqueue 0.00727539 ms)
[09/19/2026-22:43:02] [I] Average on 10 runs - GPU latency: 1.28208 ms - Host latency: 1.32412 ms (enqueue 0.00668945 ms)
[09/19/2026-22:43:02] [I] Average on 10 runs - GPU latency: 1.28271 ms - Host latency: 1.32622 ms (enqueue 0.00668945 ms)
[09/19/2026-22:43:02] [I] Average on 10 runs - GPU latency: 1.28247 ms - Host latency: 1.3249 ms (enqueue 0.00698242 ms)
[09/19/2026-22:43:02] [I] Average on 10 runs - GPU latency: 1.28306 ms - Host latency: 1.32549 ms (enqueue 0.00673828 ms)
[09/19/2026-22:43:02] [I] Average on 10 runs - GPU latency: 1.28193 ms - Host latency: 1.32573 ms (enqueue 0.00698242 ms)
[09/19/2026-22:43:02] [I] Average on 10 runs - GPU latency: 1.28301 ms - Host latency: 1.32593 ms (enqueue 0.0134277 ms)
[09/19/2026-22:43:02] [I] Average on 10 runs - GPU latency: 1.28223 ms - Host latency: 1.32441 ms (enqueue 0.00668945 ms)
[09/19/2026-22:43:02] [I] Average on 10 runs - GPU latency: 1.28242 ms - Host latency: 1.32441 ms (enqueue 0.00673828 ms)
[09/19/2026-22:43:02] [I] Average on 10 runs - GPU latency: 1.28208 ms - Host latency: 1.32456 ms (enqueue 0.00693359 ms)
[09/19/2026-22:43:02] [I] Average on 10 runs - GPU latency: 1.28281 ms - Host latency: 1.32671 ms (enqueue 0.00683594 ms)
[09/19/2026-22:43:02] [I] Average on 10 runs - GPU latency: 1.2811 ms - Host latency: 1.32388 ms (enqueue 0.00654297 ms)
[09/19/2026-22:43:02] [I] Average on 10 runs - GPU latency: 1.28213 ms - Host latency: 1.32461 ms (enqueue 0.00664063 ms)
[09/19/2026-22:43:02] [I] Average on 10 runs - GPU latency: 1.28252 ms - Host latency: 1.32427 ms (enqueue 0.00678711 ms)
[09/19/2026-22:43:02] [I] Average on 10 runs - GPU latency: 1.28291 ms - Host latency: 1.3271 ms (enqueue 0.00771484 ms)
[09/19/2026-22:43:02] [I] Average on 10 runs - GPU latency: 1.28164 ms - Host latency: 1.3248 ms (enqueue 0.00678711 ms)
[09/19/2026-22:43:02] [I] Average on 10 runs - GPU latency: 1.28306 ms - Host latency: 1.32627 ms (enqueue 0.00683594 ms)
[09/19/2026-22:43:02] [I] ... Omitting 19332 lines
[09/19/2026-22:43:02] [I] Average on 10 runs - GPU latency: 1.28359 ms - Host latency: 1.32441 ms (enqueue 0.00664063 ms)
[09/19/2026-22:43:02] [I] Average on 10 runs - GPU latency: 1.28359 ms - Host latency: 1.325 ms (enqueue 0.00644531 ms)
[09/19/2026-22:43:02] [I] Average on 10 runs - GPU latency: 1.28184 ms - Host latency: 1.32461 ms (enqueue 0.00664063 ms)
[09/19/2026-22:43:02] [I] Average on 10 runs - GPU latency: 1.2832 ms - Host latency: 1.32578 ms (enqueue 0.00683594 ms)
[09/19/2026-22:43:02] [I] Average on 10 runs - GPU latency: 1.28437 ms - Host latency: 1.32715 ms (enqueue 0.00664063 ms)
[09/19/2026-22:43:02] [I] Average on 10 runs - GPU latency: 1.2832 ms - Host latency: 1.3252 ms (enqueue 0.00703125 ms)
[09/19/2026-22:43:02] [I] Average on 10 runs - GPU latency: 1.28301 ms - Host latency: 1.3248 ms (enqueue 0.00683594 ms)
[09/19/2026-22:43:02] [I] Average on 10 runs - GPU latency: 1.2834 ms - Host latency: 1.325 ms (enqueue 0.00703125 ms)
[09/19/2026-22:43:02] [I] Average on 10 runs - GPU latency: 1.28457 ms - Host latency: 1.32676 ms (enqueue 0.00625 ms)
[09/19/2026-22:43:02] [I] Average on 10 runs - GPU latency: 1.28379 ms - Host latency: 1.32695 ms (enqueue 0.00664063 ms)
[09/19/2026-22:43:02] [I] Average on 10 runs - GPU latency: 1.28418 ms - Host latency: 1.32617 ms (enqueue 0.00683594 ms)
[09/19/2026-22:43:02] [I] Average on 10 runs - GPU latency: 1.28301 ms - Host latency: 1.32617 ms (enqueue 0.00703125 ms)
[09/19/2026-22:43:02] [I] Average on 10 runs - GPU latency: 1.28301 ms - Host latency: 1.32559 ms (enqueue 0.00625 ms)
[09/19/2026-22:43:02] [I] Average on 10 runs - GPU latency: 1.28301 ms - Host latency: 1.32559 ms (enqueue 0.00683594 ms)
[09/19/2026-22:43:02] [I] Average on 10 runs - GPU latency: 1.28379 ms - Host latency: 1.32578 ms (enqueue 0.00683594 ms)
[09/19/2026-22:43:02] [I] Average on 10 runs - GPU latency: 1.28223 ms - Host latency: 1.325 ms (enqueue 0.00625 ms)
[09/19/2026-22:43:02] [I] Average on 10 runs - GPU latency: 1.28281 ms - Host latency: 1.32598 ms (enqueue 0.00683594 ms)
[09/19/2026-22:43:02] [I] Average on 10 runs - GPU latency: 1.28301 ms - Host latency: 1.32578 ms (enqueue 0.00625 ms)
[09/19/2026-22:43:02] [I] Average on 10 runs - GPU latency: 1.28398 ms - Host latency: 1.32617 ms (enqueue 0.00644531 ms)
[09/19/2026-22:43:02] [I] Average on 10 runs - GPU latency: 1.2832 ms - Host latency: 1.32559 ms (enqueue 0.00664063 ms)
[09/19/2026-22:43:02] [I] Average on 10 runs - GPU latency: 1.2832 ms - Host latency: 1.32539 ms (enqueue 0.00742187 ms)
[09/19/2026-22:43:02] [I] Average on 10 runs - GPU latency: 1.28164 ms - Host latency: 1.32344 ms (enqueue 0.00644531 ms)
[09/19/2026-22:43:02] [I] Average on 10 runs - GPU latency: 1.28359 ms - Host latency: 1.32598 ms (enqueue 0.00683594 ms)
[09/19/2026-22:43:02] [I] Average on 10 runs - GPU latency: 1.2832 ms - Host latency: 1.32695 ms (enqueue 0.00703125 ms)
[09/19/2026-22:43:02] [I] Average on 10 runs - GPU latency: 1.28223 ms - Host latency: 1.32383 ms (enqueue 0.00605469 ms)
[09/19/2026-22:43:02] [I] Average on 10 runs - GPU latency: 1.28379 ms - Host latency: 1.32539 ms (enqueue 0.00722656 ms)
[09/19/2026-22:43:02] [I] Average on 10 runs - GPU latency: 1.28418 ms - Host latency: 1.32734 ms (enqueue 0.00683594 ms)
[09/19/2026-22:43:02] [I] Average on 10 runs - GPU latency: 1.28359 ms - Host latency: 1.32539 ms (enqueue 0.00703125 ms)
[09/19/2026-22:43:02] [I] Average on 10 runs - GPU latency: 1.28262 ms - Host latency: 1.3248 ms (enqueue 0.00742187 ms)
[09/19/2026-22:43:02] [I] Average on 10 runs - GPU latency: 1.28359 ms - Host latency: 1.32656 ms (enqueue 0.00683594 ms)
[09/19/2026-22:43:02] [I] Average on 10 runs - GPU latency: 1.28477 ms - Host latency: 1.32676 ms (enqueue 0.00683594 ms)
[09/19/2026-22:43:02] [I] Average on 10 runs - GPU latency: 1.2832 ms - Host latency: 1.32676 ms (enqueue 0.00664063 ms)
[09/19/2026-22:43:02] [I] Average on 10 runs - GPU latency: 1.28145 ms - Host latency: 1.32344 ms (enqueue 0.00664063 ms)
[09/19/2026-22:43:02] [I] Average on 10 runs - GPU latency: 1.28281 ms - Host latency: 1.325 ms (enqueue 0.00683594 ms)
[09/19/2026-22:43:02] [I] Average on 10 runs - GPU latency: 1.28281 ms - Host latency: 1.325 ms (enqueue 0.00644531 ms)
[09/19/2026-22:43:02] [I] Average on 10 runs - GPU latency: 1.2832 ms - Host latency: 1.32578 ms (enqueue 0.00625 ms)
[09/19/2026-22:43:02] [I] Average on 10 runs - GPU latency: 1.3584 ms - Host latency: 1.40273 ms (enqueue 0.0078125 ms)
[09/19/2026-22:43:02] [I] Average on 10 runs - GPU latency: 1.32988 ms - Host latency: 1.37344 ms (enqueue 0.00800781 ms)
[09/19/2026-22:43:02] [I] Average on 10 runs - GPU latency: 1.2834 ms - Host latency: 1.32676 ms (enqueue 0.00742187 ms)
[09/19/2026-22:43:02] [I] Average on 10 runs - GPU latency: 1.28223 ms - Host latency: 1.3248 ms (enqueue 0.00683594 ms)
[09/19/2026-22:43:02] [I] Average on 10 runs - GPU latency: 1.2832 ms - Host latency: 1.32559 ms (enqueue 0.00664063 ms)
[09/19/2026-22:43:02] [I] Average on 10 runs - GPU latency: 1.2832 ms - Host latency: 1.32578 ms (enqueue 0.00664063 ms)
[09/19/2026-22:43:02] [I] Average on 10 runs - GPU latency: 1.28281 ms - Host latency: 1.3252 ms (enqueue 0.00644531 ms)
[09/19/2026-22:43:02] [I] Average on 10 runs - GPU latency: 1.28379 ms - Host latency: 1.32578 ms (enqueue 0.00644531 ms)
[09/19/2026-22:43:02] [I] Average on 10 runs - GPU latency: 1.28281 ms - Host latency: 1.32422 ms (enqueue 0.00722656 ms)
[09/19/2026-22:43:02] [I] Average on 10 runs - GPU latency: 1.28301 ms - Host latency: 1.3252 ms (enqueue 0.00625 ms)
[09/19/2026-22:43:02] [I] Average on 10 runs - GPU latency: 1.28359 ms - Host latency: 1.32559 ms (enqueue 0.00605469 ms)
[09/19/2026-22:43:02] [I] Average on 10 runs - GPU latency: 1.28203 ms - Host latency: 1.3252 ms (enqueue 0.00664063 ms)
[09/19/2026-22:43:02] [I] Average on 10 runs - GPU latency: 1.28262 ms - Host latency: 1.32461 ms (enqueue 0.00664063 ms)
[09/19/2026-22:43:02] [I] Average on 10 runs - GPU latency: 1.28379 ms - Host latency: 1.32676 ms (enqueue 0.00683594 ms)
[09/19/2026-22:43:02] [I] Average on 10 runs - GPU latency: 1.28223 ms - Host latency: 1.32402 ms (enqueue 0.00625 ms)
[09/19/2026-22:43:02] [I] Average on 10 runs - GPU latency: 1.28398 ms - Host latency: 1.3248 ms (enqueue 0.00742187 ms)
[09/19/2026-22:43:02] [I] Average on 10 runs - GPU latency: 1.28379 ms - Host latency: 1.32656 ms (enqueue 0.00722656 ms)
[09/19/2026-22:43:02] [I] Average on 10 runs - GPU latency: 1.28398 ms - Host latency: 1.32637 ms (enqueue 0.00683594 ms)
[09/19/2026-22:43:02] [I] Average on 10 runs - GPU latency: 1.2832 ms - Host latency: 1.32598 ms (enqueue 0.00644531 ms)
[09/19/2026-22:43:02] [I] Average on 10 runs - GPU latency: 1.28359 ms - Host latency: 1.32715 ms (enqueue 0.00742187 ms)
[09/19/2026-22:43:02] [I] Average on 10 runs - GPU latency: 1.2832 ms - Host latency: 1.32539 ms (enqueue 0.00644531 ms)
[09/19/2026-22:43:02] [I] Average on 10 runs - GPU latency: 1.2832 ms - Host latency: 1.32617 ms (enqueue 0.00664063 ms)
[09/19/2026-22:43:02] [I] Average on 10 runs - GPU latency: 1.2832 ms - Host latency: 1.325 ms (enqueue 0.00625 ms)
[09/19/2026-22:43:02] [I] Average on 10 runs - GPU latency: 1.28242 ms - Host latency: 1.32559 ms (enqueue 0.00683594 ms)
[09/19/2026-22:43:02] [I] Average on 10 runs - GPU latency: 1.28398 ms - Host latency: 1.32676 ms (enqueue 0.00644531 ms)
[09/19/2026-22:43:02] [I] Average on 10 runs - GPU latency: 1.28359 ms - Host latency: 1.32539 ms (enqueue 0.00683594 ms)
[09/19/2026-22:43:02] [I] Average on 10 runs - GPU latency: 1.2832 ms - Host latency: 1.325 ms (enqueue 0.00703125 ms)
[09/19/2026-22:43:02] [I] Average on 10 runs - GPU latency: 1.28379 ms - Host latency: 1.32559 ms (enqueue 0.00664063 ms)
[09/19/2026-22:43:02] [I] Average on 10 runs - GPU latency: 1.28281 ms - Host latency: 1.32559 ms (enqueue 0.00664063 ms)
[09/19/2026-22:43:02] [I] Average on 10 runs - GPU latency: 1.28398 ms - Host latency: 1.32695 ms (enqueue 0.00683594 ms)
[09/19/2026-22:43:02] [I] Average on 10 runs - GPU latency: 1.28379 ms - Host latency: 1.32539 ms (enqueue 0.00703125 ms)
[09/19/2026-22:43:02] [I] Average on 10 runs - GPU latency: 1.28203 ms - Host latency: 1.32441 ms (enqueue 0.00800781 ms)
[09/19/2026-22:43:02] [I] Average on 10 runs - GPU latency: 1.28379 ms - Host latency: 1.32559 ms (enqueue 0.00664063 ms)
[09/19/2026-22:43:02] [I] Average on 10 runs - GPU latency: 1.28242 ms - Host latency: 1.32441 ms (enqueue 0.00664063 ms)
[09/19/2026-22:43:02] [I] Average on 10 runs - GPU latency: 1.28359 ms - Host latency: 1.32539 ms (enqueue 0.00683594 ms)
[09/19/2026-22:43:02] [I] Average on 10 runs - GPU latency: 1.28418 ms - Host latency: 1.32637 ms (enqueue 0.00605469 ms)
[09/19/2026-22:43:02] [I] Average on 10 runs - GPU latency: 1.28359 ms - Host latency: 1.325 ms (enqueue 0.00703125 ms)
[09/19/2026-22:43:02] [I] Average on 10 runs - GPU latency: 1.28242 ms - Host latency: 1.32402 ms (enqueue 0.00664063 ms)
[09/19/2026-22:43:02] [I] Average on 10 runs - GPU latency: 1.28242 ms - Host latency: 1.32539 ms (enqueue 0.00683594 ms)
[09/19/2026-22:43:02] [I] Average on 10 runs - GPU latency: 1.28242 ms - Host latency: 1.32461 ms (enqueue 0.00722656 ms)
[09/19/2026-22:43:02] [I] Average on 10 runs - GPU latency: 1.2832 ms - Host latency: 1.32637 ms (enqueue 0.00722656 ms)
[09/19/2026-22:43:02] [I] Average on 10 runs - GPU latency: 1.28262 ms - Host latency: 1.32559 ms (enqueue 0.00664063 ms)
[09/19/2026-22:43:02] [I] Average on 10 runs - GPU latency: 1.2834 ms - Host latency: 1.32539 ms (enqueue 0.00664063 ms)
[09/19/2026-22:43:02] [I] Average on 10 runs - GPU latency: 1.28398 ms - Host latency: 1.32734 ms (enqueue 0.00644531 ms)
[09/19/2026-22:43:02] [I] Average on 10 runs - GPU latency: 1.28281 ms - Host latency: 1.325 ms (enqueue 0.00664063 ms)
[09/19/2026-22:43:02] [I] Average on 10 runs - GPU latency: 1.28242 ms - Host latency: 1.32441 ms (enqueue 0.00664063 ms)
[09/19/2026-22:43:02] [I] Average on 10 runs - GPU latency: 1.28262 ms - Host latency: 1.32539 ms (enqueue 0.00703125 ms)
[09/19/2026-22:43:02] [I] Average on 10 runs - GPU latency: 1.28203 ms - Host latency: 1.32344 ms (enqueue 0.00625 ms)
[09/19/2026-22:43:02] [I] Average on 10 runs - GPU latency: 1.2832 ms - Host latency: 1.32578 ms (enqueue 0.00683594 ms)
[09/19/2026-22:43:02] [I] Average on 10 runs - GPU latency: 1.2834 ms - Host latency: 1.32656 ms (enqueue 0.00683594 ms)
[09/19/2026-22:43:02] [I] Average on 10 runs - GPU latency: 1.2834 ms - Host latency: 1.32559 ms (enqueue 0.00644531 ms)
[09/19/2026-22:43:02] [I] Average on 10 runs - GPU latency: 1.28223 ms - Host latency: 1.32539 ms (enqueue 0.00722656 ms)
[09/19/2026-22:43:02] [I] Average on 10 runs - GPU latency: 1.28262 ms - Host latency: 1.32441 ms (enqueue 0.00625 ms)
[09/19/2026-22:43:02] [I] Average on 10 runs - GPU latency: 1.28359 ms - Host latency: 1.32676 ms (enqueue 0.00683594 ms)
[09/19/2026-22:43:02] [I] Average on 10 runs - GPU latency: 1.28418 ms - Host latency: 1.32676 ms (enqueue 0.00664063 ms)
[09/19/2026-22:43:02] [I] Average on 10 runs - GPU latency: 1.28301 ms - Host latency: 1.32441 ms (enqueue 0.00644531 ms)
[09/19/2026-22:43:02] [I] Average on 10 runs - GPU latency: 1.2834 ms - Host latency: 1.32598 ms (enqueue 0.00683594 ms)
[09/19/2026-22:43:02] [I] Average on 10 runs - GPU latency: 1.28379 ms - Host latency: 1.32598 ms (enqueue 0.00664063 ms)
[09/19/2026-22:43:02] [I] Average on 10 runs - GPU latency: 1.28281 ms - Host latency: 1.32402 ms (enqueue 0.00683594 ms)
[09/19/2026-22:43:02] [I] Average on 10 runs - GPU latency: 1.2834 ms - Host latency: 1.32656 ms (enqueue 0.00703125 ms)
[09/19/2026-22:43:02] [I] Average on 10 runs - GPU latency: 1.28262 ms - Host latency: 1.32539 ms (enqueue 0.00625 ms)
[09/19/2026-22:43:02] [I] Average on 10 runs - GPU latency: 1.28281 ms - Host latency: 1.32461 ms (enqueue 0.00703125 ms)
[09/19/2026-22:43:02] [I] Average on 10 runs - GPU latency: 1.28398 ms - Host latency: 1.32715 ms (enqueue 0.00703125 ms)
[09/19/2026-22:43:02] [I] Average on 10 runs - GPU latency: 1.28223 ms - Host latency: 1.32383 ms (enqueue 0.00664063 ms)
[09/19/2026-22:43:02] [I] Average on 10 runs - GPU latency: 1.2832 ms - Host latency: 1.32617 ms (enqueue 0.00722656 ms)
[09/19/2026-22:43:02] [I] Average on 10 runs - GPU latency: 1.2834 ms - Host latency: 1.32578 ms (enqueue 0.00625 ms)
[09/19/2026-22:43:02] [I] Average on 10 runs - GPU latency: 1.28203 ms - Host latency: 1.32441 ms (enqueue 0.00625 ms)
[09/19/2026-22:43:02] [I] Average on 10 runs - GPU latency: 1.28203 ms - Host latency: 1.32441 ms (enqueue 0.00683594 ms)
[09/19/2026-22:43:02] [I] Average on 10 runs - GPU latency: 1.28379 ms - Host latency: 1.3252 ms (enqueue 0.00585938 ms)
[09/19/2026-22:43:02] [I] Average on 10 runs - GPU latency: 1.28184 ms - Host latency: 1.32422 ms (enqueue 0.00644531 ms)
[09/19/2026-22:43:02] [I] Average on 10 runs - GPU latency: 1.28203 ms - Host latency: 1.32441 ms (enqueue 0.00585938 ms)
[09/19/2026-22:43:02] [I] Average on 10 runs - GPU latency: 1.28301 ms - Host latency: 1.32461 ms (enqueue 0.00644531 ms)
[09/19/2026-22:43:02] [I] Average on 10 runs - GPU latency: 1.28418 ms - Host latency: 1.32734 ms (enqueue 0.00683594 ms)
[09/19/2026-22:43:02] [I] Average on 10 runs - GPU latency: 1.2832 ms - Host latency: 1.32715 ms (enqueue 0.00683594 ms)
[09/19/2026-22:43:02] [I] Average on 10 runs - GPU latency: 1.28301 ms - Host latency: 1.32598 ms (enqueue 0.00664063 ms)
[09/19/2026-22:43:02] [I] Average on 10 runs - GPU latency: 1.28418 ms - Host latency: 1.32793 ms (enqueue 0.00742187 ms)
[09/19/2026-22:43:02] [I] Average on 10 runs - GPU latency: 1.28242 ms - Host latency: 1.32461 ms (enqueue 0.00644531 ms)
[09/19/2026-22:43:02] [I] Average on 10 runs - GPU latency: 1.28301 ms - Host latency: 1.32559 ms (enqueue 0.00703125 ms)
[09/19/2026-22:43:02] [I] Average on 10 runs - GPU latency: 1.28281 ms - Host latency: 1.32617 ms (enqueue 0.00644531 ms)
[09/19/2026-22:43:02] [I] Average on 10 runs - GPU latency: 1.28242 ms - Host latency: 1.32383 ms (enqueue 0.00703125 ms)
[09/19/2026-22:43:02] [I] Average on 10 runs - GPU latency: 1.28281 ms - Host latency: 1.3252 ms (enqueue 0.00664063 ms)
[09/19/2026-22:43:02] [I] Average on 10 runs - GPU latency: 1.28184 ms - Host latency: 1.32363 ms (enqueue 0.00722656 ms)
[09/19/2026-22:43:02] [I] Average on 10 runs - GPU latency: 1.28301 ms - Host latency: 1.32617 ms (enqueue 0.00722656 ms)
[09/19/2026-22:43:02] [I] Average on 10 runs - GPU latency: 1.2834 ms - Host latency: 1.32695 ms (enqueue 0.00722656 ms)
[09/19/2026-22:43:02] [I] Average on 10 runs - GPU latency: 1.28281 ms - Host latency: 1.32578 ms (enqueue 0.00683594 ms)
[09/19/2026-22:43:02] [I] Average on 10 runs - GPU latency: 1.28262 ms - Host latency: 1.325 ms (enqueue 0.00644531 ms)
[09/19/2026-22:43:02] [I] Average on 10 runs - GPU latency: 1.2832 ms - Host latency: 1.32578 ms (enqueue 0.00664063 ms)
[09/19/2026-22:43:02] [I] Average on 10 runs - GPU latency: 1.28281 ms - Host latency: 1.32461 ms (enqueue 0.00703125 ms)
[09/19/2026-22:43:02] [I] Average on 10 runs - GPU latency: 1.28301 ms - Host latency: 1.32598 ms (enqueue 0.00605469 ms)
[09/19/2026-22:43:02] [I] Average on 10 runs - GPU latency: 1.28184 ms - Host latency: 1.32402 ms (enqueue 0.00683594 ms)
[09/19/2026-22:43:02] [I] Average on 10 runs - GPU latency: 1.28301 ms - Host latency: 1.32559 ms (enqueue 0.00664063 ms)
[09/19/2026-22:43:02] [I] Average on 10 runs - GPU latency: 1.2832 ms - Host latency: 1.32656 ms (enqueue 0.00664063 ms)
[09/19/2026-22:43:02] [I] Average on 10 runs - GPU latency: 1.28379 ms - Host latency: 1.32617 ms (enqueue 0.00664063 ms)
[09/19/2026-22:43:02] [I] Average on 10 runs - GPU latency: 1.28281 ms - Host latency: 1.32578 ms (enqueue 0.00664063 ms)
[09/19/2026-22:43:02] [I] Average on 10 runs - GPU latency: 1.28301 ms - Host latency: 1.325 ms (enqueue 0.00664063 ms)
[09/19/2026-22:43:02] [I] Average on 10 runs - GPU latency: 1.28203 ms - Host latency: 1.32402 ms (enqueue 0.00683594 ms)
[09/19/2026-22:43:02] [I] Average on 10 runs - GPU latency: 1.28223 ms - Host latency: 1.32402 ms (enqueue 0.00703125 ms)
[09/19/2026-22:43:02] [I] Average on 10 runs - GPU latency: 1.28281 ms - Host latency: 1.325 ms (enqueue 0.00625 ms)
[09/19/2026-22:43:02] [I] Average on 10 runs - GPU latency: 1.28184 ms - Host latency: 1.32461 ms (enqueue 0.00625 ms)
[09/19/2026-22:43:02] [I] Average on 10 runs - GPU latency: 1.28418 ms - Host latency: 1.32871 ms (enqueue 0.00722656 ms)
[09/19/2026-22:43:02] [I] Average on 10 runs - GPU latency: 1.2834 ms - Host latency: 1.3291 ms (enqueue 0.00898437 ms)
[09/19/2026-22:43:02] [I] Average on 10 runs - GPU latency: 1.28281 ms - Host latency: 1.32871 ms (enqueue 0.0078125 ms)
[09/19/2026-22:43:02] [I] Average on 10 runs - GPU latency: 1.28496 ms - Host latency: 1.33008 ms (enqueue 0.00859375 ms)
[09/19/2026-22:43:02] [I] Average on 10 runs - GPU latency: 1.28555 ms - Host latency: 1.33066 ms (enqueue 0.00800781 ms)
[09/19/2026-22:43:02] [I] Average on 10 runs - GPU latency: 1.28184 ms - Host latency: 1.32441 ms (enqueue 0.00683594 ms)
[09/19/2026-22:43:02] [I] Average on 10 runs - GPU latency: 1.2832 ms - Host latency: 1.32578 ms (enqueue 0.00664063 ms)
[09/19/2026-22:43:02] [I] Average on 10 runs - GPU latency: 1.28203 ms - Host latency: 1.32461 ms (enqueue 0.00703125 ms)
[09/19/2026-22:43:02] [I] Average on 10 runs - GPU latency: 1.28223 ms - Host latency: 1.32617 ms (enqueue 0.0078125 ms)
[09/19/2026-22:43:02] [I] Average on 10 runs - GPU latency: 1.28262 ms - Host latency: 1.32598 ms (enqueue 0.00742187 ms)
[09/19/2026-22:43:02] [I] Average on 10 runs - GPU latency: 1.28223 ms - Host latency: 1.325 ms (enqueue 0.00742187 ms)
[09/19/2026-22:43:02] [I] Average on 10 runs - GPU latency: 1.28125 ms - Host latency: 1.3248 ms (enqueue 0.00625 ms)
[09/19/2026-22:43:02] [I] Average on 10 runs - GPU latency: 1.2834 ms - Host latency: 1.32617 ms (enqueue 0.00722656 ms)
[09/19/2026-22:43:02] [I] Average on 10 runs - GPU latency: 1.28223 ms - Host latency: 1.325 ms (enqueue 0.00625 ms)
[09/19/2026-22:43:02] [I] Average on 10 runs - GPU latency: 1.28281 ms - Host latency: 1.32402 ms (enqueue 0.00664063 ms)
[09/19/2026-22:43:02] [I] Average on 10 runs - GPU latency: 1.2832 ms - Host latency: 1.3252 ms (enqueue 0.00605469 ms)
[09/19/2026-22:43:02] [I] Average on 10 runs - GPU latency: 1.28242 ms - Host latency: 1.32441 ms (enqueue 0.00664063 ms)
[09/19/2026-22:43:02] [I] Average on 10 runs - GPU latency: 1.28223 ms - Host latency: 1.32578 ms (enqueue 0.00761719 ms)
[09/19/2026-22:43:02] [I] Average on 10 runs - GPU latency: 1.2832 ms - Host latency: 1.32656 ms (enqueue 0.00644531 ms)
[09/19/2026-22:43:02] [I] Average on 10 runs - GPU latency: 1.2834 ms - Host latency: 1.32637 ms (enqueue 0.00644531 ms)
[09/19/2026-22:43:02] [I] Average on 10 runs - GPU latency: 1.2834 ms - Host latency: 1.32715 ms (enqueue 0.00703125 ms)
[09/19/2026-22:43:02] [I] Average on 10 runs - GPU latency: 1.28242 ms - Host latency: 1.32441 ms (enqueue 0.00683594 ms)
[09/19/2026-22:43:02] [I] Average on 10 runs - GPU latency: 1.28223 ms - Host latency: 1.32422 ms (enqueue 0.00644531 ms)
[09/19/2026-22:43:02] [I] Average on 10 runs - GPU latency: 1.28242 ms - Host latency: 1.32383 ms (enqueue 0.00644531 ms)
[09/19/2026-22:43:02] [I] Average on 10 runs - GPU latency: 1.2834 ms - Host latency: 1.32656 ms (enqueue 0.00761719 ms)
[09/19/2026-22:43:02] [I] Average on 10 runs - GPU latency: 1.28418 ms - Host latency: 1.32734 ms (enqueue 0.00703125 ms)
[09/19/2026-22:43:02] [I] Average on 10 runs - GPU latency: 1.28281 ms - Host latency: 1.32578 ms (enqueue 0.00703125 ms)
[09/19/2026-22:43:02] [I] Average on 10 runs - GPU latency: 1.28398 ms - Host latency: 1.32617 ms (enqueue 0.00644531 ms)
[09/19/2026-22:43:02] [I] Average on 10 runs - GPU latency: 1.2832 ms - Host latency: 1.32559 ms (enqueue 0.00683594 ms)
[09/19/2026-22:43:02] [I] Average on 10 runs - GPU latency: 1.28379 ms - Host latency: 1.32539 ms (enqueue 0.00742187 ms)
[09/19/2026-22:43:02] [I] Average on 10 runs - GPU latency: 1.28301 ms - Host latency: 1.32578 ms (enqueue 0.00742187 ms)
[09/19/2026-22:43:02] [I] Average on 10 runs - GPU latency: 1.2834 ms - Host latency: 1.32695 ms (enqueue 0.00761719 ms)
[09/19/2026-22:43:02] [I] Average on 10 runs - GPU latency: 1.28125 ms - Host latency: 1.3248 ms (enqueue 0.00664063 ms)
[09/19/2026-22:43:02] [I] Average on 10 runs - GPU latency: 1.28281 ms - Host latency: 1.325 ms (enqueue 0.00605469 ms)
[09/19/2026-22:43:02] [I] Average on 10 runs - GPU latency: 1.28418 ms - Host latency: 1.32734 ms (enqueue 0.00703125 ms)
[09/19/2026-22:43:02] [I] Average on 10 runs - GPU latency: 1.28242 ms - Host latency: 1.32578 ms (enqueue 0.00664063 ms)
[09/19/2026-22:43:02] [I] Average on 10 runs - GPU latency: 1.2832 ms - Host latency: 1.3248 ms (enqueue 0.00644531 ms)
[09/19/2026-22:43:02] [I] Average on 10 runs - GPU latency: 1.28301 ms - Host latency: 1.3248 ms (enqueue 0.00644531 ms)
[09/19/2026-22:43:02] [I] Average on 10 runs - GPU latency: 1.28359 ms - Host latency: 1.32676 ms (enqueue 0.00605469 ms)
[09/19/2026-22:43:02] [I] Average on 10 runs - GPU latency: 1.28242 ms - Host latency: 1.32539 ms (enqueue 0.00761719 ms)
[09/19/2026-22:43:02] [I] Average on 10 runs - GPU latency: 1.28359 ms - Host latency: 1.32598 ms (enqueue 0.00664063 ms)
[09/19/2026-22:43:02] [I] Average on 10 runs - GPU latency: 1.28281 ms - Host latency: 1.32461 ms (enqueue 0.00703125 ms)
[09/19/2026-22:43:02] [I] Average on 10 runs - GPU latency: 1.28242 ms - Host latency: 1.32441 ms (enqueue 0.00625 ms)
[09/19/2026-22:43:02] [I] Average on 10 runs - GPU latency: 1.28457 ms - Host latency: 1.32695 ms (enqueue 0.00742187 ms)
[09/19/2026-22:43:02] [I] Average on 10 runs - GPU latency: 1.2834 ms - Host latency: 1.32637 ms (enqueue 0.00703125 ms)
[09/19/2026-22:43:02] [I] Average on 10 runs - GPU latency: 1.28633 ms - Host latency: 1.33418 ms (enqueue 0.00976562 ms)
[09/19/2026-22:43:02] [I] Average on 10 runs - GPU latency: 1.28555 ms - Host latency: 1.33164 ms (enqueue 0.00644531 ms)
[09/19/2026-22:43:02] [I] Average on 10 runs - GPU latency: 1.2832 ms - Host latency: 1.32617 ms (enqueue 0.00664063 ms)
[09/19/2026-22:43:02] [I] Average on 10 runs - GPU latency: 1.28242 ms - Host latency: 1.325 ms (enqueue 0.00625 ms)
[09/19/2026-22:43:02] [I] Average on 10 runs - GPU latency: 1.28281 ms - Host latency: 1.32598 ms (enqueue 0.00664063 ms)
[09/19/2026-22:43:02] [I] Average on 10 runs - GPU latency: 1.28359 ms - Host latency: 1.32539 ms (enqueue 0.00703125 ms)
[09/19/2026-22:43:02] [I] Average on 10 runs - GPU latency: 1.28281 ms - Host latency: 1.3248 ms (enqueue 0.00683594 ms)
[09/19/2026-22:43:02] [I] Average on 10 runs - GPU latency: 1.28223 ms - Host latency: 1.32461 ms (enqueue 0.00664063 ms)
[09/19/2026-22:43:02] [I] Average on 10 runs - GPU latency: 1.28379 ms - Host latency: 1.32734 ms (enqueue 0.00644531 ms)
[09/19/2026-22:43:02] [I] Average on 10 runs - GPU latency: 1.28242 ms - Host latency: 1.325 ms (enqueue 0.00625 ms)
[09/19/2026-22:43:02] [I] Average on 10 runs - GPU latency: 1.28203 ms - Host latency: 1.32402 ms (enqueue 0.00605469 ms)
[09/19/2026-22:43:02] [I] Average on 10 runs - GPU latency: 1.28203 ms - Host latency: 1.3248 ms (enqueue 0.00664063 ms)
[09/19/2026-22:43:02] [I] Average on 10 runs - GPU latency: 1.28242 ms - Host latency: 1.32617 ms (enqueue 0.00859375 ms)
[09/19/2026-22:43:02] [I] Average on 10 runs - GPU latency: 1.2832 ms - Host latency: 1.32637 ms (enqueue 0.00761719 ms)
[09/19/2026-22:43:02] [I] Average on 10 runs - GPU latency: 1.28262 ms - Host latency: 1.3252 ms (enqueue 0.00664063 ms)
[09/19/2026-22:43:02] [I] Average on 10 runs - GPU latency: 1.28262 ms - Host latency: 1.32539 ms (enqueue 0.00703125 ms)
[09/19/2026-22:43:02] [I] Average on 10 runs - GPU latency: 1.28203 ms - Host latency: 1.32441 ms (enqueue 0.00703125 ms)
[09/19/2026-22:43:02] [I] Average on 10 runs - GPU latency: 1.28398 ms - Host latency: 1.32715 ms (enqueue 0.00664063 ms)
[09/19/2026-22:43:02] [I] Average on 10 runs - GPU latency: 1.28516 ms - Host latency: 1.32734 ms (enqueue 0.00644531 ms)
[09/19/2026-22:43:02] [I] Average on 10 runs - GPU latency: 1.2832 ms - Host latency: 1.32773 ms (enqueue 0.00761719 ms)
[09/19/2026-22:43:02] [I] 
[09/19/2026-22:43:02] [I] === Performance summary ===
[09/19/2026-22:43:02] [I] Throughput: 777.626 qps
[09/19/2026-22:43:02] [I] Latency: min = 1.31445 ms, max = 3.46729 ms, mean = 1.32738 ms, median = 1.3252 ms, percentile(90%) = 1.3291 ms, percentile(95%) = 1.33008 ms, percentile(99%) = 1.33398 ms
[09/19/2026-22:43:02] [I] Enqueue Time: min = 0.00390625 ms, max = 0.0722656 ms, mean = 0.00679137 ms, median = 0.00634766 ms, percentile(90%) = 0.0078125 ms, percentile(95%) = 0.00878906 ms, percentile(99%) = 0.00976562 ms
[09/19/2026-22:43:02] [I] H2D Latency: min = 0.0351562 ms, max = 0.108398 ms, mean = 0.0389235 ms, median = 0.0390625 ms, percentile(90%) = 0.0410156 ms, percentile(95%) = 0.0429688 ms, percentile(99%) = 0.0449219 ms
[09/19/2026-22:43:02] [I] GPU Compute Time: min = 1.27344 ms, max = 3.42236 ms, mean = 1.28492 ms, median = 1.2832 ms, percentile(90%) = 1.28516 ms, percentile(95%) = 1.28711 ms, percentile(99%) = 1.28809 ms
[09/19/2026-22:43:02] [I] D2H Latency: min = 0.00195312 ms, max = 0.00585938 ms, mean = 0.00354028 ms, median = 0.00390625 ms, percentile(90%) = 0.00390625 ms, percentile(95%) = 0.00488281 ms, percentile(99%) = 0.00585938 ms
[09/19/2026-22:43:02] [I] Total Host Walltime: 30.0041 s
[09/19/2026-22:43:02] [I] Total GPU Compute Time: 29.9797 s
[09/19/2026-22:43:02] [W] * GPU compute time is unstable, with coefficient of variance = 4.21566%.
[09/19/2026-22:43:02] [W]   If not already in use, locking GPU clock frequency or adding --useSpinWait may improve the stability.
[09/19/2026-22:43:02] [I] Explanations of the performance metrics are printed in the verbose logs.
[09/19/2026-22:43:02] [I] 
&&&& PASSED TensorRT.trtexec [TensorRT v101602] [b10] # trtexec --loadEngine=mobilenetv2_tf32.plan --shapes=input:1x3x224x224 --warmUp=2000 --duration=30 --useCudaGraph --useSpinWait --exportTimes=times_tf32_graph_spin.json
