&&&& RUNNING TensorRT.trtexec [TensorRT v101602] [b10] # trtexec --loadEngine=mobilenetv2_fp16.plan --shapes=input:1x3x224x224 --warmUp=2000 --duration=30 --useCudaGraph --exportTimes=times_fp16_graph.json
[09/19/2026-22:02:57] [I] TF32 is enabled by default. Add --noTF32 flag to further improve accuracy with some performance cost.
[09/19/2026-22:02:57] [I] === Model Options ===
[09/19/2026-22:02:57] [I] Format: *
[09/19/2026-22:02:57] [I] Model: 
[09/19/2026-22:02:57] [I] Output:
[09/19/2026-22:02:57] [I] 
[09/19/2026-22:02:57] [I] === System Options ===
[09/19/2026-22:02:57] [I] Device: 0
[09/19/2026-22:02:57] [I] DLACore: 
[09/19/2026-22:02:57] [I] Loaded static plugins:
[09/19/2026-22:02:57] [I] setPluginsToSerialize:
[09/19/2026-22:02:57] [I] dynamicPlugins:
[09/19/2026-22:02:57] [I] ignoreParsedPluginLibs: 0
[09/19/2026-22:02:57] [I] 
[09/19/2026-22:02:57] [I] === Inference Options ===
[09/19/2026-22:02:57] [I] Batch: Explicit
[09/19/2026-22:02:57] [I] Input inference shape : input=1x3x224x224
[09/19/2026-22:02:57] [I] Iterations: 10
[09/19/2026-22:02:57] [I] Duration: 30s (+ 2000ms warm up)
[09/19/2026-22:02:57] [I] Sleep time: 0ms
[09/19/2026-22:02:57] [I] Idle time: 0ms
[09/19/2026-22:02:57] [I] Inference Streams: 1
[09/19/2026-22:02:57] [I] ExposeDMA: Disabled
[09/19/2026-22:02:57] [I] Data transfers: Enabled
[09/19/2026-22:02:57] [I] Spin-wait: Disabled
[09/19/2026-22:02:57] [I] Multithreading: Disabled
[09/19/2026-22:02:57] [I] CUDA Graph: Enabled
[09/19/2026-22:02:57] [I] Separate profiling: Disabled
[09/19/2026-22:02:57] [I] Time Deserialize: Disabled
[09/19/2026-22:02:57] [I] Time Refit: Disabled
[09/19/2026-22:02:57] [I] NVTX verbosity: 0
[09/19/2026-22:02:57] [I] Persistent Cache Ratio: 0
[09/19/2026-22:02:57] [I] Optimization Profile Index: 0
[09/19/2026-22:02:57] [I] Weight Streaming Budget: 100.000000%
[09/19/2026-22:02:57] [I] Inputs:
[09/19/2026-22:02:57] [I] Debug Tensor Save Destinations:
[09/19/2026-22:02:57] [I] Dump All Debug Tensor in Formats: 
[09/19/2026-22:02:57] [I] === Reporting Options ===
[09/19/2026-22:02:57] [I] Verbose: Disabled
[09/19/2026-22:02:57] [I] Averages: 10 inferences
[09/19/2026-22:02:57] [I] Percentiles: 90,95,99
[09/19/2026-22:02:57] [I] Dump refittable layers:Disabled
[09/19/2026-22:02:57] [I] Dump output: Disabled
[09/19/2026-22:02:57] [I] Profile: Disabled
[09/19/2026-22:02:57] [I] Export timing to JSON file: times_fp16_graph.json
[09/19/2026-22:02:57] [I] Export output to JSON file: 
[09/19/2026-22:02:57] [I] Export profile to JSON file: 
[09/19/2026-22:02:57] [I] 
[09/19/2026-22:02:57] [I] === Device Information ===
[09/19/2026-22:02:57] [I] Available Devices: 
[09/19/2026-22:02:57] [I]   Device 0: "Orin" UUID: GPU-5e79c5ba-a005-59b8-a6a3-d87e61f25d8b
[09/19/2026-22:02:57] [I] Selected Device: Orin
[09/19/2026-22:02:57] [I] Selected Device ID: 0
[09/19/2026-22:02:57] [I] Selected Device UUID: GPU-5e79c5ba-a005-59b8-a6a3-d87e61f25d8b
[09/19/2026-22:02:57] [I] Compute Capability: 8.7
[09/19/2026-22:02:57] [I] SMs: 8
[09/19/2026-22:02:57] [I] Device Global Memory: 7485 MiB
[09/19/2026-22:02:57] [I] Shared Memory per SM: 164 KiB
[09/19/2026-22:02:57] [I] Memory Bus Width: 128 bits (ECC disabled)
[09/19/2026-22:02:57] [I] Application Compute Clock Rate: 1.02 GHz
[09/19/2026-22:02:57] [I] Application Memory Clock Rate: 0.918 GHz
[09/19/2026-22:02:57] [I] 
[09/19/2026-22:02:57] [I] Note: The application clock rates do not reflect the actual clock rates that the GPU is currently running at.
[09/19/2026-22:02:57] [I] 
[09/19/2026-22:02:57] [I] TensorRT version: 10.16.2
[09/19/2026-22:02:57] [I] Loading standard plugins
[09/19/2026-22:02:57] [I] [TRT] Loaded engine size: 7 MiB
[09/19/2026-22:02:57] [I] Engine deserialized in 0.0499174 sec.
[09/19/2026-22:02:57] [I] [TRT] [MemUsageChange] TensorRT-managed allocation in IExecutionContext creation: CPU +0, GPU +4, now: CPU 0, GPU 10 (MiB)
[09/19/2026-22:02:57] [I] Setting persistentCacheLimit to 0 bytes.
[09/19/2026-22:02:57] [I] Created execution context with device memory size: 3.34961 MiB
[09/19/2026-22:02:57] [I] Using random values for input input
[09/19/2026-22:02:57] [I] Input binding for input with dimensions 1x3x224x224 and type fp32 is created.
[09/19/2026-22:02:57] [I] Output binding for output with dimensions 1x1000 and type fp32 is created.
[09/19/2026-22:02:57] [I] Starting inference
[09/19/2026-22:02:57] [I] Capturing CUDA graph for the current execution context
[09/19/2026-22:02:57] [I] Successfully captured CUDA graph for the current execution context
[09/19/2026-22:03:29] [I] Warmup completed 2578 queries over 2000 ms
[09/19/2026-22:03:29] [I] Timing trace has 39818 queries over 30.0016 s
[09/19/2026-22:03:29] [I] 
[09/19/2026-22:03:29] [I] === Trace details ===
[09/19/2026-22:03:29] [I] Trace averages of 10 runs:
[09/19/2026-22:03:29] [I] Average on 10 runs - GPU latency: 0.747681 ms - Host latency: 0.794299 ms (enqueue 0.00891113 ms)
[09/19/2026-22:03:29] [I] Average on 10 runs - GPU latency: 0.747913 ms - Host latency: 0.793323 ms (enqueue 0.00894775 ms)
[09/19/2026-22:03:29] [I] Average on 10 runs - GPU latency: 0.748145 ms - Host latency: 0.792908 ms (enqueue 0.00881348 ms)
[09/19/2026-22:03:29] [I] Average on 10 runs - GPU latency: 0.749756 ms - Host latency: 0.799023 ms (enqueue 0.00950928 ms)
[09/19/2026-22:03:29] [I] Average on 10 runs - GPU latency: 0.748718 ms - Host latency: 0.793909 ms (enqueue 0.00921631 ms)
[09/19/2026-22:03:29] [I] Average on 10 runs - GPU latency: 0.748962 ms - Host latency: 0.795728 ms (enqueue 0.00883789 ms)
[09/19/2026-22:03:29] [I] Average on 10 runs - GPU latency: 0.748767 ms - Host latency: 0.794312 ms (enqueue 0.00860596 ms)
[09/19/2026-22:03:29] [I] Average on 10 runs - GPU latency: 0.816602 ms - Host latency: 0.866016 ms (enqueue 0.00935059 ms)
[09/19/2026-22:03:29] [I] Average on 10 runs - GPU latency: 0.796704 ms - Host latency: 0.84751 ms (enqueue 0.0108643 ms)
[09/19/2026-22:03:29] [I] Average on 10 runs - GPU latency: 0.749487 ms - Host latency: 0.798853 ms (enqueue 0.0101074 ms)
[09/19/2026-22:03:29] [I] Average on 10 runs - GPU latency: 0.749878 ms - Host latency: 0.798608 ms (enqueue 0.0101562 ms)
[09/19/2026-22:03:29] [I] Average on 10 runs - GPU latency: 0.748633 ms - Host latency: 0.795215 ms (enqueue 0.00876465 ms)
[09/19/2026-22:03:29] [I] Average on 10 runs - GPU latency: 0.748413 ms - Host latency: 0.793188 ms (enqueue 0.00827637 ms)
[09/19/2026-22:03:29] [I] Average on 10 runs - GPU latency: 0.749365 ms - Host latency: 0.79585 ms (enqueue 0.00871582 ms)
[09/19/2026-22:03:29] [I] Average on 10 runs - GPU latency: 0.748462 ms - Host latency: 0.793457 ms (enqueue 0.00874023 ms)
[09/19/2026-22:03:29] [I] Average on 10 runs - GPU latency: 0.748779 ms - Host latency: 0.794141 ms (enqueue 0.00893555 ms)
[09/19/2026-22:03:29] [I] Average on 10 runs - GPU latency: 0.748511 ms - Host latency: 0.793799 ms (enqueue 0.00876465 ms)
[09/19/2026-22:03:29] [I] Average on 10 runs - GPU latency: 0.750098 ms - Host latency: 0.799316 ms (enqueue 0.00996094 ms)
[09/19/2026-22:03:29] [I] Average on 10 runs - GPU latency: 0.748413 ms - Host latency: 0.795264 ms (enqueue 0.00922852 ms)
[09/19/2026-22:03:29] [I] Average on 10 runs - GPU latency: 0.749683 ms - Host latency: 0.800928 ms (enqueue 0.0102051 ms)
[09/19/2026-22:03:29] [I] Average on 10 runs - GPU latency: 0.751221 ms - Host latency: 0.801099 ms (enqueue 0.00942383 ms)
[09/19/2026-22:03:29] [I] Average on 10 runs - GPU latency: 0.750073 ms - Host latency: 0.799585 ms (enqueue 0.0095459 ms)
[09/19/2026-22:03:29] [I] Average on 10 runs - GPU latency: 0.750952 ms - Host latency: 0.80293 ms (enqueue 0.0102783 ms)
[09/19/2026-22:03:29] [I] Average on 10 runs - GPU latency: 0.748901 ms - Host latency: 0.793896 ms (enqueue 0.0100342 ms)
[09/19/2026-22:03:29] [I] Average on 10 runs - GPU latency: 0.748242 ms - Host latency: 0.793457 ms (enqueue 0.00913086 ms)
[09/19/2026-22:03:29] [I] Average on 10 runs - GPU latency: 1.04783 ms - Host latency: 1.09443 ms (enqueue 0.0102783 ms)
[09/19/2026-22:03:29] [I] Average on 10 runs - GPU latency: 0.748853 ms - Host latency: 0.796289 ms (enqueue 0.0100586 ms)
[09/19/2026-22:03:29] [I] Average on 10 runs - GPU latency: 0.748901 ms - Host latency: 0.797754 ms (enqueue 0.00998535 ms)
[09/19/2026-22:03:29] [I] Average on 10 runs - GPU latency: 0.748828 ms - Host latency: 0.794458 ms (enqueue 0.00981445 ms)
[09/19/2026-22:03:29] [I] Average on 10 runs - GPU latency: 1.00127 ms - Host latency: 1.05081 ms (enqueue 0.0110352 ms)
[09/19/2026-22:03:29] [I] Average on 10 runs - GPU latency: 1.02822 ms - Host latency: 1.07864 ms (enqueue 0.0110107 ms)
[09/19/2026-22:03:29] [I] Average on 10 runs - GPU latency: 0.79458 ms - Host latency: 0.847314 ms (enqueue 0.011377 ms)
[09/19/2026-22:03:29] [I] Average on 10 runs - GPU latency: 0.794116 ms - Host latency: 0.843726 ms (enqueue 0.0104248 ms)
[09/19/2026-22:03:29] [I] Average on 10 runs - GPU latency: 0.750366 ms - Host latency: 0.803027 ms (enqueue 0.0102051 ms)
[09/19/2026-22:03:29] [I] Average on 10 runs - GPU latency: 0.750317 ms - Host latency: 0.800098 ms (enqueue 0.0100342 ms)
[09/19/2026-22:03:29] [I] Average on 10 runs - GPU latency: 0.749927 ms - Host latency: 0.799731 ms (enqueue 0.00991211 ms)
[09/19/2026-22:03:29] [I] Average on 10 runs - GPU latency: 0.750659 ms - Host latency: 0.801025 ms (enqueue 0.00983887 ms)
[09/19/2026-22:03:29] [I] Average on 10 runs - GPU latency: 0.750293 ms - Host latency: 0.798193 ms (enqueue 0.00957031 ms)
[09/19/2026-22:03:29] [I] Average on 10 runs - GPU latency: 0.751758 ms - Host latency: 0.804639 ms (enqueue 0.0114014 ms)
[09/19/2026-22:03:29] [I] Average on 10 runs - GPU latency: 0.749707 ms - Host latency: 0.798657 ms (enqueue 0.0100098 ms)
[09/19/2026-22:03:29] [I] Average on 10 runs - GPU latency: 0.750464 ms - Host latency: 0.801318 ms (enqueue 0.0107178 ms)
[09/19/2026-22:03:29] [I] Average on 10 runs - GPU latency: 0.749878 ms - Host latency: 0.795923 ms (enqueue 0.00893555 ms)
[09/19/2026-22:03:29] [I] Average on 10 runs - GPU latency: 0.749634 ms - Host latency: 0.800757 ms (enqueue 0.00966797 ms)
[09/19/2026-22:03:29] [I] Average on 10 runs - GPU latency: 0.749414 ms - Host latency: 0.79624 ms (enqueue 0.00981445 ms)
[09/19/2026-22:03:29] [I] Average on 10 runs - GPU latency: 0.749536 ms - Host latency: 0.797925 ms (enqueue 0.00991211 ms)
[09/19/2026-22:03:29] [I] Average on 10 runs - GPU latency: 0.750928 ms - Host latency: 0.803345 ms (enqueue 0.0109863 ms)
[09/19/2026-22:03:29] [I] Average on 10 runs - GPU latency: 0.74873 ms - Host latency: 0.795703 ms (enqueue 0.0102051 ms)
[09/19/2026-22:03:29] [I] Average on 10 runs - GPU latency: 0.749707 ms - Host latency: 0.798584 ms (enqueue 0.0105225 ms)
[09/19/2026-22:03:29] [I] Average on 10 runs - GPU latency: 0.749585 ms - Host latency: 0.798999 ms (enqueue 0.0104248 ms)
[09/19/2026-22:03:29] [I] Average on 10 runs - GPU latency: 0.750586 ms - Host latency: 0.801294 ms (enqueue 0.010376 ms)
[09/19/2026-22:03:29] [I] Average on 10 runs - GPU latency: 0.748364 ms - Host latency: 0.79248 ms (enqueue 0.00842285 ms)
[09/19/2026-22:03:29] [I] Average on 10 runs - GPU latency: 1.0916 ms - Host latency: 1.14885 ms (enqueue 0.0124512 ms)
[09/19/2026-22:03:29] [I] Average on 10 runs - GPU latency: 1.08479 ms - Host latency: 1.13909 ms (enqueue 0.0115967 ms)
[09/19/2026-22:03:29] [I] Average on 10 runs - GPU latency: 0.899951 ms - Host latency: 0.952612 ms (enqueue 0.0114746 ms)
[09/19/2026-22:03:29] [I] Average on 10 runs - GPU latency: 1.09927 ms - Host latency: 1.15464 ms (enqueue 0.0119629 ms)
[09/19/2026-22:03:29] [I] Average on 10 runs - GPU latency: 1.08037 ms - Host latency: 1.1355 ms (enqueue 0.0115479 ms)
[09/19/2026-22:03:29] [I] Average on 10 runs - GPU latency: 1.12517 ms - Host latency: 1.17869 ms (enqueue 0.0118652 ms)
[09/19/2026-22:03:29] [I] Average on 10 runs - GPU latency: 1.11729 ms - Host latency: 1.17175 ms (enqueue 0.011792 ms)
[09/19/2026-22:03:29] [I] Average on 10 runs - GPU latency: 0.893457 ms - Host latency: 0.945068 ms (enqueue 0.0112549 ms)
[09/19/2026-22:03:29] [I] Average on 10 runs - GPU latency: 1.07664 ms - Host latency: 1.13203 ms (enqueue 0.0111328 ms)
[09/19/2026-22:03:29] [I] Average on 10 runs - GPU latency: 1.12644 ms - Host latency: 1.18005 ms (enqueue 0.0125244 ms)
[09/19/2026-22:03:29] [I] Average on 10 runs - GPU latency: 1.12217 ms - Host latency: 1.1751 ms (enqueue 0.011499 ms)
[09/19/2026-22:03:29] [I] Average on 10 runs - GPU latency: 0.835303 ms - Host latency: 0.886792 ms (enqueue 0.0111084 ms)
[09/19/2026-22:03:29] [I] Average on 10 runs - GPU latency: 1.12979 ms - Host latency: 1.19382 ms (enqueue 0.0138672 ms)
[09/19/2026-22:03:29] [I] Average on 10 runs - GPU latency: 0.797925 ms - Host latency: 0.84541 ms (enqueue 0.0100342 ms)
[09/19/2026-22:03:29] [I] Average on 10 runs - GPU latency: 0.749365 ms - Host latency: 0.799658 ms (enqueue 0.0109375 ms)
[09/19/2026-22:03:29] [I] Average on 10 runs - GPU latency: 0.747778 ms - Host latency: 0.792725 ms (enqueue 0.00966797 ms)
[09/19/2026-22:03:29] [I] Average on 10 runs - GPU latency: 0.748804 ms - Host latency: 0.795728 ms (enqueue 0.00981445 ms)
[09/19/2026-22:03:29] [I] Average on 10 runs - GPU latency: 0.747852 ms - Host latency: 0.792603 ms (enqueue 0.00947266 ms)
[09/19/2026-22:03:29] [I] Average on 10 runs - GPU latency: 0.748218 ms - Host latency: 0.794824 ms (enqueue 0.00991211 ms)
[09/19/2026-22:03:29] [I] Average on 10 runs - GPU latency: 0.748828 ms - Host latency: 0.796045 ms (enqueue 0.00998535 ms)
[09/19/2026-22:03:29] [I] Average on 10 runs - GPU latency: 0.748828 ms - Host latency: 0.796533 ms (enqueue 0.0102783 ms)
[09/19/2026-22:03:29] [I] Average on 10 runs - GPU latency: 0.74856 ms - Host latency: 0.793481 ms (enqueue 0.00966797 ms)
[09/19/2026-22:03:29] [I] Average on 10 runs - GPU latency: 0.748511 ms - Host latency: 0.794238 ms (enqueue 0.0097168 ms)
[09/19/2026-22:03:29] [I] Average on 10 runs - GPU latency: 0.747754 ms - Host latency: 0.792798 ms (enqueue 0.00952148 ms)
[09/19/2026-22:03:29] [I] Average on 10 runs - GPU latency: 0.748633 ms - Host latency: 0.795679 ms (enqueue 0.00986328 ms)
[09/19/2026-22:03:29] [I] Average on 10 runs - GPU latency: 0.748828 ms - Host latency: 0.795483 ms (enqueue 0.00996094 ms)
[09/19/2026-22:03:29] [I] Average on 10 runs - GPU latency: 0.7479 ms - Host latency: 0.792456 ms (enqueue 0.00974121 ms)
[09/19/2026-22:03:29] [I] Average on 10 runs - GPU latency: 0.748877 ms - Host latency: 0.796362 ms (enqueue 0.0102539 ms)
[09/19/2026-22:03:29] [I] Average on 10 runs - GPU latency: 0.749023 ms - Host latency: 0.79812 ms (enqueue 0.0098877 ms)
[09/19/2026-22:03:29] [I] Average on 10 runs - GPU latency: 0.74834 ms - Host latency: 0.796118 ms (enqueue 0.00993652 ms)
[09/19/2026-22:03:29] [I] Average on 10 runs - GPU latency: 0.749463 ms - Host latency: 0.797876 ms (enqueue 0.0098877 ms)
[09/19/2026-22:03:29] [I] Average on 10 runs - GPU latency: 0.748657 ms - Host latency: 0.794702 ms (enqueue 0.00974121 ms)
[09/19/2026-22:03:29] [I] Average on 10 runs - GPU latency: 0.749097 ms - Host latency: 0.796411 ms (enqueue 0.00991211 ms)
[09/19/2026-22:03:29] [I] Average on 10 runs - GPU latency: 0.748755 ms - Host latency: 0.796313 ms (enqueue 0.00993652 ms)
[09/19/2026-22:03:29] [I] Average on 10 runs - GPU latency: 0.749683 ms - Host latency: 0.797827 ms (enqueue 0.0101318 ms)
[09/19/2026-22:03:29] [I] Average on 10 runs - GPU latency: 0.748975 ms - Host latency: 0.796753 ms (enqueue 0.0100342 ms)
[09/19/2026-22:03:29] [I] Average on 10 runs - GPU latency: 0.749536 ms - Host latency: 0.79873 ms (enqueue 0.0103516 ms)
[09/19/2026-22:03:29] [I] Average on 10 runs - GPU latency: 0.749072 ms - Host latency: 0.797119 ms (enqueue 0.00981445 ms)
[09/19/2026-22:03:29] [I] Average on 10 runs - GPU latency: 0.749243 ms - Host latency: 0.797876 ms (enqueue 0.0100098 ms)
[09/19/2026-22:03:29] [I] Average on 10 runs - GPU latency: 0.751611 ms - Host latency: 0.806812 ms (enqueue 0.0110596 ms)
[09/19/2026-22:03:29] [I] Average on 10 runs - GPU latency: 0.748657 ms - Host latency: 0.794946 ms (enqueue 0.0119629 ms)
[09/19/2026-22:03:29] [I] Average on 10 runs - GPU latency: 0.749097 ms - Host latency: 0.805689 ms (enqueue 0.0101807 ms)
[09/19/2026-22:03:29] [I] Average on 10 runs - GPU latency: 0.752002 ms - Host latency: 0.805371 ms (enqueue 0.0115234 ms)
[09/19/2026-22:03:29] [I] Average on 10 runs - GPU latency: 0.749512 ms - Host latency: 0.799365 ms (enqueue 0.0104736 ms)
[09/19/2026-22:03:29] [I] Average on 10 runs - GPU latency: 0.751562 ms - Host latency: 0.803101 ms (enqueue 0.0105469 ms)
[09/19/2026-22:03:29] [I] Average on 10 runs - GPU latency: 0.749219 ms - Host latency: 0.79707 ms (enqueue 0.00986328 ms)
[09/19/2026-22:03:29] [I] Average on 10 runs - GPU latency: 0.750269 ms - Host latency: 0.800952 ms (enqueue 0.0105713 ms)
[09/19/2026-22:03:29] [I] Average on 10 runs - GPU latency: 0.978003 ms - Host latency: 1.02722 ms (enqueue 0.0105225 ms)
[09/19/2026-22:03:29] [I] Average on 10 runs - GPU latency: 0.811182 ms - Host latency: 0.861157 ms (enqueue 0.0108398 ms)
[09/19/2026-22:03:29] [I] Average on 10 runs - GPU latency: 0.750317 ms - Host latency: 0.803613 ms (enqueue 0.0111084 ms)
[09/19/2026-22:03:29] [I] Average on 10 runs - GPU latency: 0.750854 ms - Host latency: 0.802222 ms (enqueue 0.0101807 ms)
[09/19/2026-22:03:29] [I] Average on 10 runs - GPU latency: 0.749951 ms - Host latency: 0.798462 ms (enqueue 0.0104492 ms)
[09/19/2026-22:03:29] [I] Average on 10 runs - GPU latency: 0.750098 ms - Host latency: 0.80022 ms (enqueue 0.0106445 ms)
[09/19/2026-22:03:29] [I] Average on 10 runs - GPU latency: 0.749609 ms - Host latency: 0.798437 ms (enqueue 0.010498 ms)
[09/19/2026-22:03:29] [I] Average on 10 runs - GPU latency: 0.750635 ms - Host latency: 0.802637 ms (enqueue 0.0107666 ms)
[09/19/2026-22:03:29] [I] Average on 10 runs - GPU latency: 0.750049 ms - Host latency: 0.799634 ms (enqueue 0.0106934 ms)
[09/19/2026-22:03:29] [I] Average on 10 runs - GPU latency: 0.751514 ms - Host latency: 0.803931 ms (enqueue 0.0110107 ms)
[09/19/2026-22:03:29] [I] Average on 10 runs - GPU latency: 0.749414 ms - Host latency: 0.79978 ms (enqueue 0.0107422 ms)
[09/19/2026-22:03:29] [I] Average on 10 runs - GPU latency: 0.750147 ms - Host latency: 0.801025 ms (enqueue 0.0108398 ms)
[09/19/2026-22:03:29] [I] Average on 10 runs - GPU latency: 0.75083 ms - Host latency: 0.80376 ms (enqueue 0.0106689 ms)
[09/19/2026-22:03:29] [I] Average on 10 runs - GPU latency: 0.750366 ms - Host latency: 0.803686 ms (enqueue 0.0111572 ms)
[09/19/2026-22:03:29] [I] Average on 10 runs - GPU latency: 0.749707 ms - Host latency: 0.8 ms (enqueue 0.0123291 ms)
[09/19/2026-22:03:29] [I] Average on 10 runs - GPU latency: 0.749341 ms - Host latency: 0.80127 ms (enqueue 0.0102783 ms)
[09/19/2026-22:03:29] [I] Average on 10 runs - GPU latency: 0.749707 ms - Host latency: 0.798291 ms (enqueue 0.0100586 ms)
[09/19/2026-22:03:29] [I] Average on 10 runs - GPU latency: 0.748291 ms - Host latency: 0.794336 ms (enqueue 0.00866699 ms)
[09/19/2026-22:03:29] [I] Average on 10 runs - GPU latency: 0.74812 ms - Host latency: 0.793384 ms (enqueue 0.00932617 ms)
[09/19/2026-22:03:29] [I] Average on 10 runs - GPU latency: 0.748096 ms - Host latency: 0.793164 ms (enqueue 0.00927734 ms)
[09/19/2026-22:03:29] [I] Average on 10 runs - GPU latency: 0.748315 ms - Host latency: 0.795337 ms (enqueue 0.00939941 ms)
[09/19/2026-22:03:29] [I] Average on 10 runs - GPU latency: 0.749097 ms - Host latency: 0.797314 ms (enqueue 0.0102783 ms)
[09/19/2026-22:03:29] [I] Average on 10 runs - GPU latency: 0.749683 ms - Host latency: 0.799609 ms (enqueue 0.0103516 ms)
[09/19/2026-22:03:29] [I] Average on 10 runs - GPU latency: 0.748267 ms - Host latency: 0.794995 ms (enqueue 0.00993652 ms)
[09/19/2026-22:03:29] [I] Average on 10 runs - GPU latency: 0.747949 ms - Host latency: 0.793652 ms (enqueue 0.00983887 ms)
[09/19/2026-22:03:29] [I] Average on 10 runs - GPU latency: 0.747827 ms - Host latency: 0.79375 ms (enqueue 0.0098877 ms)
[09/19/2026-22:03:29] [I] Average on 10 runs - GPU latency: 0.747754 ms - Host latency: 0.793237 ms (enqueue 0.00957031 ms)
[09/19/2026-22:03:29] [I] Average on 10 runs - GPU latency: 0.747681 ms - Host latency: 0.79314 ms (enqueue 0.00949707 ms)
[09/19/2026-22:03:29] [I] Average on 10 runs - GPU latency: 0.749438 ms - Host latency: 0.798706 ms (enqueue 0.00966797 ms)
[09/19/2026-22:03:29] [I] Average on 10 runs - GPU latency: 0.747803 ms - Host latency: 0.793628 ms (enqueue 0.00942383 ms)
[09/19/2026-22:03:29] [I] Average on 10 runs - GPU latency: 0.748511 ms - Host latency: 0.792993 ms (enqueue 0.0108398 ms)
[09/19/2026-22:03:29] [I] Average on 10 runs - GPU latency: 0.748608 ms - Host latency: 0.795361 ms (enqueue 0.0097168 ms)
[09/19/2026-22:03:29] [I] Average on 10 runs - GPU latency: 0.747852 ms - Host latency: 0.791748 ms (enqueue 0.0095459 ms)
[09/19/2026-22:03:29] [I] Average on 10 runs - GPU latency: 0.748682 ms - Host latency: 0.794434 ms (enqueue 0.00969238 ms)
[09/19/2026-22:03:29] [I] Average on 10 runs - GPU latency: 0.747534 ms - Host latency: 0.791187 ms (enqueue 0.00939941 ms)
[09/19/2026-22:03:29] [I] Average on 10 runs - GPU latency: 0.748071 ms - Host latency: 0.793115 ms (enqueue 0.0110352 ms)
[09/19/2026-22:03:29] [I] Average on 10 runs - GPU latency: 0.747803 ms - Host latency: 0.792261 ms (enqueue 0.0105957 ms)
[09/19/2026-22:03:29] [I] Average on 10 runs - GPU latency: 0.747876 ms - Host latency: 0.793433 ms (enqueue 0.00947266 ms)
[09/19/2026-22:03:29] [I] Average on 10 runs - GPU latency: 0.747632 ms - Host latency: 0.792212 ms (enqueue 0.009375 ms)
[09/19/2026-22:03:29] [I] Average on 10 runs - GPU latency: 0.747949 ms - Host latency: 0.793213 ms (enqueue 0.00959473 ms)
[09/19/2026-22:03:29] [I] Average on 10 runs - GPU latency: 0.747119 ms - Host latency: 0.791406 ms (enqueue 0.0095459 ms)
[09/19/2026-22:03:29] [I] Average on 10 runs - GPU latency: 0.748047 ms - Host latency: 0.793652 ms (enqueue 0.00961914 ms)
[09/19/2026-22:03:29] [I] Average on 10 runs - GPU latency: 0.747925 ms - Host latency: 0.7927 ms (enqueue 0.00969238 ms)
[09/19/2026-22:03:29] [I] Average on 10 runs - GPU latency: 0.747607 ms - Host latency: 0.792407 ms (enqueue 0.0095459 ms)
[09/19/2026-22:03:29] [I] Average on 10 runs - GPU latency: 0.747998 ms - Host latency: 0.79292 ms (enqueue 0.00947266 ms)
[09/19/2026-22:03:29] [I] Average on 10 runs - GPU latency: 0.747949 ms - Host latency: 0.79231 ms (enqueue 0.00966797 ms)
[09/19/2026-22:03:29] [I] Average on 10 runs - GPU latency: 0.7479 ms - Host latency: 0.792578 ms (enqueue 0.00952148 ms)
[09/19/2026-22:03:29] [I] Average on 10 runs - GPU latency: 0.747729 ms - Host latency: 0.791504 ms (enqueue 0.00944824 ms)
[09/19/2026-22:03:29] [I] Average on 10 runs - GPU latency: 0.747046 ms - Host latency: 0.791333 ms (enqueue 0.00947266 ms)
[09/19/2026-22:03:29] [I] Average on 10 runs - GPU latency: 0.7479 ms - Host latency: 0.791528 ms (enqueue 0.00949707 ms)
[09/19/2026-22:03:29] [I] Average on 10 runs - GPU latency: 0.746997 ms - Host latency: 0.791431 ms (enqueue 0.00942383 ms)
[09/19/2026-22:03:29] [I] Average on 10 runs - GPU latency: 0.747729 ms - Host latency: 0.791528 ms (enqueue 0.00957031 ms)
[09/19/2026-22:03:29] [I] Average on 10 runs - GPU latency: 0.747632 ms - Host latency: 0.791724 ms (enqueue 0.00952148 ms)
[09/19/2026-22:03:29] [I] Average on 10 runs - GPU latency: 0.748145 ms - Host latency: 0.79314 ms (enqueue 0.00947266 ms)
[09/19/2026-22:03:29] [I] Average on 10 runs - GPU latency: 0.746948 ms - Host latency: 0.791528 ms (enqueue 0.00864258 ms)
[09/19/2026-22:03:29] [I] Average on 10 runs - GPU latency: 0.747754 ms - Host latency: 0.791724 ms (enqueue 0.00854492 ms)
[09/19/2026-22:03:29] [I] Average on 10 runs - GPU latency: 0.749414 ms - Host latency: 0.794824 ms (enqueue 0.00895996 ms)
[09/19/2026-22:03:29] [I] Average on 10 runs - GPU latency: 0.749707 ms - Host latency: 0.798755 ms (enqueue 0.010376 ms)
[09/19/2026-22:03:29] [I] Average on 10 runs - GPU latency: 0.74873 ms - Host latency: 0.794458 ms (enqueue 0.0101074 ms)
[09/19/2026-22:03:29] [I] Average on 10 runs - GPU latency: 0.751318 ms - Host latency: 0.803491 ms (enqueue 0.0111328 ms)
[09/19/2026-22:03:29] [I] Average on 10 runs - GPU latency: 0.749976 ms - Host latency: 0.799121 ms (enqueue 0.010083 ms)
[09/19/2026-22:03:29] [I] Average on 10 runs - GPU latency: 0.749585 ms - Host latency: 0.797632 ms (enqueue 0.0101807 ms)
[09/19/2026-22:03:29] [I] Average on 10 runs - GPU latency: 0.74917 ms - Host latency: 0.79668 ms (enqueue 0.0102295 ms)
[09/19/2026-22:03:29] [I] Average on 10 runs - GPU latency: 0.748926 ms - Host latency: 0.797144 ms (enqueue 0.00991211 ms)
[09/19/2026-22:03:29] [I] Average on 10 runs - GPU latency: 0.748584 ms - Host latency: 0.794507 ms (enqueue 0.00996094 ms)
[09/19/2026-22:03:29] [I] Average on 10 runs - GPU latency: 0.748633 ms - Host latency: 0.795654 ms (enqueue 0.00993652 ms)
[09/19/2026-22:03:29] [I] Average on 10 runs - GPU latency: 0.748853 ms - Host latency: 0.795068 ms (enqueue 0.00966797 ms)
[09/19/2026-22:03:29] [I] Average on 10 runs - GPU latency: 0.748413 ms - Host latency: 0.794995 ms (enqueue 0.0102051 ms)
[09/19/2026-22:03:29] [I] Average on 10 runs - GPU latency: 0.749414 ms - Host latency: 0.795581 ms (enqueue 0.00998535 ms)
[09/19/2026-22:03:29] [I] Average on 10 runs - GPU latency: 0.748071 ms - Host latency: 0.792822 ms (enqueue 0.0100098 ms)
[09/19/2026-22:03:29] [I] Average on 10 runs - GPU latency: 0.747925 ms - Host latency: 0.794214 ms (enqueue 0.00983887 ms)
[09/19/2026-22:03:29] [I] Average on 10 runs - GPU latency: 0.748682 ms - Host latency: 0.79668 ms (enqueue 0.0101562 ms)
[09/19/2026-22:03:29] [I] Average on 10 runs - GPU latency: 0.748193 ms - Host latency: 0.79375 ms (enqueue 0.00949707 ms)
[09/19/2026-22:03:29] [I] Average on 10 runs - GPU latency: 0.748364 ms - Host latency: 0.795776 ms (enqueue 0.010083 ms)
[09/19/2026-22:03:29] [I] Average on 10 runs - GPU latency: 0.749292 ms - Host latency: 0.795337 ms (enqueue 0.00991211 ms)
[09/19/2026-22:03:29] [I] Average on 10 runs - GPU latency: 0.750049 ms - Host latency: 0.798682 ms (enqueue 0.010083 ms)
[09/19/2026-22:03:29] [I] Average on 10 runs - GPU latency: 0.749683 ms - Host latency: 0.797022 ms (enqueue 0.0102783 ms)
[09/19/2026-22:03:29] [I] Average on 10 runs - GPU latency: 0.748779 ms - Host latency: 0.794727 ms (enqueue 0.00983887 ms)
[09/19/2026-22:03:29] [I] Average on 10 runs - GPU latency: 0.749341 ms - Host latency: 0.795483 ms (enqueue 0.00974121 ms)
[09/19/2026-22:03:29] [I] Average on 10 runs - GPU latency: 0.748364 ms - Host latency: 0.794971 ms (enqueue 0.0113281 ms)
[09/19/2026-22:03:29] [I] Average on 10 runs - GPU latency: 1.02974 ms - Host latency: 1.08071 ms (enqueue 0.0111816 ms)
[09/19/2026-22:03:29] [I] Average on 10 runs - GPU latency: 0.750073 ms - Host latency: 0.799341 ms (enqueue 0.0103027 ms)
[09/19/2026-22:03:29] [I] Average on 10 runs - GPU latency: 0.785986 ms - Host latency: 0.83396 ms (enqueue 0.00927734 ms)
[09/19/2026-22:03:29] [I] Average on 10 runs - GPU latency: 0.748828 ms - Host latency: 0.795532 ms (enqueue 0.010083 ms)
[09/19/2026-22:03:29] [I] Average on 10 runs - GPU latency: 0.749683 ms - Host latency: 0.797388 ms (enqueue 0.00979004 ms)
[09/19/2026-22:03:29] [I] Average on 10 runs - GPU latency: 0.749146 ms - Host latency: 0.797729 ms (enqueue 0.0100586 ms)
[09/19/2026-22:03:29] [I] Average on 10 runs - GPU latency: 0.748877 ms - Host latency: 0.796289 ms (enqueue 0.00986328 ms)
[09/19/2026-22:03:29] [I] Average on 10 runs - GPU latency: 0.748828 ms - Host latency: 0.796558 ms (enqueue 0.00983887 ms)
[09/19/2026-22:03:29] [I] Average on 10 runs - GPU latency: 0.748975 ms - Host latency: 0.795972 ms (enqueue 0.0115234 ms)
[09/19/2026-22:03:29] [I] Average on 10 runs - GPU latency: 0.747607 ms - Host latency: 0.793115 ms (enqueue 0.00964355 ms)
[09/19/2026-22:03:29] [I] Average on 10 runs - GPU latency: 0.748975 ms - Host latency: 0.795654 ms (enqueue 0.00969238 ms)
[09/19/2026-22:03:29] [I] Average on 10 runs - GPU latency: 0.747559 ms - Host latency: 0.792969 ms (enqueue 0.00957031 ms)
[09/19/2026-22:03:29] [I] Average on 10 runs - GPU latency: 0.748828 ms - Host latency: 0.794141 ms (enqueue 0.00935059 ms)
[09/19/2026-22:03:29] [I] Average on 10 runs - GPU latency: 0.748364 ms - Host latency: 0.794531 ms (enqueue 0.00961914 ms)
[09/19/2026-22:03:29] [I] Average on 10 runs - GPU latency: 0.747998 ms - Host latency: 0.792651 ms (enqueue 0.00949707 ms)
[09/19/2026-22:03:29] [I] Average on 10 runs - GPU latency: 0.748022 ms - Host latency: 0.793652 ms (enqueue 0.00935059 ms)
[09/19/2026-22:03:29] [I] Average on 10 runs - GPU latency: 0.747119 ms - Host latency: 0.791455 ms (enqueue 0.00942383 ms)
[09/19/2026-22:03:29] [I] Average on 10 runs - GPU latency: 0.747559 ms - Host latency: 0.791919 ms (enqueue 0.0095459 ms)
[09/19/2026-22:03:29] [I] Average on 10 runs - GPU latency: 0.747632 ms - Host latency: 0.79126 ms (enqueue 0.00949707 ms)
[09/19/2026-22:03:29] [I] Average on 10 runs - GPU latency: 0.747607 ms - Host latency: 0.791382 ms (enqueue 0.00969238 ms)
[09/19/2026-22:03:29] [I] Average on 10 runs - GPU latency: 0.748926 ms - Host latency: 0.793701 ms (enqueue 0.009375 ms)
[09/19/2026-22:03:29] [I] Average on 10 runs - GPU latency: 0.747363 ms - Host latency: 0.792236 ms (enqueue 0.0095459 ms)
[09/19/2026-22:03:29] [I] ... Omitting 35818 lines
[09/19/2026-22:03:29] [I] Average on 10 runs - GPU latency: 0.748828 ms - Host latency: 0.793555 ms (enqueue 0.00800781 ms)
[09/19/2026-22:03:29] [I] Average on 10 runs - GPU latency: 0.748633 ms - Host latency: 0.792773 ms (enqueue 0.00820312 ms)
[09/19/2026-22:03:29] [I] Average on 10 runs - GPU latency: 0.748633 ms - Host latency: 0.79375 ms (enqueue 0.00820312 ms)
[09/19/2026-22:03:29] [I] Average on 10 runs - GPU latency: 0.749023 ms - Host latency: 0.794336 ms (enqueue 0.00820312 ms)
[09/19/2026-22:03:29] [I] Average on 10 runs - GPU latency: 0.748438 ms - Host latency: 0.794141 ms (enqueue 0.00917969 ms)
[09/19/2026-22:03:29] [I] Average on 10 runs - GPU latency: 0.748438 ms - Host latency: 0.793555 ms (enqueue 0.00839844 ms)
[09/19/2026-22:03:29] [I] Average on 10 runs - GPU latency: 0.748047 ms - Host latency: 0.792969 ms (enqueue 0.00878906 ms)
[09/19/2026-22:03:29] [I] Average on 10 runs - GPU latency: 0.749023 ms - Host latency: 0.793945 ms (enqueue 0.00898437 ms)
[09/19/2026-22:03:29] [I] Average on 10 runs - GPU latency: 0.749805 ms - Host latency: 0.795508 ms (enqueue 0.00957031 ms)
[09/19/2026-22:03:29] [I] Average on 10 runs - GPU latency: 0.748047 ms - Host latency: 0.794727 ms (enqueue 0.0103516 ms)
[09/19/2026-22:03:29] [I] Average on 10 runs - GPU latency: 0.749219 ms - Host latency: 0.795508 ms (enqueue 0.00976562 ms)
[09/19/2026-22:03:29] [I] Average on 10 runs - GPU latency: 0.749219 ms - Host latency: 0.796289 ms (enqueue 0.0103516 ms)
[09/19/2026-22:03:29] [I] Average on 10 runs - GPU latency: 0.748633 ms - Host latency: 0.794336 ms (enqueue 0.00859375 ms)
[09/19/2026-22:03:29] [I] Average on 10 runs - GPU latency: 0.748828 ms - Host latency: 0.795508 ms (enqueue 0.00917969 ms)
[09/19/2026-22:03:29] [I] Average on 10 runs - GPU latency: 0.749219 ms - Host latency: 0.796094 ms (enqueue 0.009375 ms)
[09/19/2026-22:03:29] [I] Average on 10 runs - GPU latency: 0.748242 ms - Host latency: 0.794531 ms (enqueue 0.00917969 ms)
[09/19/2026-22:03:29] [I] Average on 10 runs - GPU latency: 0.749414 ms - Host latency: 0.796484 ms (enqueue 0.009375 ms)
[09/19/2026-22:03:29] [I] Average on 10 runs - GPU latency: 0.749609 ms - Host latency: 0.795898 ms (enqueue 0.00976562 ms)
[09/19/2026-22:03:29] [I] Average on 10 runs - GPU latency: 0.748438 ms - Host latency: 0.794727 ms (enqueue 0.00957031 ms)
[09/19/2026-22:03:29] [I] Average on 10 runs - GPU latency: 0.749414 ms - Host latency: 0.796484 ms (enqueue 0.00898437 ms)
[09/19/2026-22:03:29] [I] Average on 10 runs - GPU latency: 0.749023 ms - Host latency: 0.795703 ms (enqueue 0.00917969 ms)
[09/19/2026-22:03:29] [I] Average on 10 runs - GPU latency: 0.75 ms - Host latency: 0.796484 ms (enqueue 0.00917969 ms)
[09/19/2026-22:03:29] [I] Average on 10 runs - GPU latency: 0.749219 ms - Host latency: 0.796289 ms (enqueue 0.00957031 ms)
[09/19/2026-22:03:29] [I] Average on 10 runs - GPU latency: 0.750391 ms - Host latency: 0.797266 ms (enqueue 0.009375 ms)
[09/19/2026-22:03:29] [I] Average on 10 runs - GPU latency: 0.749414 ms - Host latency: 0.796289 ms (enqueue 0.00917969 ms)
[09/19/2026-22:03:29] [I] Average on 10 runs - GPU latency: 0.747852 ms - Host latency: 0.79375 ms (enqueue 0.00976562 ms)
[09/19/2026-22:03:29] [I] Average on 10 runs - GPU latency: 0.749414 ms - Host latency: 0.796484 ms (enqueue 0.00957031 ms)
[09/19/2026-22:03:29] [I] Average on 10 runs - GPU latency: 0.749219 ms - Host latency: 0.795508 ms (enqueue 0.00859375 ms)
[09/19/2026-22:03:29] [I] Average on 10 runs - GPU latency: 0.748633 ms - Host latency: 0.794922 ms (enqueue 0.00859375 ms)
[09/19/2026-22:03:29] [I] Average on 10 runs - GPU latency: 0.749023 ms - Host latency: 0.795508 ms (enqueue 0.00976562 ms)
[09/19/2026-22:03:29] [I] Average on 10 runs - GPU latency: 0.748242 ms - Host latency: 0.794922 ms (enqueue 0.00917969 ms)
[09/19/2026-22:03:29] [I] Average on 10 runs - GPU latency: 0.748828 ms - Host latency: 0.794727 ms (enqueue 0.00957031 ms)
[09/19/2026-22:03:29] [I] Average on 10 runs - GPU latency: 0.749414 ms - Host latency: 0.795703 ms (enqueue 0.00957031 ms)
[09/19/2026-22:03:29] [I] Average on 10 runs - GPU latency: 0.749414 ms - Host latency: 0.795703 ms (enqueue 0.00898437 ms)
[09/19/2026-22:03:29] [I] Average on 10 runs - GPU latency: 0.748242 ms - Host latency: 0.794141 ms (enqueue 0.00917969 ms)
[09/19/2026-22:03:29] [I] Average on 10 runs - GPU latency: 0.749219 ms - Host latency: 0.796484 ms (enqueue 0.00976562 ms)
[09/19/2026-22:03:29] [I] Average on 10 runs - GPU latency: 0.748828 ms - Host latency: 0.794922 ms (enqueue 0.00917969 ms)
[09/19/2026-22:03:29] [I] Average on 10 runs - GPU latency: 0.749609 ms - Host latency: 0.796289 ms (enqueue 0.00957031 ms)
[09/19/2026-22:03:29] [I] Average on 10 runs - GPU latency: 0.749023 ms - Host latency: 0.795117 ms (enqueue 0.00976562 ms)
[09/19/2026-22:03:29] [I] Average on 10 runs - GPU latency: 0.749414 ms - Host latency: 0.796289 ms (enqueue 0.00859375 ms)
[09/19/2026-22:03:29] [I] Average on 10 runs - GPU latency: 0.749219 ms - Host latency: 0.796094 ms (enqueue 0.00976562 ms)
[09/19/2026-22:03:29] [I] Average on 10 runs - GPU latency: 0.749219 ms - Host latency: 0.796094 ms (enqueue 0.0103516 ms)
[09/19/2026-22:03:29] [I] Average on 10 runs - GPU latency: 0.748242 ms - Host latency: 0.794336 ms (enqueue 0.0103516 ms)
[09/19/2026-22:03:29] [I] Average on 10 runs - GPU latency: 0.749219 ms - Host latency: 0.794141 ms (enqueue 0.00859375 ms)
[09/19/2026-22:03:29] [I] Average on 10 runs - GPU latency: 0.748828 ms - Host latency: 0.795313 ms (enqueue 0.00957031 ms)
[09/19/2026-22:03:29] [I] Average on 10 runs - GPU latency: 0.749219 ms - Host latency: 0.794727 ms (enqueue 0.00957031 ms)
[09/19/2026-22:03:29] [I] Average on 10 runs - GPU latency: 0.748828 ms - Host latency: 0.794922 ms (enqueue 0.00859375 ms)
[09/19/2026-22:03:29] [I] Average on 10 runs - GPU latency: 0.748633 ms - Host latency: 0.79668 ms (enqueue 0.00996094 ms)
[09/19/2026-22:03:29] [I] Average on 10 runs - GPU latency: 0.748633 ms - Host latency: 0.794336 ms (enqueue 0.00957031 ms)
[09/19/2026-22:03:29] [I] Average on 10 runs - GPU latency: 0.748438 ms - Host latency: 0.795313 ms (enqueue 0.009375 ms)
[09/19/2026-22:03:29] [I] Average on 10 runs - GPU latency: 0.749414 ms - Host latency: 0.796875 ms (enqueue 0.00957031 ms)
[09/19/2026-22:03:29] [I] Average on 10 runs - GPU latency: 0.748438 ms - Host latency: 0.794141 ms (enqueue 0.00820312 ms)
[09/19/2026-22:03:29] [I] Average on 10 runs - GPU latency: 0.748438 ms - Host latency: 0.794531 ms (enqueue 0.00976562 ms)
[09/19/2026-22:03:29] [I] Average on 10 runs - GPU latency: 0.748828 ms - Host latency: 0.794336 ms (enqueue 0.00898437 ms)
[09/19/2026-22:03:29] [I] Average on 10 runs - GPU latency: 0.749609 ms - Host latency: 0.796094 ms (enqueue 0.00976562 ms)
[09/19/2026-22:03:29] [I] Average on 10 runs - GPU latency: 0.749805 ms - Host latency: 0.79707 ms (enqueue 0.009375 ms)
[09/19/2026-22:03:29] [I] Average on 10 runs - GPU latency: 0.749609 ms - Host latency: 0.796289 ms (enqueue 0.00957031 ms)
[09/19/2026-22:03:29] [I] Average on 10 runs - GPU latency: 0.749805 ms - Host latency: 0.796094 ms (enqueue 0.00957031 ms)
[09/19/2026-22:03:29] [I] Average on 10 runs - GPU latency: 0.748633 ms - Host latency: 0.791797 ms (enqueue 0.00820312 ms)
[09/19/2026-22:03:29] [I] Average on 10 runs - GPU latency: 0.748438 ms - Host latency: 0.792578 ms (enqueue 0.00800781 ms)
[09/19/2026-22:03:29] [I] Average on 10 runs - GPU latency: 0.747266 ms - Host latency: 0.790625 ms (enqueue 0.00722656 ms)
[09/19/2026-22:03:29] [I] Average on 10 runs - GPU latency: 0.747656 ms - Host latency: 0.791602 ms (enqueue 0.00761719 ms)
[09/19/2026-22:03:29] [I] Average on 10 runs - GPU latency: 0.747266 ms - Host latency: 0.791602 ms (enqueue 0.00742187 ms)
[09/19/2026-22:03:29] [I] Average on 10 runs - GPU latency: 0.748633 ms - Host latency: 0.794336 ms (enqueue 0.00878906 ms)
[09/19/2026-22:03:29] [I] Average on 10 runs - GPU latency: 0.749609 ms - Host latency: 0.796094 ms (enqueue 0.00878906 ms)
[09/19/2026-22:03:29] [I] Average on 10 runs - GPU latency: 0.748242 ms - Host latency: 0.794336 ms (enqueue 0.00859375 ms)
[09/19/2026-22:03:29] [I] Average on 10 runs - GPU latency: 0.748438 ms - Host latency: 0.794336 ms (enqueue 0.00820312 ms)
[09/19/2026-22:03:29] [I] Average on 10 runs - GPU latency: 0.748633 ms - Host latency: 0.795117 ms (enqueue 0.00898437 ms)
[09/19/2026-22:03:29] [I] Average on 10 runs - GPU latency: 0.750977 ms - Host latency: 0.798828 ms (enqueue 0.00957031 ms)
[09/19/2026-22:03:29] [I] Average on 10 runs - GPU latency: 0.75 ms - Host latency: 0.79707 ms (enqueue 0.00957031 ms)
[09/19/2026-22:03:29] [I] Average on 10 runs - GPU latency: 0.75 ms - Host latency: 0.797266 ms (enqueue 0.009375 ms)
[09/19/2026-22:03:29] [I] Average on 10 runs - GPU latency: 0.750977 ms - Host latency: 0.799805 ms (enqueue 0.009375 ms)
[09/19/2026-22:03:29] [I] Average on 10 runs - GPU latency: 0.75 ms - Host latency: 0.79668 ms (enqueue 0.00976562 ms)
[09/19/2026-22:03:29] [I] Average on 10 runs - GPU latency: 0.750586 ms - Host latency: 0.798633 ms (enqueue 0.00976562 ms)
[09/19/2026-22:03:29] [I] Average on 10 runs - GPU latency: 0.751172 ms - Host latency: 0.799219 ms (enqueue 0.00957031 ms)
[09/19/2026-22:03:29] [I] Average on 10 runs - GPU latency: 0.749609 ms - Host latency: 0.796875 ms (enqueue 0.00878906 ms)
[09/19/2026-22:03:29] [I] Average on 10 runs - GPU latency: 0.749414 ms - Host latency: 0.795313 ms (enqueue 0.0107422 ms)
[09/19/2026-22:03:29] [I] Average on 10 runs - GPU latency: 0.749414 ms - Host latency: 0.79668 ms (enqueue 0.00859375 ms)
[09/19/2026-22:03:29] [I] Average on 10 runs - GPU latency: 0.750195 ms - Host latency: 0.798242 ms (enqueue 0.009375 ms)
[09/19/2026-22:03:29] [I] Average on 10 runs - GPU latency: 0.749609 ms - Host latency: 0.79668 ms (enqueue 0.009375 ms)
[09/19/2026-22:03:29] [I] Average on 10 runs - GPU latency: 0.749023 ms - Host latency: 0.796875 ms (enqueue 0.00976562 ms)
[09/19/2026-22:03:29] [I] Average on 10 runs - GPU latency: 0.75 ms - Host latency: 0.79668 ms (enqueue 0.00898437 ms)
[09/19/2026-22:03:29] [I] Average on 10 runs - GPU latency: 0.748828 ms - Host latency: 0.794531 ms (enqueue 0.00957031 ms)
[09/19/2026-22:03:29] [I] Average on 10 runs - GPU latency: 0.749414 ms - Host latency: 0.795313 ms (enqueue 0.00917969 ms)
[09/19/2026-22:03:29] [I] Average on 10 runs - GPU latency: 0.749219 ms - Host latency: 0.794922 ms (enqueue 0.00917969 ms)
[09/19/2026-22:03:29] [I] Average on 10 runs - GPU latency: 0.749023 ms - Host latency: 0.796094 ms (enqueue 0.00878906 ms)
[09/19/2026-22:03:29] [I] Average on 10 runs - GPU latency: 0.748438 ms - Host latency: 0.794922 ms (enqueue 0.009375 ms)
[09/19/2026-22:03:29] [I] Average on 10 runs - GPU latency: 0.75 ms - Host latency: 0.797656 ms (enqueue 0.00957031 ms)
[09/19/2026-22:03:29] [I] Average on 10 runs - GPU latency: 0.749805 ms - Host latency: 0.796289 ms (enqueue 0.009375 ms)
[09/19/2026-22:03:29] [I] Average on 10 runs - GPU latency: 0.748438 ms - Host latency: 0.794727 ms (enqueue 0.00898437 ms)
[09/19/2026-22:03:29] [I] Average on 10 runs - GPU latency: 0.748438 ms - Host latency: 0.794922 ms (enqueue 0.00957031 ms)
[09/19/2026-22:03:29] [I] Average on 10 runs - GPU latency: 0.749023 ms - Host latency: 0.795117 ms (enqueue 0.00839844 ms)
[09/19/2026-22:03:29] [I] Average on 10 runs - GPU latency: 0.748438 ms - Host latency: 0.793359 ms (enqueue 0.00820312 ms)
[09/19/2026-22:03:29] [I] Average on 10 runs - GPU latency: 0.748828 ms - Host latency: 0.794922 ms (enqueue 0.00859375 ms)
[09/19/2026-22:03:29] [I] Average on 10 runs - GPU latency: 0.748438 ms - Host latency: 0.794531 ms (enqueue 0.00917969 ms)
[09/19/2026-22:03:29] [I] Average on 10 runs - GPU latency: 0.749609 ms - Host latency: 0.794531 ms (enqueue 0.00800781 ms)
[09/19/2026-22:03:29] [I] Average on 10 runs - GPU latency: 0.748047 ms - Host latency: 0.792969 ms (enqueue 0.00800781 ms)
[09/19/2026-22:03:29] [I] Average on 10 runs - GPU latency: 0.748633 ms - Host latency: 0.793945 ms (enqueue 0.00898437 ms)
[09/19/2026-22:03:29] [I] Average on 10 runs - GPU latency: 0.749023 ms - Host latency: 0.794727 ms (enqueue 0.0078125 ms)
[09/19/2026-22:03:29] [I] Average on 10 runs - GPU latency: 0.749219 ms - Host latency: 0.793945 ms (enqueue 0.00820312 ms)
[09/19/2026-22:03:29] [I] Average on 10 runs - GPU latency: 0.748047 ms - Host latency: 0.79375 ms (enqueue 0.00800781 ms)
[09/19/2026-22:03:29] [I] Average on 10 runs - GPU latency: 0.749609 ms - Host latency: 0.795508 ms (enqueue 0.00820312 ms)
[09/19/2026-22:03:29] [I] Average on 10 runs - GPU latency: 0.748047 ms - Host latency: 0.793164 ms (enqueue 0.00800781 ms)
[09/19/2026-22:03:29] [I] Average on 10 runs - GPU latency: 0.748438 ms - Host latency: 0.79375 ms (enqueue 0.00878906 ms)
[09/19/2026-22:03:29] [I] Average on 10 runs - GPU latency: 0.748047 ms - Host latency: 0.794336 ms (enqueue 0.00839844 ms)
[09/19/2026-22:03:29] [I] Average on 10 runs - GPU latency: 0.748828 ms - Host latency: 0.794336 ms (enqueue 0.00878906 ms)
[09/19/2026-22:03:29] [I] Average on 10 runs - GPU latency: 0.749414 ms - Host latency: 0.793945 ms (enqueue 0.0078125 ms)
[09/19/2026-22:03:29] [I] Average on 10 runs - GPU latency: 0.748438 ms - Host latency: 0.793359 ms (enqueue 0.00878906 ms)
[09/19/2026-22:03:29] [I] Average on 10 runs - GPU latency: 0.749219 ms - Host latency: 0.795313 ms (enqueue 0.00859375 ms)
[09/19/2026-22:03:29] [I] Average on 10 runs - GPU latency: 0.748828 ms - Host latency: 0.794336 ms (enqueue 0.00820312 ms)
[09/19/2026-22:03:29] [I] Average on 10 runs - GPU latency: 0.749023 ms - Host latency: 0.793359 ms (enqueue 0.00898437 ms)
[09/19/2026-22:03:29] [I] Average on 10 runs - GPU latency: 0.748047 ms - Host latency: 0.794336 ms (enqueue 0.00839844 ms)
[09/19/2026-22:03:29] [I] Average on 10 runs - GPU latency: 0.748828 ms - Host latency: 0.794922 ms (enqueue 0.0078125 ms)
[09/19/2026-22:03:29] [I] Average on 10 runs - GPU latency: 0.748438 ms - Host latency: 0.794141 ms (enqueue 0.00820312 ms)
[09/19/2026-22:03:29] [I] Average on 10 runs - GPU latency: 0.748242 ms - Host latency: 0.793164 ms (enqueue 0.00839844 ms)
[09/19/2026-22:03:29] [I] Average on 10 runs - GPU latency: 0.748438 ms - Host latency: 0.79375 ms (enqueue 0.00859375 ms)
[09/19/2026-22:03:29] [I] Average on 10 runs - GPU latency: 0.748828 ms - Host latency: 0.794141 ms (enqueue 0.00878906 ms)
[09/19/2026-22:03:29] [I] Average on 10 runs - GPU latency: 0.749023 ms - Host latency: 0.795117 ms (enqueue 0.00839844 ms)
[09/19/2026-22:03:29] [I] Average on 10 runs - GPU latency: 0.748633 ms - Host latency: 0.79375 ms (enqueue 0.00800781 ms)
[09/19/2026-22:03:29] [I] Average on 10 runs - GPU latency: 0.748047 ms - Host latency: 0.794141 ms (enqueue 0.00800781 ms)
[09/19/2026-22:03:29] [I] Average on 10 runs - GPU latency: 0.748438 ms - Host latency: 0.794141 ms (enqueue 0.00917969 ms)
[09/19/2026-22:03:29] [I] Average on 10 runs - GPU latency: 0.747266 ms - Host latency: 0.791992 ms (enqueue 0.00898437 ms)
[09/19/2026-22:03:29] [I] Average on 10 runs - GPU latency: 0.749414 ms - Host latency: 0.794531 ms (enqueue 0.00878906 ms)
[09/19/2026-22:03:29] [I] Average on 10 runs - GPU latency: 0.749023 ms - Host latency: 0.793945 ms (enqueue 0.00800781 ms)
[09/19/2026-22:03:29] [I] Average on 10 runs - GPU latency: 0.748828 ms - Host latency: 0.794922 ms (enqueue 0.00878906 ms)
[09/19/2026-22:03:29] [I] Average on 10 runs - GPU latency: 0.748438 ms - Host latency: 0.793945 ms (enqueue 0.00839844 ms)
[09/19/2026-22:03:29] [I] Average on 10 runs - GPU latency: 0.748633 ms - Host latency: 0.795313 ms (enqueue 0.00839844 ms)
[09/19/2026-22:03:29] [I] Average on 10 runs - GPU latency: 0.748438 ms - Host latency: 0.79375 ms (enqueue 0.00839844 ms)
[09/19/2026-22:03:29] [I] Average on 10 runs - GPU latency: 0.748828 ms - Host latency: 0.793359 ms (enqueue 0.00800781 ms)
[09/19/2026-22:03:29] [I] Average on 10 runs - GPU latency: 0.749219 ms - Host latency: 0.794922 ms (enqueue 0.00878906 ms)
[09/19/2026-22:03:29] [I] Average on 10 runs - GPU latency: 0.749023 ms - Host latency: 0.794727 ms (enqueue 0.00800781 ms)
[09/19/2026-22:03:29] [I] Average on 10 runs - GPU latency: 0.748438 ms - Host latency: 0.794922 ms (enqueue 0.00839844 ms)
[09/19/2026-22:03:29] [I] Average on 10 runs - GPU latency: 0.74707 ms - Host latency: 0.791016 ms (enqueue 0.0078125 ms)
[09/19/2026-22:03:29] [I] Average on 10 runs - GPU latency: 0.749609 ms - Host latency: 0.794531 ms (enqueue 0.00839844 ms)
[09/19/2026-22:03:29] [I] Average on 10 runs - GPU latency: 0.748047 ms - Host latency: 0.791016 ms (enqueue 0.00800781 ms)
[09/19/2026-22:03:29] [I] Average on 10 runs - GPU latency: 0.748633 ms - Host latency: 0.793164 ms (enqueue 0.0078125 ms)
[09/19/2026-22:03:29] [I] Average on 10 runs - GPU latency: 0.748438 ms - Host latency: 0.792578 ms (enqueue 0.0078125 ms)
[09/19/2026-22:03:29] [I] Average on 10 runs - GPU latency: 0.748633 ms - Host latency: 0.794141 ms (enqueue 0.00839844 ms)
[09/19/2026-22:03:29] [I] Average on 10 runs - GPU latency: 0.747656 ms - Host latency: 0.791797 ms (enqueue 0.00820312 ms)
[09/19/2026-22:03:29] [I] Average on 10 runs - GPU latency: 0.748242 ms - Host latency: 0.792383 ms (enqueue 0.00820312 ms)
[09/19/2026-22:03:29] [I] Average on 10 runs - GPU latency: 0.747852 ms - Host latency: 0.793359 ms (enqueue 0.00839844 ms)
[09/19/2026-22:03:29] [I] Average on 10 runs - GPU latency: 0.748828 ms - Host latency: 0.792969 ms (enqueue 0.00859375 ms)
[09/19/2026-22:03:29] [I] Average on 10 runs - GPU latency: 0.748047 ms - Host latency: 0.792969 ms (enqueue 0.00820312 ms)
[09/19/2026-22:03:29] [I] Average on 10 runs - GPU latency: 0.748633 ms - Host latency: 0.792578 ms (enqueue 0.00742187 ms)
[09/19/2026-22:03:29] [I] Average on 10 runs - GPU latency: 0.747461 ms - Host latency: 0.79082 ms (enqueue 0.00839844 ms)
[09/19/2026-22:03:29] [I] Average on 10 runs - GPU latency: 0.748828 ms - Host latency: 0.79375 ms (enqueue 0.00800781 ms)
[09/19/2026-22:03:29] [I] Average on 10 runs - GPU latency: 0.748242 ms - Host latency: 0.79375 ms (enqueue 0.00859375 ms)
[09/19/2026-22:03:29] [I] Average on 10 runs - GPU latency: 0.747852 ms - Host latency: 0.791992 ms (enqueue 0.0078125 ms)
[09/19/2026-22:03:29] [I] Average on 10 runs - GPU latency: 0.748828 ms - Host latency: 0.79375 ms (enqueue 0.00839844 ms)
[09/19/2026-22:03:29] [I] Average on 10 runs - GPU latency: 0.748242 ms - Host latency: 0.793164 ms (enqueue 0.00859375 ms)
[09/19/2026-22:03:29] [I] Average on 10 runs - GPU latency: 0.748242 ms - Host latency: 0.793359 ms (enqueue 0.00859375 ms)
[09/19/2026-22:03:29] [I] Average on 10 runs - GPU latency: 0.747656 ms - Host latency: 0.792383 ms (enqueue 0.00800781 ms)
[09/19/2026-22:03:29] [I] Average on 10 runs - GPU latency: 0.747852 ms - Host latency: 0.792578 ms (enqueue 0.00839844 ms)
[09/19/2026-22:03:29] [I] Average on 10 runs - GPU latency: 0.747852 ms - Host latency: 0.792969 ms (enqueue 0.00820312 ms)
[09/19/2026-22:03:29] [I] Average on 10 runs - GPU latency: 0.749023 ms - Host latency: 0.793945 ms (enqueue 0.00800781 ms)
[09/19/2026-22:03:29] [I] Average on 10 runs - GPU latency: 0.747852 ms - Host latency: 0.792383 ms (enqueue 0.0078125 ms)
[09/19/2026-22:03:29] [I] Average on 10 runs - GPU latency: 0.747852 ms - Host latency: 0.792969 ms (enqueue 0.00859375 ms)
[09/19/2026-22:03:29] [I] Average on 10 runs - GPU latency: 0.747461 ms - Host latency: 0.792773 ms (enqueue 0.00800781 ms)
[09/19/2026-22:03:29] [I] Average on 10 runs - GPU latency: 0.748242 ms - Host latency: 0.792188 ms (enqueue 0.0078125 ms)
[09/19/2026-22:03:29] [I] Average on 10 runs - GPU latency: 0.748828 ms - Host latency: 0.792969 ms (enqueue 0.00878906 ms)
[09/19/2026-22:03:29] [I] Average on 10 runs - GPU latency: 0.748047 ms - Host latency: 0.791602 ms (enqueue 0.0078125 ms)
[09/19/2026-22:03:29] [I] Average on 10 runs - GPU latency: 0.748242 ms - Host latency: 0.792188 ms (enqueue 0.00859375 ms)
[09/19/2026-22:03:29] [I] Average on 10 runs - GPU latency: 0.748047 ms - Host latency: 0.791797 ms (enqueue 0.00800781 ms)
[09/19/2026-22:03:29] [I] Average on 10 runs - GPU latency: 0.747461 ms - Host latency: 0.791797 ms (enqueue 0.00820312 ms)
[09/19/2026-22:03:29] [I] Average on 10 runs - GPU latency: 0.748242 ms - Host latency: 0.792578 ms (enqueue 0.00800781 ms)
[09/19/2026-22:03:29] [I] Average on 10 runs - GPU latency: 0.747852 ms - Host latency: 0.792383 ms (enqueue 0.00800781 ms)
[09/19/2026-22:03:29] [I] Average on 10 runs - GPU latency: 0.748242 ms - Host latency: 0.79375 ms (enqueue 0.00878906 ms)
[09/19/2026-22:03:29] [I] Average on 10 runs - GPU latency: 0.747461 ms - Host latency: 0.79043 ms (enqueue 0.0078125 ms)
[09/19/2026-22:03:29] [I] Average on 10 runs - GPU latency: 0.747852 ms - Host latency: 0.792188 ms (enqueue 0.00761719 ms)
[09/19/2026-22:03:29] [I] Average on 10 runs - GPU latency: 0.747852 ms - Host latency: 0.792383 ms (enqueue 0.0078125 ms)
[09/19/2026-22:03:29] [I] Average on 10 runs - GPU latency: 0.748633 ms - Host latency: 0.793359 ms (enqueue 0.00800781 ms)
[09/19/2026-22:03:29] [I] Average on 10 runs - GPU latency: 0.747461 ms - Host latency: 0.791602 ms (enqueue 0.00800781 ms)
[09/19/2026-22:03:29] [I] Average on 10 runs - GPU latency: 0.749219 ms - Host latency: 0.793555 ms (enqueue 0.00800781 ms)
[09/19/2026-22:03:29] [I] Average on 10 runs - GPU latency: 0.747656 ms - Host latency: 0.792773 ms (enqueue 0.00839844 ms)
[09/19/2026-22:03:29] [I] Average on 10 runs - GPU latency: 0.747852 ms - Host latency: 0.792188 ms (enqueue 0.00839844 ms)
[09/19/2026-22:03:29] [I] Average on 10 runs - GPU latency: 0.748047 ms - Host latency: 0.792383 ms (enqueue 0.00761719 ms)
[09/19/2026-22:03:29] [I] Average on 10 runs - GPU latency: 0.748438 ms - Host latency: 0.794336 ms (enqueue 0.00820312 ms)
[09/19/2026-22:03:29] [I] Average on 10 runs - GPU latency: 0.748438 ms - Host latency: 0.793555 ms (enqueue 0.00820312 ms)
[09/19/2026-22:03:29] [I] Average on 10 runs - GPU latency: 0.748242 ms - Host latency: 0.792578 ms (enqueue 0.00839844 ms)
[09/19/2026-22:03:29] [I] Average on 10 runs - GPU latency: 0.748828 ms - Host latency: 0.792578 ms (enqueue 0.00839844 ms)
[09/19/2026-22:03:29] [I] Average on 10 runs - GPU latency: 0.747852 ms - Host latency: 0.791992 ms (enqueue 0.00839844 ms)
[09/19/2026-22:03:29] [I] Average on 10 runs - GPU latency: 0.747852 ms - Host latency: 0.791406 ms (enqueue 0.00820312 ms)
[09/19/2026-22:03:29] [I] Average on 10 runs - GPU latency: 0.748047 ms - Host latency: 0.792969 ms (enqueue 0.0078125 ms)
[09/19/2026-22:03:29] [I] Average on 10 runs - GPU latency: 0.748438 ms - Host latency: 0.792383 ms (enqueue 0.00839844 ms)
[09/19/2026-22:03:29] [I] Average on 10 runs - GPU latency: 0.748438 ms - Host latency: 0.792578 ms (enqueue 0.00859375 ms)
[09/19/2026-22:03:29] [I] Average on 10 runs - GPU latency: 0.749023 ms - Host latency: 0.793555 ms (enqueue 0.00800781 ms)
[09/19/2026-22:03:29] [I] Average on 10 runs - GPU latency: 0.748438 ms - Host latency: 0.792188 ms (enqueue 0.00839844 ms)
[09/19/2026-22:03:29] [I] Average on 10 runs - GPU latency: 0.748242 ms - Host latency: 0.791797 ms (enqueue 0.00800781 ms)
[09/19/2026-22:03:29] [I] Average on 10 runs - GPU latency: 0.750391 ms - Host latency: 0.796875 ms (enqueue 0.00859375 ms)
[09/19/2026-22:03:29] [I] Average on 10 runs - GPU latency: 0.748633 ms - Host latency: 0.794336 ms (enqueue 0.00839844 ms)
[09/19/2026-22:03:29] [I] Average on 10 runs - GPU latency: 0.749023 ms - Host latency: 0.794141 ms (enqueue 0.00742187 ms)
[09/19/2026-22:03:29] [I] Average on 10 runs - GPU latency: 0.748047 ms - Host latency: 0.791406 ms (enqueue 0.00761719 ms)
[09/19/2026-22:03:29] [I] Average on 10 runs - GPU latency: 0.748047 ms - Host latency: 0.791211 ms (enqueue 0.00722656 ms)
[09/19/2026-22:03:29] [I] Average on 10 runs - GPU latency: 0.747461 ms - Host latency: 0.791016 ms (enqueue 0.0078125 ms)
[09/19/2026-22:03:29] [I] Average on 10 runs - GPU latency: 0.747852 ms - Host latency: 0.792383 ms (enqueue 0.00839844 ms)
[09/19/2026-22:03:29] [I] Average on 10 runs - GPU latency: 0.749414 ms - Host latency: 0.795117 ms (enqueue 0.00859375 ms)
[09/19/2026-22:03:29] [I] Average on 10 runs - GPU latency: 0.748633 ms - Host latency: 0.794531 ms (enqueue 0.00878906 ms)
[09/19/2026-22:03:29] [I] Average on 10 runs - GPU latency: 0.748242 ms - Host latency: 0.793945 ms (enqueue 0.0078125 ms)
[09/19/2026-22:03:29] [I] Average on 10 runs - GPU latency: 0.748047 ms - Host latency: 0.793359 ms (enqueue 0.00820312 ms)
[09/19/2026-22:03:29] [I] Average on 10 runs - GPU latency: 0.748633 ms - Host latency: 0.793945 ms (enqueue 0.00800781 ms)
[09/19/2026-22:03:29] [I] 
[09/19/2026-22:03:29] [I] === Performance summary ===
[09/19/2026-22:03:29] [I] Throughput: 1327.2 qps
[09/19/2026-22:03:29] [I] Latency: min = 0.783203 ms, max = 3.79541 ms, mean = 0.798253 ms, median = 0.794922 ms, percentile(90%) = 0.799805 ms, percentile(95%) = 0.801758 ms, percentile(99%) = 0.812256 ms
[09/19/2026-22:03:29] [I] Enqueue Time: min = 0.00585938 ms, max = 0.0332031 ms, mean = 0.00936897 ms, median = 0.00976562 ms, percentile(90%) = 0.0107422 ms, percentile(95%) = 0.0117188 ms, percentile(99%) = 0.0131836 ms
[09/19/2026-22:03:29] [I] H2D Latency: min = 0.0332031 ms, max = 0.137207 ms, mean = 0.0394626 ms, median = 0.0390625 ms, percentile(90%) = 0.0429688 ms, percentile(95%) = 0.0439453 ms, percentile(99%) = 0.0517578 ms
[09/19/2026-22:03:29] [I] GPU Compute Time: min = 0.744141 ms, max = 3.74756 ms, mean = 0.75188 ms, median = 0.749023 ms, percentile(90%) = 0.751221 ms, percentile(95%) = 0.751953 ms, percentile(99%) = 0.753906 ms
[09/19/2026-22:03:29] [I] D2H Latency: min = 0.00195312 ms, max = 0.00976562 ms, mean = 0.00687179 ms, median = 0.00683594 ms, percentile(90%) = 0.0078125 ms, percentile(95%) = 0.00878906 ms, percentile(99%) = 0.00976562 ms
[09/19/2026-22:03:29] [I] Total Host Walltime: 30.0016 s
[09/19/2026-22:03:29] [I] Total GPU Compute Time: 29.9384 s
[09/19/2026-22:03:29] [W] * GPU compute time is unstable, with coefficient of variance = 9.14716%.
[09/19/2026-22:03:29] [W]   If not already in use, locking GPU clock frequency or adding --useSpinWait may improve the stability.
[09/19/2026-22:03:29] [I] Explanations of the performance metrics are printed in the verbose logs.
[09/19/2026-22:03:29] [I] 
&&&& PASSED TensorRT.trtexec [TensorRT v101602] [b10] # trtexec --loadEngine=mobilenetv2_fp16.plan --shapes=input:1x3x224x224 --warmUp=2000 --duration=30 --useCudaGraph --exportTimes=times_fp16_graph.json
