&&&& RUNNING TensorRT.trtexec [TensorRT v101602] [b10] # /usr/src/tensorrt/bin/trtexec --onnx=/home/vdavid21/edge-inference-benchmark-lab/results/peak_gemm/onnx/matmul_2048_fp16.onnx --noDataTransfers --useCudaGraph --useSpinWait --warmUp=2000 --duration=15 --memPoolSize=workspace:1024M --profilingVerbosity=detailed --exportLayerInfo=/home/vdavid21/edge-inference-benchmark-lab/results/peak_gemm/20260926T112839Z_N2048-4096_25W_pinned_a74615cea83b/layers_2048_fp16.json --fp16 --precisionConstraints=obey --layerPrecisions=*:fp16
[09/26/2026-13:29:40] [I] === Model Options ===
[09/26/2026-13:29:40] [I] Format: ONNX
[09/26/2026-13:29:40] [I] Model: /home/vdavid21/edge-inference-benchmark-lab/results/peak_gemm/onnx/matmul_2048_fp16.onnx
[09/26/2026-13:29:40] [I] Output:
[09/26/2026-13:29:40] [I] === Build Options ===
[09/26/2026-13:29:40] [I] Memory Pools: workspace: 1024 MiB, dlaSRAM: default, dlaLocalDRAM: default, dlaGlobalDRAM: default, tacticSharedMem: default
[09/26/2026-13:29:40] [I] avgTiming: 8
[09/26/2026-13:29:40] [I] Precision: FP32+FP16 (obey precision constraints)
[09/26/2026-13:29:40] [I] LayerPrecisions: *:fp16
[09/26/2026-13:29:40] [I] Layer Device Types: 
[09/26/2026-13:29:40] [I] Decomposable Attentions: 
[09/26/2026-13:29:40] [I] Calibration: 
[09/26/2026-13:29:40] [I] Refit: Disabled
[09/26/2026-13:29:40] [I] Strip weights: Disabled
[09/26/2026-13:29:40] [I] Version Compatible: Disabled
[09/26/2026-13:29:40] [I] ONNX Plugin InstanceNorm: Disabled
[09/26/2026-13:29:40] [I] ONNX kENABLE_UINT8_AND_ASYMMETRIC_QUANTIZATION_DLA flag: Disabled
[09/26/2026-13:29:40] [I] ONNX kREPORT_CAPABILITY_DLA flag: Disabled
[09/26/2026-13:29:40] [I] ONNX kADJUST_FOR_DLA flag: Disabled
[09/26/2026-13:29:40] [I] ONNX kENABLE_PLUGIN_OVERRIDE flag: Disabled
[09/26/2026-13:29:40] [I] TensorRT runtime: full
[09/26/2026-13:29:40] [I] Lean DLL Path: 
[09/26/2026-13:29:40] [I] Tempfile Controls: { in_memory: allow, temporary: allow }
[09/26/2026-13:29:40] [I] Exclude Lean Runtime: Disabled
[09/26/2026-13:29:40] [I] Sparsity: Disabled
[09/26/2026-13:29:40] [I] Safe mode: Disabled
[09/26/2026-13:29:40] [I] Build DLA standalone loadable: Disabled
[09/26/2026-13:29:40] [I] Allow GPU fallback for DLA: Disabled
[09/26/2026-13:29:40] [I] DirectIO mode: Disabled
[09/26/2026-13:29:40] [I] Restricted mode: Disabled
[09/26/2026-13:29:40] [I] Skip inference: Disabled
[09/26/2026-13:29:40] [I] Save engine: 
[09/26/2026-13:29:40] [I] Load engine: 
[09/26/2026-13:29:40] [I] Profiling verbosity: 2
[09/26/2026-13:29:40] [I] Tactic sources: Using default tactic sources
[09/26/2026-13:29:40] [I] timingCacheMode: local
[09/26/2026-13:29:40] [I] timingCacheFile: 
[09/26/2026-13:29:40] [I] Enable Compilation Cache: Enabled
[09/26/2026-13:29:40] [I] Enable Monitor Memory: Disabled
[09/26/2026-13:29:40] [I] CPU Only Mode: Disabled
[09/26/2026-13:29:40] [I] errorOnTimingCacheMiss: Disabled
[09/26/2026-13:29:40] [I] Preview Features: Use default preview flags.
[09/26/2026-13:29:40] [I] MaxAuxStreams: -1
[09/26/2026-13:29:40] [I] BuilderOptimizationLevel: -1
[09/26/2026-13:29:40] [I] MaxTactics: -1
[09/26/2026-13:29:40] [I] Calibration Profile Index: 0
[09/26/2026-13:29:40] [I] Weight Streaming: Disabled
[09/26/2026-13:29:40] [I] Runtime Platform: Same As Build
[09/26/2026-13:29:40] [I] Debug Tensors: 
[09/26/2026-13:29:40] [I] Distributive Independence: Disabled
[09/26/2026-13:29:40] [I] Mark Unfused Tensors As Debug Tensors: Disabled
[09/26/2026-13:29:40] [I] Input(s)s format: fp32:CHW
[09/26/2026-13:29:40] [I] Output(s)s format: fp32:CHW
[09/26/2026-13:29:40] [I] Input build shapes: model
[09/26/2026-13:29:40] [I] Input calibration shapes: model
[09/26/2026-13:29:40] [I] === System Options ===
[09/26/2026-13:29:40] [I] Device: 0
[09/26/2026-13:29:40] [I] DLACore: 
[09/26/2026-13:29:40] [I] Loaded static plugins:
[09/26/2026-13:29:40] [I] setPluginsToSerialize:
[09/26/2026-13:29:40] [I] dynamicPlugins:
[09/26/2026-13:29:40] [I] ignoreParsedPluginLibs: 0
[09/26/2026-13:29:40] [I] 
[09/26/2026-13:29:40] [I] === Inference Options ===
[09/26/2026-13:29:40] [I] Batch: Explicit
[09/26/2026-13:29:40] [I] Input inference shapes: model
[09/26/2026-13:29:40] [I] Iterations: 10
[09/26/2026-13:29:40] [I] Duration: 15s (+ 2000ms warm up)
[09/26/2026-13:29:40] [I] Sleep time: 0ms
[09/26/2026-13:29:40] [I] Idle time: 0ms
[09/26/2026-13:29:40] [I] Inference Streams: 1
[09/26/2026-13:29:40] [I] ExposeDMA: Disabled
[09/26/2026-13:29:40] [I] Data transfers: Disabled
[09/26/2026-13:29:40] [I] Spin-wait: Enabled
[09/26/2026-13:29:40] [I] Multithreading: Disabled
[09/26/2026-13:29:40] [I] CUDA Graph: Enabled
[09/26/2026-13:29:40] [I] Separate profiling: Disabled
[09/26/2026-13:29:40] [I] Time Deserialize: Disabled
[09/26/2026-13:29:40] [I] Time Refit: Disabled
[09/26/2026-13:29:40] [I] NVTX verbosity: 2
[09/26/2026-13:29:40] [I] Persistent Cache Ratio: 0
[09/26/2026-13:29:40] [I] Optimization Profile Index: 0
[09/26/2026-13:29:40] [I] Weight Streaming Budget: 100.000000%
[09/26/2026-13:29:40] [I] Inputs:
[09/26/2026-13:29:40] [I] Debug Tensor Save Destinations:
[09/26/2026-13:29:40] [I] Dump All Debug Tensor in Formats: 
[09/26/2026-13:29:40] [I] === Reporting Options ===
[09/26/2026-13:29:40] [I] Verbose: Disabled
[09/26/2026-13:29:40] [I] Averages: 10 inferences
[09/26/2026-13:29:40] [I] Percentiles: 90,95,99
[09/26/2026-13:29:40] [I] Dump refittable layers:Disabled
[09/26/2026-13:29:40] [I] Dump output: Disabled
[09/26/2026-13:29:40] [I] Profile: Disabled
[09/26/2026-13:29:40] [I] Export timing to JSON file: 
[09/26/2026-13:29:40] [I] Export output to JSON file: 
[09/26/2026-13:29:40] [I] Export profile to JSON file: 
[09/26/2026-13:29:40] [I] 
[09/26/2026-13:29:40] [I] === Device Information ===
[09/26/2026-13:29:40] [I] Available Devices: 
[09/26/2026-13:29:40] [I]   Device 0: "Orin" UUID: GPU-5e79c5ba-a005-59b8-a6a3-d87e61f25d8b
[09/26/2026-13:29:40] [I] Selected Device: Orin
[09/26/2026-13:29:40] [I] Selected Device ID: 0
[09/26/2026-13:29:40] [I] Selected Device UUID: GPU-5e79c5ba-a005-59b8-a6a3-d87e61f25d8b
[09/26/2026-13:29:40] [I] Compute Capability: 8.7
[09/26/2026-13:29:40] [I] SMs: 8
[09/26/2026-13:29:40] [I] Device Global Memory: 7485 MiB
[09/26/2026-13:29:40] [I] Shared Memory per SM: 164 KiB
[09/26/2026-13:29:40] [I] Memory Bus Width: 128 bits (ECC disabled)
[09/26/2026-13:29:40] [I] Application Compute Clock Rate: 1.02 GHz
[09/26/2026-13:29:40] [I] Application Memory Clock Rate: 0.918 GHz
[09/26/2026-13:29:40] [I] 
[09/26/2026-13:29:40] [I] Note: The application clock rates do not reflect the actual clock rates that the GPU is currently running at.
[09/26/2026-13:29:40] [I] 
[09/26/2026-13:29:40] [I] TensorRT version: 10.16.2
[09/26/2026-13:29:40] [I] Loading standard plugins
[09/26/2026-13:29:40] [I] [TRT] [MemUsageChange] Init CUDA: CPU +1, GPU +0, now: CPU 24, GPU 4112 (MiB)
[09/26/2026-13:29:41] [I] Start parsing network model.
[09/26/2026-13:29:41] [I] [TRT] ----------------------------------------------------------------
[09/26/2026-13:29:41] [I] [TRT] Input filename:   /home/vdavid21/edge-inference-benchmark-lab/results/peak_gemm/onnx/matmul_2048_fp16.onnx
[09/26/2026-13:29:41] [I] [TRT] ONNX IR version:  0.0.13
[09/26/2026-13:29:41] [I] [TRT] Opset version:    17
[09/26/2026-13:29:41] [I] [TRT] Producer name:    
[09/26/2026-13:29:41] [I] [TRT] Producer version: 
[09/26/2026-13:29:41] [I] [TRT] Domain:           
[09/26/2026-13:29:41] [I] [TRT] Model version:    0
[09/26/2026-13:29:41] [I] [TRT] Doc string:       
[09/26/2026-13:29:41] [I] [TRT] ----------------------------------------------------------------
[09/26/2026-13:29:41] [I] Finished parsing network model. Parse time: 0.00809671
[09/26/2026-13:29:41] [I] Set layer B to precision fp16
[09/26/2026-13:29:41] [I] Set layer node_of_Y to precision fp16
[09/26/2026-13:29:41] [I] [TRT] [MemUsageChange] Init builder kernel library: CPU +200, GPU +196, now: CPU 433, GPU 4524 (MiB)
[09/26/2026-13:29:41] [I] [TRT] Local timing cache in use. Profiling results in this builder pass will not be stored.
[09/26/2026-13:29:41] [I] [TRT] Compiler backend is used during engine build.
[09/26/2026-13:29:47] [I] [TRT] Detected 1 inputs and 1 output network tensors.
[09/26/2026-13:29:47] [I] [TRT] Total Host Persistent Memory: 80 bytes
[09/26/2026-13:29:47] [I] [TRT] Total Device Persistent Memory: 0 bytes
[09/26/2026-13:29:47] [I] [TRT] Max Scratch Memory: 0 bytes
[09/26/2026-13:29:47] [I] [TRT] Total Activation Memory: 0 bytes
[09/26/2026-13:29:47] [I] [TRT] Total Weights Memory: 8388864 bytes
[09/26/2026-13:29:47] [I] [TRT] Compiler backend is used during engine execution.
[09/26/2026-13:29:47] [I] [TRT] Engine generation completed in 5.40035 seconds.
[09/26/2026-13:29:47] [I] [TRT] [MemUsageStats] Peak memory usage of TRT CPU/GPU memory allocators: CPU 0 MiB, GPU 24 MiB
[09/26/2026-13:29:47] [I] Created engine with size: 8.02035 MiB
[09/26/2026-13:29:47] [I] Engine built in 6.21149 sec.
[09/26/2026-13:29:47] [I] [TRT] Loaded engine size: 8 MiB
[09/26/2026-13:29:47] [I] Engine deserialized in 0.00728455 sec.
[09/26/2026-13:29:47] [I] [TRT] [MemUsageChange] TensorRT-managed allocation in IExecutionContext creation: CPU +0, GPU +0, now: CPU 0, GPU 8 (MiB)
[09/26/2026-13:29:47] [I] Setting persistentCacheLimit to 0 bytes.
[09/26/2026-13:29:47] [I] Created execution context with device memory size: 0 MiB
[09/26/2026-13:29:47] [I] Using random values for input A
[09/26/2026-13:29:48] [I] Input binding for A with dimensions 2048x2048 and type fp16 is created.
[09/26/2026-13:29:48] [I] Output binding for Y with dimensions 2048x2048 and type fp16 is created.
[09/26/2026-13:29:48] [I] Starting inference
[09/26/2026-13:29:48] [I] Capturing CUDA graph for the current execution context
[09/26/2026-13:29:48] [I] Successfully captured CUDA graph for the current execution context
[09/26/2026-13:30:05] [I] Warmup completed 1133 queries over 2000 ms
[09/26/2026-13:30:05] [I] Timing trace has 8495 queries over 15.0034 s
[09/26/2026-13:30:05] [I] 
[09/26/2026-13:30:05] [I] === Trace details ===
[09/26/2026-13:30:05] [I] Trace averages of 10 runs:
[09/26/2026-13:30:05] [I] Average on 10 runs - GPU latency: 1.75862 ms - Host latency: 1.75862 ms (enqueue 0.00898437 ms)
[09/26/2026-13:30:05] [I] Average on 10 runs - GPU latency: 1.75942 ms - Host latency: 1.75942 ms (enqueue 0.00832519 ms)
[09/26/2026-13:30:05] [I] Average on 10 runs - GPU latency: 1.75449 ms - Host latency: 1.75449 ms (enqueue 0.0141846 ms)
[09/26/2026-13:30:05] [I] Average on 10 runs - GPU latency: 1.72747 ms - Host latency: 1.72747 ms (enqueue 0.00800781 ms)
[09/26/2026-13:30:05] [I] Average on 10 runs - GPU latency: 1.74912 ms - Host latency: 1.74912 ms (enqueue 0.00742187 ms)
[09/26/2026-13:30:05] [I] Average on 10 runs - GPU latency: 1.73657 ms - Host latency: 1.73657 ms (enqueue 0.00727539 ms)
[09/26/2026-13:30:05] [I] Average on 10 runs - GPU latency: 1.75364 ms - Host latency: 1.75364 ms (enqueue 0.00788574 ms)
[09/26/2026-13:30:05] [I] Average on 10 runs - GPU latency: 1.76006 ms - Host latency: 1.76006 ms (enqueue 0.00849609 ms)
[09/26/2026-13:30:05] [I] Average on 10 runs - GPU latency: 1.7595 ms - Host latency: 1.7595 ms (enqueue 0.00817871 ms)
[09/26/2026-13:30:05] [I] Average on 10 runs - GPU latency: 1.74658 ms - Host latency: 1.74658 ms (enqueue 0.0067627 ms)
[09/26/2026-13:30:05] [I] Average on 10 runs - GPU latency: 1.73875 ms - Host latency: 1.73875 ms (enqueue 0.00927734 ms)
[09/26/2026-13:30:05] [I] Average on 10 runs - GPU latency: 1.75803 ms - Host latency: 1.75803 ms (enqueue 0.0118408 ms)
[09/26/2026-13:30:05] [I] Average on 10 runs - GPU latency: 1.83149 ms - Host latency: 1.83149 ms (enqueue 0.00964355 ms)
[09/26/2026-13:30:05] [I] Average on 10 runs - GPU latency: 1.74739 ms - Host latency: 1.74739 ms (enqueue 0.0119141 ms)
[09/26/2026-13:30:05] [I] Average on 10 runs - GPU latency: 1.7574 ms - Host latency: 1.7574 ms (enqueue 0.00983887 ms)
[09/26/2026-13:30:05] [I] Average on 10 runs - GPU latency: 1.75945 ms - Host latency: 1.75945 ms (enqueue 0.00942383 ms)
[09/26/2026-13:30:05] [I] Average on 10 runs - GPU latency: 1.7531 ms - Host latency: 1.7531 ms (enqueue 0.0081543 ms)
[09/26/2026-13:30:05] [I] Average on 10 runs - GPU latency: 1.73948 ms - Host latency: 1.73948 ms (enqueue 0.0076416 ms)
[09/26/2026-13:30:05] [I] Average on 10 runs - GPU latency: 1.7489 ms - Host latency: 1.7489 ms (enqueue 0.00881348 ms)
[09/26/2026-13:30:05] [I] Average on 10 runs - GPU latency: 1.76116 ms - Host latency: 1.76116 ms (enqueue 0.0090332 ms)
[09/26/2026-13:30:05] [I] Average on 10 runs - GPU latency: 1.75955 ms - Host latency: 1.75955 ms (enqueue 0.00832519 ms)
[09/26/2026-13:30:05] [I] Average on 10 runs - GPU latency: 1.75811 ms - Host latency: 1.75811 ms (enqueue 0.00773926 ms)
[09/26/2026-13:30:05] [I] Average on 10 runs - GPU latency: 1.73987 ms - Host latency: 1.73987 ms (enqueue 0.00769043 ms)
[09/26/2026-13:30:05] [I] Average on 10 runs - GPU latency: 1.83765 ms - Host latency: 1.83765 ms (enqueue 0.0129395 ms)
[09/26/2026-13:30:05] [I] Average on 10 runs - GPU latency: 1.73787 ms - Host latency: 1.73787 ms (enqueue 0.00864258 ms)
[09/26/2026-13:30:05] [I] Average on 10 runs - GPU latency: 1.74397 ms - Host latency: 1.74397 ms (enqueue 0.00844727 ms)
[09/26/2026-13:30:05] [I] Average on 10 runs - GPU latency: 1.75801 ms - Host latency: 1.75801 ms (enqueue 0.00861816 ms)
[09/26/2026-13:30:05] [I] Average on 10 runs - GPU latency: 1.75979 ms - Host latency: 1.75979 ms (enqueue 0.00925293 ms)
[09/26/2026-13:30:05] [I] Average on 10 runs - GPU latency: 1.75488 ms - Host latency: 1.75488 ms (enqueue 0.00761719 ms)
[09/26/2026-13:30:05] [I] Average on 10 runs - GPU latency: 1.73777 ms - Host latency: 1.73777 ms (enqueue 0.00739746 ms)
[09/26/2026-13:30:05] [I] Average on 10 runs - GPU latency: 1.74739 ms - Host latency: 1.74739 ms (enqueue 0.00881348 ms)
[09/26/2026-13:30:05] [I] Average on 10 runs - GPU latency: 1.75957 ms - Host latency: 1.75957 ms (enqueue 0.00949707 ms)
[09/26/2026-13:30:05] [I] Average on 10 runs - GPU latency: 1.75945 ms - Host latency: 1.75945 ms (enqueue 0.00839844 ms)
[09/26/2026-13:30:05] [I] Average on 10 runs - GPU latency: 1.75537 ms - Host latency: 1.75537 ms (enqueue 0.00722656 ms)
[09/26/2026-13:30:05] [I] Average on 10 runs - GPU latency: 1.73735 ms - Host latency: 1.73735 ms (enqueue 0.00700684 ms)
[09/26/2026-13:30:05] [I] Average on 10 runs - GPU latency: 1.74702 ms - Host latency: 1.74702 ms (enqueue 0.00932617 ms)
[09/26/2026-13:30:05] [I] Average on 10 runs - GPU latency: 1.76123 ms - Host latency: 1.76123 ms (enqueue 0.00820312 ms)
[09/26/2026-13:30:05] [I] Average on 10 runs - GPU latency: 1.76057 ms - Host latency: 1.76057 ms (enqueue 0.00849609 ms)
[09/26/2026-13:30:05] [I] Average on 10 runs - GPU latency: 1.75586 ms - Host latency: 1.75586 ms (enqueue 0.00717773 ms)
[09/26/2026-13:30:05] [I] Average on 10 runs - GPU latency: 1.73855 ms - Host latency: 1.73855 ms (enqueue 0.00786133 ms)
[09/26/2026-13:30:05] [I] Average on 10 runs - GPU latency: 1.74758 ms - Host latency: 1.74758 ms (enqueue 0.00791016 ms)
[09/26/2026-13:30:05] [I] Average on 10 runs - GPU latency: 1.76008 ms - Host latency: 1.76008 ms (enqueue 0.00825195 ms)
[09/26/2026-13:30:05] [I] Average on 10 runs - GPU latency: 1.75989 ms - Host latency: 1.75989 ms (enqueue 0.00825195 ms)
[09/26/2026-13:30:05] [I] Average on 10 runs - GPU latency: 1.75696 ms - Host latency: 1.75696 ms (enqueue 0.00703125 ms)
[09/26/2026-13:30:05] [I] Average on 10 runs - GPU latency: 1.73481 ms - Host latency: 1.73481 ms (enqueue 0.00698242 ms)
[09/26/2026-13:30:05] [I] Average on 10 runs - GPU latency: 1.74871 ms - Host latency: 1.74871 ms (enqueue 0.00842285 ms)
[09/26/2026-13:30:05] [I] Average on 10 runs - GPU latency: 1.75906 ms - Host latency: 1.75906 ms (enqueue 0.0079834 ms)
[09/26/2026-13:30:05] [I] Average on 10 runs - GPU latency: 1.75969 ms - Host latency: 1.75969 ms (enqueue 0.00915527 ms)
[09/26/2026-13:30:05] [I] Average on 10 runs - GPU latency: 1.75247 ms - Host latency: 1.75247 ms (enqueue 0.00964355 ms)
[09/26/2026-13:30:05] [I] Average on 10 runs - GPU latency: 1.73704 ms - Host latency: 1.73704 ms (enqueue 0.00761719 ms)
[09/26/2026-13:30:05] [I] Average on 10 runs - GPU latency: 1.74961 ms - Host latency: 1.74961 ms (enqueue 0.00817871 ms)
[09/26/2026-13:30:05] [I] Average on 10 runs - GPU latency: 1.75933 ms - Host latency: 1.75933 ms (enqueue 0.00964355 ms)
[09/26/2026-13:30:05] [I] Average on 10 runs - GPU latency: 1.76096 ms - Host latency: 1.76096 ms (enqueue 0.00822754 ms)
[09/26/2026-13:30:05] [I] Average on 10 runs - GPU latency: 1.75334 ms - Host latency: 1.75334 ms (enqueue 0.00739746 ms)
[09/26/2026-13:30:05] [I] Average on 10 runs - GPU latency: 1.7366 ms - Host latency: 1.7366 ms (enqueue 0.0079834 ms)
[09/26/2026-13:30:05] [I] Average on 10 runs - GPU latency: 1.75281 ms - Host latency: 1.75281 ms (enqueue 0.00793457 ms)
[09/26/2026-13:30:05] [I] Average on 10 runs - GPU latency: 1.7615 ms - Host latency: 1.7615 ms (enqueue 0.00766602 ms)
[09/26/2026-13:30:05] [I] Average on 10 runs - GPU latency: 1.75981 ms - Host latency: 1.75981 ms (enqueue 0.00847168 ms)
[09/26/2026-13:30:05] [I] Average on 10 runs - GPU latency: 1.75312 ms - Host latency: 1.75312 ms (enqueue 0.00698242 ms)
[09/26/2026-13:30:05] [I] Average on 10 runs - GPU latency: 1.73904 ms - Host latency: 1.73904 ms (enqueue 0.00732422 ms)
[09/26/2026-13:30:05] [I] Average on 10 runs - GPU latency: 1.75103 ms - Host latency: 1.75103 ms (enqueue 0.00993652 ms)
[09/26/2026-13:30:05] [I] Average on 10 runs - GPU latency: 1.75859 ms - Host latency: 1.75859 ms (enqueue 0.00812988 ms)
[09/26/2026-13:30:05] [I] Average on 10 runs - GPU latency: 1.76057 ms - Host latency: 1.76057 ms (enqueue 0.0078125 ms)
[09/26/2026-13:30:05] [I] Average on 10 runs - GPU latency: 1.75527 ms - Host latency: 1.75527 ms (enqueue 0.00705566 ms)
[09/26/2026-13:30:05] [I] Average on 10 runs - GPU latency: 1.73855 ms - Host latency: 1.73855 ms (enqueue 0.00732422 ms)
[09/26/2026-13:30:05] [I] Average on 10 runs - GPU latency: 1.74883 ms - Host latency: 1.74883 ms (enqueue 0.0081543 ms)
[09/26/2026-13:30:05] [I] Average on 10 runs - GPU latency: 1.7605 ms - Host latency: 1.7605 ms (enqueue 0.00786133 ms)
[09/26/2026-13:30:05] [I] Average on 10 runs - GPU latency: 1.76016 ms - Host latency: 1.76016 ms (enqueue 0.0079834 ms)
[09/26/2026-13:30:05] [I] Average on 10 runs - GPU latency: 1.75752 ms - Host latency: 1.75752 ms (enqueue 0.00769043 ms)
[09/26/2026-13:30:05] [I] Average on 10 runs - GPU latency: 1.8241 ms - Host latency: 1.8241 ms (enqueue 0.00964355 ms)
[09/26/2026-13:30:05] [I] Average on 10 runs - GPU latency: 1.76111 ms - Host latency: 1.76111 ms (enqueue 0.00893555 ms)
[09/26/2026-13:30:05] [I] Average on 10 runs - GPU latency: 1.74446 ms - Host latency: 1.74446 ms (enqueue 0.00708008 ms)
[09/26/2026-13:30:05] [I] Average on 10 runs - GPU latency: 1.73823 ms - Host latency: 1.73823 ms (enqueue 0.00961914 ms)
[09/26/2026-13:30:05] [I] Average on 10 runs - GPU latency: 1.76021 ms - Host latency: 1.76021 ms (enqueue 0.00820312 ms)
[09/26/2026-13:30:05] [I] Average on 10 runs - GPU latency: 1.76155 ms - Host latency: 1.76155 ms (enqueue 0.00805664 ms)
[09/26/2026-13:30:05] [I] Average on 10 runs - GPU latency: 1.76089 ms - Host latency: 1.76089 ms (enqueue 0.00783691 ms)
[09/26/2026-13:30:05] [I] Average on 10 runs - GPU latency: 1.74868 ms - Host latency: 1.74868 ms (enqueue 0.00678711 ms)
[09/26/2026-13:30:05] [I] Average on 10 runs - GPU latency: 1.73796 ms - Host latency: 1.73796 ms (enqueue 0.00761719 ms)
[09/26/2026-13:30:05] [I] Average on 10 runs - GPU latency: 1.75562 ms - Host latency: 1.75562 ms (enqueue 0.00788574 ms)
[09/26/2026-13:30:05] [I] Average on 10 runs - GPU latency: 1.75972 ms - Host latency: 1.75972 ms (enqueue 0.0079834 ms)
[09/26/2026-13:30:05] [I] Average on 10 runs - GPU latency: 1.79866 ms - Host latency: 1.79866 ms (enqueue 0.00776367 ms)
[09/26/2026-13:30:05] [I] Average on 10 runs - GPU latency: 1.78245 ms - Host latency: 1.78245 ms (enqueue 0.00986328 ms)
[09/26/2026-13:30:05] [I] Average on 10 runs - GPU latency: 1.75859 ms - Host latency: 1.75859 ms (enqueue 0.00822754 ms)
[09/26/2026-13:30:05] [I] Average on 10 runs - GPU latency: 1.75828 ms - Host latency: 1.75828 ms (enqueue 0.00827637 ms)
[09/26/2026-13:30:05] [I] Average on 10 runs - GPU latency: 1.73848 ms - Host latency: 1.73848 ms (enqueue 0.00925293 ms)
[09/26/2026-13:30:05] [I] Average on 10 runs - GPU latency: 1.7458 ms - Host latency: 1.7458 ms (enqueue 0.00810547 ms)
[09/26/2026-13:30:05] [I] Average on 10 runs - GPU latency: 1.76125 ms - Host latency: 1.76125 ms (enqueue 0.00852051 ms)
[09/26/2026-13:30:05] [I] Average on 10 runs - GPU latency: 1.76079 ms - Host latency: 1.76079 ms (enqueue 0.00776367 ms)
[09/26/2026-13:30:05] [I] Average on 10 runs - GPU latency: 1.75872 ms - Host latency: 1.75872 ms (enqueue 0.00778809 ms)
[09/26/2026-13:30:05] [I] Average on 10 runs - GPU latency: 1.73799 ms - Host latency: 1.73799 ms (enqueue 0.00688477 ms)
[09/26/2026-13:30:05] [I] Average on 10 runs - GPU latency: 1.74329 ms - Host latency: 1.74329 ms (enqueue 0.00776367 ms)
[09/26/2026-13:30:05] [I] Average on 10 runs - GPU latency: 1.76001 ms - Host latency: 1.76001 ms (enqueue 0.00866699 ms)
[09/26/2026-13:30:05] [I] Average on 10 runs - GPU latency: 1.7603 ms - Host latency: 1.7603 ms (enqueue 0.00812988 ms)
[09/26/2026-13:30:05] [I] Average on 10 runs - GPU latency: 1.75837 ms - Host latency: 1.75837 ms (enqueue 0.00812988 ms)
[09/26/2026-13:30:05] [I] Average on 10 runs - GPU latency: 1.73813 ms - Host latency: 1.73813 ms (enqueue 0.00681152 ms)
[09/26/2026-13:30:05] [I] Average on 10 runs - GPU latency: 1.74334 ms - Host latency: 1.74334 ms (enqueue 0.00808105 ms)
[09/26/2026-13:30:05] [I] Average on 10 runs - GPU latency: 1.75908 ms - Host latency: 1.75908 ms (enqueue 0.00964355 ms)
[09/26/2026-13:30:05] [I] Average on 10 runs - GPU latency: 1.75781 ms - Host latency: 1.75781 ms (enqueue 0.00864258 ms)
[09/26/2026-13:30:05] [I] Average on 10 runs - GPU latency: 1.75422 ms - Host latency: 1.75422 ms (enqueue 0.00732422 ms)
[09/26/2026-13:30:05] [I] Average on 10 runs - GPU latency: 1.7385 ms - Host latency: 1.7385 ms (enqueue 0.00693359 ms)
[09/26/2026-13:30:05] [I] Average on 10 runs - GPU latency: 1.74983 ms - Host latency: 1.74983 ms (enqueue 0.00788574 ms)
[09/26/2026-13:30:05] [I] Average on 10 runs - GPU latency: 1.7606 ms - Host latency: 1.7606 ms (enqueue 0.00881348 ms)
[09/26/2026-13:30:05] [I] Average on 10 runs - GPU latency: 1.75801 ms - Host latency: 1.75801 ms (enqueue 0.00822754 ms)
[09/26/2026-13:30:05] [I] Average on 10 runs - GPU latency: 1.74954 ms - Host latency: 1.74954 ms (enqueue 0.00673828 ms)
[09/26/2026-13:30:05] [I] Average on 10 runs - GPU latency: 1.73796 ms - Host latency: 1.73796 ms (enqueue 0.00754395 ms)
[09/26/2026-13:30:05] [I] Average on 10 runs - GPU latency: 1.75295 ms - Host latency: 1.75295 ms (enqueue 0.0081543 ms)
[09/26/2026-13:30:05] [I] Average on 10 runs - GPU latency: 1.75952 ms - Host latency: 1.75952 ms (enqueue 0.00825195 ms)
[09/26/2026-13:30:05] [I] Average on 10 runs - GPU latency: 1.75925 ms - Host latency: 1.75925 ms (enqueue 0.00773926 ms)
[09/26/2026-13:30:05] [I] Average on 10 runs - GPU latency: 1.75046 ms - Host latency: 1.75046 ms (enqueue 0.00722656 ms)
[09/26/2026-13:30:05] [I] Average on 10 runs - GPU latency: 1.73513 ms - Host latency: 1.73513 ms (enqueue 0.00837402 ms)
[09/26/2026-13:30:05] [I] Average on 10 runs - GPU latency: 1.75232 ms - Host latency: 1.75232 ms (enqueue 0.0078125 ms)
[09/26/2026-13:30:05] [I] Average on 10 runs - GPU latency: 1.75972 ms - Host latency: 1.75972 ms (enqueue 0.0079834 ms)
[09/26/2026-13:30:05] [I] Average on 10 runs - GPU latency: 1.75784 ms - Host latency: 1.75784 ms (enqueue 0.00856934 ms)
[09/26/2026-13:30:05] [I] Average on 10 runs - GPU latency: 1.74429 ms - Host latency: 1.74429 ms (enqueue 0.00686035 ms)
[09/26/2026-13:30:05] [I] Average on 10 runs - GPU latency: 1.73799 ms - Host latency: 1.73799 ms (enqueue 0.00769043 ms)
[09/26/2026-13:30:05] [I] Average on 10 runs - GPU latency: 1.75867 ms - Host latency: 1.75867 ms (enqueue 0.00795898 ms)
[09/26/2026-13:30:05] [I] Average on 10 runs - GPU latency: 1.75833 ms - Host latency: 1.75833 ms (enqueue 0.00786133 ms)
[09/26/2026-13:30:05] [I] Average on 10 runs - GPU latency: 1.75837 ms - Host latency: 1.75837 ms (enqueue 0.00793457 ms)
[09/26/2026-13:30:05] [I] Average on 10 runs - GPU latency: 1.74343 ms - Host latency: 1.74343 ms (enqueue 0.00715332 ms)
[09/26/2026-13:30:05] [I] Average on 10 runs - GPU latency: 1.73796 ms - Host latency: 1.73796 ms (enqueue 0.00734863 ms)
[09/26/2026-13:30:05] [I] Average on 10 runs - GPU latency: 1.75884 ms - Host latency: 1.75884 ms (enqueue 0.00825195 ms)
[09/26/2026-13:30:05] [I] Average on 10 runs - GPU latency: 1.75845 ms - Host latency: 1.75845 ms (enqueue 0.00976562 ms)
[09/26/2026-13:30:05] [I] Average on 10 runs - GPU latency: 1.76055 ms - Host latency: 1.76055 ms (enqueue 0.00766602 ms)
[09/26/2026-13:30:05] [I] Average on 10 runs - GPU latency: 1.74111 ms - Host latency: 1.74111 ms (enqueue 0.00673828 ms)
[09/26/2026-13:30:05] [I] Average on 10 runs - GPU latency: 1.7397 ms - Host latency: 1.7397 ms (enqueue 0.00893555 ms)
[09/26/2026-13:30:05] [I] Average on 10 runs - GPU latency: 1.75937 ms - Host latency: 1.75937 ms (enqueue 0.00800781 ms)
[09/26/2026-13:30:05] [I] Average on 10 runs - GPU latency: 1.75708 ms - Host latency: 1.75708 ms (enqueue 0.00825195 ms)
[09/26/2026-13:30:05] [I] Average on 10 runs - GPU latency: 1.78579 ms - Host latency: 1.78579 ms (enqueue 0.00844727 ms)
[09/26/2026-13:30:05] [I] Average on 10 runs - GPU latency: 1.7561 ms - Host latency: 1.7561 ms (enqueue 0.00742187 ms)
[09/26/2026-13:30:05] [I] Average on 10 runs - GPU latency: 1.73872 ms - Host latency: 1.73872 ms (enqueue 0.00698242 ms)
[09/26/2026-13:30:05] [I] Average on 10 runs - GPU latency: 1.74663 ms - Host latency: 1.74663 ms (enqueue 0.00874023 ms)
[09/26/2026-13:30:05] [I] Average on 10 runs - GPU latency: 1.75903 ms - Host latency: 1.75903 ms (enqueue 0.0081543 ms)
[09/26/2026-13:30:05] [I] Average on 10 runs - GPU latency: 1.75811 ms - Host latency: 1.75811 ms (enqueue 0.00820312 ms)
[09/26/2026-13:30:05] [I] Average on 10 runs - GPU latency: 1.75464 ms - Host latency: 1.75464 ms (enqueue 0.00888672 ms)
[09/26/2026-13:30:05] [I] Average on 10 runs - GPU latency: 1.73677 ms - Host latency: 1.73677 ms (enqueue 0.00776367 ms)
[09/26/2026-13:30:05] [I] Average on 10 runs - GPU latency: 1.74971 ms - Host latency: 1.74971 ms (enqueue 0.00883789 ms)
[09/26/2026-13:30:05] [I] Average on 10 runs - GPU latency: 1.7604 ms - Host latency: 1.7604 ms (enqueue 0.00761719 ms)
[09/26/2026-13:30:05] [I] Average on 10 runs - GPU latency: 1.7606 ms - Host latency: 1.7606 ms (enqueue 0.00800781 ms)
[09/26/2026-13:30:05] [I] Average on 10 runs - GPU latency: 1.81973 ms - Host latency: 1.81973 ms (enqueue 0.00825195 ms)
[09/26/2026-13:30:05] [I] Average on 10 runs - GPU latency: 1.72144 ms - Host latency: 1.72144 ms (enqueue 0.00810547 ms)
[09/26/2026-13:30:05] [I] Average on 10 runs - GPU latency: 1.75981 ms - Host latency: 1.75981 ms (enqueue 0.00849609 ms)
[09/26/2026-13:30:05] [I] Average on 10 runs - GPU latency: 1.75854 ms - Host latency: 1.75854 ms (enqueue 0.00795898 ms)
[09/26/2026-13:30:05] [I] Average on 10 runs - GPU latency: 1.75532 ms - Host latency: 1.75532 ms (enqueue 0.00703125 ms)
[09/26/2026-13:30:05] [I] Average on 10 runs - GPU latency: 1.73643 ms - Host latency: 1.73643 ms (enqueue 0.00698242 ms)
[09/26/2026-13:30:05] [I] Average on 10 runs - GPU latency: 1.74683 ms - Host latency: 1.74683 ms (enqueue 0.00810547 ms)
[09/26/2026-13:30:05] [I] Average on 10 runs - GPU latency: 1.76118 ms - Host latency: 1.76118 ms (enqueue 0.00898437 ms)
[09/26/2026-13:30:05] [I] Average on 10 runs - GPU latency: 1.75854 ms - Host latency: 1.75854 ms (enqueue 0.00952148 ms)
[09/26/2026-13:30:05] [I] Average on 10 runs - GPU latency: 1.75278 ms - Host latency: 1.75278 ms (enqueue 0.00703125 ms)
[09/26/2026-13:30:05] [I] Average on 10 runs - GPU latency: 1.73857 ms - Host latency: 1.73857 ms (enqueue 0.00766602 ms)
[09/26/2026-13:30:05] [I] Average on 10 runs - GPU latency: 1.75005 ms - Host latency: 1.75005 ms (enqueue 0.0081543 ms)
[09/26/2026-13:30:05] [I] Average on 10 runs - GPU latency: 1.76016 ms - Host latency: 1.76016 ms (enqueue 0.00820312 ms)
[09/26/2026-13:30:05] [I] Average on 10 runs - GPU latency: 1.7605 ms - Host latency: 1.7605 ms (enqueue 0.00810547 ms)
[09/26/2026-13:30:05] [I] Average on 10 runs - GPU latency: 1.75371 ms - Host latency: 1.75371 ms (enqueue 0.00664063 ms)
[09/26/2026-13:30:05] [I] Average on 10 runs - GPU latency: 1.73809 ms - Host latency: 1.73809 ms (enqueue 0.00766602 ms)
[09/26/2026-13:30:05] [I] Average on 10 runs - GPU latency: 1.75063 ms - Host latency: 1.75063 ms (enqueue 0.00844727 ms)
[09/26/2026-13:30:05] [I] Average on 10 runs - GPU latency: 1.75864 ms - Host latency: 1.75864 ms (enqueue 0.00878906 ms)
[09/26/2026-13:30:05] [I] Average on 10 runs - GPU latency: 1.75967 ms - Host latency: 1.75967 ms (enqueue 0.00800781 ms)
[09/26/2026-13:30:05] [I] Average on 10 runs - GPU latency: 1.75186 ms - Host latency: 1.75186 ms (enqueue 0.00776367 ms)
[09/26/2026-13:30:05] [I] Average on 10 runs - GPU latency: 1.73491 ms - Host latency: 1.73491 ms (enqueue 0.00981445 ms)
[09/26/2026-13:30:05] [I] Average on 10 runs - GPU latency: 1.75259 ms - Host latency: 1.75259 ms (enqueue 0.00810547 ms)
[09/26/2026-13:30:05] [I] Average on 10 runs - GPU latency: 1.7583 ms - Host latency: 1.7583 ms (enqueue 0.00825195 ms)
[09/26/2026-13:30:05] [I] Average on 10 runs - GPU latency: 1.75947 ms - Host latency: 1.75947 ms (enqueue 0.00791016 ms)
[09/26/2026-13:30:05] [I] Average on 10 runs - GPU latency: 1.74688 ms - Host latency: 1.74688 ms (enqueue 0.0065918 ms)
[09/26/2026-13:30:05] [I] Average on 10 runs - GPU latency: 1.73745 ms - Host latency: 1.73745 ms (enqueue 0.00737305 ms)
[09/26/2026-13:30:05] [I] Average on 10 runs - GPU latency: 1.75635 ms - Host latency: 1.75635 ms (enqueue 0.0081543 ms)
[09/26/2026-13:30:05] [I] Average on 10 runs - GPU latency: 1.75864 ms - Host latency: 1.75864 ms (enqueue 0.00844727 ms)
[09/26/2026-13:30:05] [I] Average on 10 runs - GPU latency: 1.76021 ms - Host latency: 1.76021 ms (enqueue 0.00844727 ms)
[09/26/2026-13:30:05] [I] Average on 10 runs - GPU latency: 1.74536 ms - Host latency: 1.74536 ms (enqueue 0.00678711 ms)
[09/26/2026-13:30:05] [I] Average on 10 runs - GPU latency: 1.73765 ms - Host latency: 1.73765 ms (enqueue 0.00761719 ms)
[09/26/2026-13:30:05] [I] Average on 10 runs - GPU latency: 1.75781 ms - Host latency: 1.75781 ms (enqueue 0.00874023 ms)
[09/26/2026-13:30:05] [I] Average on 10 runs - GPU latency: 1.75908 ms - Host latency: 1.75908 ms (enqueue 0.011084 ms)
[09/26/2026-13:30:05] [I] Average on 10 runs - GPU latency: 1.75845 ms - Host latency: 1.75845 ms (enqueue 0.00893555 ms)
[09/26/2026-13:30:05] [I] Average on 10 runs - GPU latency: 1.73809 ms - Host latency: 1.73809 ms (enqueue 0.00708008 ms)
[09/26/2026-13:30:05] [I] Average on 10 runs - GPU latency: 1.74102 ms - Host latency: 1.74102 ms (enqueue 0.00771484 ms)
[09/26/2026-13:30:05] [I] Average on 10 runs - GPU latency: 1.76001 ms - Host latency: 1.76001 ms (enqueue 0.00810547 ms)
[09/26/2026-13:30:05] [I] Average on 10 runs - GPU latency: 1.75825 ms - Host latency: 1.75825 ms (enqueue 0.00830078 ms)
[09/26/2026-13:30:05] [I] Average on 10 runs - GPU latency: 1.75903 ms - Host latency: 1.75903 ms (enqueue 0.00756836 ms)
[09/26/2026-13:30:05] [I] Average on 10 runs - GPU latency: 1.73472 ms - Host latency: 1.73472 ms (enqueue 0.0074707 ms)
[09/26/2026-13:30:05] [I] Average on 10 runs - GPU latency: 1.74653 ms - Host latency: 1.74653 ms (enqueue 0.00864258 ms)
[09/26/2026-13:30:05] [I] Average on 10 runs - GPU latency: 1.75942 ms - Host latency: 1.75942 ms (enqueue 0.00888672 ms)
[09/26/2026-13:30:05] [I] Average on 10 runs - GPU latency: 1.75825 ms - Host latency: 1.75825 ms (enqueue 0.00830078 ms)
[09/26/2026-13:30:05] [I] Average on 10 runs - GPU latency: 1.7582 ms - Host latency: 1.7582 ms (enqueue 0.00795898 ms)
[09/26/2026-13:30:05] [I] Average on 10 runs - GPU latency: 1.74043 ms - Host latency: 1.74043 ms (enqueue 0.00908203 ms)
[09/26/2026-13:30:05] [I] Average on 10 runs - GPU latency: 1.74595 ms - Host latency: 1.74595 ms (enqueue 0.00834961 ms)
[09/26/2026-13:30:05] [I] Average on 10 runs - GPU latency: 1.84844 ms - Host latency: 1.84844 ms (enqueue 0.013623 ms)
[09/26/2026-13:30:05] [I] Average on 10 runs - GPU latency: 1.73936 ms - Host latency: 1.73936 ms (enqueue 0.0090332 ms)
[09/26/2026-13:30:05] [I] Average on 10 runs - GPU latency: 1.75537 ms - Host latency: 1.75537 ms (enqueue 0.0105957 ms)
[09/26/2026-13:30:05] [I] Average on 10 runs - GPU latency: 1.76108 ms - Host latency: 1.76108 ms (enqueue 0.00927734 ms)
[09/26/2026-13:30:05] [I] Average on 10 runs - GPU latency: 1.76035 ms - Host latency: 1.76035 ms (enqueue 0.0104492 ms)
[09/26/2026-13:30:05] [I] Average on 10 runs - GPU latency: 1.75391 ms - Host latency: 1.75391 ms (enqueue 0.0081543 ms)
[09/26/2026-13:30:05] [I] Average on 10 runs - GPU latency: 1.73755 ms - Host latency: 1.73755 ms (enqueue 0.00805664 ms)
[09/26/2026-13:30:05] [I] Average on 10 runs - GPU latency: 1.75332 ms - Host latency: 1.75332 ms (enqueue 0.00844727 ms)
[09/26/2026-13:30:05] [I] Average on 10 runs - GPU latency: 1.76123 ms - Host latency: 1.76123 ms (enqueue 0.00825195 ms)
[09/26/2026-13:30:05] [I] Average on 10 runs - GPU latency: 1.76152 ms - Host latency: 1.76152 ms (enqueue 0.00864258 ms)
[09/26/2026-13:30:05] [I] Average on 10 runs - GPU latency: 1.75708 ms - Host latency: 1.75708 ms (enqueue 0.00961914 ms)
[09/26/2026-13:30:05] [I] Average on 10 runs - GPU latency: 1.82656 ms - Host latency: 1.82656 ms (enqueue 0.00830078 ms)
[09/26/2026-13:30:05] [I] Average on 10 runs - GPU latency: 1.72148 ms - Host latency: 1.72148 ms (enqueue 0.0104492 ms)
[09/26/2026-13:30:05] [I] Average on 10 runs - GPU latency: 1.76152 ms - Host latency: 1.76152 ms (enqueue 0.00839844 ms)
[09/26/2026-13:30:05] [I] Average on 10 runs - GPU latency: 1.75972 ms - Host latency: 1.75972 ms (enqueue 0.00776367 ms)
[09/26/2026-13:30:05] [I] Average on 10 runs - GPU latency: 1.7418 ms - Host latency: 1.7418 ms (enqueue 0.00756836 ms)
[09/26/2026-13:30:05] [I] ... Omitting 4495 lines
[09/26/2026-13:30:05] [I] Average on 10 runs - GPU latency: 1.7292 ms - Host latency: 1.7292 ms (enqueue 0.00771484 ms)
[09/26/2026-13:30:05] [I] Average on 10 runs - GPU latency: 1.84229 ms - Host latency: 1.84229 ms (enqueue 0.0104492 ms)
[09/26/2026-13:30:05] [I] Average on 10 runs - GPU latency: 1.73242 ms - Host latency: 1.73242 ms (enqueue 0.00732422 ms)
[09/26/2026-13:30:05] [I] Average on 10 runs - GPU latency: 1.73916 ms - Host latency: 1.73916 ms (enqueue 0.00761719 ms)
[09/26/2026-13:30:05] [I] Average on 10 runs - GPU latency: 1.7543 ms - Host latency: 1.7543 ms (enqueue 0.00898437 ms)
[09/26/2026-13:30:05] [I] Average on 10 runs - GPU latency: 1.75498 ms - Host latency: 1.75498 ms (enqueue 0.00839844 ms)
[09/26/2026-13:30:05] [I] Average on 10 runs - GPU latency: 1.73447 ms - Host latency: 1.73447 ms (enqueue 0.00693359 ms)
[09/26/2026-13:30:05] [I] Average on 10 runs - GPU latency: 1.73535 ms - Host latency: 1.73535 ms (enqueue 0.00771484 ms)
[09/26/2026-13:30:05] [I] Average on 10 runs - GPU latency: 1.75547 ms - Host latency: 1.75547 ms (enqueue 0.00849609 ms)
[09/26/2026-13:30:05] [I] Average on 10 runs - GPU latency: 1.75537 ms - Host latency: 1.75537 ms (enqueue 0.0078125 ms)
[09/26/2026-13:30:05] [I] Average on 10 runs - GPU latency: 1.7418 ms - Host latency: 1.7418 ms (enqueue 0.00712891 ms)
[09/26/2026-13:30:05] [I] Average on 10 runs - GPU latency: 1.73281 ms - Host latency: 1.73281 ms (enqueue 0.00800781 ms)
[09/26/2026-13:30:05] [I] Average on 10 runs - GPU latency: 1.75518 ms - Host latency: 1.75518 ms (enqueue 0.00791016 ms)
[09/26/2026-13:30:05] [I] Average on 10 runs - GPU latency: 1.75674 ms - Host latency: 1.75674 ms (enqueue 0.00810547 ms)
[09/26/2026-13:30:05] [I] Average on 10 runs - GPU latency: 1.74297 ms - Host latency: 1.74297 ms (enqueue 0.00742187 ms)
[09/26/2026-13:30:05] [I] Average on 10 runs - GPU latency: 1.72998 ms - Host latency: 1.72998 ms (enqueue 0.00722656 ms)
[09/26/2026-13:30:05] [I] Average on 10 runs - GPU latency: 1.75254 ms - Host latency: 1.75254 ms (enqueue 0.00878906 ms)
[09/26/2026-13:30:05] [I] Average on 10 runs - GPU latency: 1.75439 ms - Host latency: 1.75439 ms (enqueue 0.0100586 ms)
[09/26/2026-13:30:05] [I] Average on 10 runs - GPU latency: 1.74951 ms - Host latency: 1.74951 ms (enqueue 0.00722656 ms)
[09/26/2026-13:30:05] [I] Average on 10 runs - GPU latency: 1.73184 ms - Host latency: 1.73184 ms (enqueue 0.00654297 ms)
[09/26/2026-13:30:05] [I] Average on 10 runs - GPU latency: 1.74844 ms - Host latency: 1.74844 ms (enqueue 0.00820312 ms)
[09/26/2026-13:30:05] [I] Average on 10 runs - GPU latency: 1.75391 ms - Host latency: 1.75391 ms (enqueue 0.00820312 ms)
[09/26/2026-13:30:05] [I] Average on 10 runs - GPU latency: 1.75508 ms - Host latency: 1.75508 ms (enqueue 0.00771484 ms)
[09/26/2026-13:30:05] [I] Average on 10 runs - GPU latency: 1.72979 ms - Host latency: 1.72979 ms (enqueue 0.00722656 ms)
[09/26/2026-13:30:05] [I] Average on 10 runs - GPU latency: 1.74229 ms - Host latency: 1.74229 ms (enqueue 0.00839844 ms)
[09/26/2026-13:30:05] [I] Average on 10 runs - GPU latency: 1.75693 ms - Host latency: 1.75693 ms (enqueue 0.00810547 ms)
[09/26/2026-13:30:05] [I] Average on 10 runs - GPU latency: 1.75537 ms - Host latency: 1.75537 ms (enqueue 0.00771484 ms)
[09/26/2026-13:30:05] [I] Average on 10 runs - GPU latency: 1.73457 ms - Host latency: 1.73457 ms (enqueue 0.00722656 ms)
[09/26/2026-13:30:05] [I] Average on 10 runs - GPU latency: 1.73701 ms - Host latency: 1.73701 ms (enqueue 0.00859375 ms)
[09/26/2026-13:30:05] [I] Average on 10 runs - GPU latency: 1.75449 ms - Host latency: 1.75449 ms (enqueue 0.0113281 ms)
[09/26/2026-13:30:05] [I] Average on 10 runs - GPU latency: 1.75479 ms - Host latency: 1.75479 ms (enqueue 0.00849609 ms)
[09/26/2026-13:30:05] [I] Average on 10 runs - GPU latency: 1.73799 ms - Host latency: 1.73799 ms (enqueue 0.00615234 ms)
[09/26/2026-13:30:05] [I] Average on 10 runs - GPU latency: 1.73232 ms - Host latency: 1.73232 ms (enqueue 0.00751953 ms)
[09/26/2026-13:30:05] [I] Average on 10 runs - GPU latency: 1.75537 ms - Host latency: 1.75537 ms (enqueue 0.00820312 ms)
[09/26/2026-13:30:05] [I] Average on 10 runs - GPU latency: 1.75469 ms - Host latency: 1.75469 ms (enqueue 0.00820312 ms)
[09/26/2026-13:30:05] [I] Average on 10 runs - GPU latency: 1.73965 ms - Host latency: 1.73965 ms (enqueue 0.00693359 ms)
[09/26/2026-13:30:05] [I] Average on 10 runs - GPU latency: 1.73262 ms - Host latency: 1.73262 ms (enqueue 0.00751953 ms)
[09/26/2026-13:30:05] [I] Average on 10 runs - GPU latency: 1.75566 ms - Host latency: 1.75566 ms (enqueue 0.00820312 ms)
[09/26/2026-13:30:05] [I] Average on 10 runs - GPU latency: 1.75469 ms - Host latency: 1.75469 ms (enqueue 0.00810547 ms)
[09/26/2026-13:30:05] [I] Average on 10 runs - GPU latency: 1.74619 ms - Host latency: 1.74619 ms (enqueue 0.00703125 ms)
[09/26/2026-13:30:05] [I] Average on 10 runs - GPU latency: 1.73008 ms - Host latency: 1.73008 ms (enqueue 0.00771484 ms)
[09/26/2026-13:30:05] [I] Average on 10 runs - GPU latency: 1.75371 ms - Host latency: 1.75371 ms (enqueue 0.00976562 ms)
[09/26/2026-13:30:05] [I] Average on 10 runs - GPU latency: 1.7541 ms - Host latency: 1.7541 ms (enqueue 0.00830078 ms)
[09/26/2026-13:30:05] [I] Average on 10 runs - GPU latency: 1.75166 ms - Host latency: 1.75166 ms (enqueue 0.00742187 ms)
[09/26/2026-13:30:05] [I] Average on 10 runs - GPU latency: 1.72891 ms - Host latency: 1.72891 ms (enqueue 0.00693359 ms)
[09/26/2026-13:30:05] [I] Average on 10 runs - GPU latency: 1.74727 ms - Host latency: 1.74727 ms (enqueue 0.00751953 ms)
[09/26/2026-13:30:05] [I] Average on 10 runs - GPU latency: 1.75645 ms - Host latency: 1.75645 ms (enqueue 0.00771484 ms)
[09/26/2026-13:30:05] [I] Average on 10 runs - GPU latency: 1.82334 ms - Host latency: 1.82334 ms (enqueue 0.0118164 ms)
[09/26/2026-13:30:05] [I] Average on 10 runs - GPU latency: 1.75332 ms - Host latency: 1.75332 ms (enqueue 0.00869141 ms)
[09/26/2026-13:30:05] [I] Average on 10 runs - GPU latency: 1.75566 ms - Host latency: 1.75566 ms (enqueue 0.00830078 ms)
[09/26/2026-13:30:05] [I] Average on 10 runs - GPU latency: 1.73486 ms - Host latency: 1.73486 ms (enqueue 0.00683594 ms)
[09/26/2026-13:30:05] [I] Average on 10 runs - GPU latency: 1.73516 ms - Host latency: 1.73516 ms (enqueue 0.00791016 ms)
[09/26/2026-13:30:05] [I] Average on 10 runs - GPU latency: 1.75469 ms - Host latency: 1.75469 ms (enqueue 0.00830078 ms)
[09/26/2026-13:30:05] [I] Average on 10 runs - GPU latency: 1.75449 ms - Host latency: 1.75449 ms (enqueue 0.0112305 ms)
[09/26/2026-13:30:05] [I] Average on 10 runs - GPU latency: 1.73848 ms - Host latency: 1.73848 ms (enqueue 0.00722656 ms)
[09/26/2026-13:30:05] [I] Average on 10 runs - GPU latency: 1.73516 ms - Host latency: 1.73516 ms (enqueue 0.00771484 ms)
[09/26/2026-13:30:05] [I] Average on 10 runs - GPU latency: 1.75703 ms - Host latency: 1.75703 ms (enqueue 0.00849609 ms)
[09/26/2026-13:30:05] [I] Average on 10 runs - GPU latency: 1.75635 ms - Host latency: 1.75635 ms (enqueue 0.00898437 ms)
[09/26/2026-13:30:05] [I] Average on 10 runs - GPU latency: 1.77607 ms - Host latency: 1.77607 ms (enqueue 0.00732422 ms)
[09/26/2026-13:30:05] [I] Average on 10 runs - GPU latency: 1.8001 ms - Host latency: 1.8001 ms (enqueue 0.00976562 ms)
[09/26/2026-13:30:05] [I] Average on 10 runs - GPU latency: 1.74502 ms - Host latency: 1.74502 ms (enqueue 0.00859375 ms)
[09/26/2026-13:30:05] [I] Average on 10 runs - GPU latency: 1.75557 ms - Host latency: 1.75557 ms (enqueue 0.00859375 ms)
[09/26/2026-13:30:05] [I] Average on 10 runs - GPU latency: 1.7542 ms - Host latency: 1.7542 ms (enqueue 0.00800781 ms)
[09/26/2026-13:30:05] [I] Average on 10 runs - GPU latency: 1.73135 ms - Host latency: 1.73135 ms (enqueue 0.00673828 ms)
[09/26/2026-13:30:05] [I] Average on 10 runs - GPU latency: 1.73721 ms - Host latency: 1.73721 ms (enqueue 0.00849609 ms)
[09/26/2026-13:30:05] [I] Average on 10 runs - GPU latency: 1.75557 ms - Host latency: 1.75557 ms (enqueue 0.00820312 ms)
[09/26/2026-13:30:05] [I] Average on 10 runs - GPU latency: 1.75332 ms - Host latency: 1.75332 ms (enqueue 0.00908203 ms)
[09/26/2026-13:30:05] [I] Average on 10 runs - GPU latency: 1.73184 ms - Host latency: 1.73184 ms (enqueue 0.00800781 ms)
[09/26/2026-13:30:05] [I] Average on 10 runs - GPU latency: 1.73945 ms - Host latency: 1.73945 ms (enqueue 0.00771484 ms)
[09/26/2026-13:30:05] [I] Average on 10 runs - GPU latency: 1.75459 ms - Host latency: 1.75459 ms (enqueue 0.00810547 ms)
[09/26/2026-13:30:05] [I] Average on 10 runs - GPU latency: 1.75381 ms - Host latency: 1.75381 ms (enqueue 0.00810547 ms)
[09/26/2026-13:30:05] [I] Average on 10 runs - GPU latency: 1.73643 ms - Host latency: 1.73643 ms (enqueue 0.00654297 ms)
[09/26/2026-13:30:05] [I] Average on 10 runs - GPU latency: 1.73584 ms - Host latency: 1.73584 ms (enqueue 0.00791016 ms)
[09/26/2026-13:30:05] [I] Average on 10 runs - GPU latency: 1.75527 ms - Host latency: 1.75527 ms (enqueue 0.0078125 ms)
[09/26/2026-13:30:05] [I] Average on 10 runs - GPU latency: 1.75518 ms - Host latency: 1.75518 ms (enqueue 0.00791016 ms)
[09/26/2026-13:30:05] [I] Average on 10 runs - GPU latency: 1.74082 ms - Host latency: 1.74082 ms (enqueue 0.00625 ms)
[09/26/2026-13:30:05] [I] Average on 10 runs - GPU latency: 1.73018 ms - Host latency: 1.73018 ms (enqueue 0.0078125 ms)
[09/26/2026-13:30:05] [I] Average on 10 runs - GPU latency: 1.75498 ms - Host latency: 1.75498 ms (enqueue 0.00820312 ms)
[09/26/2026-13:30:05] [I] Average on 10 runs - GPU latency: 1.75605 ms - Host latency: 1.75605 ms (enqueue 0.0100586 ms)
[09/26/2026-13:30:05] [I] Average on 10 runs - GPU latency: 1.74199 ms - Host latency: 1.74199 ms (enqueue 0.00703125 ms)
[09/26/2026-13:30:05] [I] Average on 10 runs - GPU latency: 1.73076 ms - Host latency: 1.73076 ms (enqueue 0.00771484 ms)
[09/26/2026-13:30:05] [I] Average on 10 runs - GPU latency: 1.75439 ms - Host latency: 1.75439 ms (enqueue 0.00839844 ms)
[09/26/2026-13:30:05] [I] Average on 10 runs - GPU latency: 1.75566 ms - Host latency: 1.75566 ms (enqueue 0.00800781 ms)
[09/26/2026-13:30:05] [I] Average on 10 runs - GPU latency: 1.75107 ms - Host latency: 1.75107 ms (enqueue 0.00732422 ms)
[09/26/2026-13:30:05] [I] Average on 10 runs - GPU latency: 1.72754 ms - Host latency: 1.72754 ms (enqueue 0.00722656 ms)
[09/26/2026-13:30:05] [I] Average on 10 runs - GPU latency: 1.7501 ms - Host latency: 1.7501 ms (enqueue 0.00839844 ms)
[09/26/2026-13:30:05] [I] Average on 10 runs - GPU latency: 1.75508 ms - Host latency: 1.75508 ms (enqueue 0.00849609 ms)
[09/26/2026-13:30:05] [I] Average on 10 runs - GPU latency: 1.7541 ms - Host latency: 1.7541 ms (enqueue 0.00761719 ms)
[09/26/2026-13:30:05] [I] Average on 10 runs - GPU latency: 1.72607 ms - Host latency: 1.72607 ms (enqueue 0.00742187 ms)
[09/26/2026-13:30:05] [I] Average on 10 runs - GPU latency: 1.74521 ms - Host latency: 1.74521 ms (enqueue 0.00800781 ms)
[09/26/2026-13:30:05] [I] Average on 10 runs - GPU latency: 1.75352 ms - Host latency: 1.75352 ms (enqueue 0.00908203 ms)
[09/26/2026-13:30:05] [I] Average on 10 runs - GPU latency: 1.75391 ms - Host latency: 1.75391 ms (enqueue 0.00849609 ms)
[09/26/2026-13:30:05] [I] Average on 10 runs - GPU latency: 1.72842 ms - Host latency: 1.72842 ms (enqueue 0.00693359 ms)
[09/26/2026-13:30:05] [I] Average on 10 runs - GPU latency: 1.7415 ms - Host latency: 1.7415 ms (enqueue 0.00869141 ms)
[09/26/2026-13:30:05] [I] Average on 10 runs - GPU latency: 1.75381 ms - Host latency: 1.75381 ms (enqueue 0.00830078 ms)
[09/26/2026-13:30:05] [I] Average on 10 runs - GPU latency: 1.75166 ms - Host latency: 1.75166 ms (enqueue 0.00712891 ms)
[09/26/2026-13:30:05] [I] Average on 10 runs - GPU latency: 1.72861 ms - Host latency: 1.72861 ms (enqueue 0.00683594 ms)
[09/26/2026-13:30:05] [I] Average on 10 runs - GPU latency: 1.74453 ms - Host latency: 1.74453 ms (enqueue 0.00830078 ms)
[09/26/2026-13:30:05] [I] Average on 10 runs - GPU latency: 1.75479 ms - Host latency: 1.75479 ms (enqueue 0.00830078 ms)
[09/26/2026-13:30:05] [I] Average on 10 runs - GPU latency: 1.75488 ms - Host latency: 1.75488 ms (enqueue 0.00791016 ms)
[09/26/2026-13:30:05] [I] Average on 10 runs - GPU latency: 1.73027 ms - Host latency: 1.73027 ms (enqueue 0.00683594 ms)
[09/26/2026-13:30:05] [I] Average on 10 runs - GPU latency: 1.74375 ms - Host latency: 1.74375 ms (enqueue 0.00839844 ms)
[09/26/2026-13:30:05] [I] Average on 10 runs - GPU latency: 1.75391 ms - Host latency: 1.75391 ms (enqueue 0.00869141 ms)
[09/26/2026-13:30:05] [I] Average on 10 runs - GPU latency: 1.7542 ms - Host latency: 1.7542 ms (enqueue 0.00878906 ms)
[09/26/2026-13:30:05] [I] Average on 10 runs - GPU latency: 1.73691 ms - Host latency: 1.73691 ms (enqueue 0.00732422 ms)
[09/26/2026-13:30:05] [I] Average on 10 runs - GPU latency: 1.83281 ms - Host latency: 1.83281 ms (enqueue 0.0112305 ms)
[09/26/2026-13:30:05] [I] Average on 10 runs - GPU latency: 1.7335 ms - Host latency: 1.7335 ms (enqueue 0.00664063 ms)
[09/26/2026-13:30:05] [I] Average on 10 runs - GPU latency: 1.74014 ms - Host latency: 1.74014 ms (enqueue 0.00839844 ms)
[09/26/2026-13:30:05] [I] Average on 10 runs - GPU latency: 1.75518 ms - Host latency: 1.75518 ms (enqueue 0.00800781 ms)
[09/26/2026-13:30:05] [I] Average on 10 runs - GPU latency: 1.75566 ms - Host latency: 1.75566 ms (enqueue 0.00839844 ms)
[09/26/2026-13:30:05] [I] Average on 10 runs - GPU latency: 1.73926 ms - Host latency: 1.73926 ms (enqueue 0.00683594 ms)
[09/26/2026-13:30:05] [I] Average on 10 runs - GPU latency: 1.73125 ms - Host latency: 1.73125 ms (enqueue 0.00761719 ms)
[09/26/2026-13:30:05] [I] Average on 10 runs - GPU latency: 1.75645 ms - Host latency: 1.75645 ms (enqueue 0.00800781 ms)
[09/26/2026-13:30:05] [I] Average on 10 runs - GPU latency: 1.75576 ms - Host latency: 1.75576 ms (enqueue 0.00800781 ms)
[09/26/2026-13:30:05] [I] Average on 10 runs - GPU latency: 1.74297 ms - Host latency: 1.74297 ms (enqueue 0.00830078 ms)
[09/26/2026-13:30:05] [I] Average on 10 runs - GPU latency: 1.72988 ms - Host latency: 1.72988 ms (enqueue 0.00986328 ms)
[09/26/2026-13:30:05] [I] Average on 10 runs - GPU latency: 1.80664 ms - Host latency: 1.80664 ms (enqueue 0.0135742 ms)
[09/26/2026-13:30:05] [I] Average on 10 runs - GPU latency: 1.76074 ms - Host latency: 1.76074 ms (enqueue 0.00732422 ms)
[09/26/2026-13:30:05] [I] Average on 10 runs - GPU latency: 1.73154 ms - Host latency: 1.73154 ms (enqueue 0.00595703 ms)
[09/26/2026-13:30:05] [I] Average on 10 runs - GPU latency: 1.74395 ms - Host latency: 1.74395 ms (enqueue 0.0114258 ms)
[09/26/2026-13:30:05] [I] Average on 10 runs - GPU latency: 1.75527 ms - Host latency: 1.75527 ms (enqueue 0.0078125 ms)
[09/26/2026-13:30:05] [I] Average on 10 runs - GPU latency: 1.75586 ms - Host latency: 1.75586 ms (enqueue 0.00771484 ms)
[09/26/2026-13:30:05] [I] Average on 10 runs - GPU latency: 1.73838 ms - Host latency: 1.73838 ms (enqueue 0.00644531 ms)
[09/26/2026-13:30:05] [I] Average on 10 runs - GPU latency: 1.73545 ms - Host latency: 1.73545 ms (enqueue 0.00859375 ms)
[09/26/2026-13:30:05] [I] Average on 10 runs - GPU latency: 1.75469 ms - Host latency: 1.75469 ms (enqueue 0.00869141 ms)
[09/26/2026-13:30:05] [I] Average on 10 runs - GPU latency: 1.75566 ms - Host latency: 1.75566 ms (enqueue 0.00800781 ms)
[09/26/2026-13:30:05] [I] Average on 10 runs - GPU latency: 1.74326 ms - Host latency: 1.74326 ms (enqueue 0.00703125 ms)
[09/26/2026-13:30:05] [I] Average on 10 runs - GPU latency: 1.73115 ms - Host latency: 1.73115 ms (enqueue 0.00927734 ms)
[09/26/2026-13:30:05] [I] Average on 10 runs - GPU latency: 1.75742 ms - Host latency: 1.75742 ms (enqueue 0.00917969 ms)
[09/26/2026-13:30:05] [I] Average on 10 runs - GPU latency: 1.75498 ms - Host latency: 1.75498 ms (enqueue 0.00820312 ms)
[09/26/2026-13:30:05] [I] Average on 10 runs - GPU latency: 1.75439 ms - Host latency: 1.75439 ms (enqueue 0.00703125 ms)
[09/26/2026-13:30:05] [I] Average on 10 runs - GPU latency: 1.73008 ms - Host latency: 1.73008 ms (enqueue 0.00732422 ms)
[09/26/2026-13:30:05] [I] Average on 10 runs - GPU latency: 1.74512 ms - Host latency: 1.74512 ms (enqueue 0.00771484 ms)
[09/26/2026-13:30:05] [I] Average on 10 runs - GPU latency: 1.75586 ms - Host latency: 1.75586 ms (enqueue 0.00830078 ms)
[09/26/2026-13:30:05] [I] Average on 10 runs - GPU latency: 1.75781 ms - Host latency: 1.75781 ms (enqueue 0.00771484 ms)
[09/26/2026-13:30:05] [I] Average on 10 runs - GPU latency: 1.73193 ms - Host latency: 1.73193 ms (enqueue 0.00664063 ms)
[09/26/2026-13:30:05] [I] Average on 10 runs - GPU latency: 1.74082 ms - Host latency: 1.74082 ms (enqueue 0.00810547 ms)
[09/26/2026-13:30:05] [I] Average on 10 runs - GPU latency: 1.75645 ms - Host latency: 1.75645 ms (enqueue 0.00839844 ms)
[09/26/2026-13:30:05] [I] Average on 10 runs - GPU latency: 1.75586 ms - Host latency: 1.75586 ms (enqueue 0.00878906 ms)
[09/26/2026-13:30:05] [I] Average on 10 runs - GPU latency: 1.73652 ms - Host latency: 1.73652 ms (enqueue 0.0078125 ms)
[09/26/2026-13:30:05] [I] Average on 10 runs - GPU latency: 1.73359 ms - Host latency: 1.73359 ms (enqueue 0.00859375 ms)
[09/26/2026-13:30:05] [I] Average on 10 runs - GPU latency: 1.75596 ms - Host latency: 1.75596 ms (enqueue 0.00859375 ms)
[09/26/2026-13:30:05] [I] Average on 10 runs - GPU latency: 1.75605 ms - Host latency: 1.75605 ms (enqueue 0.00888672 ms)
[09/26/2026-13:30:05] [I] Average on 10 runs - GPU latency: 1.74658 ms - Host latency: 1.74658 ms (enqueue 0.00722656 ms)
[09/26/2026-13:30:05] [I] Average on 10 runs - GPU latency: 1.73057 ms - Host latency: 1.73057 ms (enqueue 0.00820312 ms)
[09/26/2026-13:30:05] [I] Average on 10 runs - GPU latency: 1.75332 ms - Host latency: 1.75332 ms (enqueue 0.00849609 ms)
[09/26/2026-13:30:05] [I] Average on 10 runs - GPU latency: 1.75547 ms - Host latency: 1.75547 ms (enqueue 0.00839844 ms)
[09/26/2026-13:30:05] [I] Average on 10 runs - GPU latency: 1.75117 ms - Host latency: 1.75117 ms (enqueue 0.00742187 ms)
[09/26/2026-13:30:05] [I] Average on 10 runs - GPU latency: 1.7292 ms - Host latency: 1.7292 ms (enqueue 0.00683594 ms)
[09/26/2026-13:30:05] [I] Average on 10 runs - GPU latency: 1.74795 ms - Host latency: 1.74795 ms (enqueue 0.00820312 ms)
[09/26/2026-13:30:05] [I] Average on 10 runs - GPU latency: 1.75537 ms - Host latency: 1.75537 ms (enqueue 0.00830078 ms)
[09/26/2026-13:30:05] [I] Average on 10 runs - GPU latency: 1.75244 ms - Host latency: 1.75244 ms (enqueue 0.00800781 ms)
[09/26/2026-13:30:05] [I] Average on 10 runs - GPU latency: 1.72959 ms - Host latency: 1.72959 ms (enqueue 0.00869141 ms)
[09/26/2026-13:30:05] [I] Average on 10 runs - GPU latency: 1.74531 ms - Host latency: 1.74531 ms (enqueue 0.00810547 ms)
[09/26/2026-13:30:05] [I] Average on 10 runs - GPU latency: 1.75371 ms - Host latency: 1.75371 ms (enqueue 0.00927734 ms)
[09/26/2026-13:30:05] [I] Average on 10 runs - GPU latency: 1.75469 ms - Host latency: 1.75469 ms (enqueue 0.00771484 ms)
[09/26/2026-13:30:05] [I] Average on 10 runs - GPU latency: 1.72988 ms - Host latency: 1.72988 ms (enqueue 0.00673828 ms)
[09/26/2026-13:30:05] [I] Average on 10 runs - GPU latency: 1.7416 ms - Host latency: 1.7416 ms (enqueue 0.00810547 ms)
[09/26/2026-13:30:05] [I] Average on 10 runs - GPU latency: 1.75732 ms - Host latency: 1.75732 ms (enqueue 0.00800781 ms)
[09/26/2026-13:30:05] [I] Average on 10 runs - GPU latency: 1.75479 ms - Host latency: 1.75479 ms (enqueue 0.0078125 ms)
[09/26/2026-13:30:05] [I] Average on 10 runs - GPU latency: 1.7374 ms - Host latency: 1.7374 ms (enqueue 0.00712891 ms)
[09/26/2026-13:30:05] [I] Average on 10 runs - GPU latency: 1.73633 ms - Host latency: 1.73633 ms (enqueue 0.00800781 ms)
[09/26/2026-13:30:05] [I] Average on 10 runs - GPU latency: 1.75439 ms - Host latency: 1.75439 ms (enqueue 0.00839844 ms)
[09/26/2026-13:30:05] [I] Average on 10 runs - GPU latency: 1.79736 ms - Host latency: 1.79736 ms (enqueue 0.0133789 ms)
[09/26/2026-13:30:05] [I] Average on 10 runs - GPU latency: 1.77617 ms - Host latency: 1.77617 ms (enqueue 0.0104492 ms)
[09/26/2026-13:30:05] [I] Average on 10 runs - GPU latency: 1.75566 ms - Host latency: 1.75566 ms (enqueue 0.00898437 ms)
[09/26/2026-13:30:05] [I] Average on 10 runs - GPU latency: 1.74531 ms - Host latency: 1.74531 ms (enqueue 0.00664063 ms)
[09/26/2026-13:30:05] [I] Average on 10 runs - GPU latency: 1.73633 ms - Host latency: 1.73633 ms (enqueue 0.00722656 ms)
[09/26/2026-13:30:05] [I] Average on 10 runs - GPU latency: 1.74844 ms - Host latency: 1.74844 ms (enqueue 0.00800781 ms)
[09/26/2026-13:30:05] [I] Average on 10 runs - GPU latency: 1.75527 ms - Host latency: 1.75527 ms (enqueue 0.00859375 ms)
[09/26/2026-13:30:05] [I] Average on 10 runs - GPU latency: 1.75488 ms - Host latency: 1.75488 ms (enqueue 0.00703125 ms)
[09/26/2026-13:30:05] [I] Average on 10 runs - GPU latency: 1.72949 ms - Host latency: 1.72949 ms (enqueue 0.00683594 ms)
[09/26/2026-13:30:05] [I] Average on 10 runs - GPU latency: 1.74609 ms - Host latency: 1.74609 ms (enqueue 0.00800781 ms)
[09/26/2026-13:30:05] [I] Average on 10 runs - GPU latency: 1.75488 ms - Host latency: 1.75488 ms (enqueue 0.00839844 ms)
[09/26/2026-13:30:05] [I] Average on 10 runs - GPU latency: 1.78613 ms - Host latency: 1.78613 ms (enqueue 0.00820312 ms)
[09/26/2026-13:30:05] [I] Average on 10 runs - GPU latency: 1.78555 ms - Host latency: 1.78555 ms (enqueue 0.0121094 ms)
[09/26/2026-13:30:05] [I] Average on 10 runs - GPU latency: 1.75527 ms - Host latency: 1.75527 ms (enqueue 0.009375 ms)
[09/26/2026-13:30:05] [I] Average on 10 runs - GPU latency: 1.73711 ms - Host latency: 1.73711 ms (enqueue 0.00703125 ms)
[09/26/2026-13:30:05] [I] Average on 10 runs - GPU latency: 1.73652 ms - Host latency: 1.73652 ms (enqueue 0.00839844 ms)
[09/26/2026-13:30:05] [I] Average on 10 runs - GPU latency: 1.75566 ms - Host latency: 1.75566 ms (enqueue 0.00820312 ms)
[09/26/2026-13:30:05] [I] Average on 10 runs - GPU latency: 1.75391 ms - Host latency: 1.75391 ms (enqueue 0.00820312 ms)
[09/26/2026-13:30:05] [I] Average on 10 runs - GPU latency: 1.7377 ms - Host latency: 1.7377 ms (enqueue 0.00683594 ms)
[09/26/2026-13:30:05] [I] Average on 10 runs - GPU latency: 1.73359 ms - Host latency: 1.73359 ms (enqueue 0.00722656 ms)
[09/26/2026-13:30:05] [I] Average on 10 runs - GPU latency: 1.75605 ms - Host latency: 1.75605 ms (enqueue 0.0078125 ms)
[09/26/2026-13:30:05] [I] Average on 10 runs - GPU latency: 1.75488 ms - Host latency: 1.75488 ms (enqueue 0.00820312 ms)
[09/26/2026-13:30:05] [I] Average on 10 runs - GPU latency: 1.74375 ms - Host latency: 1.74375 ms (enqueue 0.00703125 ms)
[09/26/2026-13:30:05] [I] Average on 10 runs - GPU latency: 1.73027 ms - Host latency: 1.73027 ms (enqueue 0.00761719 ms)
[09/26/2026-13:30:05] [I] Average on 10 runs - GPU latency: 1.75391 ms - Host latency: 1.75391 ms (enqueue 0.00898437 ms)
[09/26/2026-13:30:05] [I] Average on 10 runs - GPU latency: 1.75508 ms - Host latency: 1.75508 ms (enqueue 0.0109375 ms)
[09/26/2026-13:30:05] [I] Average on 10 runs - GPU latency: 1.75059 ms - Host latency: 1.75059 ms (enqueue 0.0078125 ms)
[09/26/2026-13:30:05] [I] Average on 10 runs - GPU latency: 1.73203 ms - Host latency: 1.73203 ms (enqueue 0.00742187 ms)
[09/26/2026-13:30:05] [I] Average on 10 runs - GPU latency: 1.7459 ms - Host latency: 1.7459 ms (enqueue 0.00800781 ms)
[09/26/2026-13:30:05] [I] Average on 10 runs - GPU latency: 1.75527 ms - Host latency: 1.75527 ms (enqueue 0.00839844 ms)
[09/26/2026-13:30:05] [I] Average on 10 runs - GPU latency: 1.75566 ms - Host latency: 1.75566 ms (enqueue 0.00742187 ms)
[09/26/2026-13:30:05] [I] Average on 10 runs - GPU latency: 1.72695 ms - Host latency: 1.72695 ms (enqueue 0.00683594 ms)
[09/26/2026-13:30:05] [I] Average on 10 runs - GPU latency: 1.74473 ms - Host latency: 1.74473 ms (enqueue 0.00917969 ms)
[09/26/2026-13:30:05] [I] Average on 10 runs - GPU latency: 1.7541 ms - Host latency: 1.7541 ms (enqueue 0.00800781 ms)
[09/26/2026-13:30:05] [I] Average on 10 runs - GPU latency: 1.75586 ms - Host latency: 1.75586 ms (enqueue 0.00742187 ms)
[09/26/2026-13:30:05] [I] Average on 10 runs - GPU latency: 1.72988 ms - Host latency: 1.72988 ms (enqueue 0.00625 ms)
[09/26/2026-13:30:05] [I] Average on 10 runs - GPU latency: 1.74082 ms - Host latency: 1.74082 ms (enqueue 0.00878906 ms)
[09/26/2026-13:30:05] [I] 
[09/26/2026-13:30:05] [I] === Performance summary ===
[09/26/2026-13:30:05] [I] Throughput: 566.205 qps
[09/26/2026-13:30:05] [I] Latency: min = 1.32227 ms, max = 5.69922 ms, mean = 1.76495 ms, median = 1.72266 ms, percentile(90%) = 1.8042 ms, percentile(95%) = 1.80957 ms, percentile(99%) = 2.25293 ms
[09/26/2026-13:30:05] [I] Enqueue Time: min = 0.00390625 ms, max = 0.0767822 ms, mean = 0.00825247 ms, median = 0.00683594 ms, percentile(90%) = 0.0117188 ms, percentile(95%) = 0.0131836 ms, percentile(99%) = 0.0180664 ms
[09/26/2026-13:30:05] [I] H2D Latency: min = 0 ms, max = 0 ms, mean = 0 ms, median = 0 ms, percentile(90%) = 0 ms, percentile(95%) = 0 ms, percentile(99%) = 0 ms
[09/26/2026-13:30:05] [I] GPU Compute Time: min = 1.32227 ms, max = 5.69922 ms, mean = 1.76495 ms, median = 1.72266 ms, percentile(90%) = 1.8042 ms, percentile(95%) = 1.80957 ms, percentile(99%) = 2.25293 ms
[09/26/2026-13:30:05] [I] D2H Latency: min = 0 ms, max = 0 ms, mean = 0 ms, median = 0 ms, percentile(90%) = 0 ms, percentile(95%) = 0 ms, percentile(99%) = 0 ms
[09/26/2026-13:30:05] [I] Total Host Walltime: 15.0034 s
[09/26/2026-13:30:05] [I] Total GPU Compute Time: 14.9933 s
[09/26/2026-13:30:05] [I] Explanations of the performance metrics are printed in the verbose logs.
[09/26/2026-13:30:05] [I] 
&&&& PASSED TensorRT.trtexec [TensorRT v101602] [b10] # /usr/src/tensorrt/bin/trtexec --onnx=/home/vdavid21/edge-inference-benchmark-lab/results/peak_gemm/onnx/matmul_2048_fp16.onnx --noDataTransfers --useCudaGraph --useSpinWait --warmUp=2000 --duration=15 --memPoolSize=workspace:1024M --profilingVerbosity=detailed --exportLayerInfo=/home/vdavid21/edge-inference-benchmark-lab/results/peak_gemm/20260926T112839Z_N2048-4096_25W_pinned_a74615cea83b/layers_2048_fp16.json --fp16 --precisionConstraints=obey --layerPrecisions=*:fp16
[09/26/2026-13:29:40] [W] Weakly-typed networks have been deprecated in TensorRT. You can use the AutoCast tool (https://nvidia.github.io/TensorRT-Model-Optimizer/guides/8_autocast.html) to convert the network to be strongly typed.
[09/26/2026-13:30:05] [W] * GPU compute time is unstable, with coefficient of variance = 10.851%.
[09/26/2026-13:30:05] [W]   If not already in use, locking GPU clock frequency or adding --useSpinWait may improve the stability.
